                                                                                                                  
 T42000 ⬡ [14:30] AI: ─────────────────────────────────────────────────────────────────────────────────────────── 
 ⚡ Calling tools:                                                                                                
   • scan(targets: {...})                                                                                         