                                                                                
 T42000 ⬡ [12:00] TOOL: ─────────────────────────────────────────────────────── 
 {"status": "complete"} - Operation finished                                    
 successfully                                                                   