                                                                                                    
 T42200 ⬡ [14:00] AI: ───────────────────────────────────────────────────────────────────────────── 
     Action taken                                                                                   
                                                                                                    
 T42200 ⬡ [14:00] REASONING: ────────────────────────────────────────────────────────────────────── 
     This is a single line of reasoning.                                     