                                                                                
 [38;2;255;204;0m[38;2;0;255;204mT42000[0m [38;2;157;0;255m⬡[0m [38;2;85;85;170m[12:00][0m TOOL:[0m[38;5;240m ───────────────────────────────────────────────────────[0m 
   ├─[38;5;214m"level": [0m9                                                                 
   └─[38;5;214m"next": [0m                                                                   
     ├─[38;5;214m"level": [0m8                                                               
     └─[38;5;214m"next": [0m                                                                 
       ├─[38;5;214m"level": [0m7                                                             
       └─[38;5;214m"next": [0m                                                               
         ├─[38;5;214m"level": [0m6                                                           
         └─[38;5;214m"next": [0m                                                             
           ├─[38;5;214m"level": [0m5                                                         
           └─[38;5;214m"next": [0m                                                           
             ├─[38;5;214m"level": [0m4                                                       
             └─[38;5;214m"next": [0m                                                         
               ├─[38;5;214m"level": [0m3                                                     
               └─[38;5;214m"next": [0m                                                       
                 ├─[38;5;214m"level": [0m2                                                   
                 └─[38;5;214m"next": [0m                                                     
                   ├─[38;5;214m"level": [0m1                                                 
                   └─[38;5;214m"next": [0m                                                   
                     ├─[38;5;214m"level": [0m0                                               
                     └─[38;5;214m"next": [0mdeepest                                          