                                                                                                                  
 T42000 ⬡ [14:30] AI: ─────────────────────────────────────────────────────────────────────────────────────────── 
 ⚡ Calling tools:                                                                                                
   • configure(settings: {...})                                                                                   