[38;2;157;0;255m⬥══════════════════════════════════════════════════════════════════════════════════════════════════════════════════════⬥[0m
[38;2;157;0;255m [0m[48;2;16;16;24m                                        [0m[1;38;2;157;0;255;48;2;16;16;24m⬡ Z O E A   N O V A ⬡   COMMAND CENTER[0m[48;2;16;16;24m                                        [0m[38;2;157;0;255m [0m
[38;2;157;0;255m⬥══════════════════════════════════════════════════════════════════════════════════════════════════════════════════════⬥[0m
[1;38;2;0;255;204m⬧────────────────────────────────────────────────── SWARM BROADCAST ───────────────────────────────────────────────────⬧[0m
[38;2;85;85;170mNo broadcasts yet. Press 'b' to broadcast.[0m                                                                              
[1;38;2;0;255;204m⬧──────────────────────────────────────────────────── MYSIS SWARM ─────────────────────────────────────────────────────⬧[0m
[38;2;107;0;179m╔══════════════════════════════════════════════════════════════════════════════════════════════════════════════════════╗[0m
[38;2;107;0;179m║[0m[38;2;157;0;255;48;2;107;0;179m[[0m[38;2;157;0;255;48;2;107;0;179m→[0m[38;2;157;0;255;48;2;107;0;179m [0m[38;2;157;0;255;48;2;107;0;179m][0m [1;38;2;255;51;102m✖[0m  [1;38;2;0;255;204malpha    [38;2;85;85;170mollama      [0m [1;38;2;255;51;102merrored [0m [38;2;85;85;170m@crab_war...[0m[0m                                                                   [38;2;107;0;179m║[0m
[38;2;107;0;179m║[0m[38;2;85;85;170m  └─ [0m[38;2;85;85;170m[38;2;0;255;204mT0[0m [38;2;157;0;255m⬡[0m [38;2;85;85;170m[10:00][0m Error: Connection timeout[0m                                                                           [38;2;107;0;179m║[0m
[38;2;107;0;179m║[0m[38;2;107;0;179m[[0m  [38;2;107;0;179m][0m [1;38;2;255;51;102m✖[0m  [38;2;0;255;204mbeta     [38;2;85;85;170mopencode_zen[0m [1;38;2;255;51;102merrored [0m [38;2;85;85;170m@crab_trader[0m[0m                                                                   [38;2;107;0;179m║[0m
[38;2;107;0;179m║[0m[38;2;85;85;170m  └─ [0m[38;2;85;85;170m[38;2;0;255;204mT0[0m [38;2;157;0;255m⬡[0m [38;2;85;85;170m[10:01][0m Error: Connection timeout[0m                                                                           [38;2;107;0;179m║[0m
[38;2;107;0;179m║[0m[38;2;107;0;179m[[0m  [38;2;107;0;179m][0m [1;38;2;255;51;102m✖[0m  [38;2;0;255;204mgamma    [38;2;85;85;170mollama      [0m [1;38;2;255;51;102merrored [0m [38;2;85;85;170m@crab_exp...[0m[0m                                                                   [38;2;107;0;179m║[0m
[38;2;107;0;179m║[0m[38;2;85;85;170m  └─ [0m[38;2;85;85;170m[38;2;0;255;204mT0[0m [38;2;157;0;255m⬡[0m [38;2;85;85;170m[10:02][0m Error: Connection timeout[0m                                                                           [38;2;107;0;179m║[0m
[38;2;107;0;179m║[0m[38;2;107;0;179m[[0m  [38;2;107;0;179m][0m [1;38;2;255;51;102m✖[0m  [38;2;0;255;204mdelta    [38;2;85;85;170mopencode_zen[0m [1;38;2;255;51;102merrored [0m [38;2;85;85;170m@crab_miner [0m[0m                                                                   [38;2;107;0;179m║[0m
[38;2;107;0;179m║[0m[38;2;85;85;170m  └─ [0m[38;2;85;85;170m[38;2;0;255;204mT0[0m [38;2;157;0;255m⬡[0m [38;2;85;85;170m[10:03][0m Error: Connection timeout[0m                                                                           [38;2;107;0;179m║[0m
[38;2;107;0;179m║[0m[38;2;107;0;179m[[0m  [38;2;107;0;179m][0m [1;38;2;255;51;102m✖[0m  [38;2;0;255;204mepsilon  [38;2;85;85;170mollama      [0m [1;38;2;255;51;102merrored [0m [38;2;85;85;170m@crab_scout [0m[0m                                                                   [38;2;107;0;179m║[0m
[38;2;107;0;179m║[0m[38;2;85;85;170m  └─ [0m[38;2;85;85;170m[38;2;0;255;204mT0[0m [38;2;157;0;255m⬡[0m [38;2;85;85;170m[10:04][0m Error: Connection timeout[0m                                                                           [38;2;107;0;179m║[0m
[38;2;107;0;179m║[0m                                                                                                                      [38;2;107;0;179m║[0m
[38;2;107;0;179m║[0m                                                                                                                      [38;2;107;0;179m║[0m
[38;2;107;0;179m║[0m                                                                                                                      [38;2;107;0;179m║[0m
[38;2;107;0;179m║[0m                                                                                                                      [38;2;107;0;179m║[0m
[38;2;107;0;179m║[0m                                                                                                                      [38;2;107;0;179m║[0m
[38;2;107;0;179m║[0m                                                                                                                      [38;2;107;0;179m║[0m
[38;2;107;0;179m║[0m                                                                                                                      [38;2;107;0;179m║[0m
[38;2;107;0;179m║[0m                                                                                                                      [38;2;107;0;179m║[0m
[38;2;107;0;179m║[0m                                                                                                                      [38;2;107;0;179m║[0m
[38;2;107;0;179m║[0m                                                                                                                      [38;2;107;0;179m║[0m
[38;2;107;0;179m║[0m                                                                                                                      [38;2;107;0;179m║[0m
[38;2;107;0;179m║[0m                                                                                                                      [38;2;107;0;179m║[0m
[38;2;107;0;179m║[0m                                                                                                                      [38;2;107;0;179m║[0m
[38;2;107;0;179m║[0m                                                                                                                      [38;2;107;0;179m║[0m
[38;2;107;0;179m║[0m                                                                                                                      [38;2;107;0;179m║[0m
[38;2;107;0;179m║[0m                                                                                                                      [38;2;107;0;179m║[0m
[38;2;107;0;179m║[0m                                                                                                                      [38;2;107;0;179m║[0m
[38;2;107;0;179m║[0m                                                                                                                      [38;2;107;0;179m║[0m
[38;2;107;0;179m║[0m                                                                                                                      [38;2;107;0;179m║[0m
[38;2;107;0;179m║[0m                                                                                                                      [38;2;107;0;179m║[0m
[38;2;107;0;179m║[0m                                                                                                                      [38;2;107;0;179m║[0m
[38;2;107;0;179m╚══════════════════════════════════════════════════════════════════════════════════════════════════════════════════════╝[0m
[38;2;85;85;170m[ ? ] HELP  ·  [ n ] NEW MYSIS  ·  [ b ] BROADCAST[0m                                                                      