[38;2;157;0;255m⬥══════════════════════════════════════════════════════════════════════════════════════════════════════════════════════⬥[0m
[38;2;157;0;255m [0m[48;2;16;16;24m                                        [0m[1;38;2;157;0;255;48;2;16;16;24m⬡ Z O E A   N O V A ⬡   COMMAND CENTER[0m[48;2;16;16;24m                                        [0m[38;2;157;0;255m [0m
[38;2;157;0;255m⬥══════════════════════════════════════════════════════════════════════════════════════════════════════════════════════⬥[0m
[1;38;2;0;255;204m⬧────────────────────────────────────────────────── SWARM BROADCAST ───────────────────────────────────────────────────⬧[0m
[38;2;85;85;170m12:01:00[0m[1;38;2;0;255;204m [gamma][0m Line one Line two                                                                                      
[1;38;2;0;255;204m⬧──────────────────────────────────────────────────── MYSIS SWARM ─────────────────────────────────────────────────────⬧[0m
[38;2;107;0;179m╔══════════════════════════════════════════════════════════════════════════════════════════════════════════════════════╗[0m
[38;2;107;0;179m║[0m [38;2;0;255;204m◦[0m [1;38;2;8;8;15;48;2;157;0;255mgamma            [38;2;0;255;204midle    [0m [38;2;85;85;170m[ollama][0m [38;2;85;85;170m@crab_cartographer[0m[38;2;85;85;170m │ 12:00:00 Standing by[0m[0m[48;2;157;0;255m [0m[48;2;157;0;255m                                    [0m  [38;2;107;0;179m║[0m
[38;2;107;0;179m║[0m                                                                                                                      [38;2;107;0;179m║[0m
[38;2;107;0;179m║[0m                                                                                                                      [38;2;107;0;179m║[0m
[38;2;107;0;179m║[0m                                                                                                                      [38;2;107;0;179m║[0m
[38;2;107;0;179m║[0m                                                                                                                      [38;2;107;0;179m║[0m
[38;2;107;0;179m║[0m                                                                                                                      [38;2;107;0;179m║[0m
[38;2;107;0;179m║[0m                                                                                                                      [38;2;107;0;179m║[0m
[38;2;107;0;179m║[0m                                                                                                                      [38;2;107;0;179m║[0m
[38;2;107;0;179m║[0m                                                                                                                      [38;2;107;0;179m║[0m
[38;2;107;0;179m║[0m                                                                                                                      [38;2;107;0;179m║[0m
[38;2;107;0;179m║[0m                                                                                                                      [38;2;107;0;179m║[0m
[38;2;107;0;179m║[0m                                                                                                                      [38;2;107;0;179m║[0m
[38;2;107;0;179m║[0m                                                                                                                      [38;2;107;0;179m║[0m
[38;2;107;0;179m║[0m                                                                                                                      [38;2;107;0;179m║[0m
[38;2;107;0;179m║[0m                                                                                                                      [38;2;107;0;179m║[0m
[38;2;107;0;179m║[0m                                                                                                                      [38;2;107;0;179m║[0m
[38;2;107;0;179m║[0m                                                                                                                      [38;2;107;0;179m║[0m
[38;2;107;0;179m║[0m                                                                                                                      [38;2;107;0;179m║[0m
[38;2;107;0;179m║[0m                                                                                                                      [38;2;107;0;179m║[0m
[38;2;107;0;179m║[0m                                                                                                                      [38;2;107;0;179m║[0m
[38;2;107;0;179m║[0m                                                                                                                      [38;2;107;0;179m║[0m
[38;2;107;0;179m║[0m                                                                                                                      [38;2;107;0;179m║[0m
[38;2;107;0;179m║[0m                                                                                                                      [38;2;107;0;179m║[0m
[38;2;107;0;179m║[0m                                                                                                                      [38;2;107;0;179m║[0m
[38;2;107;0;179m║[0m                                                                                                                      [38;2;107;0;179m║[0m
[38;2;107;0;179m║[0m                                                                                                                      [38;2;107;0;179m║[0m
[38;2;107;0;179m║[0m                                                                                                                      [38;2;107;0;179m║[0m
[38;2;107;0;179m║[0m                                                                                                                      [38;2;107;0;179m║[0m
[38;2;107;0;179m║[0m                                                                                                                      [38;2;107;0;179m║[0m
[38;2;107;0;179m║[0m                                                                                                                      [38;2;107;0;179m║[0m
[38;2;107;0;179m║[0m                                                                                                                      [38;2;107;0;179m║[0m
[38;2;107;0;179m╚══════════════════════════════════════════════════════════════════════════════════════════════════════════════════════╝[0m
[38;2;85;85;170m[ ? ] HELP  ·  [ n ] NEW MYSIS  ·  [ b ] BROADCAST[0m                                                                      