⬥══════════════════════════════════════════════════════════════════════════════════════════════════════════════════════⬥
                                         ⬡ Z O E A   N O V A ⬡   COMMAND CENTER                                         
⬥══════════════════════════════════════════════════════════════════════════════════════════════════════════════════════⬥
⬧────────────────────────────────────────────────── SWARM BROADCAST ───────────────────────────────────────────────────⬧
12:01:00 [gamma] Line one Line two                                                                                      
⬧──────────────────────────────────────────────────── MYSIS SWARM ─────────────────────────────────────────────────────⬧
╔══════════════════════════════════════════════════════════════════════════════════════════════════════════════════════╗
║ ◦ gamma            idle     [ollama] @crab_cartographer │ 12:00:00 Standing by                                       ║
║                                                                                                                      ║
║                                                                                                                      ║
║                                                                                                                      ║
║                                                                                                                      ║
║                                                                                                                      ║
║                                                                                                                      ║
║                                                                                                                      ║
║                                                                                                                      ║
║                                                                                                                      ║
║                                                                                                                      ║
║                                                                                                                      ║
║                                                                                                                      ║
║                                                                                                                      ║
║                                                                                                                      ║
║                                                                                                                      ║
║                                                                                                                      ║
║                                                                                                                      ║
║                                                                                                                      ║
║                                                                                                                      ║
║                                                                                                                      ║
║                                                                                                                      ║
║                                                                                                                      ║
║                                                                                                                      ║
║                                                                                                                      ║
║                                                                                                                      ║
║                                                                                                                      ║
║                                                                                                                      ║
║                                                                                                                      ║
║                                                                                                                      ║
║                                                                                                                      ║
╚══════════════════════════════════════════════════════════════════════════════════════════════════════════════════════╝
[ ? ] HELP  ·  [ n ] NEW MYSIS  ·  [ b ] BROADCAST                                                                      