                                                                                
 T42000 ⬡ [12:00] TOOL: ─────────────────────────────────────────────────────── 
   ├─"ore_collected": 42                                                        
   └─"status": success                                                          