                                                                                
 [38;2;255;204;0m10:30:00 TOOL:[0m {                                                               
                  ├─[38;5;214m"max": [0m16                                                   
                  ├─[38;5;214m"status": [0mok                                                
                  └─[38;5;214m"total": [0m1                                                  
                  }                                                             