                                                                                
 10:30:00 TOOL: {                                                               
                  ├─"max": 16                                                   
                  ├─"status": ok                                                
                  └─"total": 1                                                  
                  }                                                             