                                                                                
 TOOL: {                                                                        
         ├─"max": 16                                                            
         ├─"status": ok                                                         
         └─"total": 1                                                           
         }                                                                      