                                                                                
 T0 ⬡ [10:30] TOOL: {                                                           
                      ├─"max": 16                                               
                      ├─"status": ok                                            
                      └─"total": 1                                              
                      }                                                         