                                                                                                    
 T42337 ⬡ [14:30] YOU: ──────────────────────────────────────────────────────────────────────────── 
     Travel to the nearest mining station and sell all your ore. After that, buy fuel and repair    
     kits for the next mission. Make sure to check prices before purchasing.                        
