 ⬥──────────────────────────────────────────── ⬡ MYSIS: test-mysis (1/1) ⬡ ────────────────────────────────────────────⬥
╭──────────────────────────────────────────────────────────────────────────────────────────────────────────────────────╮
│ ID: test-id  State: running  Provider: ollama  Account: crab_pilot  Created: 2026-01-15 10:00                        │
╰──────────────────────────────────────────────────────────────────────────────────────────────────────────────────────╯
⬧────────────────────────────────────────────────── CONVERSATION LOG ──────────────────────────────────────────────────⬧
                                                                                                                     █  
 T0 ⬡ [10:00] YOU: ────────────────────────────────────────────────────────────────────────────────────────────────  █  
 Test line 0                                                                                                         │  
                                                                                                                     │  
 T0 ⬡ [10:01] YOU: ────────────────────────────────────────────────────────────────────────────────────────────────  │  
 Test line 1                                                                                                         │  
                                                                                                                     │  
 T0 ⬡ [10:02] YOU: ────────────────────────────────────────────────────────────────────────────────────────────────  │  
 Test line 2                                                                                                         │  
                                                                                                                     │  
⬧──────────────────────────────────────────────────────────  ──────────────────────────────────────────────────────────⬧
[ ESC ] BACK  ·  [ m ] MESSAGE  ·  [ ↑↓ ] SCROLL  ·  [ G ] BOTTOM  ·  [ v ] VERBOSE: OFF                                