 ◆─────────────────────────────────────────────── ⬡ MYSIS: test-mysis ⬡ ───────────────────────────────────────────────◆
                                                                                                                        
╭──────────────────────────────────────────────────────────────────────────────────────────────────────────────────────╮
│ ID: test-id  State: running  Provider: ollama  Account: crab_pilot                                                   │
╰──────────────────────────────────────────────────────────────────────────────────────────────────────────────────────╯
◈────────────────────────────────────────────────── CONVERSATION LOG ──────────────────────────────────────────────────◈
╭──────────────────────────────────────────────────────────────────────────────────────────────────────────────────────╮
│                                                                                                                      │
│  █                                                                                                                   │
│   YOU:  Test line 0                                                                                                  │
│  █                                                                                                                   │
│                                                                                                                      │
│  │                                                                                                                   │
│   YOU:  Test line 1                                                                                                  │
│  │                                                                                                                   │
│                                                                                                                      │
│  │                                                                                                                   │
│   YOU:  Test line 2                                                                                                  │
│  │                                                                                                                   │
│                                                                                                                      │
│  │                                                                                                                   │
│   YOU:  Test line 3                                                                                                  │
│  │                                                                                                                   │
│                                                                                                                      │
│  │                                                                                                                   │
│   YOU:  Test line 4                                                                                                  │
│  │                                                                                                                   │
╰──────────────────────────────────────────────────────────────────────────────────────────────────────────────────────╯
[ ESC ] BACK  ·  [ m ] MESSAGE  ·  [ ↑↓ ] SCROLL  ·  [ G ] BOTTOM  ·  [ v ] VERBOSE: OFF                                