                                                                                                                  
 T42000 ⬡ [14:30] AI: ─────────────────────────────────────────────────────────────────────────────────────────── 
 call_bad:get_ship:{}                                                                                             