	github.com/xonecas/zoea-nova/cmd/zoea		coverage: 0.0% of statements
ok  	github.com/xonecas/zoea-nova/internal/config	0.003s	coverage: 72.7% of statements
?   	github.com/xonecas/zoea-nova/internal/constants	[no test files]
{"level":"debug","mysis_id":"6ee765b9-c2d9-41b2-a85d-f1c43ea4032d","mysis_name":"async-mysis","stage":"context_memories","memory_count":2,"message_count":0,"content_bytes":542,"reasoning_bytes":0,"role_counts":{"system":1,"user":1},"source_counts":{"system":2},"tool_call_count":0,"time":"2026-02-07T16:53:32Z","message":"Context stats (ephemeral)"}
{"level":"debug","mysis_id":"6ee765b9-c2d9-41b2-a85d-f1c43ea4032d","mysis_name":"async-mysis","stage":"messages_converted","memory_count":2,"message_count":3,"content_bytes":631,"reasoning_bytes":0,"role_counts":{"system":1,"user":1},"source_counts":{"system":2},"tool_call_count":0,"time":"2026-02-07T16:53:32Z","message":"Context stats (ephemeral)"}
{"level":"debug","mysis_id":"6ee765b9-c2d9-41b2-a85d-f1c43ea4032d","mysis_name":"async-mysis","stage":"before_llm_call","memory_count":2,"message_count":3,"content_bytes":631,"reasoning_bytes":0,"role_counts":{"system":1,"user":1},"source_counts":{"system":2},"tool_call_count":0,"time":"2026-02-07T16:53:32Z","message":"Context stats (ephemeral)"}
{"level":"debug","mysis_id":"6ee765b9-c2d9-41b2-a85d-f1c43ea4032d","mysis_name":"async-mysis","stage":"context_memories","memory_count":2,"message_count":0,"content_bytes":480,"reasoning_bytes":0,"role_counts":{"system":1,"user":1},"source_counts":{"direct":1,"system":1},"tool_call_count":0,"time":"2026-02-07T16:53:32Z","message":"Context stats"}
{"level":"debug","mysis_id":"6ee765b9-c2d9-41b2-a85d-f1c43ea4032d","mysis_name":"async-mysis","stage":"messages_converted","memory_count":2,"message_count":2,"content_bytes":480,"reasoning_bytes":0,"role_counts":{"system":1,"user":1},"source_counts":{"direct":1,"system":1},"tool_call_count":0,"time":"2026-02-07T16:53:32Z","message":"Context stats"}
{"level":"debug","mysis_id":"6ee765b9-c2d9-41b2-a85d-f1c43ea4032d","mysis_name":"async-mysis","stage":"before_llm_call","memory_count":2,"message_count":2,"content_bytes":480,"reasoning_bytes":0,"role_counts":{"system":1,"user":1},"source_counts":{"direct":1,"system":1},"tool_call_count":0,"time":"2026-02-07T16:53:32Z","message":"Context stats"}
{"level":"debug","mysis_id":"54cc74a6-613a-450f-9ecb-1d1d465c3985","mysis_name":"m1","stage":"context_memories","memory_count":2,"message_count":0,"content_bytes":542,"reasoning_bytes":0,"role_counts":{"system":1,"user":1},"source_counts":{"system":2},"tool_call_count":0,"time":"2026-02-07T16:53:32Z","message":"Context stats (ephemeral)"}
{"level":"debug","mysis_id":"54cc74a6-613a-450f-9ecb-1d1d465c3985","mysis_name":"m1","stage":"messages_converted","memory_count":2,"message_count":3,"content_bytes":631,"reasoning_bytes":0,"role_counts":{"system":1,"user":1},"source_counts":{"system":2},"tool_call_count":0,"time":"2026-02-07T16:53:32Z","message":"Context stats (ephemeral)"}
{"level":"debug","mysis_id":"54cc74a6-613a-450f-9ecb-1d1d465c3985","mysis_name":"m1","stage":"before_llm_call","memory_count":2,"message_count":3,"content_bytes":631,"reasoning_bytes":0,"role_counts":{"system":1,"user":1},"source_counts":{"system":2},"tool_call_count":0,"time":"2026-02-07T16:53:32Z","message":"Context stats (ephemeral)"}
{"level":"debug","mysis_id":"6cadaa2e-5734-421a-bda0-bada90332082","mysis_name":"m2","stage":"context_memories","memory_count":2,"message_count":0,"content_bytes":542,"reasoning_bytes":0,"role_counts":{"system":1,"user":1},"source_counts":{"system":2},"tool_call_count":0,"time":"2026-02-07T16:53:32Z","message":"Context stats (ephemeral)"}
{"level":"debug","mysis_id":"6cadaa2e-5734-421a-bda0-bada90332082","mysis_name":"m2","stage":"messages_converted","memory_count":2,"message_count":3,"content_bytes":631,"reasoning_bytes":0,"role_counts":{"system":1,"user":1},"source_counts":{"system":2},"tool_call_count":0,"time":"2026-02-07T16:53:32Z","message":"Context stats (ephemeral)"}
{"level":"debug","mysis_id":"6cadaa2e-5734-421a-bda0-bada90332082","mysis_name":"m2","stage":"before_llm_call","memory_count":2,"message_count":3,"content_bytes":631,"reasoning_bytes":0,"role_counts":{"system":1,"user":1},"source_counts":{"system":2},"tool_call_count":0,"time":"2026-02-07T16:53:32Z","message":"Context stats (ephemeral)"}
{"level":"debug","mysis_id":"54cc74a6-613a-450f-9ecb-1d1d465c3985","mysis_name":"m1","stage":"context_memories","memory_count":2,"message_count":0,"content_bytes":480,"reasoning_bytes":0,"role_counts":{"system":1,"user":1},"source_counts":{"broadcast":1,"system":1},"tool_call_count":0,"time":"2026-02-07T16:53:32Z","message":"Context stats"}
{"level":"debug","mysis_id":"54cc74a6-613a-450f-9ecb-1d1d465c3985","mysis_name":"m1","stage":"messages_converted","memory_count":2,"message_count":2,"content_bytes":480,"reasoning_bytes":0,"role_counts":{"system":1,"user":1},"source_counts":{"broadcast":1,"system":1},"tool_call_count":0,"time":"2026-02-07T16:53:32Z","message":"Context stats"}
{"level":"debug","mysis_id":"54cc74a6-613a-450f-9ecb-1d1d465c3985","mysis_name":"m1","stage":"before_llm_call","memory_count":2,"message_count":2,"content_bytes":480,"reasoning_bytes":0,"role_counts":{"system":1,"user":1},"source_counts":{"broadcast":1,"system":1},"tool_call_count":0,"time":"2026-02-07T16:53:32Z","message":"Context stats"}
{"level":"debug","mysis_id":"6cadaa2e-5734-421a-bda0-bada90332082","mysis_name":"m2","stage":"context_memories","memory_count":2,"message_count":0,"content_bytes":480,"reasoning_bytes":0,"role_counts":{"system":1,"user":1},"source_counts":{"broadcast":1,"system":1},"tool_call_count":0,"time":"2026-02-07T16:53:32Z","message":"Context stats"}
{"level":"debug","mysis_id":"6cadaa2e-5734-421a-bda0-bada90332082","mysis_name":"m2","stage":"messages_converted","memory_count":2,"message_count":2,"content_bytes":480,"reasoning_bytes":0,"role_counts":{"system":1,"user":1},"source_counts":{"broadcast":1,"system":1},"tool_call_count":0,"time":"2026-02-07T16:53:32Z","message":"Context stats"}
{"level":"debug","mysis_id":"6cadaa2e-5734-421a-bda0-bada90332082","mysis_name":"m2","stage":"before_llm_call","memory_count":2,"message_count":2,"content_bytes":480,"reasoning_bytes":0,"role_counts":{"system":1,"user":1},"source_counts":{"broadcast":1,"system":1},"tool_call_count":0,"time":"2026-02-07T16:53:32Z","message":"Context stats"}
{"level":"debug","mysis_id":"f5264feb-4cc3-40ca-b821-abda53ce1ed0","mysis_name":"lifecycle-test","stage":"context_memories","memory_count":2,"message_count":0,"content_bytes":542,"reasoning_bytes":0,"role_counts":{"system":1,"user":1},"source_counts":{"system":2},"tool_call_count":0,"time":"2026-02-07T16:53:32Z","message":"Context stats (ephemeral)"}
{"level":"debug","mysis_id":"f5264feb-4cc3-40ca-b821-abda53ce1ed0","mysis_name":"lifecycle-test","stage":"messages_converted","memory_count":2,"message_count":3,"content_bytes":631,"reasoning_bytes":0,"role_counts":{"system":1,"user":1},"source_counts":{"system":2},"tool_call_count":0,"time":"2026-02-07T16:53:32Z","message":"Context stats (ephemeral)"}
{"level":"debug","mysis_id":"f5264feb-4cc3-40ca-b821-abda53ce1ed0","mysis_name":"lifecycle-test","stage":"before_llm_call","memory_count":2,"message_count":3,"content_bytes":631,"reasoning_bytes":0,"role_counts":{"system":1,"user":1},"source_counts":{"system":2},"tool_call_count":0,"time":"2026-02-07T16:53:32Z","message":"Context stats (ephemeral)"}
{"level":"info","count":1,"time":"2026-02-07T16:53:32Z","message":"All myses stopped"}
{"level":"info","count":1,"time":"2026-02-07T16:53:32Z","message":"All myses stopped"}
{"level":"info","count":1,"time":"2026-02-07T16:53:32Z","message":"All myses stopped"}
{"level":"info","count":2,"time":"2026-02-07T16:53:32Z","message":"All myses stopped"}
{"level":"info","count":1,"time":"2026-02-07T16:53:32Z","message":"All myses stopped"}
{"level":"debug","mysis_id":"210f8e3e-4864-491b-97ef-18bf68d6ac9a","mysis_name":"msg-test","stage":"context_memories","memory_count":2,"message_count":0,"content_bytes":475,"reasoning_bytes":0,"role_counts":{"system":1,"user":1},"source_counts":{"direct":1,"system":1},"tool_call_count":0,"time":"2026-02-07T16:53:32Z","message":"Context stats"}
{"level":"debug","mysis_id":"210f8e3e-4864-491b-97ef-18bf68d6ac9a","mysis_name":"msg-test","stage":"messages_converted","memory_count":2,"message_count":2,"content_bytes":475,"reasoning_bytes":0,"role_counts":{"system":1,"user":1},"source_counts":{"direct":1,"system":1},"tool_call_count":0,"time":"2026-02-07T16:53:32Z","message":"Context stats"}
{"level":"debug","mysis_id":"210f8e3e-4864-491b-97ef-18bf68d6ac9a","mysis_name":"msg-test","stage":"before_llm_call","memory_count":2,"message_count":2,"content_bytes":475,"reasoning_bytes":0,"role_counts":{"system":1,"user":1},"source_counts":{"direct":1,"system":1},"tool_call_count":0,"time":"2026-02-07T16:53:32Z","message":"Context stats"}
{"level":"info","count":1,"time":"2026-02-07T16:53:32Z","message":"All myses stopped"}
{"level":"debug","mysis_id":"fac3dadb-0d31-43c4-92fa-ee1c0e8cc5a4","mysis_name":"broadcast-1","stage":"context_memories","memory_count":2,"message_count":0,"content_bytes":542,"reasoning_bytes":0,"role_counts":{"system":1,"user":1},"source_counts":{"system":2},"tool_call_count":0,"time":"2026-02-07T16:53:32Z","message":"Context stats (ephemeral)"}
{"level":"debug","mysis_id":"fac3dadb-0d31-43c4-92fa-ee1c0e8cc5a4","mysis_name":"broadcast-1","stage":"messages_converted","memory_count":2,"message_count":3,"content_bytes":631,"reasoning_bytes":0,"role_counts":{"system":1,"user":1},"source_counts":{"system":2},"tool_call_count":0,"time":"2026-02-07T16:53:32Z","message":"Context stats (ephemeral)"}
{"level":"debug","mysis_id":"fac3dadb-0d31-43c4-92fa-ee1c0e8cc5a4","mysis_name":"broadcast-1","stage":"before_llm_call","memory_count":2,"message_count":3,"content_bytes":631,"reasoning_bytes":0,"role_counts":{"system":1,"user":1},"source_counts":{"system":2},"tool_call_count":0,"time":"2026-02-07T16:53:32Z","message":"Context stats (ephemeral)"}
{"level":"debug","mysis_id":"155f08ca-b66d-43cf-a43f-c5cdcfeb6891","mysis_name":"broadcast-2","stage":"context_memories","memory_count":2,"message_count":0,"content_bytes":484,"reasoning_bytes":0,"role_counts":{"system":1,"user":1},"source_counts":{"broadcast":1,"system":1},"tool_call_count":0,"time":"2026-02-07T16:53:32Z","message":"Context stats (ephemeral)"}
{"level":"debug","mysis_id":"155f08ca-b66d-43cf-a43f-c5cdcfeb6891","mysis_name":"broadcast-2","stage":"messages_converted","memory_count":2,"message_count":3,"content_bytes":573,"reasoning_bytes":0,"role_counts":{"system":1,"user":1},"source_counts":{"broadcast":1,"system":1},"tool_call_count":0,"time":"2026-02-07T16:53:32Z","message":"Context stats (ephemeral)"}
{"level":"debug","mysis_id":"155f08ca-b66d-43cf-a43f-c5cdcfeb6891","mysis_name":"broadcast-2","stage":"before_llm_call","memory_count":2,"message_count":3,"content_bytes":573,"reasoning_bytes":0,"role_counts":{"system":1,"user":1},"source_counts":{"broadcast":1,"system":1},"tool_call_count":0,"time":"2026-02-07T16:53:32Z","message":"Context stats (ephemeral)"}
{"level":"error","mysis":"broadcast-2","provider":"mock","error":"context canceled","time":"2026-02-07T16:53:32Z","message":"Provider returned error (ephemeral)"}
{"level":"debug","mysis":"broadcast-2","error":"context canceled","time":"2026-02-07T16:53:32Z","message":"Ignoring error - mysis was intentionally stopped"}
{"level":"info","count":2,"time":"2026-02-07T16:53:32Z","message":"All myses stopped"}
{"level":"info","count":2,"time":"2026-02-07T16:53:32Z","message":"All myses stopped"}
{"level":"info","count":1,"time":"2026-02-07T16:53:32Z","message":"All myses stopped"}
{"level":"debug","mysis_id":"abb5ca2d-b96e-42f3-96b9-38cac953b2fe","mysis_name":"sender","stage":"context_memories","memory_count":2,"message_count":0,"content_bytes":542,"reasoning_bytes":0,"role_counts":{"system":1,"user":1},"source_counts":{"system":2},"tool_call_count":0,"time":"2026-02-07T16:53:32Z","message":"Context stats (ephemeral)"}
{"level":"debug","mysis_id":"abb5ca2d-b96e-42f3-96b9-38cac953b2fe","mysis_name":"sender","stage":"messages_converted","memory_count":2,"message_count":3,"content_bytes":631,"reasoning_bytes":0,"role_counts":{"system":1,"user":1},"source_counts":{"system":2},"tool_call_count":0,"time":"2026-02-07T16:53:32Z","message":"Context stats (ephemeral)"}
{"level":"debug","mysis_id":"abb5ca2d-b96e-42f3-96b9-38cac953b2fe","mysis_name":"sender","stage":"before_llm_call","memory_count":2,"message_count":3,"content_bytes":631,"reasoning_bytes":0,"role_counts":{"system":1,"user":1},"source_counts":{"system":2},"tool_call_count":0,"time":"2026-02-07T16:53:32Z","message":"Context stats (ephemeral)"}
{"level":"debug","mysis_id":"d1ed3406-5c5a-401f-a4cd-1b83d3d50937","mysis_name":"receiver","stage":"context_memories","memory_count":2,"message_count":0,"content_bytes":483,"reasoning_bytes":0,"role_counts":{"system":1,"user":1},"source_counts":{"broadcast":1,"system":1},"tool_call_count":0,"time":"2026-02-07T16:53:32Z","message":"Context stats"}
{"level":"debug","mysis_id":"d1ed3406-5c5a-401f-a4cd-1b83d3d50937","mysis_name":"receiver","stage":"messages_converted","memory_count":2,"message_count":2,"content_bytes":483,"reasoning_bytes":0,"role_counts":{"system":1,"user":1},"source_counts":{"broadcast":1,"system":1},"tool_call_count":0,"time":"2026-02-07T16:53:32Z","message":"Context stats"}
{"level":"debug","mysis_id":"d1ed3406-5c5a-401f-a4cd-1b83d3d50937","mysis_name":"receiver","stage":"before_llm_call","memory_count":2,"message_count":2,"content_bytes":483,"reasoning_bytes":0,"role_counts":{"system":1,"user":1},"source_counts":{"broadcast":1,"system":1},"tool_call_count":0,"time":"2026-02-07T16:53:32Z","message":"Context stats"}
{"level":"info","count":2,"time":"2026-02-07T16:53:32Z","message":"All myses stopped"}
{"level":"info","count":2,"time":"2026-02-07T16:53:32Z","message":"All myses stopped"}
{"level":"info","count":2,"time":"2026-02-07T16:53:32Z","message":"All myses stopped"}
{"level":"debug","mysis_id":"b2d99b24-4c07-44c4-86df-72407823b7c9","mysis_name":"slow-mysis","stage":"context_memories","memory_count":2,"message_count":0,"content_bytes":542,"reasoning_bytes":0,"role_counts":{"system":1,"user":1},"source_counts":{"system":2},"tool_call_count":0,"time":"2026-02-07T16:53:32Z","message":"Context stats (ephemeral)"}
{"level":"debug","mysis_id":"b2d99b24-4c07-44c4-86df-72407823b7c9","mysis_name":"slow-mysis","stage":"messages_converted","memory_count":2,"message_count":3,"content_bytes":631,"reasoning_bytes":0,"role_counts":{"system":1,"user":1},"source_counts":{"system":2},"tool_call_count":0,"time":"2026-02-07T16:53:32Z","message":"Context stats (ephemeral)"}
{"level":"debug","mysis_id":"b2d99b24-4c07-44c4-86df-72407823b7c9","mysis_name":"slow-mysis","stage":"before_llm_call","memory_count":2,"message_count":3,"content_bytes":631,"reasoning_bytes":0,"role_counts":{"system":1,"user":1},"source_counts":{"system":2},"tool_call_count":0,"time":"2026-02-07T16:53:32Z","message":"Context stats (ephemeral)"}
{"level":"debug","mysis_id":"e62d3eee-3404-4ff6-85d0-a39cf13f258e","mysis_name":"fast-mysis","stage":"context_memories","memory_count":2,"message_count":0,"content_bytes":542,"reasoning_bytes":0,"role_counts":{"system":1,"user":1},"source_counts":{"system":2},"tool_call_count":0,"time":"2026-02-07T16:53:32Z","message":"Context stats (ephemeral)"}
{"level":"debug","mysis_id":"e62d3eee-3404-4ff6-85d0-a39cf13f258e","mysis_name":"fast-mysis","stage":"messages_converted","memory_count":2,"message_count":3,"content_bytes":631,"reasoning_bytes":0,"role_counts":{"system":1,"user":1},"source_counts":{"system":2},"tool_call_count":0,"time":"2026-02-07T16:53:32Z","message":"Context stats (ephemeral)"}
{"level":"debug","mysis_id":"e62d3eee-3404-4ff6-85d0-a39cf13f258e","mysis_name":"fast-mysis","stage":"before_llm_call","memory_count":2,"message_count":3,"content_bytes":631,"reasoning_bytes":0,"role_counts":{"system":1,"user":1},"source_counts":{"system":2},"tool_call_count":0,"time":"2026-02-07T16:53:32Z","message":"Context stats (ephemeral)"}
{"level":"debug","mysis_id":"e62d3eee-3404-4ff6-85d0-a39cf13f258e","mysis_name":"fast-mysis","stage":"context_memories","memory_count":2,"message_count":0,"content_bytes":486,"reasoning_bytes":0,"role_counts":{"system":1,"user":1},"source_counts":{"broadcast":1,"system":1},"tool_call_count":0,"time":"2026-02-07T16:53:33Z","message":"Context stats (ephemeral)"}
{"level":"debug","mysis_id":"e62d3eee-3404-4ff6-85d0-a39cf13f258e","mysis_name":"fast-mysis","stage":"messages_converted","memory_count":2,"message_count":3,"content_bytes":575,"reasoning_bytes":0,"role_counts":{"system":1,"user":1},"source_counts":{"broadcast":1,"system":1},"tool_call_count":0,"time":"2026-02-07T16:53:33Z","message":"Context stats (ephemeral)"}
{"level":"debug","mysis_id":"e62d3eee-3404-4ff6-85d0-a39cf13f258e","mysis_name":"fast-mysis","stage":"before_llm_call","memory_count":2,"message_count":3,"content_bytes":575,"reasoning_bytes":0,"role_counts":{"system":1,"user":1},"source_counts":{"broadcast":1,"system":1},"tool_call_count":0,"time":"2026-02-07T16:53:33Z","message":"Context stats (ephemeral)"}
{"level":"debug","mysis_id":"b2d99b24-4c07-44c4-86df-72407823b7c9","mysis_name":"slow-mysis","stage":"context_memories","memory_count":2,"message_count":0,"content_bytes":489,"reasoning_bytes":0,"role_counts":{"system":1,"user":1},"source_counts":{"direct":1,"system":1},"tool_call_count":0,"time":"2026-02-07T16:53:34Z","message":"Context stats"}
{"level":"debug","mysis_id":"b2d99b24-4c07-44c4-86df-72407823b7c9","mysis_name":"slow-mysis","stage":"messages_converted","memory_count":2,"message_count":2,"content_bytes":489,"reasoning_bytes":0,"role_counts":{"system":1,"user":1},"source_counts":{"direct":1,"system":1},"tool_call_count":0,"time":"2026-02-07T16:53:34Z","message":"Context stats"}
{"level":"debug","mysis_id":"b2d99b24-4c07-44c4-86df-72407823b7c9","mysis_name":"slow-mysis","stage":"before_llm_call","memory_count":2,"message_count":2,"content_bytes":489,"reasoning_bytes":0,"role_counts":{"system":1,"user":1},"source_counts":{"direct":1,"system":1},"tool_call_count":0,"time":"2026-02-07T16:53:34Z","message":"Context stats"}
{"level":"error","mysis":"slow-mysis","provider":"slow","error":"context canceled","time":"2026-02-07T16:53:35Z","message":"Provider returned error"}
{"level":"debug","mysis":"slow-mysis","error":"context canceled","time":"2026-02-07T16:53:35Z","message":"Ignoring error - mysis was intentionally stopped"}
{"level":"info","count":2,"time":"2026-02-07T16:53:35Z","message":"All myses stopped"}
{"level":"info","count":3,"time":"2026-02-07T16:53:35Z","message":"All myses stopped"}
{"level":"info","count":1,"time":"2026-02-07T16:53:35Z","message":"All myses stopped"}
{"level":"debug","mysis_id":"b8de6865-36c1-4b61-b68d-4ee3f481eee8","mysis_name":"sleepy","stage":"context_memories","memory_count":2,"message_count":0,"content_bytes":542,"reasoning_bytes":0,"role_counts":{"system":1,"user":1},"source_counts":{"system":2},"tool_call_count":0,"time":"2026-02-07T16:53:35Z","message":"Context stats (ephemeral)"}
{"level":"debug","mysis_id":"b8de6865-36c1-4b61-b68d-4ee3f481eee8","mysis_name":"sleepy","stage":"messages_converted","memory_count":2,"message_count":3,"content_bytes":631,"reasoning_bytes":0,"role_counts":{"system":1,"user":1},"source_counts":{"system":2},"tool_call_count":0,"time":"2026-02-07T16:53:35Z","message":"Context stats (ephemeral)"}
{"level":"debug","mysis_id":"b8de6865-36c1-4b61-b68d-4ee3f481eee8","mysis_name":"sleepy","stage":"before_llm_call","memory_count":2,"message_count":3,"content_bytes":631,"reasoning_bytes":0,"role_counts":{"system":1,"user":1},"source_counts":{"system":2},"tool_call_count":0,"time":"2026-02-07T16:53:35Z","message":"Context stats (ephemeral)"}
{"level":"debug","mysis_id":"219d8642-55c7-4eef-89e7-17d6602ac049","mysis_name":"long","stage":"context_memories","memory_count":2,"message_count":0,"content_bytes":478,"reasoning_bytes":0,"role_counts":{"system":1,"user":1},"source_counts":{"direct":1,"system":1},"tool_call_count":0,"time":"2026-02-07T16:53:35Z","message":"Context stats"}
{"level":"debug","mysis_id":"219d8642-55c7-4eef-89e7-17d6602ac049","mysis_name":"long","stage":"messages_converted","memory_count":2,"message_count":2,"content_bytes":478,"reasoning_bytes":0,"role_counts":{"system":1,"user":1},"source_counts":{"direct":1,"system":1},"tool_call_count":0,"time":"2026-02-07T16:53:35Z","message":"Context stats"}
{"level":"debug","mysis_id":"219d8642-55c7-4eef-89e7-17d6602ac049","mysis_name":"long","stage":"before_llm_call","memory_count":2,"message_count":2,"content_bytes":478,"reasoning_bytes":0,"role_counts":{"system":1,"user":1},"source_counts":{"direct":1,"system":1},"tool_call_count":0,"time":"2026-02-07T16:53:35Z","message":"Context stats"}
{"level":"debug","mysis_id":"b8de6865-36c1-4b61-b68d-4ee3f481eee8","mysis_name":"sleepy","stage":"context_memories","memory_count":2,"message_count":0,"content_bytes":478,"reasoning_bytes":0,"role_counts":{"system":1,"user":1},"source_counts":{"direct":1,"system":1},"tool_call_count":0,"time":"2026-02-07T16:53:35Z","message":"Context stats"}
{"level":"debug","mysis_id":"b8de6865-36c1-4b61-b68d-4ee3f481eee8","mysis_name":"sleepy","stage":"messages_converted","memory_count":2,"message_count":2,"content_bytes":478,"reasoning_bytes":0,"role_counts":{"system":1,"user":1},"source_counts":{"direct":1,"system":1},"tool_call_count":0,"time":"2026-02-07T16:53:35Z","message":"Context stats"}
{"level":"debug","mysis_id":"b8de6865-36c1-4b61-b68d-4ee3f481eee8","mysis_name":"sleepy","stage":"before_llm_call","memory_count":2,"message_count":2,"content_bytes":478,"reasoning_bytes":0,"role_counts":{"system":1,"user":1},"source_counts":{"direct":1,"system":1},"tool_call_count":0,"time":"2026-02-07T16:53:35Z","message":"Context stats"}
{"level":"debug","mysis_id":"219d8642-55c7-4eef-89e7-17d6602ac049","mysis_name":"long","stage":"context_memories","memory_count":3,"message_count":0,"content_bytes":496,"reasoning_bytes":0,"role_counts":{"assistant":1,"system":1,"user":1},"source_counts":{"direct":1,"llm":1,"system":1},"tool_call_count":0,"time":"2026-02-07T16:53:35Z","message":"Context stats (ephemeral)"}
{"level":"debug","mysis_id":"219d8642-55c7-4eef-89e7-17d6602ac049","mysis_name":"long","stage":"messages_converted","memory_count":3,"message_count":4,"content_bytes":585,"reasoning_bytes":0,"role_counts":{"assistant":1,"system":1,"user":1},"source_counts":{"direct":1,"llm":1,"system":1},"tool_call_count":0,"time":"2026-02-07T16:53:35Z","message":"Context stats (ephemeral)"}
{"level":"debug","mysis_id":"219d8642-55c7-4eef-89e7-17d6602ac049","mysis_name":"long","stage":"before_llm_call","memory_count":3,"message_count":4,"content_bytes":585,"reasoning_bytes":0,"role_counts":{"assistant":1,"system":1,"user":1},"source_counts":{"direct":1,"llm":1,"system":1},"tool_call_count":0,"time":"2026-02-07T16:53:35Z","message":"Context stats (ephemeral)"}
{"level":"debug","mysis_id":"219d8642-55c7-4eef-89e7-17d6602ac049","mysis_name":"long","stage":"context_memories","memory_count":2,"message_count":0,"content_bytes":478,"reasoning_bytes":0,"role_counts":{"system":1,"user":1},"source_counts":{"direct":1,"system":1},"tool_call_count":0,"time":"2026-02-07T16:53:35Z","message":"Context stats"}
{"level":"debug","mysis_id":"219d8642-55c7-4eef-89e7-17d6602ac049","mysis_name":"long","stage":"messages_converted","memory_count":2,"message_count":2,"content_bytes":478,"reasoning_bytes":0,"role_counts":{"system":1,"user":1},"source_counts":{"direct":1,"system":1},"tool_call_count":0,"time":"2026-02-07T16:53:35Z","message":"Context stats"}
{"level":"debug","mysis_id":"219d8642-55c7-4eef-89e7-17d6602ac049","mysis_name":"long","stage":"before_llm_call","memory_count":2,"message_count":2,"content_bytes":478,"reasoning_bytes":0,"role_counts":{"system":1,"user":1},"source_counts":{"direct":1,"system":1},"tool_call_count":0,"time":"2026-02-07T16:53:35Z","message":"Context stats"}
{"level":"debug","mysis_id":"b8de6865-36c1-4b61-b68d-4ee3f481eee8","mysis_name":"sleepy","stage":"context_memories","memory_count":2,"message_count":0,"content_bytes":478,"reasoning_bytes":0,"role_counts":{"system":1,"user":1},"source_counts":{"direct":1,"system":1},"tool_call_count":0,"time":"2026-02-07T16:53:35Z","message":"Context stats"}
{"level":"debug","mysis_id":"b8de6865-36c1-4b61-b68d-4ee3f481eee8","mysis_name":"sleepy","stage":"messages_converted","memory_count":2,"message_count":2,"content_bytes":478,"reasoning_bytes":0,"role_counts":{"system":1,"user":1},"source_counts":{"direct":1,"system":1},"tool_call_count":0,"time":"2026-02-07T16:53:35Z","message":"Context stats"}
{"level":"debug","mysis_id":"b8de6865-36c1-4b61-b68d-4ee3f481eee8","mysis_name":"sleepy","stage":"before_llm_call","memory_count":2,"message_count":2,"content_bytes":478,"reasoning_bytes":0,"role_counts":{"system":1,"user":1},"source_counts":{"direct":1,"system":1},"tool_call_count":0,"time":"2026-02-07T16:53:35Z","message":"Context stats"}
{"level":"debug","mysis_id":"219d8642-55c7-4eef-89e7-17d6602ac049","mysis_name":"long","stage":"context_memories","memory_count":2,"message_count":0,"content_bytes":478,"reasoning_bytes":0,"role_counts":{"system":1,"user":1},"source_counts":{"direct":1,"system":1},"tool_call_count":0,"time":"2026-02-07T16:53:35Z","message":"Context stats"}
{"level":"debug","mysis_id":"219d8642-55c7-4eef-89e7-17d6602ac049","mysis_name":"long","stage":"messages_converted","memory_count":2,"message_count":2,"content_bytes":478,"reasoning_bytes":0,"role_counts":{"system":1,"user":1},"source_counts":{"direct":1,"system":1},"tool_call_count":0,"time":"2026-02-07T16:53:35Z","message":"Context stats"}
{"level":"debug","mysis_id":"219d8642-55c7-4eef-89e7-17d6602ac049","mysis_name":"long","stage":"before_llm_call","memory_count":2,"message_count":2,"content_bytes":478,"reasoning_bytes":0,"role_counts":{"system":1,"user":1},"source_counts":{"direct":1,"system":1},"tool_call_count":0,"time":"2026-02-07T16:53:35Z","message":"Context stats"}
{"level":"debug","mysis_id":"b8de6865-36c1-4b61-b68d-4ee3f481eee8","mysis_name":"sleepy","stage":"context_memories","memory_count":2,"message_count":0,"content_bytes":478,"reasoning_bytes":0,"role_counts":{"system":1,"user":1},"source_counts":{"direct":1,"system":1},"tool_call_count":0,"time":"2026-02-07T16:53:35Z","message":"Context stats"}
{"level":"debug","mysis_id":"b8de6865-36c1-4b61-b68d-4ee3f481eee8","mysis_name":"sleepy","stage":"messages_converted","memory_count":2,"message_count":2,"content_bytes":478,"reasoning_bytes":0,"role_counts":{"system":1,"user":1},"source_counts":{"direct":1,"system":1},"tool_call_count":0,"time":"2026-02-07T16:53:35Z","message":"Context stats"}
{"level":"debug","mysis_id":"b8de6865-36c1-4b61-b68d-4ee3f481eee8","mysis_name":"sleepy","stage":"before_llm_call","memory_count":2,"message_count":2,"content_bytes":478,"reasoning_bytes":0,"role_counts":{"system":1,"user":1},"source_counts":{"direct":1,"system":1},"tool_call_count":0,"time":"2026-02-07T16:53:35Z","message":"Context stats"}
{"level":"debug","mysis_id":"219d8642-55c7-4eef-89e7-17d6602ac049","mysis_name":"long","stage":"context_memories","memory_count":2,"message_count":0,"content_bytes":478,"reasoning_bytes":0,"role_counts":{"system":1,"user":1},"source_counts":{"direct":1,"system":1},"tool_call_count":0,"time":"2026-02-07T16:53:35Z","message":"Context stats"}
{"level":"debug","mysis_id":"219d8642-55c7-4eef-89e7-17d6602ac049","mysis_name":"long","stage":"messages_converted","memory_count":2,"message_count":2,"content_bytes":478,"reasoning_bytes":0,"role_counts":{"system":1,"user":1},"source_counts":{"direct":1,"system":1},"tool_call_count":0,"time":"2026-02-07T16:53:35Z","message":"Context stats"}
{"level":"debug","mysis_id":"219d8642-55c7-4eef-89e7-17d6602ac049","mysis_name":"long","stage":"before_llm_call","memory_count":2,"message_count":2,"content_bytes":478,"reasoning_bytes":0,"role_counts":{"system":1,"user":1},"source_counts":{"direct":1,"system":1},"tool_call_count":0,"time":"2026-02-07T16:53:35Z","message":"Context stats"}
{"level":"debug","mysis_id":"b8de6865-36c1-4b61-b68d-4ee3f481eee8","mysis_name":"sleepy","stage":"context_memories","memory_count":2,"message_count":0,"content_bytes":478,"reasoning_bytes":0,"role_counts":{"system":1,"user":1},"source_counts":{"direct":1,"system":1},"tool_call_count":0,"time":"2026-02-07T16:53:35Z","message":"Context stats"}
{"level":"debug","mysis_id":"b8de6865-36c1-4b61-b68d-4ee3f481eee8","mysis_name":"sleepy","stage":"messages_converted","memory_count":2,"message_count":2,"content_bytes":478,"reasoning_bytes":0,"role_counts":{"system":1,"user":1},"source_counts":{"direct":1,"system":1},"tool_call_count":0,"time":"2026-02-07T16:53:35Z","message":"Context stats"}
{"level":"debug","mysis_id":"b8de6865-36c1-4b61-b68d-4ee3f481eee8","mysis_name":"sleepy","stage":"before_llm_call","memory_count":2,"message_count":2,"content_bytes":478,"reasoning_bytes":0,"role_counts":{"system":1,"user":1},"source_counts":{"direct":1,"system":1},"tool_call_count":0,"time":"2026-02-07T16:53:35Z","message":"Context stats"}
{"level":"debug","mysis_id":"219d8642-55c7-4eef-89e7-17d6602ac049","mysis_name":"long","stage":"context_memories","memory_count":2,"message_count":0,"content_bytes":478,"reasoning_bytes":0,"role_counts":{"system":1,"user":1},"source_counts":{"direct":1,"system":1},"tool_call_count":0,"time":"2026-02-07T16:53:35Z","message":"Context stats"}
{"level":"debug","mysis_id":"219d8642-55c7-4eef-89e7-17d6602ac049","mysis_name":"long","stage":"messages_converted","memory_count":2,"message_count":2,"content_bytes":478,"reasoning_bytes":0,"role_counts":{"system":1,"user":1},"source_counts":{"direct":1,"system":1},"tool_call_count":0,"time":"2026-02-07T16:53:35Z","message":"Context stats"}
{"level":"debug","mysis_id":"219d8642-55c7-4eef-89e7-17d6602ac049","mysis_name":"long","stage":"before_llm_call","memory_count":2,"message_count":2,"content_bytes":478,"reasoning_bytes":0,"role_counts":{"system":1,"user":1},"source_counts":{"direct":1,"system":1},"tool_call_count":0,"time":"2026-02-07T16:53:35Z","message":"Context stats"}
{"level":"debug","mysis_id":"b8de6865-36c1-4b61-b68d-4ee3f481eee8","mysis_name":"sleepy","stage":"context_memories","memory_count":2,"message_count":0,"content_bytes":478,"reasoning_bytes":0,"role_counts":{"system":1,"user":1},"source_counts":{"direct":1,"system":1},"tool_call_count":0,"time":"2026-02-07T16:53:35Z","message":"Context stats"}
{"level":"debug","mysis_id":"b8de6865-36c1-4b61-b68d-4ee3f481eee8","mysis_name":"sleepy","stage":"messages_converted","memory_count":2,"message_count":2,"content_bytes":478,"reasoning_bytes":0,"role_counts":{"system":1,"user":1},"source_counts":{"direct":1,"system":1},"tool_call_count":0,"time":"2026-02-07T16:53:35Z","message":"Context stats"}
{"level":"debug","mysis_id":"b8de6865-36c1-4b61-b68d-4ee3f481eee8","mysis_name":"sleepy","stage":"before_llm_call","memory_count":2,"message_count":2,"content_bytes":478,"reasoning_bytes":0,"role_counts":{"system":1,"user":1},"source_counts":{"direct":1,"system":1},"tool_call_count":0,"time":"2026-02-07T16:53:35Z","message":"Context stats"}
{"level":"info","count":2,"time":"2026-02-07T16:53:35Z","message":"All myses stopped"}
{"level":"debug","mysis_id":"85bb44dc-5c69-4591-a835-feb28a4e3aef","mysis_name":"mysis-1","stage":"context_memories","memory_count":2,"message_count":0,"content_bytes":542,"reasoning_bytes":0,"role_counts":{"system":1,"user":1},"source_counts":{"system":2},"tool_call_count":0,"time":"2026-02-07T16:53:35Z","message":"Context stats (ephemeral)"}
{"level":"debug","mysis_id":"85bb44dc-5c69-4591-a835-feb28a4e3aef","mysis_name":"mysis-1","stage":"messages_converted","memory_count":2,"message_count":3,"content_bytes":631,"reasoning_bytes":0,"role_counts":{"system":1,"user":1},"source_counts":{"system":2},"tool_call_count":0,"time":"2026-02-07T16:53:35Z","message":"Context stats (ephemeral)"}
{"level":"debug","mysis_id":"85bb44dc-5c69-4591-a835-feb28a4e3aef","mysis_name":"mysis-1","stage":"before_llm_call","memory_count":2,"message_count":3,"content_bytes":631,"reasoning_bytes":0,"role_counts":{"system":1,"user":1},"source_counts":{"system":2},"tool_call_count":0,"time":"2026-02-07T16:53:35Z","message":"Context stats (ephemeral)"}
{"level":"debug","mysis_id":"e6a08e98-0ca6-4fde-b032-779d976e2f54","mysis_name":"mysis-0","stage":"context_memories","memory_count":2,"message_count":0,"content_bytes":542,"reasoning_bytes":0,"role_counts":{"system":1,"user":1},"source_counts":{"system":2},"tool_call_count":0,"time":"2026-02-07T16:53:35Z","message":"Context stats (ephemeral)"}
{"level":"debug","mysis_id":"e6a08e98-0ca6-4fde-b032-779d976e2f54","mysis_name":"mysis-0","stage":"messages_converted","memory_count":2,"message_count":3,"content_bytes":631,"reasoning_bytes":0,"role_counts":{"system":1,"user":1},"source_counts":{"system":2},"tool_call_count":0,"time":"2026-02-07T16:53:35Z","message":"Context stats (ephemeral)"}
{"level":"debug","mysis_id":"e6a08e98-0ca6-4fde-b032-779d976e2f54","mysis_name":"mysis-0","stage":"before_llm_call","memory_count":2,"message_count":3,"content_bytes":631,"reasoning_bytes":0,"role_counts":{"system":1,"user":1},"source_counts":{"system":2},"tool_call_count":0,"time":"2026-02-07T16:53:35Z","message":"Context stats (ephemeral)"}
{"level":"debug","mysis_id":"0eec0aa4-c65f-40db-912d-e982d73262aa","mysis_name":"mysis-2","stage":"context_memories","memory_count":2,"message_count":0,"content_bytes":542,"reasoning_bytes":0,"role_counts":{"system":1,"user":1},"source_counts":{"system":2},"tool_call_count":0,"time":"2026-02-07T16:53:35Z","message":"Context stats (ephemeral)"}
{"level":"debug","mysis_id":"0eec0aa4-c65f-40db-912d-e982d73262aa","mysis_name":"mysis-2","stage":"messages_converted","memory_count":2,"message_count":3,"content_bytes":631,"reasoning_bytes":0,"role_counts":{"system":1,"user":1},"source_counts":{"system":2},"tool_call_count":0,"time":"2026-02-07T16:53:35Z","message":"Context stats (ephemeral)"}
{"level":"debug","mysis_id":"0eec0aa4-c65f-40db-912d-e982d73262aa","mysis_name":"mysis-2","stage":"before_llm_call","memory_count":2,"message_count":3,"content_bytes":631,"reasoning_bytes":0,"role_counts":{"system":1,"user":1},"source_counts":{"system":2},"tool_call_count":0,"time":"2026-02-07T16:53:35Z","message":"Context stats (ephemeral)"}
{"level":"debug","mysis_id":"4f318bce-3ce5-48c2-91e1-9d9142e4add9","mysis_name":"mysis-3","stage":"context_memories","memory_count":2,"message_count":0,"content_bytes":542,"reasoning_bytes":0,"role_counts":{"system":1,"user":1},"source_counts":{"system":2},"tool_call_count":0,"time":"2026-02-07T16:53:35Z","message":"Context stats (ephemeral)"}
{"level":"debug","mysis_id":"4f318bce-3ce5-48c2-91e1-9d9142e4add9","mysis_name":"mysis-3","stage":"messages_converted","memory_count":2,"message_count":3,"content_bytes":631,"reasoning_bytes":0,"role_counts":{"system":1,"user":1},"source_counts":{"system":2},"tool_call_count":0,"time":"2026-02-07T16:53:35Z","message":"Context stats (ephemeral)"}
{"level":"debug","mysis_id":"4f318bce-3ce5-48c2-91e1-9d9142e4add9","mysis_name":"mysis-3","stage":"before_llm_call","memory_count":2,"message_count":3,"content_bytes":631,"reasoning_bytes":0,"role_counts":{"system":1,"user":1},"source_counts":{"system":2},"tool_call_count":0,"time":"2026-02-07T16:53:35Z","message":"Context stats (ephemeral)"}
{"level":"debug","mysis_id":"c3f96781-43b2-431c-809b-bd53d8e2da48","mysis_name":"mysis-4","stage":"context_memories","memory_count":2,"message_count":0,"content_bytes":542,"reasoning_bytes":0,"role_counts":{"system":1,"user":1},"source_counts":{"system":2},"tool_call_count":0,"time":"2026-02-07T16:53:35Z","message":"Context stats (ephemeral)"}
{"level":"debug","mysis_id":"c3f96781-43b2-431c-809b-bd53d8e2da48","mysis_name":"mysis-4","stage":"messages_converted","memory_count":2,"message_count":3,"content_bytes":631,"reasoning_bytes":0,"role_counts":{"system":1,"user":1},"source_counts":{"system":2},"tool_call_count":0,"time":"2026-02-07T16:53:35Z","message":"Context stats (ephemeral)"}
{"level":"debug","mysis_id":"c3f96781-43b2-431c-809b-bd53d8e2da48","mysis_name":"mysis-4","stage":"before_llm_call","memory_count":2,"message_count":3,"content_bytes":631,"reasoning_bytes":0,"role_counts":{"system":1,"user":1},"source_counts":{"system":2},"tool_call_count":0,"time":"2026-02-07T16:53:35Z","message":"Context stats (ephemeral)"}
{"level":"debug","mysis_id":"e2b8f859-c78b-4512-a203-4b0d5093266f","mysis_name":"active-call","stage":"context_memories","memory_count":2,"message_count":0,"content_bytes":542,"reasoning_bytes":0,"role_counts":{"system":1,"user":1},"source_counts":{"system":2},"tool_call_count":0,"time":"2026-02-07T16:53:36Z","message":"Context stats (ephemeral)"}
{"level":"debug","mysis_id":"e2b8f859-c78b-4512-a203-4b0d5093266f","mysis_name":"active-call","stage":"messages_converted","memory_count":2,"message_count":3,"content_bytes":631,"reasoning_bytes":0,"role_counts":{"system":1,"user":1},"source_counts":{"system":2},"tool_call_count":0,"time":"2026-02-07T16:53:36Z","message":"Context stats (ephemeral)"}
{"level":"debug","mysis_id":"e2b8f859-c78b-4512-a203-4b0d5093266f","mysis_name":"active-call","stage":"before_llm_call","memory_count":2,"message_count":3,"content_bytes":631,"reasoning_bytes":0,"role_counts":{"system":1,"user":1},"source_counts":{"system":2},"tool_call_count":0,"time":"2026-02-07T16:53:36Z","message":"Context stats (ephemeral)"}
{"level":"debug","mysis_id":"0f6dbe03-4cf4-49da-85be-7a5920f27ea5","mysis_name":"queued","stage":"context_memories","memory_count":2,"message_count":0,"content_bytes":477,"reasoning_bytes":0,"role_counts":{"system":1,"user":1},"source_counts":{"direct":1,"system":1},"tool_call_count":0,"time":"2026-02-07T16:53:36Z","message":"Context stats"}
{"level":"debug","mysis_id":"0f6dbe03-4cf4-49da-85be-7a5920f27ea5","mysis_name":"queued","stage":"messages_converted","memory_count":2,"message_count":2,"content_bytes":477,"reasoning_bytes":0,"role_counts":{"system":1,"user":1},"source_counts":{"direct":1,"system":1},"tool_call_count":0,"time":"2026-02-07T16:53:36Z","message":"Context stats"}
{"level":"debug","mysis_id":"0f6dbe03-4cf4-49da-85be-7a5920f27ea5","mysis_name":"queued","stage":"before_llm_call","memory_count":2,"message_count":2,"content_bytes":477,"reasoning_bytes":0,"role_counts":{"system":1,"user":1},"source_counts":{"direct":1,"system":1},"tool_call_count":0,"time":"2026-02-07T16:53:36Z","message":"Context stats"}
{"level":"error","mysis":"queued","provider":"mock","error":"context canceled","time":"2026-02-07T16:53:36Z","message":"Provider returned error"}
{"level":"debug","mysis":"queued","error":"context canceled","time":"2026-02-07T16:53:36Z","message":"Ignoring error - mysis was intentionally stopped"}
{"level":"debug","mysis_id":"05464ee7-22e5-454b-9868-bb7b94cfc9f3","mysis_name":"exit-test-0","stage":"context_memories","memory_count":2,"message_count":0,"content_bytes":542,"reasoning_bytes":0,"role_counts":{"system":1,"user":1},"source_counts":{"system":2},"tool_call_count":0,"time":"2026-02-07T16:53:36Z","message":"Context stats (ephemeral)"}
{"level":"debug","mysis_id":"05464ee7-22e5-454b-9868-bb7b94cfc9f3","mysis_name":"exit-test-0","stage":"messages_converted","memory_count":2,"message_count":3,"content_bytes":631,"reasoning_bytes":0,"role_counts":{"system":1,"user":1},"source_counts":{"system":2},"tool_call_count":0,"time":"2026-02-07T16:53:36Z","message":"Context stats (ephemeral)"}
{"level":"debug","mysis_id":"05464ee7-22e5-454b-9868-bb7b94cfc9f3","mysis_name":"exit-test-0","stage":"before_llm_call","memory_count":2,"message_count":3,"content_bytes":631,"reasoning_bytes":0,"role_counts":{"system":1,"user":1},"source_counts":{"system":2},"tool_call_count":0,"time":"2026-02-07T16:53:36Z","message":"Context stats (ephemeral)"}
{"level":"debug","mysis_id":"d1ff632a-8e89-4ba5-840e-685e63f71a2c","mysis_name":"exit-test-1","stage":"context_memories","memory_count":2,"message_count":0,"content_bytes":542,"reasoning_bytes":0,"role_counts":{"system":1,"user":1},"source_counts":{"system":2},"tool_call_count":0,"time":"2026-02-07T16:53:36Z","message":"Context stats (ephemeral)"}
{"level":"debug","mysis_id":"d1ff632a-8e89-4ba5-840e-685e63f71a2c","mysis_name":"exit-test-1","stage":"messages_converted","memory_count":2,"message_count":3,"content_bytes":631,"reasoning_bytes":0,"role_counts":{"system":1,"user":1},"source_counts":{"system":2},"tool_call_count":0,"time":"2026-02-07T16:53:36Z","message":"Context stats (ephemeral)"}
{"level":"debug","mysis_id":"d1ff632a-8e89-4ba5-840e-685e63f71a2c","mysis_name":"exit-test-1","stage":"before_llm_call","memory_count":2,"message_count":3,"content_bytes":631,"reasoning_bytes":0,"role_counts":{"system":1,"user":1},"source_counts":{"system":2},"tool_call_count":0,"time":"2026-02-07T16:53:36Z","message":"Context stats (ephemeral)"}
{"level":"debug","mysis_id":"0b587cc3-d762-4468-bf2a-c66995a302f1","mysis_name":"exit-test-2","stage":"context_memories","memory_count":2,"message_count":0,"content_bytes":542,"reasoning_bytes":0,"role_counts":{"system":1,"user":1},"source_counts":{"system":2},"tool_call_count":0,"time":"2026-02-07T16:53:36Z","message":"Context stats (ephemeral)"}
{"level":"debug","mysis_id":"0b587cc3-d762-4468-bf2a-c66995a302f1","mysis_name":"exit-test-2","stage":"messages_converted","memory_count":2,"message_count":3,"content_bytes":631,"reasoning_bytes":0,"role_counts":{"system":1,"user":1},"source_counts":{"system":2},"tool_call_count":0,"time":"2026-02-07T16:53:36Z","message":"Context stats (ephemeral)"}
{"level":"debug","mysis_id":"0b587cc3-d762-4468-bf2a-c66995a302f1","mysis_name":"exit-test-2","stage":"before_llm_call","memory_count":2,"message_count":3,"content_bytes":631,"reasoning_bytes":0,"role_counts":{"system":1,"user":1},"source_counts":{"system":2},"tool_call_count":0,"time":"2026-02-07T16:53:36Z","message":"Context stats (ephemeral)"}
{"level":"info","count":3,"time":"2026-02-07T16:53:36Z","message":"All myses stopped"}
{"level":"debug","mysis_id":"c9de6d1b-beb0-4a1f-89a3-bf3e5a6e39a2","mysis_name":"running","stage":"context_memories","memory_count":2,"message_count":0,"content_bytes":542,"reasoning_bytes":0,"role_counts":{"system":1,"user":1},"source_counts":{"system":2},"tool_call_count":0,"time":"2026-02-07T16:53:36Z","message":"Context stats (ephemeral)"}
{"level":"debug","mysis_id":"c9de6d1b-beb0-4a1f-89a3-bf3e5a6e39a2","mysis_name":"running","stage":"messages_converted","memory_count":2,"message_count":3,"content_bytes":631,"reasoning_bytes":0,"role_counts":{"system":1,"user":1},"source_counts":{"system":2},"tool_call_count":0,"time":"2026-02-07T16:53:36Z","message":"Context stats (ephemeral)"}
{"level":"debug","mysis_id":"c9de6d1b-beb0-4a1f-89a3-bf3e5a6e39a2","mysis_name":"running","stage":"before_llm_call","memory_count":2,"message_count":3,"content_bytes":631,"reasoning_bytes":0,"role_counts":{"system":1,"user":1},"source_counts":{"system":2},"tool_call_count":0,"time":"2026-02-07T16:53:36Z","message":"Context stats (ephemeral)"}
{"level":"info","count":3,"time":"2026-02-07T16:53:36Z","message":"All myses stopped"}
{"level":"debug","mysis_id":"1529cdfb-05b8-49ed-857b-39f3e4745e8d","mysis_name":"stress-0","stage":"context_memories","memory_count":2,"message_count":0,"content_bytes":480,"reasoning_bytes":0,"role_counts":{"system":1,"user":1},"source_counts":{"direct":1,"system":1},"tool_call_count":0,"time":"2026-02-07T16:53:36Z","message":"Context stats"}
{"level":"debug","mysis_id":"1529cdfb-05b8-49ed-857b-39f3e4745e8d","mysis_name":"stress-0","stage":"messages_converted","memory_count":2,"message_count":2,"content_bytes":480,"reasoning_bytes":0,"role_counts":{"system":1,"user":1},"source_counts":{"direct":1,"system":1},"tool_call_count":0,"time":"2026-02-07T16:53:36Z","message":"Context stats"}
{"level":"debug","mysis_id":"1529cdfb-05b8-49ed-857b-39f3e4745e8d","mysis_name":"stress-0","stage":"before_llm_call","memory_count":2,"message_count":2,"content_bytes":480,"reasoning_bytes":0,"role_counts":{"system":1,"user":1},"source_counts":{"direct":1,"system":1},"tool_call_count":0,"time":"2026-02-07T16:53:36Z","message":"Context stats"}
{"level":"debug","mysis_id":"dfda03db-5838-45d7-bcf7-2a7d1b398a8f","mysis_name":"stress-1","stage":"context_memories","memory_count":2,"message_count":0,"content_bytes":480,"reasoning_bytes":0,"role_counts":{"system":1,"user":1},"source_counts":{"direct":1,"system":1},"tool_call_count":0,"time":"2026-02-07T16:53:36Z","message":"Context stats"}
{"level":"debug","mysis_id":"dfda03db-5838-45d7-bcf7-2a7d1b398a8f","mysis_name":"stress-1","stage":"messages_converted","memory_count":2,"message_count":2,"content_bytes":480,"reasoning_bytes":0,"role_counts":{"system":1,"user":1},"source_counts":{"direct":1,"system":1},"tool_call_count":0,"time":"2026-02-07T16:53:36Z","message":"Context stats"}
{"level":"debug","mysis_id":"dfda03db-5838-45d7-bcf7-2a7d1b398a8f","mysis_name":"stress-1","stage":"before_llm_call","memory_count":2,"message_count":2,"content_bytes":480,"reasoning_bytes":0,"role_counts":{"system":1,"user":1},"source_counts":{"direct":1,"system":1},"tool_call_count":0,"time":"2026-02-07T16:53:36Z","message":"Context stats"}
{"level":"debug","mysis_id":"dfda03db-5838-45d7-bcf7-2a7d1b398a8f","mysis_name":"stress-1","stage":"context_memories","memory_count":3,"message_count":0,"content_bytes":488,"reasoning_bytes":0,"role_counts":{"assistant":1,"system":1,"user":1},"source_counts":{"direct":1,"llm":1,"system":1},"tool_call_count":0,"time":"2026-02-07T16:53:36Z","message":"Context stats (ephemeral)"}
{"level":"debug","mysis_id":"dfda03db-5838-45d7-bcf7-2a7d1b398a8f","mysis_name":"stress-1","stage":"messages_converted","memory_count":3,"message_count":4,"content_bytes":577,"reasoning_bytes":0,"role_counts":{"assistant":1,"system":1,"user":1},"source_counts":{"direct":1,"llm":1,"system":1},"tool_call_count":0,"time":"2026-02-07T16:53:36Z","message":"Context stats (ephemeral)"}
{"level":"debug","mysis_id":"dfda03db-5838-45d7-bcf7-2a7d1b398a8f","mysis_name":"stress-1","stage":"before_llm_call","memory_count":3,"message_count":4,"content_bytes":577,"reasoning_bytes":0,"role_counts":{"assistant":1,"system":1,"user":1},"source_counts":{"direct":1,"llm":1,"system":1},"tool_call_count":0,"time":"2026-02-07T16:53:36Z","message":"Context stats (ephemeral)"}
{"level":"debug","mysis_id":"2aeb7a06-5466-465f-96a9-3282e205003e","mysis_name":"stress-2","stage":"context_memories","memory_count":2,"message_count":0,"content_bytes":480,"reasoning_bytes":0,"role_counts":{"system":1,"user":1},"source_counts":{"direct":1,"system":1},"tool_call_count":0,"time":"2026-02-07T16:53:36Z","message":"Context stats"}
{"level":"debug","mysis_id":"2aeb7a06-5466-465f-96a9-3282e205003e","mysis_name":"stress-2","stage":"messages_converted","memory_count":2,"message_count":2,"content_bytes":480,"reasoning_bytes":0,"role_counts":{"system":1,"user":1},"source_counts":{"direct":1,"system":1},"tool_call_count":0,"time":"2026-02-07T16:53:36Z","message":"Context stats"}
{"level":"debug","mysis_id":"2aeb7a06-5466-465f-96a9-3282e205003e","mysis_name":"stress-2","stage":"before_llm_call","memory_count":2,"message_count":2,"content_bytes":480,"reasoning_bytes":0,"role_counts":{"system":1,"user":1},"source_counts":{"direct":1,"system":1},"tool_call_count":0,"time":"2026-02-07T16:53:36Z","message":"Context stats"}
{"level":"info","count":3,"time":"2026-02-07T16:53:36Z","message":"All myses stopped"}
{"level":"debug","mysis_id":"729b140a-c5d6-4716-a804-ef1e2c68f5ad","mysis_name":"stress-0","stage":"context_memories","memory_count":2,"message_count":0,"content_bytes":480,"reasoning_bytes":0,"role_counts":{"system":1,"user":1},"source_counts":{"direct":1,"system":1},"tool_call_count":0,"time":"2026-02-07T16:53:36Z","message":"Context stats"}
{"level":"debug","mysis_id":"729b140a-c5d6-4716-a804-ef1e2c68f5ad","mysis_name":"stress-0","stage":"messages_converted","memory_count":2,"message_count":2,"content_bytes":480,"reasoning_bytes":0,"role_counts":{"system":1,"user":1},"source_counts":{"direct":1,"system":1},"tool_call_count":0,"time":"2026-02-07T16:53:36Z","message":"Context stats"}
{"level":"debug","mysis_id":"729b140a-c5d6-4716-a804-ef1e2c68f5ad","mysis_name":"stress-0","stage":"before_llm_call","memory_count":2,"message_count":2,"content_bytes":480,"reasoning_bytes":0,"role_counts":{"system":1,"user":1},"source_counts":{"direct":1,"system":1},"tool_call_count":0,"time":"2026-02-07T16:53:36Z","message":"Context stats"}
{"level":"debug","mysis_id":"729b140a-c5d6-4716-a804-ef1e2c68f5ad","mysis_name":"stress-0","stage":"context_memories","memory_count":3,"message_count":0,"content_bytes":488,"reasoning_bytes":0,"role_counts":{"assistant":1,"system":1,"user":1},"source_counts":{"direct":1,"llm":1,"system":1},"tool_call_count":0,"time":"2026-02-07T16:53:36Z","message":"Context stats (ephemeral)"}
{"level":"debug","mysis_id":"729b140a-c5d6-4716-a804-ef1e2c68f5ad","mysis_name":"stress-0","stage":"messages_converted","memory_count":3,"message_count":4,"content_bytes":577,"reasoning_bytes":0,"role_counts":{"assistant":1,"system":1,"user":1},"source_counts":{"direct":1,"llm":1,"system":1},"tool_call_count":0,"time":"2026-02-07T16:53:36Z","message":"Context stats (ephemeral)"}
{"level":"debug","mysis_id":"729b140a-c5d6-4716-a804-ef1e2c68f5ad","mysis_name":"stress-0","stage":"before_llm_call","memory_count":3,"message_count":4,"content_bytes":577,"reasoning_bytes":0,"role_counts":{"assistant":1,"system":1,"user":1},"source_counts":{"direct":1,"llm":1,"system":1},"tool_call_count":0,"time":"2026-02-07T16:53:36Z","message":"Context stats (ephemeral)"}
{"level":"debug","mysis_id":"5ea4eeb5-12e8-4ea5-8988-e90da863be1b","mysis_name":"stress-1","stage":"context_memories","memory_count":2,"message_count":0,"content_bytes":480,"reasoning_bytes":0,"role_counts":{"system":1,"user":1},"source_counts":{"direct":1,"system":1},"tool_call_count":0,"time":"2026-02-07T16:53:36Z","message":"Context stats"}
{"level":"debug","mysis_id":"5ea4eeb5-12e8-4ea5-8988-e90da863be1b","mysis_name":"stress-1","stage":"messages_converted","memory_count":2,"message_count":2,"content_bytes":480,"reasoning_bytes":0,"role_counts":{"system":1,"user":1},"source_counts":{"direct":1,"system":1},"tool_call_count":0,"time":"2026-02-07T16:53:36Z","message":"Context stats"}
{"level":"debug","mysis_id":"5ea4eeb5-12e8-4ea5-8988-e90da863be1b","mysis_name":"stress-1","stage":"before_llm_call","memory_count":2,"message_count":2,"content_bytes":480,"reasoning_bytes":0,"role_counts":{"system":1,"user":1},"source_counts":{"direct":1,"system":1},"tool_call_count":0,"time":"2026-02-07T16:53:36Z","message":"Context stats"}
{"level":"debug","mysis_id":"e345d4d2-4959-4006-8a75-b9389a659781","mysis_name":"stress-2","stage":"context_memories","memory_count":2,"message_count":0,"content_bytes":480,"reasoning_bytes":0,"role_counts":{"system":1,"user":1},"source_counts":{"direct":1,"system":1},"tool_call_count":0,"time":"2026-02-07T16:53:36Z","message":"Context stats"}
{"level":"debug","mysis_id":"e345d4d2-4959-4006-8a75-b9389a659781","mysis_name":"stress-2","stage":"messages_converted","memory_count":2,"message_count":2,"content_bytes":480,"reasoning_bytes":0,"role_counts":{"system":1,"user":1},"source_counts":{"direct":1,"system":1},"tool_call_count":0,"time":"2026-02-07T16:53:36Z","message":"Context stats"}
{"level":"debug","mysis_id":"e345d4d2-4959-4006-8a75-b9389a659781","mysis_name":"stress-2","stage":"before_llm_call","memory_count":2,"message_count":2,"content_bytes":480,"reasoning_bytes":0,"role_counts":{"system":1,"user":1},"source_counts":{"direct":1,"system":1},"tool_call_count":0,"time":"2026-02-07T16:53:36Z","message":"Context stats"}
{"level":"info","count":3,"time":"2026-02-07T16:53:36Z","message":"All myses stopped"}
{"level":"debug","mysis_id":"8a1b1108-5570-4218-9bb2-702e54c48a97","mysis_name":"stress-0","stage":"context_memories","memory_count":2,"message_count":0,"content_bytes":480,"reasoning_bytes":0,"role_counts":{"system":1,"user":1},"source_counts":{"direct":1,"system":1},"tool_call_count":0,"time":"2026-02-07T16:53:36Z","message":"Context stats"}
{"level":"debug","mysis_id":"8a1b1108-5570-4218-9bb2-702e54c48a97","mysis_name":"stress-0","stage":"messages_converted","memory_count":2,"message_count":2,"content_bytes":480,"reasoning_bytes":0,"role_counts":{"system":1,"user":1},"source_counts":{"direct":1,"system":1},"tool_call_count":0,"time":"2026-02-07T16:53:36Z","message":"Context stats"}
{"level":"debug","mysis_id":"8a1b1108-5570-4218-9bb2-702e54c48a97","mysis_name":"stress-0","stage":"before_llm_call","memory_count":2,"message_count":2,"content_bytes":480,"reasoning_bytes":0,"role_counts":{"system":1,"user":1},"source_counts":{"direct":1,"system":1},"tool_call_count":0,"time":"2026-02-07T16:53:36Z","message":"Context stats"}
{"level":"debug","mysis_id":"e9308d47-072a-4ab5-b9ec-fa2420da041c","mysis_name":"stress-1","stage":"context_memories","memory_count":2,"message_count":0,"content_bytes":480,"reasoning_bytes":0,"role_counts":{"system":1,"user":1},"source_counts":{"direct":1,"system":1},"tool_call_count":0,"time":"2026-02-07T16:53:36Z","message":"Context stats"}
{"level":"debug","mysis_id":"e9308d47-072a-4ab5-b9ec-fa2420da041c","mysis_name":"stress-1","stage":"messages_converted","memory_count":2,"message_count":2,"content_bytes":480,"reasoning_bytes":0,"role_counts":{"system":1,"user":1},"source_counts":{"direct":1,"system":1},"tool_call_count":0,"time":"2026-02-07T16:53:36Z","message":"Context stats"}
{"level":"debug","mysis_id":"e9308d47-072a-4ab5-b9ec-fa2420da041c","mysis_name":"stress-1","stage":"before_llm_call","memory_count":2,"message_count":2,"content_bytes":480,"reasoning_bytes":0,"role_counts":{"system":1,"user":1},"source_counts":{"direct":1,"system":1},"tool_call_count":0,"time":"2026-02-07T16:53:36Z","message":"Context stats"}
{"level":"debug","mysis_id":"8a1b1108-5570-4218-9bb2-702e54c48a97","mysis_name":"stress-0","stage":"context_memories","memory_count":3,"message_count":0,"content_bytes":488,"reasoning_bytes":0,"role_counts":{"assistant":1,"system":1,"user":1},"source_counts":{"direct":1,"llm":1,"system":1},"tool_call_count":0,"time":"2026-02-07T16:53:36Z","message":"Context stats (ephemeral)"}
{"level":"debug","mysis_id":"8a1b1108-5570-4218-9bb2-702e54c48a97","mysis_name":"stress-0","stage":"messages_converted","memory_count":3,"message_count":4,"content_bytes":577,"reasoning_bytes":0,"role_counts":{"assistant":1,"system":1,"user":1},"source_counts":{"direct":1,"llm":1,"system":1},"tool_call_count":0,"time":"2026-02-07T16:53:36Z","message":"Context stats (ephemeral)"}
{"level":"debug","mysis_id":"8a1b1108-5570-4218-9bb2-702e54c48a97","mysis_name":"stress-0","stage":"before_llm_call","memory_count":3,"message_count":4,"content_bytes":577,"reasoning_bytes":0,"role_counts":{"assistant":1,"system":1,"user":1},"source_counts":{"direct":1,"llm":1,"system":1},"tool_call_count":0,"time":"2026-02-07T16:53:36Z","message":"Context stats (ephemeral)"}
{"level":"debug","mysis_id":"d3e08025-ad1d-4ffc-a52e-9ef4a15a3795","mysis_name":"stress-2","stage":"context_memories","memory_count":2,"message_count":0,"content_bytes":480,"reasoning_bytes":0,"role_counts":{"system":1,"user":1},"source_counts":{"direct":1,"system":1},"tool_call_count":0,"time":"2026-02-07T16:53:36Z","message":"Context stats"}
{"level":"debug","mysis_id":"d3e08025-ad1d-4ffc-a52e-9ef4a15a3795","mysis_name":"stress-2","stage":"messages_converted","memory_count":2,"message_count":2,"content_bytes":480,"reasoning_bytes":0,"role_counts":{"system":1,"user":1},"source_counts":{"direct":1,"system":1},"tool_call_count":0,"time":"2026-02-07T16:53:36Z","message":"Context stats"}
{"level":"debug","mysis_id":"d3e08025-ad1d-4ffc-a52e-9ef4a15a3795","mysis_name":"stress-2","stage":"before_llm_call","memory_count":2,"message_count":2,"content_bytes":480,"reasoning_bytes":0,"role_counts":{"system":1,"user":1},"source_counts":{"direct":1,"system":1},"tool_call_count":0,"time":"2026-02-07T16:53:36Z","message":"Context stats"}
{"level":"info","count":3,"time":"2026-02-07T16:53:36Z","message":"All myses stopped"}
{"level":"debug","mysis_id":"81e65ecb-ed5e-4a90-97d8-6f392d011922","mysis_name":"stress-0","stage":"context_memories","memory_count":2,"message_count":0,"content_bytes":480,"reasoning_bytes":0,"role_counts":{"system":1,"user":1},"source_counts":{"direct":1,"system":1},"tool_call_count":0,"time":"2026-02-07T16:53:36Z","message":"Context stats"}
{"level":"debug","mysis_id":"81e65ecb-ed5e-4a90-97d8-6f392d011922","mysis_name":"stress-0","stage":"messages_converted","memory_count":2,"message_count":2,"content_bytes":480,"reasoning_bytes":0,"role_counts":{"system":1,"user":1},"source_counts":{"direct":1,"system":1},"tool_call_count":0,"time":"2026-02-07T16:53:36Z","message":"Context stats"}
{"level":"debug","mysis_id":"81e65ecb-ed5e-4a90-97d8-6f392d011922","mysis_name":"stress-0","stage":"before_llm_call","memory_count":2,"message_count":2,"content_bytes":480,"reasoning_bytes":0,"role_counts":{"system":1,"user":1},"source_counts":{"direct":1,"system":1},"tool_call_count":0,"time":"2026-02-07T16:53:36Z","message":"Context stats"}
{"level":"debug","mysis_id":"8d870140-19e5-4c0e-bd50-8328a96922ca","mysis_name":"stress-1","stage":"context_memories","memory_count":2,"message_count":0,"content_bytes":480,"reasoning_bytes":0,"role_counts":{"system":1,"user":1},"source_counts":{"direct":1,"system":1},"tool_call_count":0,"time":"2026-02-07T16:53:36Z","message":"Context stats"}
{"level":"debug","mysis_id":"8d870140-19e5-4c0e-bd50-8328a96922ca","mysis_name":"stress-1","stage":"messages_converted","memory_count":2,"message_count":2,"content_bytes":480,"reasoning_bytes":0,"role_counts":{"system":1,"user":1},"source_counts":{"direct":1,"system":1},"tool_call_count":0,"time":"2026-02-07T16:53:36Z","message":"Context stats"}
{"level":"debug","mysis_id":"8d870140-19e5-4c0e-bd50-8328a96922ca","mysis_name":"stress-1","stage":"before_llm_call","memory_count":2,"message_count":2,"content_bytes":480,"reasoning_bytes":0,"role_counts":{"system":1,"user":1},"source_counts":{"direct":1,"system":1},"tool_call_count":0,"time":"2026-02-07T16:53:36Z","message":"Context stats"}
{"level":"debug","mysis_id":"81e65ecb-ed5e-4a90-97d8-6f392d011922","mysis_name":"stress-0","stage":"context_memories","memory_count":3,"message_count":0,"content_bytes":488,"reasoning_bytes":0,"role_counts":{"assistant":1,"system":1,"user":1},"source_counts":{"direct":1,"llm":1,"system":1},"tool_call_count":0,"time":"2026-02-07T16:53:36Z","message":"Context stats (ephemeral)"}
{"level":"debug","mysis_id":"81e65ecb-ed5e-4a90-97d8-6f392d011922","mysis_name":"stress-0","stage":"messages_converted","memory_count":3,"message_count":4,"content_bytes":577,"reasoning_bytes":0,"role_counts":{"assistant":1,"system":1,"user":1},"source_counts":{"direct":1,"llm":1,"system":1},"tool_call_count":0,"time":"2026-02-07T16:53:36Z","message":"Context stats (ephemeral)"}
{"level":"debug","mysis_id":"81e65ecb-ed5e-4a90-97d8-6f392d011922","mysis_name":"stress-0","stage":"before_llm_call","memory_count":3,"message_count":4,"content_bytes":577,"reasoning_bytes":0,"role_counts":{"assistant":1,"system":1,"user":1},"source_counts":{"direct":1,"llm":1,"system":1},"tool_call_count":0,"time":"2026-02-07T16:53:36Z","message":"Context stats (ephemeral)"}
{"level":"debug","mysis_id":"88a7dec3-e9fb-44a0-b451-638337b60940","mysis_name":"stress-2","stage":"context_memories","memory_count":2,"message_count":0,"content_bytes":480,"reasoning_bytes":0,"role_counts":{"system":1,"user":1},"source_counts":{"direct":1,"system":1},"tool_call_count":0,"time":"2026-02-07T16:53:36Z","message":"Context stats"}
{"level":"debug","mysis_id":"88a7dec3-e9fb-44a0-b451-638337b60940","mysis_name":"stress-2","stage":"messages_converted","memory_count":2,"message_count":2,"content_bytes":480,"reasoning_bytes":0,"role_counts":{"system":1,"user":1},"source_counts":{"direct":1,"system":1},"tool_call_count":0,"time":"2026-02-07T16:53:36Z","message":"Context stats"}
{"level":"debug","mysis_id":"88a7dec3-e9fb-44a0-b451-638337b60940","mysis_name":"stress-2","stage":"before_llm_call","memory_count":2,"message_count":2,"content_bytes":480,"reasoning_bytes":0,"role_counts":{"system":1,"user":1},"source_counts":{"direct":1,"system":1},"tool_call_count":0,"time":"2026-02-07T16:53:36Z","message":"Context stats"}
{"level":"info","count":3,"time":"2026-02-07T16:53:36Z","message":"All myses stopped"}
{"level":"debug","mysis_id":"33c07699-914b-4d2a-93e1-a275022f2a41","mysis_name":"stress-0","stage":"context_memories","memory_count":2,"message_count":0,"content_bytes":480,"reasoning_bytes":0,"role_counts":{"system":1,"user":1},"source_counts":{"direct":1,"system":1},"tool_call_count":0,"time":"2026-02-07T16:53:36Z","message":"Context stats"}
{"level":"debug","mysis_id":"33c07699-914b-4d2a-93e1-a275022f2a41","mysis_name":"stress-0","stage":"messages_converted","memory_count":2,"message_count":2,"content_bytes":480,"reasoning_bytes":0,"role_counts":{"system":1,"user":1},"source_counts":{"direct":1,"system":1},"tool_call_count":0,"time":"2026-02-07T16:53:36Z","message":"Context stats"}
{"level":"debug","mysis_id":"33c07699-914b-4d2a-93e1-a275022f2a41","mysis_name":"stress-0","stage":"before_llm_call","memory_count":2,"message_count":2,"content_bytes":480,"reasoning_bytes":0,"role_counts":{"system":1,"user":1},"source_counts":{"direct":1,"system":1},"tool_call_count":0,"time":"2026-02-07T16:53:36Z","message":"Context stats"}
{"level":"debug","mysis_id":"33c07699-914b-4d2a-93e1-a275022f2a41","mysis_name":"stress-0","stage":"context_memories","memory_count":3,"message_count":0,"content_bytes":488,"reasoning_bytes":0,"role_counts":{"assistant":1,"system":1,"user":1},"source_counts":{"direct":1,"llm":1,"system":1},"tool_call_count":0,"time":"2026-02-07T16:53:36Z","message":"Context stats (ephemeral)"}
{"level":"debug","mysis_id":"33c07699-914b-4d2a-93e1-a275022f2a41","mysis_name":"stress-0","stage":"messages_converted","memory_count":3,"message_count":4,"content_bytes":577,"reasoning_bytes":0,"role_counts":{"assistant":1,"system":1,"user":1},"source_counts":{"direct":1,"llm":1,"system":1},"tool_call_count":0,"time":"2026-02-07T16:53:36Z","message":"Context stats (ephemeral)"}
{"level":"debug","mysis_id":"33c07699-914b-4d2a-93e1-a275022f2a41","mysis_name":"stress-0","stage":"before_llm_call","memory_count":3,"message_count":4,"content_bytes":577,"reasoning_bytes":0,"role_counts":{"assistant":1,"system":1,"user":1},"source_counts":{"direct":1,"llm":1,"system":1},"tool_call_count":0,"time":"2026-02-07T16:53:36Z","message":"Context stats (ephemeral)"}
{"level":"debug","mysis_id":"04d78fb5-4c25-4a46-95c0-65b37a68229c","mysis_name":"stress-1","stage":"context_memories","memory_count":2,"message_count":0,"content_bytes":480,"reasoning_bytes":0,"role_counts":{"system":1,"user":1},"source_counts":{"direct":1,"system":1},"tool_call_count":0,"time":"2026-02-07T16:53:36Z","message":"Context stats"}
{"level":"debug","mysis_id":"04d78fb5-4c25-4a46-95c0-65b37a68229c","mysis_name":"stress-1","stage":"messages_converted","memory_count":2,"message_count":2,"content_bytes":480,"reasoning_bytes":0,"role_counts":{"system":1,"user":1},"source_counts":{"direct":1,"system":1},"tool_call_count":0,"time":"2026-02-07T16:53:36Z","message":"Context stats"}
{"level":"debug","mysis_id":"04d78fb5-4c25-4a46-95c0-65b37a68229c","mysis_name":"stress-1","stage":"before_llm_call","memory_count":2,"message_count":2,"content_bytes":480,"reasoning_bytes":0,"role_counts":{"system":1,"user":1},"source_counts":{"direct":1,"system":1},"tool_call_count":0,"time":"2026-02-07T16:53:36Z","message":"Context stats"}
{"level":"debug","mysis_id":"8d65110a-695b-4953-9e3e-e5c7b94f141c","mysis_name":"stress-2","stage":"context_memories","memory_count":2,"message_count":0,"content_bytes":480,"reasoning_bytes":0,"role_counts":{"system":1,"user":1},"source_counts":{"direct":1,"system":1},"tool_call_count":0,"time":"2026-02-07T16:53:36Z","message":"Context stats"}
{"level":"debug","mysis_id":"8d65110a-695b-4953-9e3e-e5c7b94f141c","mysis_name":"stress-2","stage":"messages_converted","memory_count":2,"message_count":2,"content_bytes":480,"reasoning_bytes":0,"role_counts":{"system":1,"user":1},"source_counts":{"direct":1,"system":1},"tool_call_count":0,"time":"2026-02-07T16:53:36Z","message":"Context stats"}
{"level":"debug","mysis_id":"8d65110a-695b-4953-9e3e-e5c7b94f141c","mysis_name":"stress-2","stage":"before_llm_call","memory_count":2,"message_count":2,"content_bytes":480,"reasoning_bytes":0,"role_counts":{"system":1,"user":1},"source_counts":{"direct":1,"system":1},"tool_call_count":0,"time":"2026-02-07T16:53:36Z","message":"Context stats"}
{"level":"info","count":3,"time":"2026-02-07T16:53:36Z","message":"All myses stopped"}
{"level":"error","mysis":"test-mysis","old_state":"running","error":"simulated error","time":"2026-02-07T16:53:36Z","message":"Mysis transitioning to errored state"}
{"level":"debug","mysis_id":"10a7cd93-bd29-489e-a046-5646ab6462c5","mysis_name":"test-mysis","stage":"context_memories","memory_count":2,"message_count":0,"content_bytes":542,"reasoning_bytes":0,"role_counts":{"system":1,"user":1},"source_counts":{"system":2},"tool_call_count":0,"time":"2026-02-07T16:53:37Z","message":"Context stats (ephemeral)"}
{"level":"debug","mysis_id":"10a7cd93-bd29-489e-a046-5646ab6462c5","mysis_name":"test-mysis","stage":"messages_converted","memory_count":2,"message_count":3,"content_bytes":631,"reasoning_bytes":0,"role_counts":{"system":1,"user":1},"source_counts":{"system":2},"tool_call_count":0,"time":"2026-02-07T16:53:37Z","message":"Context stats (ephemeral)"}
{"level":"debug","mysis_id":"10a7cd93-bd29-489e-a046-5646ab6462c5","mysis_name":"test-mysis","stage":"before_llm_call","memory_count":2,"message_count":3,"content_bytes":631,"reasoning_bytes":0,"role_counts":{"system":1,"user":1},"source_counts":{"system":2},"tool_call_count":0,"time":"2026-02-07T16:53:37Z","message":"Context stats (ephemeral)"}
{"level":"debug","mysis_id":"10a7cd93-bd29-489e-a046-5646ab6462c5","mysis_name":"test-mysis","stage":"context_memories","memory_count":2,"message_count":0,"content_bytes":542,"reasoning_bytes":0,"role_counts":{"system":1,"user":1},"source_counts":{"system":2},"tool_call_count":0,"time":"2026-02-07T16:53:39Z","message":"Context stats"}
{"level":"debug","mysis_id":"10a7cd93-bd29-489e-a046-5646ab6462c5","mysis_name":"test-mysis","stage":"messages_converted","memory_count":2,"message_count":2,"content_bytes":542,"reasoning_bytes":0,"role_counts":{"system":1,"user":1},"source_counts":{"system":2},"tool_call_count":0,"time":"2026-02-07T16:53:39Z","message":"Context stats"}
{"level":"debug","mysis_id":"10a7cd93-bd29-489e-a046-5646ab6462c5","mysis_name":"test-mysis","stage":"before_llm_call","memory_count":2,"message_count":2,"content_bytes":542,"reasoning_bytes":0,"role_counts":{"system":1,"user":1},"source_counts":{"system":2},"tool_call_count":0,"time":"2026-02-07T16:53:39Z","message":"Context stats"}
{"level":"error","mysis":"test-mysis","provider":"mock","error":"context canceled","time":"2026-02-07T16:53:39Z","message":"Provider returned error"}
{"level":"debug","mysis":"test-mysis","error":"context canceled","time":"2026-02-07T16:53:39Z","message":"Ignoring error - mysis was intentionally stopped"}
{"level":"debug","mysis_id":"abaed111-1405-4f06-bfed-20a9274d9cbf","mysis_name":"test-mysis","stage":"context_memories","memory_count":2,"message_count":0,"content_bytes":542,"reasoning_bytes":0,"role_counts":{"system":1,"user":1},"source_counts":{"system":2},"tool_call_count":0,"time":"2026-02-07T16:53:39Z","message":"Context stats (ephemeral)"}
{"level":"debug","mysis_id":"abaed111-1405-4f06-bfed-20a9274d9cbf","mysis_name":"test-mysis","stage":"messages_converted","memory_count":2,"message_count":3,"content_bytes":631,"reasoning_bytes":0,"role_counts":{"system":1,"user":1},"source_counts":{"system":2},"tool_call_count":0,"time":"2026-02-07T16:53:39Z","message":"Context stats (ephemeral)"}
{"level":"debug","mysis_id":"abaed111-1405-4f06-bfed-20a9274d9cbf","mysis_name":"test-mysis","stage":"before_llm_call","memory_count":2,"message_count":3,"content_bytes":631,"reasoning_bytes":0,"role_counts":{"system":1,"user":1},"source_counts":{"system":2},"tool_call_count":0,"time":"2026-02-07T16:53:39Z","message":"Context stats (ephemeral)"}
{"level":"debug","mysis_id":"e7aad237-d47d-483d-9b61-72ebc7d47bec","mysis_name":"race-test","stage":"context_memories","memory_count":2,"message_count":0,"content_bytes":542,"reasoning_bytes":0,"role_counts":{"system":1,"user":1},"source_counts":{"system":2},"tool_call_count":0,"time":"2026-02-07T16:53:39Z","message":"Context stats (ephemeral)"}
{"level":"debug","mysis_id":"e7aad237-d47d-483d-9b61-72ebc7d47bec","mysis_name":"race-test","stage":"messages_converted","memory_count":2,"message_count":3,"content_bytes":631,"reasoning_bytes":0,"role_counts":{"system":1,"user":1},"source_counts":{"system":2},"tool_call_count":0,"time":"2026-02-07T16:53:39Z","message":"Context stats (ephemeral)"}
{"level":"debug","mysis_id":"e7aad237-d47d-483d-9b61-72ebc7d47bec","mysis_name":"race-test","stage":"before_llm_call","memory_count":2,"message_count":3,"content_bytes":631,"reasoning_bytes":0,"role_counts":{"system":1,"user":1},"source_counts":{"system":2},"tool_call_count":0,"time":"2026-02-07T16:53:39Z","message":"Context stats (ephemeral)"}
{"level":"debug","mysis_id":"e7aad237-d47d-483d-9b61-72ebc7d47bec","mysis_name":"race-test","stage":"context_memories","memory_count":2,"message_count":0,"content_bytes":481,"reasoning_bytes":0,"role_counts":{"system":1,"user":1},"source_counts":{"direct":1,"system":1},"tool_call_count":0,"time":"2026-02-07T16:53:41Z","message":"Context stats"}
{"level":"debug","mysis_id":"e7aad237-d47d-483d-9b61-72ebc7d47bec","mysis_name":"race-test","stage":"messages_converted","memory_count":2,"message_count":2,"content_bytes":481,"reasoning_bytes":0,"role_counts":{"system":1,"user":1},"source_counts":{"direct":1,"system":1},"tool_call_count":0,"time":"2026-02-07T16:53:41Z","message":"Context stats"}
{"level":"debug","mysis_id":"e7aad237-d47d-483d-9b61-72ebc7d47bec","mysis_name":"race-test","stage":"before_llm_call","memory_count":2,"message_count":2,"content_bytes":481,"reasoning_bytes":0,"role_counts":{"system":1,"user":1},"source_counts":{"direct":1,"system":1},"tool_call_count":0,"time":"2026-02-07T16:53:41Z","message":"Context stats"}
{"level":"error","mysis":"race-test","provider":"mock","error":"context canceled","time":"2026-02-07T16:53:41Z","message":"Provider returned error"}
{"level":"debug","mysis":"race-test","error":"context canceled","time":"2026-02-07T16:53:41Z","message":"Ignoring error - mysis was intentionally stopped"}
{"level":"debug","mysis_id":"6b34b33e-ca0b-4295-a7b9-751b9c4a8c25","mysis_name":"race-test-short","stage":"context_memories","memory_count":2,"message_count":0,"content_bytes":542,"reasoning_bytes":0,"role_counts":{"system":1,"user":1},"source_counts":{"system":2},"tool_call_count":0,"time":"2026-02-07T16:53:41Z","message":"Context stats (ephemeral)"}
{"level":"debug","mysis_id":"6b34b33e-ca0b-4295-a7b9-751b9c4a8c25","mysis_name":"race-test-short","stage":"messages_converted","memory_count":2,"message_count":3,"content_bytes":631,"reasoning_bytes":0,"role_counts":{"system":1,"user":1},"source_counts":{"system":2},"tool_call_count":0,"time":"2026-02-07T16:53:41Z","message":"Context stats (ephemeral)"}
{"level":"debug","mysis_id":"6b34b33e-ca0b-4295-a7b9-751b9c4a8c25","mysis_name":"race-test-short","stage":"before_llm_call","memory_count":2,"message_count":3,"content_bytes":631,"reasoning_bytes":0,"role_counts":{"system":1,"user":1},"source_counts":{"system":2},"tool_call_count":0,"time":"2026-02-07T16:53:41Z","message":"Context stats (ephemeral)"}
{"level":"debug","mysis_id":"6b34b33e-ca0b-4295-a7b9-751b9c4a8c25","mysis_name":"race-test-short","stage":"context_memories","memory_count":2,"message_count":0,"content_bytes":473,"reasoning_bytes":0,"role_counts":{"system":1,"user":1},"source_counts":{"direct":1,"system":1},"tool_call_count":0,"time":"2026-02-07T16:53:41Z","message":"Context stats"}
{"level":"debug","mysis_id":"6b34b33e-ca0b-4295-a7b9-751b9c4a8c25","mysis_name":"race-test-short","stage":"messages_converted","memory_count":2,"message_count":2,"content_bytes":473,"reasoning_bytes":0,"role_counts":{"system":1,"user":1},"source_counts":{"direct":1,"system":1},"tool_call_count":0,"time":"2026-02-07T16:53:41Z","message":"Context stats"}
{"level":"debug","mysis_id":"6b34b33e-ca0b-4295-a7b9-751b9c4a8c25","mysis_name":"race-test-short","stage":"before_llm_call","memory_count":2,"message_count":2,"content_bytes":473,"reasoning_bytes":0,"role_counts":{"system":1,"user":1},"source_counts":{"direct":1,"system":1},"tool_call_count":0,"time":"2026-02-07T16:53:41Z","message":"Context stats"}
{"level":"error","mysis":"race-test-short","provider":"mock","error":"context canceled","time":"2026-02-07T16:53:41Z","message":"Provider returned error"}
{"level":"debug","mysis":"race-test-short","error":"context canceled","time":"2026-02-07T16:53:41Z","message":"Ignoring error - mysis was intentionally stopped"}
{"level":"debug","mysis_id":"5bdbac38-57cd-40be-9e41-60ab4ba6f519","mysis_name":"ollama-stop-test","stage":"context_memories","memory_count":2,"message_count":0,"content_bytes":542,"reasoning_bytes":0,"role_counts":{"system":1,"user":1},"source_counts":{"system":2},"tool_call_count":0,"time":"2026-02-07T16:53:41Z","message":"Context stats (ephemeral)"}
{"level":"debug","mysis_id":"5bdbac38-57cd-40be-9e41-60ab4ba6f519","mysis_name":"ollama-stop-test","stage":"messages_converted","memory_count":2,"message_count":3,"content_bytes":631,"reasoning_bytes":0,"role_counts":{"system":1,"user":1},"source_counts":{"system":2},"tool_call_count":0,"time":"2026-02-07T16:53:41Z","message":"Context stats (ephemeral)"}
{"level":"debug","mysis_id":"5bdbac38-57cd-40be-9e41-60ab4ba6f519","mysis_name":"ollama-stop-test","stage":"before_llm_call","memory_count":2,"message_count":3,"content_bytes":631,"reasoning_bytes":0,"role_counts":{"system":1,"user":1},"source_counts":{"system":2},"tool_call_count":0,"time":"2026-02-07T16:53:41Z","message":"Context stats (ephemeral)"}
{"level":"debug","original_count":3,"merged_count":3,"time":"2026-02-07T16:53:41Z","message":"Ollama: Merged consecutive system messages"}
{"level":"warn","provider":"ollama","attempt":1,"delay":5000,"time":"2026-02-07T16:53:41Z","message":"Retrying Ollama request after transient error"}
{"level":"error","mysis":"ollama-stop-test","provider":"ollama","error":"context canceled","time":"2026-02-07T16:53:41Z","message":"Provider returned error (ephemeral)"}
{"level":"debug","mysis":"ollama-stop-test","error":"context canceled","time":"2026-02-07T16:53:41Z","message":"Ignoring error - mysis was intentionally stopped"}
{"level":"debug","mysis_id":"bbf8102c-f32b-4e80-91b7-892a1c797378","mysis_name":"ollama-call-test","stage":"context_memories","memory_count":2,"message_count":0,"content_bytes":542,"reasoning_bytes":0,"role_counts":{"system":1,"user":1},"source_counts":{"system":2},"tool_call_count":0,"time":"2026-02-07T16:53:41Z","message":"Context stats (ephemeral)"}
{"level":"debug","mysis_id":"bbf8102c-f32b-4e80-91b7-892a1c797378","mysis_name":"ollama-call-test","stage":"messages_converted","memory_count":2,"message_count":3,"content_bytes":631,"reasoning_bytes":0,"role_counts":{"system":1,"user":1},"source_counts":{"system":2},"tool_call_count":0,"time":"2026-02-07T16:53:41Z","message":"Context stats (ephemeral)"}
{"level":"debug","mysis_id":"bbf8102c-f32b-4e80-91b7-892a1c797378","mysis_name":"ollama-call-test","stage":"before_llm_call","memory_count":2,"message_count":3,"content_bytes":631,"reasoning_bytes":0,"role_counts":{"system":1,"user":1},"source_counts":{"system":2},"tool_call_count":0,"time":"2026-02-07T16:53:41Z","message":"Context stats (ephemeral)"}
{"level":"debug","original_count":3,"merged_count":3,"time":"2026-02-07T16:53:41Z","message":"Ollama: Merged consecutive system messages"}
{"level":"warn","provider":"ollama","attempt":1,"delay":5000,"time":"2026-02-07T16:53:42Z","message":"Retrying Ollama request after transient error"}
{"level":"error","mysis":"ollama-call-test","provider":"ollama","error":"context canceled","time":"2026-02-07T16:53:42Z","message":"Provider returned error (ephemeral)"}
{"level":"debug","mysis":"ollama-call-test","error":"context canceled","time":"2026-02-07T16:53:42Z","message":"Ignoring error - mysis was intentionally stopped"}
{"level":"debug","mysis_id":"e42c1db6-4ed7-4f79-b43d-e272329f7c9e","mysis_name":"test-mysis","stage":"context_memories","memory_count":2,"message_count":0,"content_bytes":542,"reasoning_bytes":0,"role_counts":{"system":1,"user":1},"source_counts":{"system":2},"tool_call_count":0,"time":"2026-02-07T16:53:42Z","message":"Context stats (ephemeral)"}
{"level":"debug","mysis_id":"e42c1db6-4ed7-4f79-b43d-e272329f7c9e","mysis_name":"test-mysis","stage":"messages_converted","memory_count":2,"message_count":3,"content_bytes":631,"reasoning_bytes":0,"role_counts":{"system":1,"user":1},"source_counts":{"system":2},"tool_call_count":0,"time":"2026-02-07T16:53:42Z","message":"Context stats (ephemeral)"}
{"level":"debug","mysis_id":"e42c1db6-4ed7-4f79-b43d-e272329f7c9e","mysis_name":"test-mysis","stage":"before_llm_call","memory_count":2,"message_count":3,"content_bytes":631,"reasoning_bytes":0,"role_counts":{"system":1,"user":1},"source_counts":{"system":2},"tool_call_count":0,"time":"2026-02-07T16:53:42Z","message":"Context stats (ephemeral)"}
{"level":"debug","mysis":"test-mysis","error":"context canceled","time":"2026-02-07T16:53:42Z","message":"Ignoring error - mysis was intentionally stopped"}
{"level":"debug","mysis_id":"7f4767ee-33cd-4c8b-beb8-c67b75c9ab3b","mysis_name":"test-mysis","stage":"context_memories","memory_count":2,"message_count":0,"content_bytes":542,"reasoning_bytes":0,"role_counts":{"system":1,"user":1},"source_counts":{"system":2},"tool_call_count":0,"time":"2026-02-07T16:53:42Z","message":"Context stats (ephemeral)"}
{"level":"debug","mysis_id":"7f4767ee-33cd-4c8b-beb8-c67b75c9ab3b","mysis_name":"test-mysis","stage":"messages_converted","memory_count":2,"message_count":3,"content_bytes":631,"reasoning_bytes":0,"role_counts":{"system":1,"user":1},"source_counts":{"system":2},"tool_call_count":0,"time":"2026-02-07T16:53:42Z","message":"Context stats (ephemeral)"}
{"level":"debug","mysis_id":"7f4767ee-33cd-4c8b-beb8-c67b75c9ab3b","mysis_name":"test-mysis","stage":"before_llm_call","memory_count":2,"message_count":3,"content_bytes":631,"reasoning_bytes":0,"role_counts":{"system":1,"user":1},"source_counts":{"system":2},"tool_call_count":0,"time":"2026-02-07T16:53:42Z","message":"Context stats (ephemeral)"}
{"level":"debug","mysis":"test-mysis","error":"context canceled","time":"2026-02-07T16:53:42Z","message":"Ignoring error - mysis was intentionally stopped"}
{"level":"debug","mysis_id":"0b2d74bf-cff6-4bcf-85dd-86d48bf8021b","mysis_name":"test-mysis","stage":"context_memories","memory_count":2,"message_count":0,"content_bytes":542,"reasoning_bytes":0,"role_counts":{"system":1,"user":1},"source_counts":{"system":2},"tool_call_count":0,"time":"2026-02-07T16:53:42Z","message":"Context stats (ephemeral)"}
{"level":"debug","mysis_id":"0b2d74bf-cff6-4bcf-85dd-86d48bf8021b","mysis_name":"test-mysis","stage":"messages_converted","memory_count":2,"message_count":3,"content_bytes":631,"reasoning_bytes":0,"role_counts":{"system":1,"user":1},"source_counts":{"system":2},"tool_call_count":0,"time":"2026-02-07T16:53:42Z","message":"Context stats (ephemeral)"}
{"level":"debug","mysis_id":"0b2d74bf-cff6-4bcf-85dd-86d48bf8021b","mysis_name":"test-mysis","stage":"before_llm_call","memory_count":2,"message_count":3,"content_bytes":631,"reasoning_bytes":0,"role_counts":{"system":1,"user":1},"source_counts":{"system":2},"tool_call_count":0,"time":"2026-02-07T16:53:42Z","message":"Context stats (ephemeral)"}
{"level":"debug","mysis":"test-mysis","error":"context canceled","time":"2026-02-07T16:53:42Z","message":"Ignoring error - mysis was intentionally stopped"}
{"level":"debug","mysis_id":"e03dc307-99ee-4072-97da-b048ee556eba","mysis_name":"test-mysis","stage":"context_memories","memory_count":2,"message_count":0,"content_bytes":542,"reasoning_bytes":0,"role_counts":{"system":1,"user":1},"source_counts":{"system":2},"tool_call_count":0,"time":"2026-02-07T16:53:42Z","message":"Context stats (ephemeral)"}
{"level":"debug","mysis_id":"e03dc307-99ee-4072-97da-b048ee556eba","mysis_name":"test-mysis","stage":"messages_converted","memory_count":2,"message_count":3,"content_bytes":631,"reasoning_bytes":0,"role_counts":{"system":1,"user":1},"source_counts":{"system":2},"tool_call_count":0,"time":"2026-02-07T16:53:42Z","message":"Context stats (ephemeral)"}
{"level":"debug","mysis_id":"e03dc307-99ee-4072-97da-b048ee556eba","mysis_name":"test-mysis","stage":"before_llm_call","memory_count":2,"message_count":3,"content_bytes":631,"reasoning_bytes":0,"role_counts":{"system":1,"user":1},"source_counts":{"system":2},"tool_call_count":0,"time":"2026-02-07T16:53:42Z","message":"Context stats (ephemeral)"}
{"level":"debug","mysis":"test-mysis","error":"context canceled","time":"2026-02-07T16:53:42Z","message":"Ignoring error - mysis was intentionally stopped"}
{"level":"debug","mysis_id":"25a9fbd7-bd87-4dee-a6a9-d1ad9a1ba074","mysis_name":"test-mysis","stage":"context_memories","memory_count":2,"message_count":0,"content_bytes":542,"reasoning_bytes":0,"role_counts":{"system":1,"user":1},"source_counts":{"system":2},"tool_call_count":0,"time":"2026-02-07T16:53:42Z","message":"Context stats (ephemeral)"}
{"level":"debug","mysis_id":"25a9fbd7-bd87-4dee-a6a9-d1ad9a1ba074","mysis_name":"test-mysis","stage":"messages_converted","memory_count":2,"message_count":3,"content_bytes":631,"reasoning_bytes":0,"role_counts":{"system":1,"user":1},"source_counts":{"system":2},"tool_call_count":0,"time":"2026-02-07T16:53:42Z","message":"Context stats (ephemeral)"}
{"level":"debug","mysis_id":"25a9fbd7-bd87-4dee-a6a9-d1ad9a1ba074","mysis_name":"test-mysis","stage":"before_llm_call","memory_count":2,"message_count":3,"content_bytes":631,"reasoning_bytes":0,"role_counts":{"system":1,"user":1},"source_counts":{"system":2},"tool_call_count":0,"time":"2026-02-07T16:53:42Z","message":"Context stats (ephemeral)"}
{"level":"debug","mysis":"test-mysis","error":"context canceled","time":"2026-02-07T16:53:42Z","message":"Ignoring error - mysis was intentionally stopped"}
{"level":"debug","mysis_id":"6c545518-35cc-48f2-8965-a7af75483092","mysis_name":"test-mysis","stage":"context_memories","memory_count":2,"message_count":0,"content_bytes":542,"reasoning_bytes":0,"role_counts":{"system":1,"user":1},"source_counts":{"system":2},"tool_call_count":0,"time":"2026-02-07T16:53:42Z","message":"Context stats (ephemeral)"}
{"level":"debug","mysis_id":"6c545518-35cc-48f2-8965-a7af75483092","mysis_name":"test-mysis","stage":"messages_converted","memory_count":2,"message_count":3,"content_bytes":631,"reasoning_bytes":0,"role_counts":{"system":1,"user":1},"source_counts":{"system":2},"tool_call_count":0,"time":"2026-02-07T16:53:42Z","message":"Context stats (ephemeral)"}
{"level":"debug","mysis_id":"6c545518-35cc-48f2-8965-a7af75483092","mysis_name":"test-mysis","stage":"before_llm_call","memory_count":2,"message_count":3,"content_bytes":631,"reasoning_bytes":0,"role_counts":{"system":1,"user":1},"source_counts":{"system":2},"tool_call_count":0,"time":"2026-02-07T16:53:42Z","message":"Context stats (ephemeral)"}
{"level":"debug","mysis":"test-mysis","error":"context canceled","time":"2026-02-07T16:53:42Z","message":"Ignoring error - mysis was intentionally stopped"}
{"level":"debug","mysis_id":"6a87b3a2-3f4d-49cd-859e-eec333d37cfb","mysis_name":"test-mysis","stage":"context_memories","memory_count":2,"message_count":0,"content_bytes":542,"reasoning_bytes":0,"role_counts":{"system":1,"user":1},"source_counts":{"system":2},"tool_call_count":0,"time":"2026-02-07T16:53:42Z","message":"Context stats (ephemeral)"}
{"level":"debug","mysis_id":"6a87b3a2-3f4d-49cd-859e-eec333d37cfb","mysis_name":"test-mysis","stage":"messages_converted","memory_count":2,"message_count":3,"content_bytes":631,"reasoning_bytes":0,"role_counts":{"system":1,"user":1},"source_counts":{"system":2},"tool_call_count":0,"time":"2026-02-07T16:53:42Z","message":"Context stats (ephemeral)"}
{"level":"debug","mysis_id":"6a87b3a2-3f4d-49cd-859e-eec333d37cfb","mysis_name":"test-mysis","stage":"before_llm_call","memory_count":2,"message_count":3,"content_bytes":631,"reasoning_bytes":0,"role_counts":{"system":1,"user":1},"source_counts":{"system":2},"tool_call_count":0,"time":"2026-02-07T16:53:42Z","message":"Context stats (ephemeral)"}
{"level":"debug","mysis":"test-mysis","error":"context canceled","time":"2026-02-07T16:53:42Z","message":"Ignoring error - mysis was intentionally stopped"}
{"level":"debug","mysis_id":"953babcb-c2f6-48b2-8dc5-386c5212a93c","mysis_name":"test-mysis","stage":"context_memories","memory_count":2,"message_count":0,"content_bytes":542,"reasoning_bytes":0,"role_counts":{"system":1,"user":1},"source_counts":{"system":2},"tool_call_count":0,"time":"2026-02-07T16:53:42Z","message":"Context stats (ephemeral)"}
{"level":"debug","mysis_id":"953babcb-c2f6-48b2-8dc5-386c5212a93c","mysis_name":"test-mysis","stage":"messages_converted","memory_count":2,"message_count":3,"content_bytes":631,"reasoning_bytes":0,"role_counts":{"system":1,"user":1},"source_counts":{"system":2},"tool_call_count":0,"time":"2026-02-07T16:53:42Z","message":"Context stats (ephemeral)"}
{"level":"debug","mysis_id":"953babcb-c2f6-48b2-8dc5-386c5212a93c","mysis_name":"test-mysis","stage":"before_llm_call","memory_count":2,"message_count":3,"content_bytes":631,"reasoning_bytes":0,"role_counts":{"system":1,"user":1},"source_counts":{"system":2},"tool_call_count":0,"time":"2026-02-07T16:53:42Z","message":"Context stats (ephemeral)"}
{"level":"debug","mysis":"test-mysis","error":"context canceled","time":"2026-02-07T16:53:42Z","message":"Ignoring error - mysis was intentionally stopped"}
{"level":"debug","mysis_id":"72d237ea-caf1-4225-9989-7460d592abbe","mysis_name":"test-mysis","stage":"context_memories","memory_count":2,"message_count":0,"content_bytes":542,"reasoning_bytes":0,"role_counts":{"system":1,"user":1},"source_counts":{"system":2},"tool_call_count":0,"time":"2026-02-07T16:53:42Z","message":"Context stats (ephemeral)"}
{"level":"debug","mysis_id":"72d237ea-caf1-4225-9989-7460d592abbe","mysis_name":"test-mysis","stage":"messages_converted","memory_count":2,"message_count":3,"content_bytes":631,"reasoning_bytes":0,"role_counts":{"system":1,"user":1},"source_counts":{"system":2},"tool_call_count":0,"time":"2026-02-07T16:53:42Z","message":"Context stats (ephemeral)"}
{"level":"debug","mysis_id":"72d237ea-caf1-4225-9989-7460d592abbe","mysis_name":"test-mysis","stage":"before_llm_call","memory_count":2,"message_count":3,"content_bytes":631,"reasoning_bytes":0,"role_counts":{"system":1,"user":1},"source_counts":{"system":2},"tool_call_count":0,"time":"2026-02-07T16:53:42Z","message":"Context stats (ephemeral)"}
{"level":"debug","mysis":"test-mysis","error":"context canceled","time":"2026-02-07T16:53:42Z","message":"Ignoring error - mysis was intentionally stopped"}
{"level":"debug","mysis_id":"92c825d0-1d2c-4f48-83cc-c43746f77457","mysis_name":"test-mysis","stage":"context_memories","memory_count":2,"message_count":0,"content_bytes":542,"reasoning_bytes":0,"role_counts":{"system":1,"user":1},"source_counts":{"system":2},"tool_call_count":0,"time":"2026-02-07T16:53:42Z","message":"Context stats (ephemeral)"}
{"level":"debug","mysis_id":"92c825d0-1d2c-4f48-83cc-c43746f77457","mysis_name":"test-mysis","stage":"messages_converted","memory_count":2,"message_count":3,"content_bytes":631,"reasoning_bytes":0,"role_counts":{"system":1,"user":1},"source_counts":{"system":2},"tool_call_count":0,"time":"2026-02-07T16:53:42Z","message":"Context stats (ephemeral)"}
{"level":"debug","mysis_id":"92c825d0-1d2c-4f48-83cc-c43746f77457","mysis_name":"test-mysis","stage":"before_llm_call","memory_count":2,"message_count":3,"content_bytes":631,"reasoning_bytes":0,"role_counts":{"system":1,"user":1},"source_counts":{"system":2},"tool_call_count":0,"time":"2026-02-07T16:53:42Z","message":"Context stats (ephemeral)"}
{"level":"debug","mysis":"test-mysis","error":"context canceled","time":"2026-02-07T16:53:42Z","message":"Ignoring error - mysis was intentionally stopped"}
{"level":"debug","mysis_id":"dcde4a21-c226-41d7-81c0-8a55de6522dd","mysis_name":"test-mysis","stage":"context_memories","memory_count":2,"message_count":0,"content_bytes":542,"reasoning_bytes":0,"role_counts":{"system":1,"user":1},"source_counts":{"system":2},"tool_call_count":0,"time":"2026-02-07T16:53:42Z","message":"Context stats (ephemeral)"}
{"level":"debug","mysis_id":"dcde4a21-c226-41d7-81c0-8a55de6522dd","mysis_name":"test-mysis","stage":"messages_converted","memory_count":2,"message_count":3,"content_bytes":631,"reasoning_bytes":0,"role_counts":{"system":1,"user":1},"source_counts":{"system":2},"tool_call_count":0,"time":"2026-02-07T16:53:42Z","message":"Context stats (ephemeral)"}
{"level":"debug","mysis_id":"dcde4a21-c226-41d7-81c0-8a55de6522dd","mysis_name":"test-mysis","stage":"before_llm_call","memory_count":2,"message_count":3,"content_bytes":631,"reasoning_bytes":0,"role_counts":{"system":1,"user":1},"source_counts":{"system":2},"tool_call_count":0,"time":"2026-02-07T16:53:42Z","message":"Context stats (ephemeral)"}
{"level":"debug","mysis":"test-mysis","error":"context canceled","time":"2026-02-07T16:53:42Z","message":"Ignoring error - mysis was intentionally stopped"}
{"level":"debug","mysis_id":"4d2226b8-3484-47f4-8e9b-16c57745f5e7","mysis_name":"test-mysis","stage":"context_memories","memory_count":2,"message_count":0,"content_bytes":542,"reasoning_bytes":0,"role_counts":{"system":1,"user":1},"source_counts":{"system":2},"tool_call_count":0,"time":"2026-02-07T16:53:42Z","message":"Context stats (ephemeral)"}
{"level":"debug","mysis_id":"4d2226b8-3484-47f4-8e9b-16c57745f5e7","mysis_name":"test-mysis","stage":"messages_converted","memory_count":2,"message_count":3,"content_bytes":631,"reasoning_bytes":0,"role_counts":{"system":1,"user":1},"source_counts":{"system":2},"tool_call_count":0,"time":"2026-02-07T16:53:42Z","message":"Context stats (ephemeral)"}
{"level":"debug","mysis_id":"4d2226b8-3484-47f4-8e9b-16c57745f5e7","mysis_name":"test-mysis","stage":"before_llm_call","memory_count":2,"message_count":3,"content_bytes":631,"reasoning_bytes":0,"role_counts":{"system":1,"user":1},"source_counts":{"system":2},"tool_call_count":0,"time":"2026-02-07T16:53:42Z","message":"Context stats (ephemeral)"}
{"level":"debug","mysis":"test-mysis","error":"context canceled","time":"2026-02-07T16:53:42Z","message":"Ignoring error - mysis was intentionally stopped"}
{"level":"debug","mysis_id":"d86e1d83-92be-47e9-bc4b-9ea397956a4f","mysis_name":"test-mysis","stage":"context_memories","memory_count":2,"message_count":0,"content_bytes":542,"reasoning_bytes":0,"role_counts":{"system":1,"user":1},"source_counts":{"system":2},"tool_call_count":0,"time":"2026-02-07T16:53:42Z","message":"Context stats (ephemeral)"}
{"level":"debug","mysis_id":"d86e1d83-92be-47e9-bc4b-9ea397956a4f","mysis_name":"test-mysis","stage":"messages_converted","memory_count":2,"message_count":3,"content_bytes":631,"reasoning_bytes":0,"role_counts":{"system":1,"user":1},"source_counts":{"system":2},"tool_call_count":0,"time":"2026-02-07T16:53:42Z","message":"Context stats (ephemeral)"}
{"level":"debug","mysis_id":"d86e1d83-92be-47e9-bc4b-9ea397956a4f","mysis_name":"test-mysis","stage":"before_llm_call","memory_count":2,"message_count":3,"content_bytes":631,"reasoning_bytes":0,"role_counts":{"system":1,"user":1},"source_counts":{"system":2},"tool_call_count":0,"time":"2026-02-07T16:53:42Z","message":"Context stats (ephemeral)"}
{"level":"debug","mysis":"test-mysis","error":"context canceled","time":"2026-02-07T16:53:42Z","message":"Ignoring error - mysis was intentionally stopped"}
{"level":"debug","mysis_id":"738f92cf-1c35-41e2-968a-d8012446213f","mysis_name":"test-mysis","stage":"context_memories","memory_count":2,"message_count":0,"content_bytes":542,"reasoning_bytes":0,"role_counts":{"system":1,"user":1},"source_counts":{"system":2},"tool_call_count":0,"time":"2026-02-07T16:53:42Z","message":"Context stats (ephemeral)"}
{"level":"debug","mysis_id":"738f92cf-1c35-41e2-968a-d8012446213f","mysis_name":"test-mysis","stage":"messages_converted","memory_count":2,"message_count":3,"content_bytes":631,"reasoning_bytes":0,"role_counts":{"system":1,"user":1},"source_counts":{"system":2},"tool_call_count":0,"time":"2026-02-07T16:53:42Z","message":"Context stats (ephemeral)"}
{"level":"debug","mysis_id":"738f92cf-1c35-41e2-968a-d8012446213f","mysis_name":"test-mysis","stage":"before_llm_call","memory_count":2,"message_count":3,"content_bytes":631,"reasoning_bytes":0,"role_counts":{"system":1,"user":1},"source_counts":{"system":2},"tool_call_count":0,"time":"2026-02-07T16:53:42Z","message":"Context stats (ephemeral)"}
{"level":"debug","mysis":"test-mysis","error":"context canceled","time":"2026-02-07T16:53:42Z","message":"Ignoring error - mysis was intentionally stopped"}
{"level":"debug","mysis_id":"7b116d6d-5176-4202-b409-b409bf2d0fc4","mysis_name":"test-mysis","stage":"context_memories","memory_count":2,"message_count":0,"content_bytes":542,"reasoning_bytes":0,"role_counts":{"system":1,"user":1},"source_counts":{"system":2},"tool_call_count":0,"time":"2026-02-07T16:53:42Z","message":"Context stats (ephemeral)"}
{"level":"debug","mysis_id":"7b116d6d-5176-4202-b409-b409bf2d0fc4","mysis_name":"test-mysis","stage":"messages_converted","memory_count":2,"message_count":3,"content_bytes":631,"reasoning_bytes":0,"role_counts":{"system":1,"user":1},"source_counts":{"system":2},"tool_call_count":0,"time":"2026-02-07T16:53:42Z","message":"Context stats (ephemeral)"}
{"level":"debug","mysis_id":"7b116d6d-5176-4202-b409-b409bf2d0fc4","mysis_name":"test-mysis","stage":"before_llm_call","memory_count":2,"message_count":3,"content_bytes":631,"reasoning_bytes":0,"role_counts":{"system":1,"user":1},"source_counts":{"system":2},"tool_call_count":0,"time":"2026-02-07T16:53:42Z","message":"Context stats (ephemeral)"}
{"level":"debug","mysis":"test-mysis","error":"context canceled","time":"2026-02-07T16:53:42Z","message":"Ignoring error - mysis was intentionally stopped"}
{"level":"debug","mysis_id":"15b970fe-0e8a-4d7b-bbf5-44cc3c54e153","mysis_name":"test-mysis","stage":"context_memories","memory_count":2,"message_count":0,"content_bytes":542,"reasoning_bytes":0,"role_counts":{"system":1,"user":1},"source_counts":{"system":2},"tool_call_count":0,"time":"2026-02-07T16:53:42Z","message":"Context stats (ephemeral)"}
{"level":"debug","mysis_id":"15b970fe-0e8a-4d7b-bbf5-44cc3c54e153","mysis_name":"test-mysis","stage":"messages_converted","memory_count":2,"message_count":3,"content_bytes":631,"reasoning_bytes":0,"role_counts":{"system":1,"user":1},"source_counts":{"system":2},"tool_call_count":0,"time":"2026-02-07T16:53:42Z","message":"Context stats (ephemeral)"}
{"level":"debug","mysis_id":"15b970fe-0e8a-4d7b-bbf5-44cc3c54e153","mysis_name":"test-mysis","stage":"before_llm_call","memory_count":2,"message_count":3,"content_bytes":631,"reasoning_bytes":0,"role_counts":{"system":1,"user":1},"source_counts":{"system":2},"tool_call_count":0,"time":"2026-02-07T16:53:42Z","message":"Context stats (ephemeral)"}
{"level":"debug","mysis":"test-mysis","error":"context canceled","time":"2026-02-07T16:53:42Z","message":"Ignoring error - mysis was intentionally stopped"}
{"level":"debug","mysis_id":"3f442de2-6dc6-4818-acbc-e6346e720c33","mysis_name":"test-mysis","stage":"context_memories","memory_count":2,"message_count":0,"content_bytes":542,"reasoning_bytes":0,"role_counts":{"system":1,"user":1},"source_counts":{"system":2},"tool_call_count":0,"time":"2026-02-07T16:53:42Z","message":"Context stats (ephemeral)"}
{"level":"debug","mysis_id":"3f442de2-6dc6-4818-acbc-e6346e720c33","mysis_name":"test-mysis","stage":"messages_converted","memory_count":2,"message_count":3,"content_bytes":631,"reasoning_bytes":0,"role_counts":{"system":1,"user":1},"source_counts":{"system":2},"tool_call_count":0,"time":"2026-02-07T16:53:42Z","message":"Context stats (ephemeral)"}
{"level":"debug","mysis_id":"3f442de2-6dc6-4818-acbc-e6346e720c33","mysis_name":"test-mysis","stage":"before_llm_call","memory_count":2,"message_count":3,"content_bytes":631,"reasoning_bytes":0,"role_counts":{"system":1,"user":1},"source_counts":{"system":2},"tool_call_count":0,"time":"2026-02-07T16:53:42Z","message":"Context stats (ephemeral)"}
{"level":"debug","mysis":"test-mysis","error":"context canceled","time":"2026-02-07T16:53:42Z","message":"Ignoring error - mysis was intentionally stopped"}
{"level":"debug","mysis_id":"c7336b17-8411-4535-a6f4-badfb5f6503f","mysis_name":"test-mysis","stage":"context_memories","memory_count":2,"message_count":0,"content_bytes":542,"reasoning_bytes":0,"role_counts":{"system":1,"user":1},"source_counts":{"system":2},"tool_call_count":0,"time":"2026-02-07T16:53:42Z","message":"Context stats (ephemeral)"}
{"level":"debug","mysis_id":"c7336b17-8411-4535-a6f4-badfb5f6503f","mysis_name":"test-mysis","stage":"messages_converted","memory_count":2,"message_count":3,"content_bytes":631,"reasoning_bytes":0,"role_counts":{"system":1,"user":1},"source_counts":{"system":2},"tool_call_count":0,"time":"2026-02-07T16:53:42Z","message":"Context stats (ephemeral)"}
{"level":"debug","mysis_id":"c7336b17-8411-4535-a6f4-badfb5f6503f","mysis_name":"test-mysis","stage":"before_llm_call","memory_count":2,"message_count":3,"content_bytes":631,"reasoning_bytes":0,"role_counts":{"system":1,"user":1},"source_counts":{"system":2},"tool_call_count":0,"time":"2026-02-07T16:53:42Z","message":"Context stats (ephemeral)"}
{"level":"debug","mysis":"test-mysis","error":"context canceled","time":"2026-02-07T16:53:42Z","message":"Ignoring error - mysis was intentionally stopped"}
{"level":"debug","mysis_id":"94a920bb-3968-4c6f-8e8c-6ea231e15927","mysis_name":"test-mysis","stage":"context_memories","memory_count":2,"message_count":0,"content_bytes":542,"reasoning_bytes":0,"role_counts":{"system":1,"user":1},"source_counts":{"system":2},"tool_call_count":0,"time":"2026-02-07T16:53:42Z","message":"Context stats (ephemeral)"}
{"level":"debug","mysis_id":"94a920bb-3968-4c6f-8e8c-6ea231e15927","mysis_name":"test-mysis","stage":"messages_converted","memory_count":2,"message_count":3,"content_bytes":631,"reasoning_bytes":0,"role_counts":{"system":1,"user":1},"source_counts":{"system":2},"tool_call_count":0,"time":"2026-02-07T16:53:42Z","message":"Context stats (ephemeral)"}
{"level":"debug","mysis_id":"94a920bb-3968-4c6f-8e8c-6ea231e15927","mysis_name":"test-mysis","stage":"before_llm_call","memory_count":2,"message_count":3,"content_bytes":631,"reasoning_bytes":0,"role_counts":{"system":1,"user":1},"source_counts":{"system":2},"tool_call_count":0,"time":"2026-02-07T16:53:42Z","message":"Context stats (ephemeral)"}
{"level":"debug","mysis":"test-mysis","error":"context canceled","time":"2026-02-07T16:53:42Z","message":"Ignoring error - mysis was intentionally stopped"}
{"level":"debug","mysis_id":"d20c70a2-554e-4fc7-b7d0-09ba3e94be9e","mysis_name":"test-mysis","stage":"context_memories","memory_count":2,"message_count":0,"content_bytes":542,"reasoning_bytes":0,"role_counts":{"system":1,"user":1},"source_counts":{"system":2},"tool_call_count":0,"time":"2026-02-07T16:53:42Z","message":"Context stats (ephemeral)"}
{"level":"debug","mysis_id":"d20c70a2-554e-4fc7-b7d0-09ba3e94be9e","mysis_name":"test-mysis","stage":"messages_converted","memory_count":2,"message_count":3,"content_bytes":631,"reasoning_bytes":0,"role_counts":{"system":1,"user":1},"source_counts":{"system":2},"tool_call_count":0,"time":"2026-02-07T16:53:42Z","message":"Context stats (ephemeral)"}
{"level":"debug","mysis_id":"d20c70a2-554e-4fc7-b7d0-09ba3e94be9e","mysis_name":"test-mysis","stage":"before_llm_call","memory_count":2,"message_count":3,"content_bytes":631,"reasoning_bytes":0,"role_counts":{"system":1,"user":1},"source_counts":{"system":2},"tool_call_count":0,"time":"2026-02-07T16:53:42Z","message":"Context stats (ephemeral)"}
{"level":"debug","mysis":"test-mysis","error":"context canceled","time":"2026-02-07T16:53:42Z","message":"Ignoring error - mysis was intentionally stopped"}
{"level":"debug","mysis_id":"bf4ba243-e9b3-456c-97cb-4f5357360e8b","mysis_name":"test-mysis","stage":"context_memories","memory_count":2,"message_count":0,"content_bytes":542,"reasoning_bytes":0,"role_counts":{"system":1,"user":1},"source_counts":{"system":2},"tool_call_count":0,"time":"2026-02-07T16:53:42Z","message":"Context stats (ephemeral)"}
{"level":"debug","mysis_id":"bf4ba243-e9b3-456c-97cb-4f5357360e8b","mysis_name":"test-mysis","stage":"messages_converted","memory_count":2,"message_count":3,"content_bytes":631,"reasoning_bytes":0,"role_counts":{"system":1,"user":1},"source_counts":{"system":2},"tool_call_count":0,"time":"2026-02-07T16:53:42Z","message":"Context stats (ephemeral)"}
{"level":"debug","mysis_id":"bf4ba243-e9b3-456c-97cb-4f5357360e8b","mysis_name":"test-mysis","stage":"before_llm_call","memory_count":2,"message_count":3,"content_bytes":631,"reasoning_bytes":0,"role_counts":{"system":1,"user":1},"source_counts":{"system":2},"tool_call_count":0,"time":"2026-02-07T16:53:42Z","message":"Context stats (ephemeral)"}
{"level":"debug","mysis":"test-mysis","error":"context canceled","time":"2026-02-07T16:53:42Z","message":"Ignoring error - mysis was intentionally stopped"}
{"level":"debug","mysis_id":"9e38afb3-db56-425f-8c3a-80ae725ce8e0","mysis_name":"test-mysis","stage":"context_memories","memory_count":2,"message_count":0,"content_bytes":542,"reasoning_bytes":0,"role_counts":{"system":1,"user":1},"source_counts":{"system":2},"tool_call_count":0,"time":"2026-02-07T16:53:42Z","message":"Context stats (ephemeral)"}
{"level":"debug","mysis_id":"9e38afb3-db56-425f-8c3a-80ae725ce8e0","mysis_name":"test-mysis","stage":"messages_converted","memory_count":2,"message_count":3,"content_bytes":631,"reasoning_bytes":0,"role_counts":{"system":1,"user":1},"source_counts":{"system":2},"tool_call_count":0,"time":"2026-02-07T16:53:42Z","message":"Context stats (ephemeral)"}
{"level":"debug","mysis_id":"9e38afb3-db56-425f-8c3a-80ae725ce8e0","mysis_name":"test-mysis","stage":"before_llm_call","memory_count":2,"message_count":3,"content_bytes":631,"reasoning_bytes":0,"role_counts":{"system":1,"user":1},"source_counts":{"system":2},"tool_call_count":0,"time":"2026-02-07T16:53:42Z","message":"Context stats (ephemeral)"}
{"level":"debug","mysis":"test-mysis","error":"context canceled","time":"2026-02-07T16:53:42Z","message":"Ignoring error - mysis was intentionally stopped"}
{"level":"debug","mysis_id":"c2944efd-029a-4d73-83b7-ac949bfe3af4","mysis_name":"test-mysis","stage":"context_memories","memory_count":2,"message_count":0,"content_bytes":542,"reasoning_bytes":0,"role_counts":{"system":1,"user":1},"source_counts":{"system":2},"tool_call_count":0,"time":"2026-02-07T16:53:42Z","message":"Context stats (ephemeral)"}
{"level":"debug","mysis_id":"c2944efd-029a-4d73-83b7-ac949bfe3af4","mysis_name":"test-mysis","stage":"messages_converted","memory_count":2,"message_count":3,"content_bytes":631,"reasoning_bytes":0,"role_counts":{"system":1,"user":1},"source_counts":{"system":2},"tool_call_count":0,"time":"2026-02-07T16:53:42Z","message":"Context stats (ephemeral)"}
{"level":"debug","mysis_id":"c2944efd-029a-4d73-83b7-ac949bfe3af4","mysis_name":"test-mysis","stage":"before_llm_call","memory_count":2,"message_count":3,"content_bytes":631,"reasoning_bytes":0,"role_counts":{"system":1,"user":1},"source_counts":{"system":2},"tool_call_count":0,"time":"2026-02-07T16:53:42Z","message":"Context stats (ephemeral)"}
{"level":"debug","mysis":"test-mysis","error":"context canceled","time":"2026-02-07T16:53:42Z","message":"Ignoring error - mysis was intentionally stopped"}
{"level":"debug","mysis_id":"e7336b18-d003-48b6-a258-34faae776450","mysis_name":"test-mysis","stage":"context_memories","memory_count":2,"message_count":0,"content_bytes":542,"reasoning_bytes":0,"role_counts":{"system":1,"user":1},"source_counts":{"system":2},"tool_call_count":0,"time":"2026-02-07T16:53:42Z","message":"Context stats (ephemeral)"}
{"level":"debug","mysis_id":"e7336b18-d003-48b6-a258-34faae776450","mysis_name":"test-mysis","stage":"messages_converted","memory_count":2,"message_count":3,"content_bytes":631,"reasoning_bytes":0,"role_counts":{"system":1,"user":1},"source_counts":{"system":2},"tool_call_count":0,"time":"2026-02-07T16:53:42Z","message":"Context stats (ephemeral)"}
{"level":"debug","mysis_id":"e7336b18-d003-48b6-a258-34faae776450","mysis_name":"test-mysis","stage":"before_llm_call","memory_count":2,"message_count":3,"content_bytes":631,"reasoning_bytes":0,"role_counts":{"system":1,"user":1},"source_counts":{"system":2},"tool_call_count":0,"time":"2026-02-07T16:53:42Z","message":"Context stats (ephemeral)"}
{"level":"debug","mysis":"test-mysis","error":"context canceled","time":"2026-02-07T16:53:42Z","message":"Ignoring error - mysis was intentionally stopped"}
{"level":"debug","mysis_id":"8b5f5eaa-b53d-4571-ba66-7c8ac27afd13","mysis_name":"test-mysis","stage":"context_memories","memory_count":2,"message_count":0,"content_bytes":542,"reasoning_bytes":0,"role_counts":{"system":1,"user":1},"source_counts":{"system":2},"tool_call_count":0,"time":"2026-02-07T16:53:42Z","message":"Context stats (ephemeral)"}
{"level":"debug","mysis_id":"8b5f5eaa-b53d-4571-ba66-7c8ac27afd13","mysis_name":"test-mysis","stage":"messages_converted","memory_count":2,"message_count":3,"content_bytes":631,"reasoning_bytes":0,"role_counts":{"system":1,"user":1},"source_counts":{"system":2},"tool_call_count":0,"time":"2026-02-07T16:53:42Z","message":"Context stats (ephemeral)"}
{"level":"debug","mysis_id":"8b5f5eaa-b53d-4571-ba66-7c8ac27afd13","mysis_name":"test-mysis","stage":"before_llm_call","memory_count":2,"message_count":3,"content_bytes":631,"reasoning_bytes":0,"role_counts":{"system":1,"user":1},"source_counts":{"system":2},"tool_call_count":0,"time":"2026-02-07T16:53:42Z","message":"Context stats (ephemeral)"}
{"level":"debug","mysis":"test-mysis","error":"context canceled","time":"2026-02-07T16:53:42Z","message":"Ignoring error - mysis was intentionally stopped"}
{"level":"debug","mysis_id":"600da6a8-9eb6-4480-9a82-23af7436878e","mysis_name":"test-mysis","stage":"context_memories","memory_count":2,"message_count":0,"content_bytes":542,"reasoning_bytes":0,"role_counts":{"system":1,"user":1},"source_counts":{"system":2},"tool_call_count":0,"time":"2026-02-07T16:53:42Z","message":"Context stats (ephemeral)"}
{"level":"debug","mysis_id":"600da6a8-9eb6-4480-9a82-23af7436878e","mysis_name":"test-mysis","stage":"messages_converted","memory_count":2,"message_count":3,"content_bytes":631,"reasoning_bytes":0,"role_counts":{"system":1,"user":1},"source_counts":{"system":2},"tool_call_count":0,"time":"2026-02-07T16:53:42Z","message":"Context stats (ephemeral)"}
{"level":"debug","mysis_id":"600da6a8-9eb6-4480-9a82-23af7436878e","mysis_name":"test-mysis","stage":"before_llm_call","memory_count":2,"message_count":3,"content_bytes":631,"reasoning_bytes":0,"role_counts":{"system":1,"user":1},"source_counts":{"system":2},"tool_call_count":0,"time":"2026-02-07T16:53:42Z","message":"Context stats (ephemeral)"}
{"level":"debug","mysis":"test-mysis","error":"context canceled","time":"2026-02-07T16:53:42Z","message":"Ignoring error - mysis was intentionally stopped"}
{"level":"debug","mysis_id":"cb851887-1cea-4307-97df-db9c168cce7f","mysis_name":"test-mysis","stage":"context_memories","memory_count":2,"message_count":0,"content_bytes":542,"reasoning_bytes":0,"role_counts":{"system":1,"user":1},"source_counts":{"system":2},"tool_call_count":0,"time":"2026-02-07T16:53:42Z","message":"Context stats (ephemeral)"}
{"level":"debug","mysis_id":"cb851887-1cea-4307-97df-db9c168cce7f","mysis_name":"test-mysis","stage":"messages_converted","memory_count":2,"message_count":3,"content_bytes":631,"reasoning_bytes":0,"role_counts":{"system":1,"user":1},"source_counts":{"system":2},"tool_call_count":0,"time":"2026-02-07T16:53:42Z","message":"Context stats (ephemeral)"}
{"level":"debug","mysis_id":"cb851887-1cea-4307-97df-db9c168cce7f","mysis_name":"test-mysis","stage":"before_llm_call","memory_count":2,"message_count":3,"content_bytes":631,"reasoning_bytes":0,"role_counts":{"system":1,"user":1},"source_counts":{"system":2},"tool_call_count":0,"time":"2026-02-07T16:53:42Z","message":"Context stats (ephemeral)"}
{"level":"debug","mysis":"test-mysis","error":"context canceled","time":"2026-02-07T16:53:42Z","message":"Ignoring error - mysis was intentionally stopped"}
{"level":"debug","mysis_id":"b712a6ff-4319-4f0e-b49b-29a1ab463f73","mysis_name":"test-mysis","stage":"context_memories","memory_count":2,"message_count":0,"content_bytes":542,"reasoning_bytes":0,"role_counts":{"system":1,"user":1},"source_counts":{"system":2},"tool_call_count":0,"time":"2026-02-07T16:53:42Z","message":"Context stats (ephemeral)"}
{"level":"debug","mysis_id":"b712a6ff-4319-4f0e-b49b-29a1ab463f73","mysis_name":"test-mysis","stage":"messages_converted","memory_count":2,"message_count":3,"content_bytes":631,"reasoning_bytes":0,"role_counts":{"system":1,"user":1},"source_counts":{"system":2},"tool_call_count":0,"time":"2026-02-07T16:53:42Z","message":"Context stats (ephemeral)"}
{"level":"debug","mysis_id":"b712a6ff-4319-4f0e-b49b-29a1ab463f73","mysis_name":"test-mysis","stage":"before_llm_call","memory_count":2,"message_count":3,"content_bytes":631,"reasoning_bytes":0,"role_counts":{"system":1,"user":1},"source_counts":{"system":2},"tool_call_count":0,"time":"2026-02-07T16:53:42Z","message":"Context stats (ephemeral)"}
{"level":"debug","mysis":"test-mysis","error":"context canceled","time":"2026-02-07T16:53:42Z","message":"Ignoring error - mysis was intentionally stopped"}
{"level":"debug","mysis_id":"5f859b2e-6667-4b2a-8e09-e1e96ec3d7d5","mysis_name":"test-mysis","stage":"context_memories","memory_count":2,"message_count":0,"content_bytes":542,"reasoning_bytes":0,"role_counts":{"system":1,"user":1},"source_counts":{"system":2},"tool_call_count":0,"time":"2026-02-07T16:53:42Z","message":"Context stats (ephemeral)"}
{"level":"debug","mysis_id":"5f859b2e-6667-4b2a-8e09-e1e96ec3d7d5","mysis_name":"test-mysis","stage":"messages_converted","memory_count":2,"message_count":3,"content_bytes":631,"reasoning_bytes":0,"role_counts":{"system":1,"user":1},"source_counts":{"system":2},"tool_call_count":0,"time":"2026-02-07T16:53:42Z","message":"Context stats (ephemeral)"}
{"level":"debug","mysis_id":"5f859b2e-6667-4b2a-8e09-e1e96ec3d7d5","mysis_name":"test-mysis","stage":"before_llm_call","memory_count":2,"message_count":3,"content_bytes":631,"reasoning_bytes":0,"role_counts":{"system":1,"user":1},"source_counts":{"system":2},"tool_call_count":0,"time":"2026-02-07T16:53:42Z","message":"Context stats (ephemeral)"}
{"level":"debug","mysis":"test-mysis","error":"context canceled","time":"2026-02-07T16:53:42Z","message":"Ignoring error - mysis was intentionally stopped"}
{"level":"debug","mysis_id":"8431bdee-5a0c-4f16-8382-85d3658eb747","mysis_name":"test-mysis","stage":"context_memories","memory_count":2,"message_count":0,"content_bytes":542,"reasoning_bytes":0,"role_counts":{"system":1,"user":1},"source_counts":{"system":2},"tool_call_count":0,"time":"2026-02-07T16:53:42Z","message":"Context stats (ephemeral)"}
{"level":"debug","mysis_id":"8431bdee-5a0c-4f16-8382-85d3658eb747","mysis_name":"test-mysis","stage":"messages_converted","memory_count":2,"message_count":3,"content_bytes":631,"reasoning_bytes":0,"role_counts":{"system":1,"user":1},"source_counts":{"system":2},"tool_call_count":0,"time":"2026-02-07T16:53:42Z","message":"Context stats (ephemeral)"}
{"level":"debug","mysis_id":"8431bdee-5a0c-4f16-8382-85d3658eb747","mysis_name":"test-mysis","stage":"before_llm_call","memory_count":2,"message_count":3,"content_bytes":631,"reasoning_bytes":0,"role_counts":{"system":1,"user":1},"source_counts":{"system":2},"tool_call_count":0,"time":"2026-02-07T16:53:42Z","message":"Context stats (ephemeral)"}
{"level":"debug","mysis":"test-mysis","error":"context canceled","time":"2026-02-07T16:53:43Z","message":"Ignoring error - mysis was intentionally stopped"}
{"level":"debug","mysis_id":"6a5a27b2-28ce-4296-8658-bd73527ddcb2","mysis_name":"test-mysis","stage":"context_memories","memory_count":2,"message_count":0,"content_bytes":542,"reasoning_bytes":0,"role_counts":{"system":1,"user":1},"source_counts":{"system":2},"tool_call_count":0,"time":"2026-02-07T16:53:43Z","message":"Context stats (ephemeral)"}
{"level":"debug","mysis_id":"6a5a27b2-28ce-4296-8658-bd73527ddcb2","mysis_name":"test-mysis","stage":"messages_converted","memory_count":2,"message_count":3,"content_bytes":631,"reasoning_bytes":0,"role_counts":{"system":1,"user":1},"source_counts":{"system":2},"tool_call_count":0,"time":"2026-02-07T16:53:43Z","message":"Context stats (ephemeral)"}
{"level":"debug","mysis_id":"6a5a27b2-28ce-4296-8658-bd73527ddcb2","mysis_name":"test-mysis","stage":"before_llm_call","memory_count":2,"message_count":3,"content_bytes":631,"reasoning_bytes":0,"role_counts":{"system":1,"user":1},"source_counts":{"system":2},"tool_call_count":0,"time":"2026-02-07T16:53:43Z","message":"Context stats (ephemeral)"}
{"level":"debug","mysis":"test-mysis","error":"context canceled","time":"2026-02-07T16:53:43Z","message":"Ignoring error - mysis was intentionally stopped"}
{"level":"debug","mysis_id":"7ff2e363-e8b5-4c4c-a46b-c48be0ad9de2","mysis_name":"test-mysis","stage":"context_memories","memory_count":2,"message_count":0,"content_bytes":542,"reasoning_bytes":0,"role_counts":{"system":1,"user":1},"source_counts":{"system":2},"tool_call_count":0,"time":"2026-02-07T16:53:43Z","message":"Context stats (ephemeral)"}
{"level":"debug","mysis_id":"7ff2e363-e8b5-4c4c-a46b-c48be0ad9de2","mysis_name":"test-mysis","stage":"messages_converted","memory_count":2,"message_count":3,"content_bytes":631,"reasoning_bytes":0,"role_counts":{"system":1,"user":1},"source_counts":{"system":2},"tool_call_count":0,"time":"2026-02-07T16:53:43Z","message":"Context stats (ephemeral)"}
{"level":"debug","mysis_id":"7ff2e363-e8b5-4c4c-a46b-c48be0ad9de2","mysis_name":"test-mysis","stage":"before_llm_call","memory_count":2,"message_count":3,"content_bytes":631,"reasoning_bytes":0,"role_counts":{"system":1,"user":1},"source_counts":{"system":2},"tool_call_count":0,"time":"2026-02-07T16:53:43Z","message":"Context stats (ephemeral)"}
{"level":"debug","mysis":"test-mysis","error":"context canceled","time":"2026-02-07T16:53:43Z","message":"Ignoring error - mysis was intentionally stopped"}
{"level":"debug","mysis_id":"0f4351d1-5715-40cb-9a41-d8e781fe3914","mysis_name":"test-mysis","stage":"context_memories","memory_count":2,"message_count":0,"content_bytes":542,"reasoning_bytes":0,"role_counts":{"system":1,"user":1},"source_counts":{"system":2},"tool_call_count":0,"time":"2026-02-07T16:53:43Z","message":"Context stats (ephemeral)"}
{"level":"debug","mysis_id":"0f4351d1-5715-40cb-9a41-d8e781fe3914","mysis_name":"test-mysis","stage":"messages_converted","memory_count":2,"message_count":3,"content_bytes":631,"reasoning_bytes":0,"role_counts":{"system":1,"user":1},"source_counts":{"system":2},"tool_call_count":0,"time":"2026-02-07T16:53:43Z","message":"Context stats (ephemeral)"}
{"level":"debug","mysis_id":"0f4351d1-5715-40cb-9a41-d8e781fe3914","mysis_name":"test-mysis","stage":"before_llm_call","memory_count":2,"message_count":3,"content_bytes":631,"reasoning_bytes":0,"role_counts":{"system":1,"user":1},"source_counts":{"system":2},"tool_call_count":0,"time":"2026-02-07T16:53:43Z","message":"Context stats (ephemeral)"}
{"level":"debug","mysis":"test-mysis","error":"context canceled","time":"2026-02-07T16:53:43Z","message":"Ignoring error - mysis was intentionally stopped"}
{"level":"debug","mysis_id":"53de314a-3c76-4b37-9c72-4887416aec74","mysis_name":"test-mysis","stage":"context_memories","memory_count":2,"message_count":0,"content_bytes":542,"reasoning_bytes":0,"role_counts":{"system":1,"user":1},"source_counts":{"system":2},"tool_call_count":0,"time":"2026-02-07T16:53:43Z","message":"Context stats (ephemeral)"}
{"level":"debug","mysis_id":"53de314a-3c76-4b37-9c72-4887416aec74","mysis_name":"test-mysis","stage":"messages_converted","memory_count":2,"message_count":3,"content_bytes":631,"reasoning_bytes":0,"role_counts":{"system":1,"user":1},"source_counts":{"system":2},"tool_call_count":0,"time":"2026-02-07T16:53:43Z","message":"Context stats (ephemeral)"}
{"level":"debug","mysis_id":"53de314a-3c76-4b37-9c72-4887416aec74","mysis_name":"test-mysis","stage":"before_llm_call","memory_count":2,"message_count":3,"content_bytes":631,"reasoning_bytes":0,"role_counts":{"system":1,"user":1},"source_counts":{"system":2},"tool_call_count":0,"time":"2026-02-07T16:53:43Z","message":"Context stats (ephemeral)"}
{"level":"debug","mysis":"test-mysis","error":"context canceled","time":"2026-02-07T16:53:43Z","message":"Ignoring error - mysis was intentionally stopped"}
{"level":"debug","mysis_id":"4c208c8e-d0c7-4c81-9ad5-cf1d19ab90f0","mysis_name":"test-mysis","stage":"context_memories","memory_count":2,"message_count":0,"content_bytes":542,"reasoning_bytes":0,"role_counts":{"system":1,"user":1},"source_counts":{"system":2},"tool_call_count":0,"time":"2026-02-07T16:53:43Z","message":"Context stats (ephemeral)"}
{"level":"debug","mysis_id":"4c208c8e-d0c7-4c81-9ad5-cf1d19ab90f0","mysis_name":"test-mysis","stage":"messages_converted","memory_count":2,"message_count":3,"content_bytes":631,"reasoning_bytes":0,"role_counts":{"system":1,"user":1},"source_counts":{"system":2},"tool_call_count":0,"time":"2026-02-07T16:53:43Z","message":"Context stats (ephemeral)"}
{"level":"debug","mysis_id":"4c208c8e-d0c7-4c81-9ad5-cf1d19ab90f0","mysis_name":"test-mysis","stage":"before_llm_call","memory_count":2,"message_count":3,"content_bytes":631,"reasoning_bytes":0,"role_counts":{"system":1,"user":1},"source_counts":{"system":2},"tool_call_count":0,"time":"2026-02-07T16:53:43Z","message":"Context stats (ephemeral)"}
{"level":"debug","mysis":"test-mysis","error":"context canceled","time":"2026-02-07T16:53:43Z","message":"Ignoring error - mysis was intentionally stopped"}
{"level":"debug","mysis_id":"31ff2343-710d-4cfa-92a0-1d99e545832d","mysis_name":"test-mysis","stage":"context_memories","memory_count":2,"message_count":0,"content_bytes":542,"reasoning_bytes":0,"role_counts":{"system":1,"user":1},"source_counts":{"system":2},"tool_call_count":0,"time":"2026-02-07T16:53:43Z","message":"Context stats (ephemeral)"}
{"level":"debug","mysis_id":"31ff2343-710d-4cfa-92a0-1d99e545832d","mysis_name":"test-mysis","stage":"messages_converted","memory_count":2,"message_count":3,"content_bytes":631,"reasoning_bytes":0,"role_counts":{"system":1,"user":1},"source_counts":{"system":2},"tool_call_count":0,"time":"2026-02-07T16:53:43Z","message":"Context stats (ephemeral)"}
{"level":"debug","mysis_id":"31ff2343-710d-4cfa-92a0-1d99e545832d","mysis_name":"test-mysis","stage":"before_llm_call","memory_count":2,"message_count":3,"content_bytes":631,"reasoning_bytes":0,"role_counts":{"system":1,"user":1},"source_counts":{"system":2},"tool_call_count":0,"time":"2026-02-07T16:53:43Z","message":"Context stats (ephemeral)"}
{"level":"debug","mysis":"test-mysis","error":"context canceled","time":"2026-02-07T16:53:43Z","message":"Ignoring error - mysis was intentionally stopped"}
{"level":"debug","mysis_id":"2a667cf0-0281-4c4f-96e6-ca9ec6eae104","mysis_name":"test-mysis","stage":"context_memories","memory_count":2,"message_count":0,"content_bytes":542,"reasoning_bytes":0,"role_counts":{"system":1,"user":1},"source_counts":{"system":2},"tool_call_count":0,"time":"2026-02-07T16:53:43Z","message":"Context stats (ephemeral)"}
{"level":"debug","mysis_id":"2a667cf0-0281-4c4f-96e6-ca9ec6eae104","mysis_name":"test-mysis","stage":"messages_converted","memory_count":2,"message_count":3,"content_bytes":631,"reasoning_bytes":0,"role_counts":{"system":1,"user":1},"source_counts":{"system":2},"tool_call_count":0,"time":"2026-02-07T16:53:43Z","message":"Context stats (ephemeral)"}
{"level":"debug","mysis_id":"2a667cf0-0281-4c4f-96e6-ca9ec6eae104","mysis_name":"test-mysis","stage":"before_llm_call","memory_count":2,"message_count":3,"content_bytes":631,"reasoning_bytes":0,"role_counts":{"system":1,"user":1},"source_counts":{"system":2},"tool_call_count":0,"time":"2026-02-07T16:53:43Z","message":"Context stats (ephemeral)"}
{"level":"debug","mysis":"test-mysis","error":"context canceled","time":"2026-02-07T16:53:43Z","message":"Ignoring error - mysis was intentionally stopped"}
{"level":"debug","mysis_id":"802ba75e-df38-40e6-b206-1a1c3300ddac","mysis_name":"test-mysis","stage":"context_memories","memory_count":2,"message_count":0,"content_bytes":542,"reasoning_bytes":0,"role_counts":{"system":1,"user":1},"source_counts":{"system":2},"tool_call_count":0,"time":"2026-02-07T16:53:43Z","message":"Context stats (ephemeral)"}
{"level":"debug","mysis_id":"802ba75e-df38-40e6-b206-1a1c3300ddac","mysis_name":"test-mysis","stage":"messages_converted","memory_count":2,"message_count":3,"content_bytes":631,"reasoning_bytes":0,"role_counts":{"system":1,"user":1},"source_counts":{"system":2},"tool_call_count":0,"time":"2026-02-07T16:53:43Z","message":"Context stats (ephemeral)"}
{"level":"debug","mysis_id":"802ba75e-df38-40e6-b206-1a1c3300ddac","mysis_name":"test-mysis","stage":"before_llm_call","memory_count":2,"message_count":3,"content_bytes":631,"reasoning_bytes":0,"role_counts":{"system":1,"user":1},"source_counts":{"system":2},"tool_call_count":0,"time":"2026-02-07T16:53:43Z","message":"Context stats (ephemeral)"}
{"level":"debug","mysis":"test-mysis","error":"context canceled","time":"2026-02-07T16:53:43Z","message":"Ignoring error - mysis was intentionally stopped"}
{"level":"debug","mysis_id":"df968e3c-3d50-4573-98e8-ba1d730d55e2","mysis_name":"test-mysis","stage":"context_memories","memory_count":2,"message_count":0,"content_bytes":542,"reasoning_bytes":0,"role_counts":{"system":1,"user":1},"source_counts":{"system":2},"tool_call_count":0,"time":"2026-02-07T16:53:43Z","message":"Context stats (ephemeral)"}
{"level":"debug","mysis_id":"df968e3c-3d50-4573-98e8-ba1d730d55e2","mysis_name":"test-mysis","stage":"messages_converted","memory_count":2,"message_count":3,"content_bytes":631,"reasoning_bytes":0,"role_counts":{"system":1,"user":1},"source_counts":{"system":2},"tool_call_count":0,"time":"2026-02-07T16:53:43Z","message":"Context stats (ephemeral)"}
{"level":"debug","mysis_id":"df968e3c-3d50-4573-98e8-ba1d730d55e2","mysis_name":"test-mysis","stage":"before_llm_call","memory_count":2,"message_count":3,"content_bytes":631,"reasoning_bytes":0,"role_counts":{"system":1,"user":1},"source_counts":{"system":2},"tool_call_count":0,"time":"2026-02-07T16:53:43Z","message":"Context stats (ephemeral)"}
{"level":"debug","mysis":"test-mysis","error":"context canceled","time":"2026-02-07T16:53:43Z","message":"Ignoring error - mysis was intentionally stopped"}
{"level":"debug","mysis_id":"bbdf38b7-68f0-4d9f-a4b3-a6e0de17886b","mysis_name":"test-mysis","stage":"context_memories","memory_count":2,"message_count":0,"content_bytes":542,"reasoning_bytes":0,"role_counts":{"system":1,"user":1},"source_counts":{"system":2},"tool_call_count":0,"time":"2026-02-07T16:53:43Z","message":"Context stats (ephemeral)"}
{"level":"debug","mysis_id":"bbdf38b7-68f0-4d9f-a4b3-a6e0de17886b","mysis_name":"test-mysis","stage":"messages_converted","memory_count":2,"message_count":3,"content_bytes":631,"reasoning_bytes":0,"role_counts":{"system":1,"user":1},"source_counts":{"system":2},"tool_call_count":0,"time":"2026-02-07T16:53:43Z","message":"Context stats (ephemeral)"}
{"level":"debug","mysis_id":"bbdf38b7-68f0-4d9f-a4b3-a6e0de17886b","mysis_name":"test-mysis","stage":"before_llm_call","memory_count":2,"message_count":3,"content_bytes":631,"reasoning_bytes":0,"role_counts":{"system":1,"user":1},"source_counts":{"system":2},"tool_call_count":0,"time":"2026-02-07T16:53:43Z","message":"Context stats (ephemeral)"}
{"level":"debug","mysis":"test-mysis","error":"context canceled","time":"2026-02-07T16:53:43Z","message":"Ignoring error - mysis was intentionally stopped"}
{"level":"debug","mysis_id":"7881ace7-b000-4268-8963-6d96be3cacaf","mysis_name":"test-mysis","stage":"context_memories","memory_count":2,"message_count":0,"content_bytes":542,"reasoning_bytes":0,"role_counts":{"system":1,"user":1},"source_counts":{"system":2},"tool_call_count":0,"time":"2026-02-07T16:53:43Z","message":"Context stats (ephemeral)"}
{"level":"debug","mysis_id":"7881ace7-b000-4268-8963-6d96be3cacaf","mysis_name":"test-mysis","stage":"messages_converted","memory_count":2,"message_count":3,"content_bytes":631,"reasoning_bytes":0,"role_counts":{"system":1,"user":1},"source_counts":{"system":2},"tool_call_count":0,"time":"2026-02-07T16:53:43Z","message":"Context stats (ephemeral)"}
{"level":"debug","mysis_id":"7881ace7-b000-4268-8963-6d96be3cacaf","mysis_name":"test-mysis","stage":"before_llm_call","memory_count":2,"message_count":3,"content_bytes":631,"reasoning_bytes":0,"role_counts":{"system":1,"user":1},"source_counts":{"system":2},"tool_call_count":0,"time":"2026-02-07T16:53:43Z","message":"Context stats (ephemeral)"}
{"level":"debug","mysis":"test-mysis","error":"context canceled","time":"2026-02-07T16:53:43Z","message":"Ignoring error - mysis was intentionally stopped"}
{"level":"debug","mysis_id":"6d6697e6-2369-4dfd-9a8c-1de094f21dac","mysis_name":"test-mysis","stage":"context_memories","memory_count":2,"message_count":0,"content_bytes":542,"reasoning_bytes":0,"role_counts":{"system":1,"user":1},"source_counts":{"system":2},"tool_call_count":0,"time":"2026-02-07T16:53:43Z","message":"Context stats (ephemeral)"}
{"level":"debug","mysis_id":"6d6697e6-2369-4dfd-9a8c-1de094f21dac","mysis_name":"test-mysis","stage":"messages_converted","memory_count":2,"message_count":3,"content_bytes":631,"reasoning_bytes":0,"role_counts":{"system":1,"user":1},"source_counts":{"system":2},"tool_call_count":0,"time":"2026-02-07T16:53:43Z","message":"Context stats (ephemeral)"}
{"level":"debug","mysis_id":"6d6697e6-2369-4dfd-9a8c-1de094f21dac","mysis_name":"test-mysis","stage":"before_llm_call","memory_count":2,"message_count":3,"content_bytes":631,"reasoning_bytes":0,"role_counts":{"system":1,"user":1},"source_counts":{"system":2},"tool_call_count":0,"time":"2026-02-07T16:53:43Z","message":"Context stats (ephemeral)"}
{"level":"debug","mysis":"test-mysis","error":"context canceled","time":"2026-02-07T16:53:43Z","message":"Ignoring error - mysis was intentionally stopped"}
{"level":"debug","mysis_id":"b98815f7-17d1-484b-86ae-bd34d989afe4","mysis_name":"test-mysis","stage":"context_memories","memory_count":2,"message_count":0,"content_bytes":542,"reasoning_bytes":0,"role_counts":{"system":1,"user":1},"source_counts":{"system":2},"tool_call_count":0,"time":"2026-02-07T16:53:43Z","message":"Context stats (ephemeral)"}
{"level":"debug","mysis_id":"b98815f7-17d1-484b-86ae-bd34d989afe4","mysis_name":"test-mysis","stage":"messages_converted","memory_count":2,"message_count":3,"content_bytes":631,"reasoning_bytes":0,"role_counts":{"system":1,"user":1},"source_counts":{"system":2},"tool_call_count":0,"time":"2026-02-07T16:53:43Z","message":"Context stats (ephemeral)"}
{"level":"debug","mysis_id":"b98815f7-17d1-484b-86ae-bd34d989afe4","mysis_name":"test-mysis","stage":"before_llm_call","memory_count":2,"message_count":3,"content_bytes":631,"reasoning_bytes":0,"role_counts":{"system":1,"user":1},"source_counts":{"system":2},"tool_call_count":0,"time":"2026-02-07T16:53:43Z","message":"Context stats (ephemeral)"}
{"level":"debug","mysis":"test-mysis","error":"context canceled","time":"2026-02-07T16:53:43Z","message":"Ignoring error - mysis was intentionally stopped"}
{"level":"debug","mysis_id":"3e0d83f6-5085-4569-832e-577cffacf598","mysis_name":"test-mysis","stage":"context_memories","memory_count":2,"message_count":0,"content_bytes":542,"reasoning_bytes":0,"role_counts":{"system":1,"user":1},"source_counts":{"system":2},"tool_call_count":0,"time":"2026-02-07T16:53:43Z","message":"Context stats (ephemeral)"}
{"level":"debug","mysis_id":"3e0d83f6-5085-4569-832e-577cffacf598","mysis_name":"test-mysis","stage":"messages_converted","memory_count":2,"message_count":3,"content_bytes":631,"reasoning_bytes":0,"role_counts":{"system":1,"user":1},"source_counts":{"system":2},"tool_call_count":0,"time":"2026-02-07T16:53:43Z","message":"Context stats (ephemeral)"}
{"level":"debug","mysis_id":"3e0d83f6-5085-4569-832e-577cffacf598","mysis_name":"test-mysis","stage":"before_llm_call","memory_count":2,"message_count":3,"content_bytes":631,"reasoning_bytes":0,"role_counts":{"system":1,"user":1},"source_counts":{"system":2},"tool_call_count":0,"time":"2026-02-07T16:53:43Z","message":"Context stats (ephemeral)"}
{"level":"debug","mysis":"test-mysis","error":"context canceled","time":"2026-02-07T16:53:43Z","message":"Ignoring error - mysis was intentionally stopped"}
{"level":"debug","mysis_id":"436e1d45-a3bd-48a1-8e15-818ef562d1b8","mysis_name":"test-mysis","stage":"context_memories","memory_count":2,"message_count":0,"content_bytes":542,"reasoning_bytes":0,"role_counts":{"system":1,"user":1},"source_counts":{"system":2},"tool_call_count":0,"time":"2026-02-07T16:53:43Z","message":"Context stats (ephemeral)"}
{"level":"debug","mysis_id":"436e1d45-a3bd-48a1-8e15-818ef562d1b8","mysis_name":"test-mysis","stage":"messages_converted","memory_count":2,"message_count":3,"content_bytes":631,"reasoning_bytes":0,"role_counts":{"system":1,"user":1},"source_counts":{"system":2},"tool_call_count":0,"time":"2026-02-07T16:53:43Z","message":"Context stats (ephemeral)"}
{"level":"debug","mysis_id":"436e1d45-a3bd-48a1-8e15-818ef562d1b8","mysis_name":"test-mysis","stage":"before_llm_call","memory_count":2,"message_count":3,"content_bytes":631,"reasoning_bytes":0,"role_counts":{"system":1,"user":1},"source_counts":{"system":2},"tool_call_count":0,"time":"2026-02-07T16:53:43Z","message":"Context stats (ephemeral)"}
{"level":"debug","mysis":"test-mysis","error":"context canceled","time":"2026-02-07T16:53:43Z","message":"Ignoring error - mysis was intentionally stopped"}
{"level":"debug","mysis_id":"f25a8d31-24dc-453f-a4d2-e981b2f5ccf1","mysis_name":"test-mysis","stage":"context_memories","memory_count":2,"message_count":0,"content_bytes":542,"reasoning_bytes":0,"role_counts":{"system":1,"user":1},"source_counts":{"system":2},"tool_call_count":0,"time":"2026-02-07T16:53:43Z","message":"Context stats (ephemeral)"}
{"level":"debug","mysis_id":"f25a8d31-24dc-453f-a4d2-e981b2f5ccf1","mysis_name":"test-mysis","stage":"messages_converted","memory_count":2,"message_count":3,"content_bytes":631,"reasoning_bytes":0,"role_counts":{"system":1,"user":1},"source_counts":{"system":2},"tool_call_count":0,"time":"2026-02-07T16:53:43Z","message":"Context stats (ephemeral)"}
{"level":"debug","mysis_id":"f25a8d31-24dc-453f-a4d2-e981b2f5ccf1","mysis_name":"test-mysis","stage":"before_llm_call","memory_count":2,"message_count":3,"content_bytes":631,"reasoning_bytes":0,"role_counts":{"system":1,"user":1},"source_counts":{"system":2},"tool_call_count":0,"time":"2026-02-07T16:53:43Z","message":"Context stats (ephemeral)"}
{"level":"debug","mysis":"test-mysis","error":"context canceled","time":"2026-02-07T16:53:43Z","message":"Ignoring error - mysis was intentionally stopped"}
{"level":"debug","mysis_id":"f52ebcce-53f2-410d-b1e0-9bbb873f244e","mysis_name":"test-mysis","stage":"context_memories","memory_count":2,"message_count":0,"content_bytes":542,"reasoning_bytes":0,"role_counts":{"system":1,"user":1},"source_counts":{"system":2},"tool_call_count":0,"time":"2026-02-07T16:53:43Z","message":"Context stats (ephemeral)"}
{"level":"debug","mysis_id":"f52ebcce-53f2-410d-b1e0-9bbb873f244e","mysis_name":"test-mysis","stage":"messages_converted","memory_count":2,"message_count":3,"content_bytes":631,"reasoning_bytes":0,"role_counts":{"system":1,"user":1},"source_counts":{"system":2},"tool_call_count":0,"time":"2026-02-07T16:53:43Z","message":"Context stats (ephemeral)"}
{"level":"debug","mysis_id":"f52ebcce-53f2-410d-b1e0-9bbb873f244e","mysis_name":"test-mysis","stage":"before_llm_call","memory_count":2,"message_count":3,"content_bytes":631,"reasoning_bytes":0,"role_counts":{"system":1,"user":1},"source_counts":{"system":2},"tool_call_count":0,"time":"2026-02-07T16:53:43Z","message":"Context stats (ephemeral)"}
{"level":"debug","mysis":"test-mysis","error":"context canceled","time":"2026-02-07T16:53:43Z","message":"Ignoring error - mysis was intentionally stopped"}
{"level":"debug","mysis_id":"893902dc-a252-4c6a-9f3b-5d8450d1c14a","mysis_name":"test-mysis","stage":"context_memories","memory_count":2,"message_count":0,"content_bytes":542,"reasoning_bytes":0,"role_counts":{"system":1,"user":1},"source_counts":{"system":2},"tool_call_count":0,"time":"2026-02-07T16:53:43Z","message":"Context stats (ephemeral)"}
{"level":"debug","mysis_id":"893902dc-a252-4c6a-9f3b-5d8450d1c14a","mysis_name":"test-mysis","stage":"messages_converted","memory_count":2,"message_count":3,"content_bytes":631,"reasoning_bytes":0,"role_counts":{"system":1,"user":1},"source_counts":{"system":2},"tool_call_count":0,"time":"2026-02-07T16:53:43Z","message":"Context stats (ephemeral)"}
{"level":"debug","mysis_id":"893902dc-a252-4c6a-9f3b-5d8450d1c14a","mysis_name":"test-mysis","stage":"before_llm_call","memory_count":2,"message_count":3,"content_bytes":631,"reasoning_bytes":0,"role_counts":{"system":1,"user":1},"source_counts":{"system":2},"tool_call_count":0,"time":"2026-02-07T16:53:43Z","message":"Context stats (ephemeral)"}
{"level":"debug","mysis":"test-mysis","error":"context canceled","time":"2026-02-07T16:53:43Z","message":"Ignoring error - mysis was intentionally stopped"}
{"level":"debug","mysis_id":"535a9aec-3175-4ba4-9ca0-c063c9dd25b1","mysis_name":"test-mysis","stage":"context_memories","memory_count":2,"message_count":0,"content_bytes":542,"reasoning_bytes":0,"role_counts":{"system":1,"user":1},"source_counts":{"system":2},"tool_call_count":0,"time":"2026-02-07T16:53:43Z","message":"Context stats (ephemeral)"}
{"level":"debug","mysis_id":"535a9aec-3175-4ba4-9ca0-c063c9dd25b1","mysis_name":"test-mysis","stage":"messages_converted","memory_count":2,"message_count":3,"content_bytes":631,"reasoning_bytes":0,"role_counts":{"system":1,"user":1},"source_counts":{"system":2},"tool_call_count":0,"time":"2026-02-07T16:53:43Z","message":"Context stats (ephemeral)"}
{"level":"debug","mysis_id":"535a9aec-3175-4ba4-9ca0-c063c9dd25b1","mysis_name":"test-mysis","stage":"before_llm_call","memory_count":2,"message_count":3,"content_bytes":631,"reasoning_bytes":0,"role_counts":{"system":1,"user":1},"source_counts":{"system":2},"tool_call_count":0,"time":"2026-02-07T16:53:43Z","message":"Context stats (ephemeral)"}
{"level":"debug","mysis":"test-mysis","error":"context canceled","time":"2026-02-07T16:53:43Z","message":"Ignoring error - mysis was intentionally stopped"}
{"level":"debug","mysis_id":"c9efb68c-4051-4fdd-80d1-0a8622f88d3d","mysis_name":"test-mysis","stage":"context_memories","memory_count":2,"message_count":0,"content_bytes":542,"reasoning_bytes":0,"role_counts":{"system":1,"user":1},"source_counts":{"system":2},"tool_call_count":0,"time":"2026-02-07T16:53:43Z","message":"Context stats (ephemeral)"}
{"level":"debug","mysis_id":"c9efb68c-4051-4fdd-80d1-0a8622f88d3d","mysis_name":"test-mysis","stage":"messages_converted","memory_count":2,"message_count":3,"content_bytes":631,"reasoning_bytes":0,"role_counts":{"system":1,"user":1},"source_counts":{"system":2},"tool_call_count":0,"time":"2026-02-07T16:53:43Z","message":"Context stats (ephemeral)"}
{"level":"debug","mysis_id":"c9efb68c-4051-4fdd-80d1-0a8622f88d3d","mysis_name":"test-mysis","stage":"before_llm_call","memory_count":2,"message_count":3,"content_bytes":631,"reasoning_bytes":0,"role_counts":{"system":1,"user":1},"source_counts":{"system":2},"tool_call_count":0,"time":"2026-02-07T16:53:43Z","message":"Context stats (ephemeral)"}
{"level":"debug","mysis":"test-mysis","error":"context canceled","time":"2026-02-07T16:53:43Z","message":"Ignoring error - mysis was intentionally stopped"}
{"level":"debug","mysis_id":"09031f4a-1f1a-4a01-89e4-0349a5097e43","mysis_name":"test-mysis","stage":"context_memories","memory_count":2,"message_count":0,"content_bytes":542,"reasoning_bytes":0,"role_counts":{"system":1,"user":1},"source_counts":{"system":2},"tool_call_count":0,"time":"2026-02-07T16:53:43Z","message":"Context stats (ephemeral)"}
{"level":"debug","mysis_id":"09031f4a-1f1a-4a01-89e4-0349a5097e43","mysis_name":"test-mysis","stage":"messages_converted","memory_count":2,"message_count":3,"content_bytes":631,"reasoning_bytes":0,"role_counts":{"system":1,"user":1},"source_counts":{"system":2},"tool_call_count":0,"time":"2026-02-07T16:53:43Z","message":"Context stats (ephemeral)"}
{"level":"debug","mysis_id":"09031f4a-1f1a-4a01-89e4-0349a5097e43","mysis_name":"test-mysis","stage":"before_llm_call","memory_count":2,"message_count":3,"content_bytes":631,"reasoning_bytes":0,"role_counts":{"system":1,"user":1},"source_counts":{"system":2},"tool_call_count":0,"time":"2026-02-07T16:53:43Z","message":"Context stats (ephemeral)"}
{"level":"debug","mysis":"test-mysis","error":"context canceled","time":"2026-02-07T16:53:43Z","message":"Ignoring error - mysis was intentionally stopped"}
{"level":"debug","mysis_id":"e8e51974-5236-4d37-9881-2851fef076d7","mysis_name":"test-mysis","stage":"context_memories","memory_count":2,"message_count":0,"content_bytes":542,"reasoning_bytes":0,"role_counts":{"system":1,"user":1},"source_counts":{"system":2},"tool_call_count":0,"time":"2026-02-07T16:53:43Z","message":"Context stats (ephemeral)"}
{"level":"debug","mysis_id":"e8e51974-5236-4d37-9881-2851fef076d7","mysis_name":"test-mysis","stage":"messages_converted","memory_count":2,"message_count":3,"content_bytes":631,"reasoning_bytes":0,"role_counts":{"system":1,"user":1},"source_counts":{"system":2},"tool_call_count":0,"time":"2026-02-07T16:53:43Z","message":"Context stats (ephemeral)"}
{"level":"debug","mysis_id":"e8e51974-5236-4d37-9881-2851fef076d7","mysis_name":"test-mysis","stage":"before_llm_call","memory_count":2,"message_count":3,"content_bytes":631,"reasoning_bytes":0,"role_counts":{"system":1,"user":1},"source_counts":{"system":2},"tool_call_count":0,"time":"2026-02-07T16:53:43Z","message":"Context stats (ephemeral)"}
{"level":"debug","mysis":"test-mysis","error":"context canceled","time":"2026-02-07T16:53:43Z","message":"Ignoring error - mysis was intentionally stopped"}
{"level":"debug","mysis_id":"6b11a67b-0fd8-402f-bc3c-81fa1347ae2d","mysis_name":"test-mysis","stage":"context_memories","memory_count":2,"message_count":0,"content_bytes":542,"reasoning_bytes":0,"role_counts":{"system":1,"user":1},"source_counts":{"system":2},"tool_call_count":0,"time":"2026-02-07T16:53:43Z","message":"Context stats (ephemeral)"}
{"level":"debug","mysis_id":"6b11a67b-0fd8-402f-bc3c-81fa1347ae2d","mysis_name":"test-mysis","stage":"messages_converted","memory_count":2,"message_count":3,"content_bytes":631,"reasoning_bytes":0,"role_counts":{"system":1,"user":1},"source_counts":{"system":2},"tool_call_count":0,"time":"2026-02-07T16:53:43Z","message":"Context stats (ephemeral)"}
{"level":"debug","mysis_id":"6b11a67b-0fd8-402f-bc3c-81fa1347ae2d","mysis_name":"test-mysis","stage":"before_llm_call","memory_count":2,"message_count":3,"content_bytes":631,"reasoning_bytes":0,"role_counts":{"system":1,"user":1},"source_counts":{"system":2},"tool_call_count":0,"time":"2026-02-07T16:53:43Z","message":"Context stats (ephemeral)"}
{"level":"debug","mysis":"test-mysis","error":"context canceled","time":"2026-02-07T16:53:43Z","message":"Ignoring error - mysis was intentionally stopped"}
{"level":"debug","mysis_id":"879ff1d1-a2b9-41f3-9d60-874db92116a5","mysis_name":"test-mysis","stage":"context_memories","memory_count":2,"message_count":0,"content_bytes":542,"reasoning_bytes":0,"role_counts":{"system":1,"user":1},"source_counts":{"system":2},"tool_call_count":0,"time":"2026-02-07T16:53:43Z","message":"Context stats (ephemeral)"}
{"level":"debug","mysis_id":"879ff1d1-a2b9-41f3-9d60-874db92116a5","mysis_name":"test-mysis","stage":"messages_converted","memory_count":2,"message_count":3,"content_bytes":631,"reasoning_bytes":0,"role_counts":{"system":1,"user":1},"source_counts":{"system":2},"tool_call_count":0,"time":"2026-02-07T16:53:43Z","message":"Context stats (ephemeral)"}
{"level":"debug","mysis_id":"879ff1d1-a2b9-41f3-9d60-874db92116a5","mysis_name":"test-mysis","stage":"before_llm_call","memory_count":2,"message_count":3,"content_bytes":631,"reasoning_bytes":0,"role_counts":{"system":1,"user":1},"source_counts":{"system":2},"tool_call_count":0,"time":"2026-02-07T16:53:43Z","message":"Context stats (ephemeral)"}
{"level":"debug","mysis":"test-mysis","error":"context canceled","time":"2026-02-07T16:53:43Z","message":"Ignoring error - mysis was intentionally stopped"}
{"level":"debug","mysis_id":"ffe15239-f349-4be5-8958-08a9940ca5d3","mysis_name":"test-mysis","stage":"context_memories","memory_count":2,"message_count":0,"content_bytes":542,"reasoning_bytes":0,"role_counts":{"system":1,"user":1},"source_counts":{"system":2},"tool_call_count":0,"time":"2026-02-07T16:53:43Z","message":"Context stats (ephemeral)"}
{"level":"debug","mysis_id":"ffe15239-f349-4be5-8958-08a9940ca5d3","mysis_name":"test-mysis","stage":"messages_converted","memory_count":2,"message_count":3,"content_bytes":631,"reasoning_bytes":0,"role_counts":{"system":1,"user":1},"source_counts":{"system":2},"tool_call_count":0,"time":"2026-02-07T16:53:43Z","message":"Context stats (ephemeral)"}
{"level":"debug","mysis_id":"ffe15239-f349-4be5-8958-08a9940ca5d3","mysis_name":"test-mysis","stage":"before_llm_call","memory_count":2,"message_count":3,"content_bytes":631,"reasoning_bytes":0,"role_counts":{"system":1,"user":1},"source_counts":{"system":2},"tool_call_count":0,"time":"2026-02-07T16:53:43Z","message":"Context stats (ephemeral)"}
{"level":"debug","mysis":"test-mysis","error":"context canceled","time":"2026-02-07T16:53:43Z","message":"Ignoring error - mysis was intentionally stopped"}
{"level":"debug","mysis_id":"5264451d-5151-40b7-94ca-e783733e6f1f","mysis_name":"test-mysis","stage":"context_memories","memory_count":2,"message_count":0,"content_bytes":542,"reasoning_bytes":0,"role_counts":{"system":1,"user":1},"source_counts":{"system":2},"tool_call_count":0,"time":"2026-02-07T16:53:43Z","message":"Context stats (ephemeral)"}
{"level":"debug","mysis_id":"5264451d-5151-40b7-94ca-e783733e6f1f","mysis_name":"test-mysis","stage":"messages_converted","memory_count":2,"message_count":3,"content_bytes":631,"reasoning_bytes":0,"role_counts":{"system":1,"user":1},"source_counts":{"system":2},"tool_call_count":0,"time":"2026-02-07T16:53:43Z","message":"Context stats (ephemeral)"}
{"level":"debug","mysis_id":"5264451d-5151-40b7-94ca-e783733e6f1f","mysis_name":"test-mysis","stage":"before_llm_call","memory_count":2,"message_count":3,"content_bytes":631,"reasoning_bytes":0,"role_counts":{"system":1,"user":1},"source_counts":{"system":2},"tool_call_count":0,"time":"2026-02-07T16:53:43Z","message":"Context stats (ephemeral)"}
{"level":"debug","mysis":"test-mysis","error":"context canceled","time":"2026-02-07T16:53:43Z","message":"Ignoring error - mysis was intentionally stopped"}
{"level":"debug","mysis_id":"c3ac43a4-3fe2-4a7c-b9af-e993400dd419","mysis_name":"test-mysis","stage":"context_memories","memory_count":2,"message_count":0,"content_bytes":542,"reasoning_bytes":0,"role_counts":{"system":1,"user":1},"source_counts":{"system":2},"tool_call_count":0,"time":"2026-02-07T16:53:43Z","message":"Context stats (ephemeral)"}
{"level":"debug","mysis_id":"c3ac43a4-3fe2-4a7c-b9af-e993400dd419","mysis_name":"test-mysis","stage":"messages_converted","memory_count":2,"message_count":3,"content_bytes":631,"reasoning_bytes":0,"role_counts":{"system":1,"user":1},"source_counts":{"system":2},"tool_call_count":0,"time":"2026-02-07T16:53:43Z","message":"Context stats (ephemeral)"}
{"level":"debug","mysis_id":"c3ac43a4-3fe2-4a7c-b9af-e993400dd419","mysis_name":"test-mysis","stage":"before_llm_call","memory_count":2,"message_count":3,"content_bytes":631,"reasoning_bytes":0,"role_counts":{"system":1,"user":1},"source_counts":{"system":2},"tool_call_count":0,"time":"2026-02-07T16:53:43Z","message":"Context stats (ephemeral)"}
{"level":"debug","mysis":"test-mysis","error":"context canceled","time":"2026-02-07T16:53:43Z","message":"Ignoring error - mysis was intentionally stopped"}
{"level":"debug","mysis_id":"e480b516-4214-4268-8df4-d2543b9c3b68","mysis_name":"test-mysis","stage":"context_memories","memory_count":2,"message_count":0,"content_bytes":542,"reasoning_bytes":0,"role_counts":{"system":1,"user":1},"source_counts":{"system":2},"tool_call_count":0,"time":"2026-02-07T16:53:43Z","message":"Context stats (ephemeral)"}
{"level":"debug","mysis_id":"e480b516-4214-4268-8df4-d2543b9c3b68","mysis_name":"test-mysis","stage":"messages_converted","memory_count":2,"message_count":3,"content_bytes":631,"reasoning_bytes":0,"role_counts":{"system":1,"user":1},"source_counts":{"system":2},"tool_call_count":0,"time":"2026-02-07T16:53:43Z","message":"Context stats (ephemeral)"}
{"level":"debug","mysis_id":"e480b516-4214-4268-8df4-d2543b9c3b68","mysis_name":"test-mysis","stage":"before_llm_call","memory_count":2,"message_count":3,"content_bytes":631,"reasoning_bytes":0,"role_counts":{"system":1,"user":1},"source_counts":{"system":2},"tool_call_count":0,"time":"2026-02-07T16:53:43Z","message":"Context stats (ephemeral)"}
{"level":"debug","mysis":"test-mysis","error":"context canceled","time":"2026-02-07T16:53:43Z","message":"Ignoring error - mysis was intentionally stopped"}
{"level":"debug","mysis_id":"3878f12e-8465-410c-a5f9-8d569b58b802","mysis_name":"test-mysis","stage":"context_memories","memory_count":2,"message_count":0,"content_bytes":542,"reasoning_bytes":0,"role_counts":{"system":1,"user":1},"source_counts":{"system":2},"tool_call_count":0,"time":"2026-02-07T16:53:43Z","message":"Context stats (ephemeral)"}
{"level":"debug","mysis_id":"3878f12e-8465-410c-a5f9-8d569b58b802","mysis_name":"test-mysis","stage":"messages_converted","memory_count":2,"message_count":3,"content_bytes":631,"reasoning_bytes":0,"role_counts":{"system":1,"user":1},"source_counts":{"system":2},"tool_call_count":0,"time":"2026-02-07T16:53:43Z","message":"Context stats (ephemeral)"}
{"level":"debug","mysis_id":"3878f12e-8465-410c-a5f9-8d569b58b802","mysis_name":"test-mysis","stage":"before_llm_call","memory_count":2,"message_count":3,"content_bytes":631,"reasoning_bytes":0,"role_counts":{"system":1,"user":1},"source_counts":{"system":2},"tool_call_count":0,"time":"2026-02-07T16:53:43Z","message":"Context stats (ephemeral)"}
{"level":"debug","mysis":"test-mysis","error":"context canceled","time":"2026-02-07T16:53:43Z","message":"Ignoring error - mysis was intentionally stopped"}
{"level":"debug","mysis_id":"f8412863-3f42-4aed-b044-0b0b46032d28","mysis_name":"test-mysis","stage":"context_memories","memory_count":2,"message_count":0,"content_bytes":542,"reasoning_bytes":0,"role_counts":{"system":1,"user":1},"source_counts":{"system":2},"tool_call_count":0,"time":"2026-02-07T16:53:43Z","message":"Context stats (ephemeral)"}
{"level":"debug","mysis_id":"f8412863-3f42-4aed-b044-0b0b46032d28","mysis_name":"test-mysis","stage":"messages_converted","memory_count":2,"message_count":3,"content_bytes":631,"reasoning_bytes":0,"role_counts":{"system":1,"user":1},"source_counts":{"system":2},"tool_call_count":0,"time":"2026-02-07T16:53:43Z","message":"Context stats (ephemeral)"}
{"level":"debug","mysis_id":"f8412863-3f42-4aed-b044-0b0b46032d28","mysis_name":"test-mysis","stage":"before_llm_call","memory_count":2,"message_count":3,"content_bytes":631,"reasoning_bytes":0,"role_counts":{"system":1,"user":1},"source_counts":{"system":2},"tool_call_count":0,"time":"2026-02-07T16:53:43Z","message":"Context stats (ephemeral)"}
{"level":"debug","mysis":"test-mysis","error":"context canceled","time":"2026-02-07T16:53:43Z","message":"Ignoring error - mysis was intentionally stopped"}
{"level":"debug","mysis_id":"10bde0f5-3d8e-47c6-b9c3-2d7da0f745b6","mysis_name":"test-mysis","stage":"context_memories","memory_count":2,"message_count":0,"content_bytes":542,"reasoning_bytes":0,"role_counts":{"system":1,"user":1},"source_counts":{"system":2},"tool_call_count":0,"time":"2026-02-07T16:53:43Z","message":"Context stats (ephemeral)"}
{"level":"debug","mysis_id":"10bde0f5-3d8e-47c6-b9c3-2d7da0f745b6","mysis_name":"test-mysis","stage":"messages_converted","memory_count":2,"message_count":3,"content_bytes":631,"reasoning_bytes":0,"role_counts":{"system":1,"user":1},"source_counts":{"system":2},"tool_call_count":0,"time":"2026-02-07T16:53:43Z","message":"Context stats (ephemeral)"}
{"level":"debug","mysis_id":"10bde0f5-3d8e-47c6-b9c3-2d7da0f745b6","mysis_name":"test-mysis","stage":"before_llm_call","memory_count":2,"message_count":3,"content_bytes":631,"reasoning_bytes":0,"role_counts":{"system":1,"user":1},"source_counts":{"system":2},"tool_call_count":0,"time":"2026-02-07T16:53:43Z","message":"Context stats (ephemeral)"}
{"level":"debug","mysis":"test-mysis","error":"context canceled","time":"2026-02-07T16:53:43Z","message":"Ignoring error - mysis was intentionally stopped"}
{"level":"debug","mysis_id":"fb264aa7-74f2-4088-8bf9-7e5ccb61066a","mysis_name":"test-mysis","stage":"context_memories","memory_count":2,"message_count":0,"content_bytes":542,"reasoning_bytes":0,"role_counts":{"system":1,"user":1},"source_counts":{"system":2},"tool_call_count":0,"time":"2026-02-07T16:53:44Z","message":"Context stats (ephemeral)"}
{"level":"debug","mysis_id":"fb264aa7-74f2-4088-8bf9-7e5ccb61066a","mysis_name":"test-mysis","stage":"messages_converted","memory_count":2,"message_count":3,"content_bytes":631,"reasoning_bytes":0,"role_counts":{"system":1,"user":1},"source_counts":{"system":2},"tool_call_count":0,"time":"2026-02-07T16:53:44Z","message":"Context stats (ephemeral)"}
{"level":"debug","mysis_id":"fb264aa7-74f2-4088-8bf9-7e5ccb61066a","mysis_name":"test-mysis","stage":"before_llm_call","memory_count":2,"message_count":3,"content_bytes":631,"reasoning_bytes":0,"role_counts":{"system":1,"user":1},"source_counts":{"system":2},"tool_call_count":0,"time":"2026-02-07T16:53:44Z","message":"Context stats (ephemeral)"}
{"level":"debug","mysis":"test-mysis","error":"context canceled","time":"2026-02-07T16:53:44Z","message":"Ignoring error - mysis was intentionally stopped"}
{"level":"debug","mysis_id":"7c0e0ce8-a0f4-4514-9c4b-158792b5c46b","mysis_name":"test-mysis","stage":"context_memories","memory_count":2,"message_count":0,"content_bytes":542,"reasoning_bytes":0,"role_counts":{"system":1,"user":1},"source_counts":{"system":2},"tool_call_count":0,"time":"2026-02-07T16:53:44Z","message":"Context stats (ephemeral)"}
{"level":"debug","mysis_id":"7c0e0ce8-a0f4-4514-9c4b-158792b5c46b","mysis_name":"test-mysis","stage":"messages_converted","memory_count":2,"message_count":3,"content_bytes":631,"reasoning_bytes":0,"role_counts":{"system":1,"user":1},"source_counts":{"system":2},"tool_call_count":0,"time":"2026-02-07T16:53:44Z","message":"Context stats (ephemeral)"}
{"level":"debug","mysis_id":"7c0e0ce8-a0f4-4514-9c4b-158792b5c46b","mysis_name":"test-mysis","stage":"before_llm_call","memory_count":2,"message_count":3,"content_bytes":631,"reasoning_bytes":0,"role_counts":{"system":1,"user":1},"source_counts":{"system":2},"tool_call_count":0,"time":"2026-02-07T16:53:44Z","message":"Context stats (ephemeral)"}
{"level":"debug","mysis":"test-mysis","error":"context canceled","time":"2026-02-07T16:53:44Z","message":"Ignoring error - mysis was intentionally stopped"}
{"level":"debug","mysis_id":"32dbea1c-b457-4ff3-ba49-4f2303d0dd05","mysis_name":"test-mysis","stage":"context_memories","memory_count":2,"message_count":0,"content_bytes":542,"reasoning_bytes":0,"role_counts":{"system":1,"user":1},"source_counts":{"system":2},"tool_call_count":0,"time":"2026-02-07T16:53:44Z","message":"Context stats (ephemeral)"}
{"level":"debug","mysis_id":"32dbea1c-b457-4ff3-ba49-4f2303d0dd05","mysis_name":"test-mysis","stage":"messages_converted","memory_count":2,"message_count":3,"content_bytes":631,"reasoning_bytes":0,"role_counts":{"system":1,"user":1},"source_counts":{"system":2},"tool_call_count":0,"time":"2026-02-07T16:53:44Z","message":"Context stats (ephemeral)"}
{"level":"debug","mysis_id":"32dbea1c-b457-4ff3-ba49-4f2303d0dd05","mysis_name":"test-mysis","stage":"before_llm_call","memory_count":2,"message_count":3,"content_bytes":631,"reasoning_bytes":0,"role_counts":{"system":1,"user":1},"source_counts":{"system":2},"tool_call_count":0,"time":"2026-02-07T16:53:44Z","message":"Context stats (ephemeral)"}
{"level":"debug","mysis":"test-mysis","error":"context canceled","time":"2026-02-07T16:53:44Z","message":"Ignoring error - mysis was intentionally stopped"}
{"level":"debug","mysis_id":"3387e8e1-554c-4397-8274-d62e2197a5a7","mysis_name":"test-mysis","stage":"context_memories","memory_count":2,"message_count":0,"content_bytes":542,"reasoning_bytes":0,"role_counts":{"system":1,"user":1},"source_counts":{"system":2},"tool_call_count":0,"time":"2026-02-07T16:53:44Z","message":"Context stats (ephemeral)"}
{"level":"debug","mysis_id":"3387e8e1-554c-4397-8274-d62e2197a5a7","mysis_name":"test-mysis","stage":"messages_converted","memory_count":2,"message_count":3,"content_bytes":631,"reasoning_bytes":0,"role_counts":{"system":1,"user":1},"source_counts":{"system":2},"tool_call_count":0,"time":"2026-02-07T16:53:44Z","message":"Context stats (ephemeral)"}
{"level":"debug","mysis_id":"3387e8e1-554c-4397-8274-d62e2197a5a7","mysis_name":"test-mysis","stage":"before_llm_call","memory_count":2,"message_count":3,"content_bytes":631,"reasoning_bytes":0,"role_counts":{"system":1,"user":1},"source_counts":{"system":2},"tool_call_count":0,"time":"2026-02-07T16:53:44Z","message":"Context stats (ephemeral)"}
{"level":"debug","mysis":"test-mysis","error":"context canceled","time":"2026-02-07T16:53:44Z","message":"Ignoring error - mysis was intentionally stopped"}
{"level":"debug","mysis_id":"674a7fa4-dcd5-44eb-91e2-49f5b2ef594f","mysis_name":"test-mysis","stage":"context_memories","memory_count":2,"message_count":0,"content_bytes":542,"reasoning_bytes":0,"role_counts":{"system":1,"user":1},"source_counts":{"system":2},"tool_call_count":0,"time":"2026-02-07T16:53:44Z","message":"Context stats (ephemeral)"}
{"level":"debug","mysis_id":"674a7fa4-dcd5-44eb-91e2-49f5b2ef594f","mysis_name":"test-mysis","stage":"messages_converted","memory_count":2,"message_count":3,"content_bytes":631,"reasoning_bytes":0,"role_counts":{"system":1,"user":1},"source_counts":{"system":2},"tool_call_count":0,"time":"2026-02-07T16:53:44Z","message":"Context stats (ephemeral)"}
{"level":"debug","mysis_id":"674a7fa4-dcd5-44eb-91e2-49f5b2ef594f","mysis_name":"test-mysis","stage":"before_llm_call","memory_count":2,"message_count":3,"content_bytes":631,"reasoning_bytes":0,"role_counts":{"system":1,"user":1},"source_counts":{"system":2},"tool_call_count":0,"time":"2026-02-07T16:53:44Z","message":"Context stats (ephemeral)"}
{"level":"debug","mysis":"test-mysis","error":"context canceled","time":"2026-02-07T16:53:44Z","message":"Ignoring error - mysis was intentionally stopped"}
{"level":"debug","mysis_id":"c30beaf3-d912-4c2b-97a5-9d5c84384dba","mysis_name":"test-mysis","stage":"context_memories","memory_count":2,"message_count":0,"content_bytes":542,"reasoning_bytes":0,"role_counts":{"system":1,"user":1},"source_counts":{"system":2},"tool_call_count":0,"time":"2026-02-07T16:53:44Z","message":"Context stats (ephemeral)"}
{"level":"debug","mysis_id":"c30beaf3-d912-4c2b-97a5-9d5c84384dba","mysis_name":"test-mysis","stage":"messages_converted","memory_count":2,"message_count":3,"content_bytes":631,"reasoning_bytes":0,"role_counts":{"system":1,"user":1},"source_counts":{"system":2},"tool_call_count":0,"time":"2026-02-07T16:53:44Z","message":"Context stats (ephemeral)"}
{"level":"debug","mysis_id":"c30beaf3-d912-4c2b-97a5-9d5c84384dba","mysis_name":"test-mysis","stage":"before_llm_call","memory_count":2,"message_count":3,"content_bytes":631,"reasoning_bytes":0,"role_counts":{"system":1,"user":1},"source_counts":{"system":2},"tool_call_count":0,"time":"2026-02-07T16:53:44Z","message":"Context stats (ephemeral)"}
{"level":"debug","mysis":"test-mysis","error":"context canceled","time":"2026-02-07T16:53:44Z","message":"Ignoring error - mysis was intentionally stopped"}
{"level":"debug","mysis_id":"cd7b72c7-08a4-499b-9660-001d1bb48571","mysis_name":"test-mysis","stage":"context_memories","memory_count":2,"message_count":0,"content_bytes":542,"reasoning_bytes":0,"role_counts":{"system":1,"user":1},"source_counts":{"system":2},"tool_call_count":0,"time":"2026-02-07T16:53:44Z","message":"Context stats (ephemeral)"}
{"level":"debug","mysis_id":"cd7b72c7-08a4-499b-9660-001d1bb48571","mysis_name":"test-mysis","stage":"messages_converted","memory_count":2,"message_count":3,"content_bytes":631,"reasoning_bytes":0,"role_counts":{"system":1,"user":1},"source_counts":{"system":2},"tool_call_count":0,"time":"2026-02-07T16:53:44Z","message":"Context stats (ephemeral)"}
{"level":"debug","mysis_id":"cd7b72c7-08a4-499b-9660-001d1bb48571","mysis_name":"test-mysis","stage":"before_llm_call","memory_count":2,"message_count":3,"content_bytes":631,"reasoning_bytes":0,"role_counts":{"system":1,"user":1},"source_counts":{"system":2},"tool_call_count":0,"time":"2026-02-07T16:53:44Z","message":"Context stats (ephemeral)"}
{"level":"debug","mysis":"test-mysis","error":"context canceled","time":"2026-02-07T16:53:44Z","message":"Ignoring error - mysis was intentionally stopped"}
{"level":"debug","mysis_id":"342d17aa-1933-431e-a6a8-1d21e67098ee","mysis_name":"test-mysis","stage":"context_memories","memory_count":2,"message_count":0,"content_bytes":542,"reasoning_bytes":0,"role_counts":{"system":1,"user":1},"source_counts":{"system":2},"tool_call_count":0,"time":"2026-02-07T16:53:44Z","message":"Context stats (ephemeral)"}
{"level":"debug","mysis_id":"342d17aa-1933-431e-a6a8-1d21e67098ee","mysis_name":"test-mysis","stage":"messages_converted","memory_count":2,"message_count":3,"content_bytes":631,"reasoning_bytes":0,"role_counts":{"system":1,"user":1},"source_counts":{"system":2},"tool_call_count":0,"time":"2026-02-07T16:53:44Z","message":"Context stats (ephemeral)"}
{"level":"debug","mysis_id":"342d17aa-1933-431e-a6a8-1d21e67098ee","mysis_name":"test-mysis","stage":"before_llm_call","memory_count":2,"message_count":3,"content_bytes":631,"reasoning_bytes":0,"role_counts":{"system":1,"user":1},"source_counts":{"system":2},"tool_call_count":0,"time":"2026-02-07T16:53:44Z","message":"Context stats (ephemeral)"}
{"level":"debug","mysis":"test-mysis","error":"context canceled","time":"2026-02-07T16:53:44Z","message":"Ignoring error - mysis was intentionally stopped"}
{"level":"debug","mysis_id":"20e5e806-b336-43a6-bf4d-c7a45735f104","mysis_name":"test-mysis","stage":"context_memories","memory_count":2,"message_count":0,"content_bytes":542,"reasoning_bytes":0,"role_counts":{"system":1,"user":1},"source_counts":{"system":2},"tool_call_count":0,"time":"2026-02-07T16:53:44Z","message":"Context stats (ephemeral)"}
{"level":"debug","mysis_id":"20e5e806-b336-43a6-bf4d-c7a45735f104","mysis_name":"test-mysis","stage":"messages_converted","memory_count":2,"message_count":3,"content_bytes":631,"reasoning_bytes":0,"role_counts":{"system":1,"user":1},"source_counts":{"system":2},"tool_call_count":0,"time":"2026-02-07T16:53:44Z","message":"Context stats (ephemeral)"}
{"level":"debug","mysis_id":"20e5e806-b336-43a6-bf4d-c7a45735f104","mysis_name":"test-mysis","stage":"before_llm_call","memory_count":2,"message_count":3,"content_bytes":631,"reasoning_bytes":0,"role_counts":{"system":1,"user":1},"source_counts":{"system":2},"tool_call_count":0,"time":"2026-02-07T16:53:44Z","message":"Context stats (ephemeral)"}
{"level":"debug","mysis":"test-mysis","error":"context canceled","time":"2026-02-07T16:53:44Z","message":"Ignoring error - mysis was intentionally stopped"}
{"level":"debug","mysis_id":"7b242d93-3bdb-406e-865c-60cc7a590688","mysis_name":"test-mysis","stage":"context_memories","memory_count":2,"message_count":0,"content_bytes":542,"reasoning_bytes":0,"role_counts":{"system":1,"user":1},"source_counts":{"system":2},"tool_call_count":0,"time":"2026-02-07T16:53:44Z","message":"Context stats (ephemeral)"}
{"level":"debug","mysis_id":"7b242d93-3bdb-406e-865c-60cc7a590688","mysis_name":"test-mysis","stage":"messages_converted","memory_count":2,"message_count":3,"content_bytes":631,"reasoning_bytes":0,"role_counts":{"system":1,"user":1},"source_counts":{"system":2},"tool_call_count":0,"time":"2026-02-07T16:53:44Z","message":"Context stats (ephemeral)"}
{"level":"debug","mysis_id":"7b242d93-3bdb-406e-865c-60cc7a590688","mysis_name":"test-mysis","stage":"before_llm_call","memory_count":2,"message_count":3,"content_bytes":631,"reasoning_bytes":0,"role_counts":{"system":1,"user":1},"source_counts":{"system":2},"tool_call_count":0,"time":"2026-02-07T16:53:44Z","message":"Context stats (ephemeral)"}
{"level":"debug","mysis":"test-mysis","error":"context canceled","time":"2026-02-07T16:53:44Z","message":"Ignoring error - mysis was intentionally stopped"}
{"level":"debug","mysis_id":"81f549b2-ac4f-4e16-8956-a9e9f27202b3","mysis_name":"test-mysis","stage":"context_memories","memory_count":2,"message_count":0,"content_bytes":542,"reasoning_bytes":0,"role_counts":{"system":1,"user":1},"source_counts":{"system":2},"tool_call_count":0,"time":"2026-02-07T16:53:44Z","message":"Context stats (ephemeral)"}
{"level":"debug","mysis_id":"81f549b2-ac4f-4e16-8956-a9e9f27202b3","mysis_name":"test-mysis","stage":"messages_converted","memory_count":2,"message_count":3,"content_bytes":631,"reasoning_bytes":0,"role_counts":{"system":1,"user":1},"source_counts":{"system":2},"tool_call_count":0,"time":"2026-02-07T16:53:44Z","message":"Context stats (ephemeral)"}
{"level":"debug","mysis_id":"81f549b2-ac4f-4e16-8956-a9e9f27202b3","mysis_name":"test-mysis","stage":"before_llm_call","memory_count":2,"message_count":3,"content_bytes":631,"reasoning_bytes":0,"role_counts":{"system":1,"user":1},"source_counts":{"system":2},"tool_call_count":0,"time":"2026-02-07T16:53:44Z","message":"Context stats (ephemeral)"}
{"level":"debug","mysis":"test-mysis","error":"context canceled","time":"2026-02-07T16:53:44Z","message":"Ignoring error - mysis was intentionally stopped"}
{"level":"debug","mysis_id":"3aea629f-c5ec-49da-8459-5281226124be","mysis_name":"test-mysis","stage":"context_memories","memory_count":2,"message_count":0,"content_bytes":542,"reasoning_bytes":0,"role_counts":{"system":1,"user":1},"source_counts":{"system":2},"tool_call_count":0,"time":"2026-02-07T16:53:44Z","message":"Context stats (ephemeral)"}
{"level":"debug","mysis_id":"3aea629f-c5ec-49da-8459-5281226124be","mysis_name":"test-mysis","stage":"messages_converted","memory_count":2,"message_count":3,"content_bytes":631,"reasoning_bytes":0,"role_counts":{"system":1,"user":1},"source_counts":{"system":2},"tool_call_count":0,"time":"2026-02-07T16:53:44Z","message":"Context stats (ephemeral)"}
{"level":"debug","mysis_id":"3aea629f-c5ec-49da-8459-5281226124be","mysis_name":"test-mysis","stage":"before_llm_call","memory_count":2,"message_count":3,"content_bytes":631,"reasoning_bytes":0,"role_counts":{"system":1,"user":1},"source_counts":{"system":2},"tool_call_count":0,"time":"2026-02-07T16:53:44Z","message":"Context stats (ephemeral)"}
{"level":"debug","mysis":"test-mysis","error":"context canceled","time":"2026-02-07T16:53:44Z","message":"Ignoring error - mysis was intentionally stopped"}
{"level":"debug","mysis_id":"70463271-54b8-4d6d-b3a2-9ca6dbf4e0b4","mysis_name":"test-mysis","stage":"context_memories","memory_count":2,"message_count":0,"content_bytes":542,"reasoning_bytes":0,"role_counts":{"system":1,"user":1},"source_counts":{"system":2},"tool_call_count":0,"time":"2026-02-07T16:53:44Z","message":"Context stats (ephemeral)"}
{"level":"debug","mysis_id":"70463271-54b8-4d6d-b3a2-9ca6dbf4e0b4","mysis_name":"test-mysis","stage":"messages_converted","memory_count":2,"message_count":3,"content_bytes":631,"reasoning_bytes":0,"role_counts":{"system":1,"user":1},"source_counts":{"system":2},"tool_call_count":0,"time":"2026-02-07T16:53:44Z","message":"Context stats (ephemeral)"}
{"level":"debug","mysis_id":"70463271-54b8-4d6d-b3a2-9ca6dbf4e0b4","mysis_name":"test-mysis","stage":"before_llm_call","memory_count":2,"message_count":3,"content_bytes":631,"reasoning_bytes":0,"role_counts":{"system":1,"user":1},"source_counts":{"system":2},"tool_call_count":0,"time":"2026-02-07T16:53:44Z","message":"Context stats (ephemeral)"}
{"level":"debug","mysis":"test-mysis","error":"context canceled","time":"2026-02-07T16:53:44Z","message":"Ignoring error - mysis was intentionally stopped"}
{"level":"debug","mysis_id":"d5867e5d-4ffb-4d26-bc63-862bc742551a","mysis_name":"test-mysis","stage":"context_memories","memory_count":2,"message_count":0,"content_bytes":542,"reasoning_bytes":0,"role_counts":{"system":1,"user":1},"source_counts":{"system":2},"tool_call_count":0,"time":"2026-02-07T16:53:44Z","message":"Context stats (ephemeral)"}
{"level":"debug","mysis_id":"d5867e5d-4ffb-4d26-bc63-862bc742551a","mysis_name":"test-mysis","stage":"messages_converted","memory_count":2,"message_count":3,"content_bytes":631,"reasoning_bytes":0,"role_counts":{"system":1,"user":1},"source_counts":{"system":2},"tool_call_count":0,"time":"2026-02-07T16:53:44Z","message":"Context stats (ephemeral)"}
{"level":"debug","mysis_id":"d5867e5d-4ffb-4d26-bc63-862bc742551a","mysis_name":"test-mysis","stage":"before_llm_call","memory_count":2,"message_count":3,"content_bytes":631,"reasoning_bytes":0,"role_counts":{"system":1,"user":1},"source_counts":{"system":2},"tool_call_count":0,"time":"2026-02-07T16:53:44Z","message":"Context stats (ephemeral)"}
{"level":"debug","mysis":"test-mysis","error":"context canceled","time":"2026-02-07T16:53:44Z","message":"Ignoring error - mysis was intentionally stopped"}
{"level":"debug","mysis_id":"6c204a4a-8b18-445e-9c97-6755589beb03","mysis_name":"test-mysis","stage":"context_memories","memory_count":2,"message_count":0,"content_bytes":542,"reasoning_bytes":0,"role_counts":{"system":1,"user":1},"source_counts":{"system":2},"tool_call_count":0,"time":"2026-02-07T16:53:44Z","message":"Context stats (ephemeral)"}
{"level":"debug","mysis_id":"6c204a4a-8b18-445e-9c97-6755589beb03","mysis_name":"test-mysis","stage":"messages_converted","memory_count":2,"message_count":3,"content_bytes":631,"reasoning_bytes":0,"role_counts":{"system":1,"user":1},"source_counts":{"system":2},"tool_call_count":0,"time":"2026-02-07T16:53:44Z","message":"Context stats (ephemeral)"}
{"level":"debug","mysis_id":"6c204a4a-8b18-445e-9c97-6755589beb03","mysis_name":"test-mysis","stage":"before_llm_call","memory_count":2,"message_count":3,"content_bytes":631,"reasoning_bytes":0,"role_counts":{"system":1,"user":1},"source_counts":{"system":2},"tool_call_count":0,"time":"2026-02-07T16:53:44Z","message":"Context stats (ephemeral)"}
{"level":"debug","mysis":"test-mysis","error":"context canceled","time":"2026-02-07T16:53:44Z","message":"Ignoring error - mysis was intentionally stopped"}
{"level":"debug","mysis_id":"4de53933-6f74-4b02-b262-688378692758","mysis_name":"test-mysis","stage":"context_memories","memory_count":2,"message_count":0,"content_bytes":542,"reasoning_bytes":0,"role_counts":{"system":1,"user":1},"source_counts":{"system":2},"tool_call_count":0,"time":"2026-02-07T16:53:44Z","message":"Context stats (ephemeral)"}
{"level":"debug","mysis_id":"4de53933-6f74-4b02-b262-688378692758","mysis_name":"test-mysis","stage":"messages_converted","memory_count":2,"message_count":3,"content_bytes":631,"reasoning_bytes":0,"role_counts":{"system":1,"user":1},"source_counts":{"system":2},"tool_call_count":0,"time":"2026-02-07T16:53:44Z","message":"Context stats (ephemeral)"}
{"level":"debug","mysis_id":"4de53933-6f74-4b02-b262-688378692758","mysis_name":"test-mysis","stage":"before_llm_call","memory_count":2,"message_count":3,"content_bytes":631,"reasoning_bytes":0,"role_counts":{"system":1,"user":1},"source_counts":{"system":2},"tool_call_count":0,"time":"2026-02-07T16:53:44Z","message":"Context stats (ephemeral)"}
{"level":"debug","mysis":"test-mysis","error":"context canceled","time":"2026-02-07T16:53:44Z","message":"Ignoring error - mysis was intentionally stopped"}
{"level":"debug","mysis_id":"5eb167e9-096f-4221-a1cd-ec8a7c034c08","mysis_name":"test-mysis","stage":"context_memories","memory_count":2,"message_count":0,"content_bytes":542,"reasoning_bytes":0,"role_counts":{"system":1,"user":1},"source_counts":{"system":2},"tool_call_count":0,"time":"2026-02-07T16:53:44Z","message":"Context stats (ephemeral)"}
{"level":"debug","mysis_id":"5eb167e9-096f-4221-a1cd-ec8a7c034c08","mysis_name":"test-mysis","stage":"messages_converted","memory_count":2,"message_count":3,"content_bytes":631,"reasoning_bytes":0,"role_counts":{"system":1,"user":1},"source_counts":{"system":2},"tool_call_count":0,"time":"2026-02-07T16:53:44Z","message":"Context stats (ephemeral)"}
{"level":"debug","mysis_id":"5eb167e9-096f-4221-a1cd-ec8a7c034c08","mysis_name":"test-mysis","stage":"before_llm_call","memory_count":2,"message_count":3,"content_bytes":631,"reasoning_bytes":0,"role_counts":{"system":1,"user":1},"source_counts":{"system":2},"tool_call_count":0,"time":"2026-02-07T16:53:44Z","message":"Context stats (ephemeral)"}
{"level":"debug","mysis":"test-mysis","error":"context canceled","time":"2026-02-07T16:53:44Z","message":"Ignoring error - mysis was intentionally stopped"}
{"level":"debug","mysis_id":"10fe71e7-d9c8-4950-94ec-ad50b8f449cd","mysis_name":"test-mysis","stage":"context_memories","memory_count":2,"message_count":0,"content_bytes":542,"reasoning_bytes":0,"role_counts":{"system":1,"user":1},"source_counts":{"system":2},"tool_call_count":0,"time":"2026-02-07T16:53:44Z","message":"Context stats (ephemeral)"}
{"level":"debug","mysis_id":"10fe71e7-d9c8-4950-94ec-ad50b8f449cd","mysis_name":"test-mysis","stage":"messages_converted","memory_count":2,"message_count":3,"content_bytes":631,"reasoning_bytes":0,"role_counts":{"system":1,"user":1},"source_counts":{"system":2},"tool_call_count":0,"time":"2026-02-07T16:53:44Z","message":"Context stats (ephemeral)"}
{"level":"debug","mysis_id":"10fe71e7-d9c8-4950-94ec-ad50b8f449cd","mysis_name":"test-mysis","stage":"before_llm_call","memory_count":2,"message_count":3,"content_bytes":631,"reasoning_bytes":0,"role_counts":{"system":1,"user":1},"source_counts":{"system":2},"tool_call_count":0,"time":"2026-02-07T16:53:44Z","message":"Context stats (ephemeral)"}
{"level":"debug","mysis":"test-mysis","error":"context canceled","time":"2026-02-07T16:53:44Z","message":"Ignoring error - mysis was intentionally stopped"}
{"level":"debug","mysis_id":"d2d8a094-ec9a-4a1a-bf2d-c11550b1813f","mysis_name":"test-mysis","stage":"context_memories","memory_count":2,"message_count":0,"content_bytes":542,"reasoning_bytes":0,"role_counts":{"system":1,"user":1},"source_counts":{"system":2},"tool_call_count":0,"time":"2026-02-07T16:53:44Z","message":"Context stats (ephemeral)"}
{"level":"debug","mysis_id":"d2d8a094-ec9a-4a1a-bf2d-c11550b1813f","mysis_name":"test-mysis","stage":"messages_converted","memory_count":2,"message_count":3,"content_bytes":631,"reasoning_bytes":0,"role_counts":{"system":1,"user":1},"source_counts":{"system":2},"tool_call_count":0,"time":"2026-02-07T16:53:44Z","message":"Context stats (ephemeral)"}
{"level":"debug","mysis_id":"d2d8a094-ec9a-4a1a-bf2d-c11550b1813f","mysis_name":"test-mysis","stage":"before_llm_call","memory_count":2,"message_count":3,"content_bytes":631,"reasoning_bytes":0,"role_counts":{"system":1,"user":1},"source_counts":{"system":2},"tool_call_count":0,"time":"2026-02-07T16:53:44Z","message":"Context stats (ephemeral)"}
{"level":"debug","mysis":"test-mysis","error":"context canceled","time":"2026-02-07T16:53:44Z","message":"Ignoring error - mysis was intentionally stopped"}
{"level":"debug","mysis_id":"84526ed7-6381-4516-bec6-2105b3537cf9","mysis_name":"test-mysis","stage":"context_memories","memory_count":2,"message_count":0,"content_bytes":542,"reasoning_bytes":0,"role_counts":{"system":1,"user":1},"source_counts":{"system":2},"tool_call_count":0,"time":"2026-02-07T16:53:44Z","message":"Context stats (ephemeral)"}
{"level":"debug","mysis_id":"84526ed7-6381-4516-bec6-2105b3537cf9","mysis_name":"test-mysis","stage":"messages_converted","memory_count":2,"message_count":3,"content_bytes":631,"reasoning_bytes":0,"role_counts":{"system":1,"user":1},"source_counts":{"system":2},"tool_call_count":0,"time":"2026-02-07T16:53:44Z","message":"Context stats (ephemeral)"}
{"level":"debug","mysis_id":"84526ed7-6381-4516-bec6-2105b3537cf9","mysis_name":"test-mysis","stage":"before_llm_call","memory_count":2,"message_count":3,"content_bytes":631,"reasoning_bytes":0,"role_counts":{"system":1,"user":1},"source_counts":{"system":2},"tool_call_count":0,"time":"2026-02-07T16:53:44Z","message":"Context stats (ephemeral)"}
{"level":"debug","mysis":"test-mysis","error":"context canceled","time":"2026-02-07T16:53:44Z","message":"Ignoring error - mysis was intentionally stopped"}
{"level":"debug","mysis_id":"f6c2abe0-bf17-473b-94c0-972140717182","mysis_name":"test-mysis","stage":"context_memories","memory_count":2,"message_count":0,"content_bytes":542,"reasoning_bytes":0,"role_counts":{"system":1,"user":1},"source_counts":{"system":2},"tool_call_count":0,"time":"2026-02-07T16:53:44Z","message":"Context stats (ephemeral)"}
{"level":"debug","mysis_id":"f6c2abe0-bf17-473b-94c0-972140717182","mysis_name":"test-mysis","stage":"messages_converted","memory_count":2,"message_count":3,"content_bytes":631,"reasoning_bytes":0,"role_counts":{"system":1,"user":1},"source_counts":{"system":2},"tool_call_count":0,"time":"2026-02-07T16:53:44Z","message":"Context stats (ephemeral)"}
{"level":"debug","mysis_id":"f6c2abe0-bf17-473b-94c0-972140717182","mysis_name":"test-mysis","stage":"before_llm_call","memory_count":2,"message_count":3,"content_bytes":631,"reasoning_bytes":0,"role_counts":{"system":1,"user":1},"source_counts":{"system":2},"tool_call_count":0,"time":"2026-02-07T16:53:44Z","message":"Context stats (ephemeral)"}
{"level":"debug","mysis":"test-mysis","error":"context canceled","time":"2026-02-07T16:53:44Z","message":"Ignoring error - mysis was intentionally stopped"}
{"level":"debug","mysis_id":"16951cb5-7a9b-4d79-814d-e8ab38efa84f","mysis_name":"test-mysis","stage":"context_memories","memory_count":2,"message_count":0,"content_bytes":542,"reasoning_bytes":0,"role_counts":{"system":1,"user":1},"source_counts":{"system":2},"tool_call_count":0,"time":"2026-02-07T16:53:44Z","message":"Context stats (ephemeral)"}
{"level":"debug","mysis_id":"16951cb5-7a9b-4d79-814d-e8ab38efa84f","mysis_name":"test-mysis","stage":"messages_converted","memory_count":2,"message_count":3,"content_bytes":631,"reasoning_bytes":0,"role_counts":{"system":1,"user":1},"source_counts":{"system":2},"tool_call_count":0,"time":"2026-02-07T16:53:44Z","message":"Context stats (ephemeral)"}
{"level":"debug","mysis_id":"16951cb5-7a9b-4d79-814d-e8ab38efa84f","mysis_name":"test-mysis","stage":"before_llm_call","memory_count":2,"message_count":3,"content_bytes":631,"reasoning_bytes":0,"role_counts":{"system":1,"user":1},"source_counts":{"system":2},"tool_call_count":0,"time":"2026-02-07T16:53:44Z","message":"Context stats (ephemeral)"}
{"level":"debug","mysis":"test-mysis","error":"context canceled","time":"2026-02-07T16:53:44Z","message":"Ignoring error - mysis was intentionally stopped"}
{"level":"debug","mysis_id":"039d4fd1-26f1-4c14-88b8-10d9928fd076","mysis_name":"test-mysis","stage":"context_memories","memory_count":2,"message_count":0,"content_bytes":542,"reasoning_bytes":0,"role_counts":{"system":1,"user":1},"source_counts":{"system":2},"tool_call_count":0,"time":"2026-02-07T16:53:44Z","message":"Context stats (ephemeral)"}
{"level":"debug","mysis_id":"039d4fd1-26f1-4c14-88b8-10d9928fd076","mysis_name":"test-mysis","stage":"messages_converted","memory_count":2,"message_count":3,"content_bytes":631,"reasoning_bytes":0,"role_counts":{"system":1,"user":1},"source_counts":{"system":2},"tool_call_count":0,"time":"2026-02-07T16:53:44Z","message":"Context stats (ephemeral)"}
{"level":"debug","mysis_id":"039d4fd1-26f1-4c14-88b8-10d9928fd076","mysis_name":"test-mysis","stage":"before_llm_call","memory_count":2,"message_count":3,"content_bytes":631,"reasoning_bytes":0,"role_counts":{"system":1,"user":1},"source_counts":{"system":2},"tool_call_count":0,"time":"2026-02-07T16:53:44Z","message":"Context stats (ephemeral)"}
{"level":"debug","mysis":"test-mysis","error":"context canceled","time":"2026-02-07T16:53:44Z","message":"Ignoring error - mysis was intentionally stopped"}
{"level":"debug","mysis_id":"dfdc1ab5-1be3-4e8b-b539-42282c7d3422","mysis_name":"test-mysis","stage":"context_memories","memory_count":2,"message_count":0,"content_bytes":542,"reasoning_bytes":0,"role_counts":{"system":1,"user":1},"source_counts":{"system":2},"tool_call_count":0,"time":"2026-02-07T16:53:44Z","message":"Context stats (ephemeral)"}
{"level":"debug","mysis_id":"dfdc1ab5-1be3-4e8b-b539-42282c7d3422","mysis_name":"test-mysis","stage":"messages_converted","memory_count":2,"message_count":3,"content_bytes":631,"reasoning_bytes":0,"role_counts":{"system":1,"user":1},"source_counts":{"system":2},"tool_call_count":0,"time":"2026-02-07T16:53:44Z","message":"Context stats (ephemeral)"}
{"level":"debug","mysis_id":"dfdc1ab5-1be3-4e8b-b539-42282c7d3422","mysis_name":"test-mysis","stage":"before_llm_call","memory_count":2,"message_count":3,"content_bytes":631,"reasoning_bytes":0,"role_counts":{"system":1,"user":1},"source_counts":{"system":2},"tool_call_count":0,"time":"2026-02-07T16:53:44Z","message":"Context stats (ephemeral)"}
{"level":"debug","mysis":"test-mysis","error":"context canceled","time":"2026-02-07T16:53:44Z","message":"Ignoring error - mysis was intentionally stopped"}
{"level":"debug","mysis_id":"9283d7fa-1c94-4a08-bb11-3451a7488ea1","mysis_name":"test-mysis","stage":"context_memories","memory_count":2,"message_count":0,"content_bytes":542,"reasoning_bytes":0,"role_counts":{"system":1,"user":1},"source_counts":{"system":2},"tool_call_count":0,"time":"2026-02-07T16:53:44Z","message":"Context stats (ephemeral)"}
{"level":"debug","mysis_id":"9283d7fa-1c94-4a08-bb11-3451a7488ea1","mysis_name":"test-mysis","stage":"messages_converted","memory_count":2,"message_count":3,"content_bytes":631,"reasoning_bytes":0,"role_counts":{"system":1,"user":1},"source_counts":{"system":2},"tool_call_count":0,"time":"2026-02-07T16:53:44Z","message":"Context stats (ephemeral)"}
{"level":"debug","mysis_id":"9283d7fa-1c94-4a08-bb11-3451a7488ea1","mysis_name":"test-mysis","stage":"before_llm_call","memory_count":2,"message_count":3,"content_bytes":631,"reasoning_bytes":0,"role_counts":{"system":1,"user":1},"source_counts":{"system":2},"tool_call_count":0,"time":"2026-02-07T16:53:44Z","message":"Context stats (ephemeral)"}
{"level":"debug","mysis":"test-mysis","error":"context canceled","time":"2026-02-07T16:53:44Z","message":"Ignoring error - mysis was intentionally stopped"}
{"level":"debug","mysis_id":"cfd3eec3-831b-4527-a5bc-4b634e513c34","mysis_name":"test-mysis","stage":"context_memories","memory_count":2,"message_count":0,"content_bytes":542,"reasoning_bytes":0,"role_counts":{"system":1,"user":1},"source_counts":{"system":2},"tool_call_count":0,"time":"2026-02-07T16:53:44Z","message":"Context stats (ephemeral)"}
{"level":"debug","mysis_id":"cfd3eec3-831b-4527-a5bc-4b634e513c34","mysis_name":"test-mysis","stage":"messages_converted","memory_count":2,"message_count":3,"content_bytes":631,"reasoning_bytes":0,"role_counts":{"system":1,"user":1},"source_counts":{"system":2},"tool_call_count":0,"time":"2026-02-07T16:53:44Z","message":"Context stats (ephemeral)"}
{"level":"debug","mysis_id":"cfd3eec3-831b-4527-a5bc-4b634e513c34","mysis_name":"test-mysis","stage":"before_llm_call","memory_count":2,"message_count":3,"content_bytes":631,"reasoning_bytes":0,"role_counts":{"system":1,"user":1},"source_counts":{"system":2},"tool_call_count":0,"time":"2026-02-07T16:53:44Z","message":"Context stats (ephemeral)"}
{"level":"debug","mysis":"test-mysis","error":"context canceled","time":"2026-02-07T16:53:44Z","message":"Ignoring error - mysis was intentionally stopped"}
{"level":"debug","mysis_id":"985c5fdf-7eae-4e22-a012-89905ba1d01c","mysis_name":"test-mysis","stage":"context_memories","memory_count":2,"message_count":0,"content_bytes":542,"reasoning_bytes":0,"role_counts":{"system":1,"user":1},"source_counts":{"system":2},"tool_call_count":0,"time":"2026-02-07T16:53:44Z","message":"Context stats (ephemeral)"}
{"level":"debug","mysis_id":"985c5fdf-7eae-4e22-a012-89905ba1d01c","mysis_name":"test-mysis","stage":"messages_converted","memory_count":2,"message_count":3,"content_bytes":631,"reasoning_bytes":0,"role_counts":{"system":1,"user":1},"source_counts":{"system":2},"tool_call_count":0,"time":"2026-02-07T16:53:44Z","message":"Context stats (ephemeral)"}
{"level":"debug","mysis_id":"985c5fdf-7eae-4e22-a012-89905ba1d01c","mysis_name":"test-mysis","stage":"before_llm_call","memory_count":2,"message_count":3,"content_bytes":631,"reasoning_bytes":0,"role_counts":{"system":1,"user":1},"source_counts":{"system":2},"tool_call_count":0,"time":"2026-02-07T16:53:44Z","message":"Context stats (ephemeral)"}
{"level":"debug","mysis":"test-mysis","error":"context canceled","time":"2026-02-07T16:53:44Z","message":"Ignoring error - mysis was intentionally stopped"}
{"level":"debug","mysis_id":"4642edab-0329-422c-85cc-d264e52de12c","mysis_name":"test-mysis","stage":"context_memories","memory_count":2,"message_count":0,"content_bytes":542,"reasoning_bytes":0,"role_counts":{"system":1,"user":1},"source_counts":{"system":2},"tool_call_count":0,"time":"2026-02-07T16:53:44Z","message":"Context stats (ephemeral)"}
{"level":"debug","mysis_id":"4642edab-0329-422c-85cc-d264e52de12c","mysis_name":"test-mysis","stage":"messages_converted","memory_count":2,"message_count":3,"content_bytes":631,"reasoning_bytes":0,"role_counts":{"system":1,"user":1},"source_counts":{"system":2},"tool_call_count":0,"time":"2026-02-07T16:53:44Z","message":"Context stats (ephemeral)"}
{"level":"debug","mysis_id":"4642edab-0329-422c-85cc-d264e52de12c","mysis_name":"test-mysis","stage":"before_llm_call","memory_count":2,"message_count":3,"content_bytes":631,"reasoning_bytes":0,"role_counts":{"system":1,"user":1},"source_counts":{"system":2},"tool_call_count":0,"time":"2026-02-07T16:53:44Z","message":"Context stats (ephemeral)"}
{"level":"debug","mysis":"test-mysis","error":"context canceled","time":"2026-02-07T16:53:44Z","message":"Ignoring error - mysis was intentionally stopped"}
{"level":"debug","mysis_id":"14101025-aa4f-47d5-abe3-d4f0136fe020","mysis_name":"test-mysis","stage":"context_memories","memory_count":2,"message_count":0,"content_bytes":542,"reasoning_bytes":0,"role_counts":{"system":1,"user":1},"source_counts":{"system":2},"tool_call_count":0,"time":"2026-02-07T16:53:44Z","message":"Context stats (ephemeral)"}
{"level":"debug","mysis_id":"14101025-aa4f-47d5-abe3-d4f0136fe020","mysis_name":"test-mysis","stage":"messages_converted","memory_count":2,"message_count":3,"content_bytes":631,"reasoning_bytes":0,"role_counts":{"system":1,"user":1},"source_counts":{"system":2},"tool_call_count":0,"time":"2026-02-07T16:53:44Z","message":"Context stats (ephemeral)"}
{"level":"debug","mysis_id":"14101025-aa4f-47d5-abe3-d4f0136fe020","mysis_name":"test-mysis","stage":"before_llm_call","memory_count":2,"message_count":3,"content_bytes":631,"reasoning_bytes":0,"role_counts":{"system":1,"user":1},"source_counts":{"system":2},"tool_call_count":0,"time":"2026-02-07T16:53:44Z","message":"Context stats (ephemeral)"}
{"level":"debug","mysis":"test-mysis","error":"context canceled","time":"2026-02-07T16:53:44Z","message":"Ignoring error - mysis was intentionally stopped"}
{"level":"debug","mysis_id":"70f93201-d48f-4c73-a5e4-fadef31fb132","mysis_name":"test-mysis","stage":"context_memories","memory_count":2,"message_count":0,"content_bytes":542,"reasoning_bytes":0,"role_counts":{"system":1,"user":1},"source_counts":{"system":2},"tool_call_count":0,"time":"2026-02-07T16:53:44Z","message":"Context stats (ephemeral)"}
{"level":"debug","mysis_id":"70f93201-d48f-4c73-a5e4-fadef31fb132","mysis_name":"test-mysis","stage":"messages_converted","memory_count":2,"message_count":3,"content_bytes":631,"reasoning_bytes":0,"role_counts":{"system":1,"user":1},"source_counts":{"system":2},"tool_call_count":0,"time":"2026-02-07T16:53:44Z","message":"Context stats (ephemeral)"}
{"level":"debug","mysis_id":"70f93201-d48f-4c73-a5e4-fadef31fb132","mysis_name":"test-mysis","stage":"before_llm_call","memory_count":2,"message_count":3,"content_bytes":631,"reasoning_bytes":0,"role_counts":{"system":1,"user":1},"source_counts":{"system":2},"tool_call_count":0,"time":"2026-02-07T16:53:44Z","message":"Context stats (ephemeral)"}
{"level":"debug","mysis":"test-mysis","error":"context canceled","time":"2026-02-07T16:53:44Z","message":"Ignoring error - mysis was intentionally stopped"}
{"level":"debug","mysis_id":"26b3e18e-318c-4a03-8050-2792bc83b6eb","mysis_name":"test-mysis","stage":"context_memories","memory_count":2,"message_count":0,"content_bytes":542,"reasoning_bytes":0,"role_counts":{"system":1,"user":1},"source_counts":{"system":2},"tool_call_count":0,"time":"2026-02-07T16:53:44Z","message":"Context stats (ephemeral)"}
{"level":"debug","mysis_id":"26b3e18e-318c-4a03-8050-2792bc83b6eb","mysis_name":"test-mysis","stage":"messages_converted","memory_count":2,"message_count":3,"content_bytes":631,"reasoning_bytes":0,"role_counts":{"system":1,"user":1},"source_counts":{"system":2},"tool_call_count":0,"time":"2026-02-07T16:53:44Z","message":"Context stats (ephemeral)"}
{"level":"debug","mysis_id":"26b3e18e-318c-4a03-8050-2792bc83b6eb","mysis_name":"test-mysis","stage":"before_llm_call","memory_count":2,"message_count":3,"content_bytes":631,"reasoning_bytes":0,"role_counts":{"system":1,"user":1},"source_counts":{"system":2},"tool_call_count":0,"time":"2026-02-07T16:53:44Z","message":"Context stats (ephemeral)"}
{"level":"debug","mysis":"test-mysis","error":"context canceled","time":"2026-02-07T16:53:44Z","message":"Ignoring error - mysis was intentionally stopped"}
{"level":"debug","mysis_id":"c9effd32-7d88-4913-b930-cf9bf7b9d251","mysis_name":"test-mysis","stage":"context_memories","memory_count":2,"message_count":0,"content_bytes":542,"reasoning_bytes":0,"role_counts":{"system":1,"user":1},"source_counts":{"system":2},"tool_call_count":0,"time":"2026-02-07T16:53:44Z","message":"Context stats (ephemeral)"}
{"level":"debug","mysis_id":"c9effd32-7d88-4913-b930-cf9bf7b9d251","mysis_name":"test-mysis","stage":"messages_converted","memory_count":2,"message_count":3,"content_bytes":631,"reasoning_bytes":0,"role_counts":{"system":1,"user":1},"source_counts":{"system":2},"tool_call_count":0,"time":"2026-02-07T16:53:44Z","message":"Context stats (ephemeral)"}
{"level":"debug","mysis_id":"c9effd32-7d88-4913-b930-cf9bf7b9d251","mysis_name":"test-mysis","stage":"before_llm_call","memory_count":2,"message_count":3,"content_bytes":631,"reasoning_bytes":0,"role_counts":{"system":1,"user":1},"source_counts":{"system":2},"tool_call_count":0,"time":"2026-02-07T16:53:44Z","message":"Context stats (ephemeral)"}
{"level":"debug","mysis":"test-mysis","error":"context canceled","time":"2026-02-07T16:53:44Z","message":"Ignoring error - mysis was intentionally stopped"}
{"level":"debug","mysis_id":"d8c6f0bd-49ea-4a3f-8a11-5d1f7fa59911","mysis_name":"test-mysis","stage":"context_memories","memory_count":2,"message_count":0,"content_bytes":542,"reasoning_bytes":0,"role_counts":{"system":1,"user":1},"source_counts":{"system":2},"tool_call_count":0,"time":"2026-02-07T16:53:45Z","message":"Context stats (ephemeral)"}
{"level":"debug","mysis_id":"d8c6f0bd-49ea-4a3f-8a11-5d1f7fa59911","mysis_name":"test-mysis","stage":"messages_converted","memory_count":2,"message_count":3,"content_bytes":631,"reasoning_bytes":0,"role_counts":{"system":1,"user":1},"source_counts":{"system":2},"tool_call_count":0,"time":"2026-02-07T16:53:45Z","message":"Context stats (ephemeral)"}
{"level":"debug","mysis_id":"d8c6f0bd-49ea-4a3f-8a11-5d1f7fa59911","mysis_name":"test-mysis","stage":"before_llm_call","memory_count":2,"message_count":3,"content_bytes":631,"reasoning_bytes":0,"role_counts":{"system":1,"user":1},"source_counts":{"system":2},"tool_call_count":0,"time":"2026-02-07T16:53:45Z","message":"Context stats (ephemeral)"}
{"level":"debug","mysis":"test-mysis","error":"context canceled","time":"2026-02-07T16:53:45Z","message":"Ignoring error - mysis was intentionally stopped"}
{"level":"debug","mysis_id":"346e97fb-9b28-448c-a258-49de9d52253c","mysis_name":"test-mysis","stage":"context_memories","memory_count":2,"message_count":0,"content_bytes":542,"reasoning_bytes":0,"role_counts":{"system":1,"user":1},"source_counts":{"system":2},"tool_call_count":0,"time":"2026-02-07T16:53:45Z","message":"Context stats (ephemeral)"}
{"level":"debug","mysis_id":"346e97fb-9b28-448c-a258-49de9d52253c","mysis_name":"test-mysis","stage":"messages_converted","memory_count":2,"message_count":3,"content_bytes":631,"reasoning_bytes":0,"role_counts":{"system":1,"user":1},"source_counts":{"system":2},"tool_call_count":0,"time":"2026-02-07T16:53:45Z","message":"Context stats (ephemeral)"}
{"level":"debug","mysis_id":"346e97fb-9b28-448c-a258-49de9d52253c","mysis_name":"test-mysis","stage":"before_llm_call","memory_count":2,"message_count":3,"content_bytes":631,"reasoning_bytes":0,"role_counts":{"system":1,"user":1},"source_counts":{"system":2},"tool_call_count":0,"time":"2026-02-07T16:53:45Z","message":"Context stats (ephemeral)"}
{"level":"debug","mysis":"test-mysis","error":"context canceled","time":"2026-02-07T16:53:45Z","message":"Ignoring error - mysis was intentionally stopped"}
{"level":"debug","mysis_id":"d97f1efc-a6c6-405f-b922-90fef122f8aa","mysis_name":"test-mysis","stage":"context_memories","memory_count":2,"message_count":0,"content_bytes":542,"reasoning_bytes":0,"role_counts":{"system":1,"user":1},"source_counts":{"system":2},"tool_call_count":0,"time":"2026-02-07T16:53:45Z","message":"Context stats (ephemeral)"}
{"level":"debug","mysis_id":"d97f1efc-a6c6-405f-b922-90fef122f8aa","mysis_name":"test-mysis","stage":"messages_converted","memory_count":2,"message_count":3,"content_bytes":631,"reasoning_bytes":0,"role_counts":{"system":1,"user":1},"source_counts":{"system":2},"tool_call_count":0,"time":"2026-02-07T16:53:45Z","message":"Context stats (ephemeral)"}
{"level":"debug","mysis_id":"d97f1efc-a6c6-405f-b922-90fef122f8aa","mysis_name":"test-mysis","stage":"before_llm_call","memory_count":2,"message_count":3,"content_bytes":631,"reasoning_bytes":0,"role_counts":{"system":1,"user":1},"source_counts":{"system":2},"tool_call_count":0,"time":"2026-02-07T16:53:45Z","message":"Context stats (ephemeral)"}
{"level":"debug","mysis":"test-mysis","error":"context canceled","time":"2026-02-07T16:53:45Z","message":"Ignoring error - mysis was intentionally stopped"}
{"level":"debug","mysis_id":"3640bb15-021f-4b0b-9dbf-0d9f10da2039","mysis_name":"test-mysis","stage":"context_memories","memory_count":2,"message_count":0,"content_bytes":542,"reasoning_bytes":0,"role_counts":{"system":1,"user":1},"source_counts":{"system":2},"tool_call_count":0,"time":"2026-02-07T16:53:45Z","message":"Context stats (ephemeral)"}
{"level":"debug","mysis_id":"3640bb15-021f-4b0b-9dbf-0d9f10da2039","mysis_name":"test-mysis","stage":"messages_converted","memory_count":2,"message_count":3,"content_bytes":631,"reasoning_bytes":0,"role_counts":{"system":1,"user":1},"source_counts":{"system":2},"tool_call_count":0,"time":"2026-02-07T16:53:45Z","message":"Context stats (ephemeral)"}
{"level":"debug","mysis_id":"3640bb15-021f-4b0b-9dbf-0d9f10da2039","mysis_name":"test-mysis","stage":"before_llm_call","memory_count":2,"message_count":3,"content_bytes":631,"reasoning_bytes":0,"role_counts":{"system":1,"user":1},"source_counts":{"system":2},"tool_call_count":0,"time":"2026-02-07T16:53:45Z","message":"Context stats (ephemeral)"}
{"level":"debug","mysis":"test-mysis","error":"context canceled","time":"2026-02-07T16:53:45Z","message":"Ignoring error - mysis was intentionally stopped"}
{"level":"debug","mysis_id":"f81fb4ad-7336-4e0e-a898-78a668703eac","mysis_name":"test-mysis","stage":"context_memories","memory_count":2,"message_count":0,"content_bytes":542,"reasoning_bytes":0,"role_counts":{"system":1,"user":1},"source_counts":{"system":2},"tool_call_count":0,"time":"2026-02-07T16:53:45Z","message":"Context stats (ephemeral)"}
{"level":"debug","mysis_id":"f81fb4ad-7336-4e0e-a898-78a668703eac","mysis_name":"test-mysis","stage":"messages_converted","memory_count":2,"message_count":3,"content_bytes":631,"reasoning_bytes":0,"role_counts":{"system":1,"user":1},"source_counts":{"system":2},"tool_call_count":0,"time":"2026-02-07T16:53:45Z","message":"Context stats (ephemeral)"}
{"level":"debug","mysis_id":"f81fb4ad-7336-4e0e-a898-78a668703eac","mysis_name":"test-mysis","stage":"before_llm_call","memory_count":2,"message_count":3,"content_bytes":631,"reasoning_bytes":0,"role_counts":{"system":1,"user":1},"source_counts":{"system":2},"tool_call_count":0,"time":"2026-02-07T16:53:45Z","message":"Context stats (ephemeral)"}
{"level":"debug","mysis":"test-mysis","error":"context canceled","time":"2026-02-07T16:53:45Z","message":"Ignoring error - mysis was intentionally stopped"}
{"level":"debug","mysis_id":"db0ca2fb-bd58-4733-b018-926e98eeaa83","mysis_name":"test-mysis","stage":"context_memories","memory_count":2,"message_count":0,"content_bytes":542,"reasoning_bytes":0,"role_counts":{"system":1,"user":1},"source_counts":{"system":2},"tool_call_count":0,"time":"2026-02-07T16:53:45Z","message":"Context stats (ephemeral)"}
{"level":"debug","mysis_id":"db0ca2fb-bd58-4733-b018-926e98eeaa83","mysis_name":"test-mysis","stage":"messages_converted","memory_count":2,"message_count":3,"content_bytes":631,"reasoning_bytes":0,"role_counts":{"system":1,"user":1},"source_counts":{"system":2},"tool_call_count":0,"time":"2026-02-07T16:53:45Z","message":"Context stats (ephemeral)"}
{"level":"debug","mysis_id":"db0ca2fb-bd58-4733-b018-926e98eeaa83","mysis_name":"test-mysis","stage":"before_llm_call","memory_count":2,"message_count":3,"content_bytes":631,"reasoning_bytes":0,"role_counts":{"system":1,"user":1},"source_counts":{"system":2},"tool_call_count":0,"time":"2026-02-07T16:53:45Z","message":"Context stats (ephemeral)"}
{"level":"debug","mysis":"test-mysis","error":"context canceled","time":"2026-02-07T16:53:45Z","message":"Ignoring error - mysis was intentionally stopped"}
{"level":"debug","mysis_id":"4729f2d6-e41b-4346-abb5-b561c37a054b","mysis_name":"test-mysis","stage":"context_memories","memory_count":2,"message_count":0,"content_bytes":542,"reasoning_bytes":0,"role_counts":{"system":1,"user":1},"source_counts":{"system":2},"tool_call_count":0,"time":"2026-02-07T16:53:45Z","message":"Context stats (ephemeral)"}
{"level":"debug","mysis_id":"4729f2d6-e41b-4346-abb5-b561c37a054b","mysis_name":"test-mysis","stage":"messages_converted","memory_count":2,"message_count":3,"content_bytes":631,"reasoning_bytes":0,"role_counts":{"system":1,"user":1},"source_counts":{"system":2},"tool_call_count":0,"time":"2026-02-07T16:53:45Z","message":"Context stats (ephemeral)"}
{"level":"debug","mysis_id":"4729f2d6-e41b-4346-abb5-b561c37a054b","mysis_name":"test-mysis","stage":"before_llm_call","memory_count":2,"message_count":3,"content_bytes":631,"reasoning_bytes":0,"role_counts":{"system":1,"user":1},"source_counts":{"system":2},"tool_call_count":0,"time":"2026-02-07T16:53:45Z","message":"Context stats (ephemeral)"}
{"level":"debug","mysis":"test-mysis","error":"context canceled","time":"2026-02-07T16:53:45Z","message":"Ignoring error - mysis was intentionally stopped"}
{"level":"debug","mysis_id":"33dd40c5-6bd0-49e2-9ab8-c36a464580cb","mysis_name":"test-mysis","stage":"context_memories","memory_count":2,"message_count":0,"content_bytes":542,"reasoning_bytes":0,"role_counts":{"system":1,"user":1},"source_counts":{"system":2},"tool_call_count":0,"time":"2026-02-07T16:53:45Z","message":"Context stats (ephemeral)"}
{"level":"debug","mysis_id":"33dd40c5-6bd0-49e2-9ab8-c36a464580cb","mysis_name":"test-mysis","stage":"messages_converted","memory_count":2,"message_count":3,"content_bytes":631,"reasoning_bytes":0,"role_counts":{"system":1,"user":1},"source_counts":{"system":2},"tool_call_count":0,"time":"2026-02-07T16:53:45Z","message":"Context stats (ephemeral)"}
{"level":"debug","mysis_id":"33dd40c5-6bd0-49e2-9ab8-c36a464580cb","mysis_name":"test-mysis","stage":"before_llm_call","memory_count":2,"message_count":3,"content_bytes":631,"reasoning_bytes":0,"role_counts":{"system":1,"user":1},"source_counts":{"system":2},"tool_call_count":0,"time":"2026-02-07T16:53:45Z","message":"Context stats (ephemeral)"}
{"level":"debug","mysis":"test-mysis","error":"context canceled","time":"2026-02-07T16:53:45Z","message":"Ignoring error - mysis was intentionally stopped"}
{"level":"debug","mysis_id":"6a47fe99-ecd7-4176-ae0d-9d14cfc9cd8a","mysis_name":"test-mysis","stage":"context_memories","memory_count":2,"message_count":0,"content_bytes":542,"reasoning_bytes":0,"role_counts":{"system":1,"user":1},"source_counts":{"system":2},"tool_call_count":0,"time":"2026-02-07T16:53:45Z","message":"Context stats (ephemeral)"}
{"level":"debug","mysis_id":"6a47fe99-ecd7-4176-ae0d-9d14cfc9cd8a","mysis_name":"test-mysis","stage":"messages_converted","memory_count":2,"message_count":3,"content_bytes":631,"reasoning_bytes":0,"role_counts":{"system":1,"user":1},"source_counts":{"system":2},"tool_call_count":0,"time":"2026-02-07T16:53:45Z","message":"Context stats (ephemeral)"}
{"level":"debug","mysis_id":"6a47fe99-ecd7-4176-ae0d-9d14cfc9cd8a","mysis_name":"test-mysis","stage":"before_llm_call","memory_count":2,"message_count":3,"content_bytes":631,"reasoning_bytes":0,"role_counts":{"system":1,"user":1},"source_counts":{"system":2},"tool_call_count":0,"time":"2026-02-07T16:53:45Z","message":"Context stats (ephemeral)"}
{"level":"debug","mysis":"test-mysis","error":"context canceled","time":"2026-02-07T16:53:45Z","message":"Ignoring error - mysis was intentionally stopped"}
{"level":"debug","mysis_id":"3c3ebbe0-e6e1-4e1d-9333-502a2229eee1","mysis_name":"test-mysis","stage":"context_memories","memory_count":2,"message_count":0,"content_bytes":542,"reasoning_bytes":0,"role_counts":{"system":1,"user":1},"source_counts":{"system":2},"tool_call_count":0,"time":"2026-02-07T16:53:45Z","message":"Context stats (ephemeral)"}
{"level":"debug","mysis_id":"3c3ebbe0-e6e1-4e1d-9333-502a2229eee1","mysis_name":"test-mysis","stage":"messages_converted","memory_count":2,"message_count":3,"content_bytes":631,"reasoning_bytes":0,"role_counts":{"system":1,"user":1},"source_counts":{"system":2},"tool_call_count":0,"time":"2026-02-07T16:53:45Z","message":"Context stats (ephemeral)"}
{"level":"debug","mysis_id":"3c3ebbe0-e6e1-4e1d-9333-502a2229eee1","mysis_name":"test-mysis","stage":"before_llm_call","memory_count":2,"message_count":3,"content_bytes":631,"reasoning_bytes":0,"role_counts":{"system":1,"user":1},"source_counts":{"system":2},"tool_call_count":0,"time":"2026-02-07T16:53:45Z","message":"Context stats (ephemeral)"}
{"level":"debug","mysis":"test-mysis","error":"context canceled","time":"2026-02-07T16:53:45Z","message":"Ignoring error - mysis was intentionally stopped"}
{"level":"debug","mysis_id":"beebe87d-6f15-42e6-8bd6-13d34baeb9b7","mysis_name":"test-mysis","stage":"context_memories","memory_count":2,"message_count":0,"content_bytes":542,"reasoning_bytes":0,"role_counts":{"system":1,"user":1},"source_counts":{"system":2},"tool_call_count":0,"time":"2026-02-07T16:53:45Z","message":"Context stats (ephemeral)"}
{"level":"debug","mysis_id":"beebe87d-6f15-42e6-8bd6-13d34baeb9b7","mysis_name":"test-mysis","stage":"messages_converted","memory_count":2,"message_count":3,"content_bytes":631,"reasoning_bytes":0,"role_counts":{"system":1,"user":1},"source_counts":{"system":2},"tool_call_count":0,"time":"2026-02-07T16:53:45Z","message":"Context stats (ephemeral)"}
{"level":"debug","mysis_id":"beebe87d-6f15-42e6-8bd6-13d34baeb9b7","mysis_name":"test-mysis","stage":"before_llm_call","memory_count":2,"message_count":3,"content_bytes":631,"reasoning_bytes":0,"role_counts":{"system":1,"user":1},"source_counts":{"system":2},"tool_call_count":0,"time":"2026-02-07T16:53:45Z","message":"Context stats (ephemeral)"}
{"level":"debug","mysis":"test-mysis","error":"context canceled","time":"2026-02-07T16:53:45Z","message":"Ignoring error - mysis was intentionally stopped"}
{"level":"debug","mysis_id":"2be26edd-7609-43bd-947d-e98efafa2295","mysis_name":"test-mysis","stage":"context_memories","memory_count":2,"message_count":0,"content_bytes":542,"reasoning_bytes":0,"role_counts":{"system":1,"user":1},"source_counts":{"system":2},"tool_call_count":0,"time":"2026-02-07T16:53:45Z","message":"Context stats (ephemeral)"}
{"level":"debug","mysis_id":"2be26edd-7609-43bd-947d-e98efafa2295","mysis_name":"test-mysis","stage":"messages_converted","memory_count":2,"message_count":3,"content_bytes":631,"reasoning_bytes":0,"role_counts":{"system":1,"user":1},"source_counts":{"system":2},"tool_call_count":0,"time":"2026-02-07T16:53:45Z","message":"Context stats (ephemeral)"}
{"level":"debug","mysis_id":"2be26edd-7609-43bd-947d-e98efafa2295","mysis_name":"test-mysis","stage":"before_llm_call","memory_count":2,"message_count":3,"content_bytes":631,"reasoning_bytes":0,"role_counts":{"system":1,"user":1},"source_counts":{"system":2},"tool_call_count":0,"time":"2026-02-07T16:53:45Z","message":"Context stats (ephemeral)"}
{"level":"debug","mysis":"test-mysis","error":"context canceled","time":"2026-02-07T16:53:45Z","message":"Ignoring error - mysis was intentionally stopped"}
{"level":"debug","mysis_id":"d4454b3d-2f6f-4cd0-8af7-f22143563f1f","mysis_name":"test-mysis","stage":"context_memories","memory_count":2,"message_count":0,"content_bytes":542,"reasoning_bytes":0,"role_counts":{"system":1,"user":1},"source_counts":{"system":2},"tool_call_count":0,"time":"2026-02-07T16:53:45Z","message":"Context stats (ephemeral)"}
{"level":"debug","mysis_id":"d4454b3d-2f6f-4cd0-8af7-f22143563f1f","mysis_name":"test-mysis","stage":"messages_converted","memory_count":2,"message_count":3,"content_bytes":631,"reasoning_bytes":0,"role_counts":{"system":1,"user":1},"source_counts":{"system":2},"tool_call_count":0,"time":"2026-02-07T16:53:45Z","message":"Context stats (ephemeral)"}
{"level":"debug","mysis_id":"d4454b3d-2f6f-4cd0-8af7-f22143563f1f","mysis_name":"test-mysis","stage":"before_llm_call","memory_count":2,"message_count":3,"content_bytes":631,"reasoning_bytes":0,"role_counts":{"system":1,"user":1},"source_counts":{"system":2},"tool_call_count":0,"time":"2026-02-07T16:53:45Z","message":"Context stats (ephemeral)"}
{"level":"debug","mysis":"test-mysis","error":"context canceled","time":"2026-02-07T16:53:45Z","message":"Ignoring error - mysis was intentionally stopped"}
{"level":"debug","mysis_id":"65b20aba-4459-4827-9428-1c1ea88aa15e","mysis_name":"test-mysis","stage":"context_memories","memory_count":2,"message_count":0,"content_bytes":542,"reasoning_bytes":0,"role_counts":{"system":1,"user":1},"source_counts":{"system":2},"tool_call_count":0,"time":"2026-02-07T16:53:45Z","message":"Context stats (ephemeral)"}
{"level":"debug","mysis_id":"65b20aba-4459-4827-9428-1c1ea88aa15e","mysis_name":"test-mysis","stage":"messages_converted","memory_count":2,"message_count":3,"content_bytes":631,"reasoning_bytes":0,"role_counts":{"system":1,"user":1},"source_counts":{"system":2},"tool_call_count":0,"time":"2026-02-07T16:53:45Z","message":"Context stats (ephemeral)"}
{"level":"debug","mysis_id":"65b20aba-4459-4827-9428-1c1ea88aa15e","mysis_name":"test-mysis","stage":"before_llm_call","memory_count":2,"message_count":3,"content_bytes":631,"reasoning_bytes":0,"role_counts":{"system":1,"user":1},"source_counts":{"system":2},"tool_call_count":0,"time":"2026-02-07T16:53:45Z","message":"Context stats (ephemeral)"}
{"level":"debug","mysis":"test-mysis","error":"context canceled","time":"2026-02-07T16:53:45Z","message":"Ignoring error - mysis was intentionally stopped"}
{"level":"debug","mysis_id":"9cd5d029-d29e-49fd-94b9-2023bd13277a","mysis_name":"test-mysis","stage":"context_memories","memory_count":2,"message_count":0,"content_bytes":542,"reasoning_bytes":0,"role_counts":{"system":1,"user":1},"source_counts":{"system":2},"tool_call_count":0,"time":"2026-02-07T16:53:45Z","message":"Context stats (ephemeral)"}
{"level":"debug","mysis_id":"9cd5d029-d29e-49fd-94b9-2023bd13277a","mysis_name":"test-mysis","stage":"messages_converted","memory_count":2,"message_count":3,"content_bytes":631,"reasoning_bytes":0,"role_counts":{"system":1,"user":1},"source_counts":{"system":2},"tool_call_count":0,"time":"2026-02-07T16:53:45Z","message":"Context stats (ephemeral)"}
{"level":"debug","mysis_id":"9cd5d029-d29e-49fd-94b9-2023bd13277a","mysis_name":"test-mysis","stage":"before_llm_call","memory_count":2,"message_count":3,"content_bytes":631,"reasoning_bytes":0,"role_counts":{"system":1,"user":1},"source_counts":{"system":2},"tool_call_count":0,"time":"2026-02-07T16:53:45Z","message":"Context stats (ephemeral)"}
{"level":"debug","mysis":"test-mysis","error":"context canceled","time":"2026-02-07T16:53:45Z","message":"Ignoring error - mysis was intentionally stopped"}
{"level":"debug","mysis_id":"e4cff31b-7804-42fc-9147-71285508f8ff","mysis_name":"test-mysis","stage":"context_memories","memory_count":2,"message_count":0,"content_bytes":542,"reasoning_bytes":0,"role_counts":{"system":1,"user":1},"source_counts":{"system":2},"tool_call_count":0,"time":"2026-02-07T16:53:45Z","message":"Context stats (ephemeral)"}
{"level":"debug","mysis_id":"e4cff31b-7804-42fc-9147-71285508f8ff","mysis_name":"test-mysis","stage":"messages_converted","memory_count":2,"message_count":3,"content_bytes":631,"reasoning_bytes":0,"role_counts":{"system":1,"user":1},"source_counts":{"system":2},"tool_call_count":0,"time":"2026-02-07T16:53:45Z","message":"Context stats (ephemeral)"}
{"level":"debug","mysis_id":"e4cff31b-7804-42fc-9147-71285508f8ff","mysis_name":"test-mysis","stage":"before_llm_call","memory_count":2,"message_count":3,"content_bytes":631,"reasoning_bytes":0,"role_counts":{"system":1,"user":1},"source_counts":{"system":2},"tool_call_count":0,"time":"2026-02-07T16:53:45Z","message":"Context stats (ephemeral)"}
{"level":"debug","mysis":"test-mysis","error":"context canceled","time":"2026-02-07T16:53:45Z","message":"Ignoring error - mysis was intentionally stopped"}
{"level":"debug","mysis_id":"99a1a2ab-94ca-43e7-918b-89c4e6ca966d","mysis_name":"test-mysis","stage":"context_memories","memory_count":2,"message_count":0,"content_bytes":542,"reasoning_bytes":0,"role_counts":{"system":1,"user":1},"source_counts":{"system":2},"tool_call_count":0,"time":"2026-02-07T16:53:45Z","message":"Context stats (ephemeral)"}
{"level":"debug","mysis_id":"99a1a2ab-94ca-43e7-918b-89c4e6ca966d","mysis_name":"test-mysis","stage":"messages_converted","memory_count":2,"message_count":3,"content_bytes":631,"reasoning_bytes":0,"role_counts":{"system":1,"user":1},"source_counts":{"system":2},"tool_call_count":0,"time":"2026-02-07T16:53:45Z","message":"Context stats (ephemeral)"}
{"level":"debug","mysis_id":"99a1a2ab-94ca-43e7-918b-89c4e6ca966d","mysis_name":"test-mysis","stage":"before_llm_call","memory_count":2,"message_count":3,"content_bytes":631,"reasoning_bytes":0,"role_counts":{"system":1,"user":1},"source_counts":{"system":2},"tool_call_count":0,"time":"2026-02-07T16:53:45Z","message":"Context stats (ephemeral)"}
{"level":"debug","mysis":"test-mysis","error":"context canceled","time":"2026-02-07T16:53:45Z","message":"Ignoring error - mysis was intentionally stopped"}
{"level":"debug","mysis_id":"f1154edf-a7f3-49e1-9d6e-fd6e15eabf32","mysis_name":"test-mysis","stage":"context_memories","memory_count":2,"message_count":0,"content_bytes":542,"reasoning_bytes":0,"role_counts":{"system":1,"user":1},"source_counts":{"system":2},"tool_call_count":0,"time":"2026-02-07T16:53:45Z","message":"Context stats (ephemeral)"}
{"level":"debug","mysis_id":"f1154edf-a7f3-49e1-9d6e-fd6e15eabf32","mysis_name":"test-mysis","stage":"messages_converted","memory_count":2,"message_count":3,"content_bytes":631,"reasoning_bytes":0,"role_counts":{"system":1,"user":1},"source_counts":{"system":2},"tool_call_count":0,"time":"2026-02-07T16:53:45Z","message":"Context stats (ephemeral)"}
{"level":"debug","mysis_id":"f1154edf-a7f3-49e1-9d6e-fd6e15eabf32","mysis_name":"test-mysis","stage":"before_llm_call","memory_count":2,"message_count":3,"content_bytes":631,"reasoning_bytes":0,"role_counts":{"system":1,"user":1},"source_counts":{"system":2},"tool_call_count":0,"time":"2026-02-07T16:53:45Z","message":"Context stats (ephemeral)"}
{"level":"debug","mysis":"test-mysis","error":"context canceled","time":"2026-02-07T16:53:45Z","message":"Ignoring error - mysis was intentionally stopped"}
{"level":"debug","mysis_id":"f89c4d20-661e-4afb-830f-616b9372d3e6","mysis_name":"test-mysis","stage":"context_memories","memory_count":2,"message_count":0,"content_bytes":542,"reasoning_bytes":0,"role_counts":{"system":1,"user":1},"source_counts":{"system":2},"tool_call_count":0,"time":"2026-02-07T16:53:45Z","message":"Context stats (ephemeral)"}
{"level":"debug","mysis_id":"f89c4d20-661e-4afb-830f-616b9372d3e6","mysis_name":"test-mysis","stage":"messages_converted","memory_count":2,"message_count":3,"content_bytes":631,"reasoning_bytes":0,"role_counts":{"system":1,"user":1},"source_counts":{"system":2},"tool_call_count":0,"time":"2026-02-07T16:53:45Z","message":"Context stats (ephemeral)"}
{"level":"debug","mysis_id":"f89c4d20-661e-4afb-830f-616b9372d3e6","mysis_name":"test-mysis","stage":"before_llm_call","memory_count":2,"message_count":3,"content_bytes":631,"reasoning_bytes":0,"role_counts":{"system":1,"user":1},"source_counts":{"system":2},"tool_call_count":0,"time":"2026-02-07T16:53:45Z","message":"Context stats (ephemeral)"}
{"level":"debug","mysis":"test-mysis","error":"context canceled","time":"2026-02-07T16:53:45Z","message":"Ignoring error - mysis was intentionally stopped"}
{"level":"debug","mysis_id":"b49de57b-b02b-42d2-a367-8074b99e5f00","mysis_name":"test-mysis","stage":"context_memories","memory_count":2,"message_count":0,"content_bytes":542,"reasoning_bytes":0,"role_counts":{"system":1,"user":1},"source_counts":{"system":2},"tool_call_count":0,"time":"2026-02-07T16:53:45Z","message":"Context stats (ephemeral)"}
{"level":"debug","mysis_id":"b49de57b-b02b-42d2-a367-8074b99e5f00","mysis_name":"test-mysis","stage":"messages_converted","memory_count":2,"message_count":3,"content_bytes":631,"reasoning_bytes":0,"role_counts":{"system":1,"user":1},"source_counts":{"system":2},"tool_call_count":0,"time":"2026-02-07T16:53:45Z","message":"Context stats (ephemeral)"}
{"level":"debug","mysis_id":"b49de57b-b02b-42d2-a367-8074b99e5f00","mysis_name":"test-mysis","stage":"before_llm_call","memory_count":2,"message_count":3,"content_bytes":631,"reasoning_bytes":0,"role_counts":{"system":1,"user":1},"source_counts":{"system":2},"tool_call_count":0,"time":"2026-02-07T16:53:45Z","message":"Context stats (ephemeral)"}
{"level":"debug","mysis":"test-mysis","error":"context canceled","time":"2026-02-07T16:53:45Z","message":"Ignoring error - mysis was intentionally stopped"}
{"level":"debug","mysis_id":"bc41bcd1-a32c-4c7d-8d44-bf310081c0c2","mysis_name":"test-mysis","stage":"context_memories","memory_count":2,"message_count":0,"content_bytes":542,"reasoning_bytes":0,"role_counts":{"system":1,"user":1},"source_counts":{"system":2},"tool_call_count":0,"time":"2026-02-07T16:53:45Z","message":"Context stats (ephemeral)"}
{"level":"debug","mysis_id":"bc41bcd1-a32c-4c7d-8d44-bf310081c0c2","mysis_name":"test-mysis","stage":"messages_converted","memory_count":2,"message_count":3,"content_bytes":631,"reasoning_bytes":0,"role_counts":{"system":1,"user":1},"source_counts":{"system":2},"tool_call_count":0,"time":"2026-02-07T16:53:45Z","message":"Context stats (ephemeral)"}
{"level":"debug","mysis_id":"bc41bcd1-a32c-4c7d-8d44-bf310081c0c2","mysis_name":"test-mysis","stage":"before_llm_call","memory_count":2,"message_count":3,"content_bytes":631,"reasoning_bytes":0,"role_counts":{"system":1,"user":1},"source_counts":{"system":2},"tool_call_count":0,"time":"2026-02-07T16:53:45Z","message":"Context stats (ephemeral)"}
{"level":"debug","mysis":"test-mysis","error":"context canceled","time":"2026-02-07T16:53:45Z","message":"Ignoring error - mysis was intentionally stopped"}
{"level":"debug","mysis_id":"e5882bae-5c8e-43dc-9b2c-4e157407c5ed","mysis_name":"test-mysis","stage":"context_memories","memory_count":2,"message_count":0,"content_bytes":542,"reasoning_bytes":0,"role_counts":{"system":1,"user":1},"source_counts":{"system":2},"tool_call_count":0,"time":"2026-02-07T16:53:45Z","message":"Context stats (ephemeral)"}
{"level":"debug","mysis_id":"e5882bae-5c8e-43dc-9b2c-4e157407c5ed","mysis_name":"test-mysis","stage":"messages_converted","memory_count":2,"message_count":3,"content_bytes":631,"reasoning_bytes":0,"role_counts":{"system":1,"user":1},"source_counts":{"system":2},"tool_call_count":0,"time":"2026-02-07T16:53:45Z","message":"Context stats (ephemeral)"}
{"level":"debug","mysis_id":"e5882bae-5c8e-43dc-9b2c-4e157407c5ed","mysis_name":"test-mysis","stage":"before_llm_call","memory_count":2,"message_count":3,"content_bytes":631,"reasoning_bytes":0,"role_counts":{"system":1,"user":1},"source_counts":{"system":2},"tool_call_count":0,"time":"2026-02-07T16:53:45Z","message":"Context stats (ephemeral)"}
{"level":"debug","mysis":"test-mysis","error":"context canceled","time":"2026-02-07T16:53:45Z","message":"Ignoring error - mysis was intentionally stopped"}
{"level":"debug","mysis_id":"c204ff30-b237-4762-b578-7d0f347461b1","mysis_name":"test-mysis","stage":"context_memories","memory_count":2,"message_count":0,"content_bytes":542,"reasoning_bytes":0,"role_counts":{"system":1,"user":1},"source_counts":{"system":2},"tool_call_count":0,"time":"2026-02-07T16:53:45Z","message":"Context stats (ephemeral)"}
{"level":"debug","mysis_id":"c204ff30-b237-4762-b578-7d0f347461b1","mysis_name":"test-mysis","stage":"messages_converted","memory_count":2,"message_count":3,"content_bytes":631,"reasoning_bytes":0,"role_counts":{"system":1,"user":1},"source_counts":{"system":2},"tool_call_count":0,"time":"2026-02-07T16:53:45Z","message":"Context stats (ephemeral)"}
{"level":"debug","mysis_id":"c204ff30-b237-4762-b578-7d0f347461b1","mysis_name":"test-mysis","stage":"before_llm_call","memory_count":2,"message_count":3,"content_bytes":631,"reasoning_bytes":0,"role_counts":{"system":1,"user":1},"source_counts":{"system":2},"tool_call_count":0,"time":"2026-02-07T16:53:45Z","message":"Context stats (ephemeral)"}
{"level":"debug","mysis":"test-mysis","error":"context canceled","time":"2026-02-07T16:53:45Z","message":"Ignoring error - mysis was intentionally stopped"}
{"level":"debug","mysis_id":"ca534cc2-75c5-45af-ad20-9867a079864b","mysis_name":"test-mysis","stage":"context_memories","memory_count":2,"message_count":0,"content_bytes":542,"reasoning_bytes":0,"role_counts":{"system":1,"user":1},"source_counts":{"system":2},"tool_call_count":0,"time":"2026-02-07T16:53:45Z","message":"Context stats (ephemeral)"}
{"level":"debug","mysis_id":"ca534cc2-75c5-45af-ad20-9867a079864b","mysis_name":"test-mysis","stage":"messages_converted","memory_count":2,"message_count":3,"content_bytes":631,"reasoning_bytes":0,"role_counts":{"system":1,"user":1},"source_counts":{"system":2},"tool_call_count":0,"time":"2026-02-07T16:53:45Z","message":"Context stats (ephemeral)"}
{"level":"debug","mysis_id":"ca534cc2-75c5-45af-ad20-9867a079864b","mysis_name":"test-mysis","stage":"before_llm_call","memory_count":2,"message_count":3,"content_bytes":631,"reasoning_bytes":0,"role_counts":{"system":1,"user":1},"source_counts":{"system":2},"tool_call_count":0,"time":"2026-02-07T16:53:45Z","message":"Context stats (ephemeral)"}
{"level":"debug","mysis":"test-mysis","error":"context canceled","time":"2026-02-07T16:53:45Z","message":"Ignoring error - mysis was intentionally stopped"}
{"level":"debug","mysis_id":"a5d93e73-aa18-41b7-af22-6edef07b602e","mysis_name":"test-mysis","stage":"context_memories","memory_count":2,"message_count":0,"content_bytes":542,"reasoning_bytes":0,"role_counts":{"system":1,"user":1},"source_counts":{"system":2},"tool_call_count":0,"time":"2026-02-07T16:53:45Z","message":"Context stats (ephemeral)"}
{"level":"debug","mysis_id":"a5d93e73-aa18-41b7-af22-6edef07b602e","mysis_name":"test-mysis","stage":"messages_converted","memory_count":2,"message_count":3,"content_bytes":631,"reasoning_bytes":0,"role_counts":{"system":1,"user":1},"source_counts":{"system":2},"tool_call_count":0,"time":"2026-02-07T16:53:45Z","message":"Context stats (ephemeral)"}
{"level":"debug","mysis_id":"a5d93e73-aa18-41b7-af22-6edef07b602e","mysis_name":"test-mysis","stage":"before_llm_call","memory_count":2,"message_count":3,"content_bytes":631,"reasoning_bytes":0,"role_counts":{"system":1,"user":1},"source_counts":{"system":2},"tool_call_count":0,"time":"2026-02-07T16:53:45Z","message":"Context stats (ephemeral)"}
{"level":"debug","mysis":"test-mysis","error":"context canceled","time":"2026-02-07T16:53:45Z","message":"Ignoring error - mysis was intentionally stopped"}
{"level":"debug","mysis_id":"384202bf-bb73-4046-ba7e-37fd6f8af6d1","mysis_name":"test-mysis","stage":"context_memories","memory_count":2,"message_count":0,"content_bytes":542,"reasoning_bytes":0,"role_counts":{"system":1,"user":1},"source_counts":{"system":2},"tool_call_count":0,"time":"2026-02-07T16:53:45Z","message":"Context stats (ephemeral)"}
{"level":"debug","mysis_id":"384202bf-bb73-4046-ba7e-37fd6f8af6d1","mysis_name":"test-mysis","stage":"messages_converted","memory_count":2,"message_count":3,"content_bytes":631,"reasoning_bytes":0,"role_counts":{"system":1,"user":1},"source_counts":{"system":2},"tool_call_count":0,"time":"2026-02-07T16:53:45Z","message":"Context stats (ephemeral)"}
{"level":"debug","mysis_id":"384202bf-bb73-4046-ba7e-37fd6f8af6d1","mysis_name":"test-mysis","stage":"before_llm_call","memory_count":2,"message_count":3,"content_bytes":631,"reasoning_bytes":0,"role_counts":{"system":1,"user":1},"source_counts":{"system":2},"tool_call_count":0,"time":"2026-02-07T16:53:45Z","message":"Context stats (ephemeral)"}
{"level":"debug","mysis":"test-mysis","error":"context canceled","time":"2026-02-07T16:53:45Z","message":"Ignoring error - mysis was intentionally stopped"}
{"level":"debug","mysis_id":"d361fadc-85c3-42e6-919d-25a02059decc","mysis_name":"test-mysis","stage":"context_memories","memory_count":2,"message_count":0,"content_bytes":542,"reasoning_bytes":0,"role_counts":{"system":1,"user":1},"source_counts":{"system":2},"tool_call_count":0,"time":"2026-02-07T16:53:45Z","message":"Context stats (ephemeral)"}
{"level":"debug","mysis_id":"d361fadc-85c3-42e6-919d-25a02059decc","mysis_name":"test-mysis","stage":"messages_converted","memory_count":2,"message_count":3,"content_bytes":631,"reasoning_bytes":0,"role_counts":{"system":1,"user":1},"source_counts":{"system":2},"tool_call_count":0,"time":"2026-02-07T16:53:45Z","message":"Context stats (ephemeral)"}
{"level":"debug","mysis_id":"d361fadc-85c3-42e6-919d-25a02059decc","mysis_name":"test-mysis","stage":"before_llm_call","memory_count":2,"message_count":3,"content_bytes":631,"reasoning_bytes":0,"role_counts":{"system":1,"user":1},"source_counts":{"system":2},"tool_call_count":0,"time":"2026-02-07T16:53:45Z","message":"Context stats (ephemeral)"}
{"level":"debug","mysis":"test-mysis","error":"context canceled","time":"2026-02-07T16:53:45Z","message":"Ignoring error - mysis was intentionally stopped"}
{"level":"debug","mysis_id":"118855d3-22a7-4ea0-8950-7c05a98e21c1","mysis_name":"test-mysis","stage":"context_memories","memory_count":2,"message_count":0,"content_bytes":542,"reasoning_bytes":0,"role_counts":{"system":1,"user":1},"source_counts":{"system":2},"tool_call_count":0,"time":"2026-02-07T16:53:45Z","message":"Context stats (ephemeral)"}
{"level":"debug","mysis_id":"118855d3-22a7-4ea0-8950-7c05a98e21c1","mysis_name":"test-mysis","stage":"messages_converted","memory_count":2,"message_count":3,"content_bytes":631,"reasoning_bytes":0,"role_counts":{"system":1,"user":1},"source_counts":{"system":2},"tool_call_count":0,"time":"2026-02-07T16:53:45Z","message":"Context stats (ephemeral)"}
{"level":"debug","mysis_id":"118855d3-22a7-4ea0-8950-7c05a98e21c1","mysis_name":"test-mysis","stage":"before_llm_call","memory_count":2,"message_count":3,"content_bytes":631,"reasoning_bytes":0,"role_counts":{"system":1,"user":1},"source_counts":{"system":2},"tool_call_count":0,"time":"2026-02-07T16:53:45Z","message":"Context stats (ephemeral)"}
{"level":"debug","mysis":"test-mysis","error":"context canceled","time":"2026-02-07T16:53:45Z","message":"Ignoring error - mysis was intentionally stopped"}
{"level":"debug","mysis_id":"7c09abb4-9aef-41a6-bb10-1c5a4eb64518","mysis_name":"test-mysis","stage":"context_memories","memory_count":2,"message_count":0,"content_bytes":542,"reasoning_bytes":0,"role_counts":{"system":1,"user":1},"source_counts":{"system":2},"tool_call_count":0,"time":"2026-02-07T16:53:45Z","message":"Context stats (ephemeral)"}
{"level":"debug","mysis_id":"7c09abb4-9aef-41a6-bb10-1c5a4eb64518","mysis_name":"test-mysis","stage":"messages_converted","memory_count":2,"message_count":3,"content_bytes":631,"reasoning_bytes":0,"role_counts":{"system":1,"user":1},"source_counts":{"system":2},"tool_call_count":0,"time":"2026-02-07T16:53:45Z","message":"Context stats (ephemeral)"}
{"level":"debug","mysis_id":"7c09abb4-9aef-41a6-bb10-1c5a4eb64518","mysis_name":"test-mysis","stage":"before_llm_call","memory_count":2,"message_count":3,"content_bytes":631,"reasoning_bytes":0,"role_counts":{"system":1,"user":1},"source_counts":{"system":2},"tool_call_count":0,"time":"2026-02-07T16:53:45Z","message":"Context stats (ephemeral)"}
{"level":"debug","mysis":"test-mysis","error":"context canceled","time":"2026-02-07T16:53:45Z","message":"Ignoring error - mysis was intentionally stopped"}
{"level":"debug","mysis_id":"334e81e8-dab5-4f19-8dd5-93f3ed890260","mysis_name":"test-mysis","stage":"context_memories","memory_count":2,"message_count":0,"content_bytes":542,"reasoning_bytes":0,"role_counts":{"system":1,"user":1},"source_counts":{"system":2},"tool_call_count":0,"time":"2026-02-07T16:53:45Z","message":"Context stats (ephemeral)"}
{"level":"debug","mysis_id":"334e81e8-dab5-4f19-8dd5-93f3ed890260","mysis_name":"test-mysis","stage":"messages_converted","memory_count":2,"message_count":3,"content_bytes":631,"reasoning_bytes":0,"role_counts":{"system":1,"user":1},"source_counts":{"system":2},"tool_call_count":0,"time":"2026-02-07T16:53:45Z","message":"Context stats (ephemeral)"}
{"level":"debug","mysis_id":"334e81e8-dab5-4f19-8dd5-93f3ed890260","mysis_name":"test-mysis","stage":"before_llm_call","memory_count":2,"message_count":3,"content_bytes":631,"reasoning_bytes":0,"role_counts":{"system":1,"user":1},"source_counts":{"system":2},"tool_call_count":0,"time":"2026-02-07T16:53:45Z","message":"Context stats (ephemeral)"}
{"level":"debug","mysis":"test-mysis","error":"context canceled","time":"2026-02-07T16:53:45Z","message":"Ignoring error - mysis was intentionally stopped"}
{"level":"debug","mysis_id":"8b648108-ce74-4b2b-a2f1-4fc1804ca6c3","mysis_name":"test-mysis","stage":"context_memories","memory_count":2,"message_count":0,"content_bytes":542,"reasoning_bytes":0,"role_counts":{"system":1,"user":1},"source_counts":{"system":2},"tool_call_count":0,"time":"2026-02-07T16:53:45Z","message":"Context stats (ephemeral)"}
{"level":"debug","mysis_id":"8b648108-ce74-4b2b-a2f1-4fc1804ca6c3","mysis_name":"test-mysis","stage":"messages_converted","memory_count":2,"message_count":3,"content_bytes":631,"reasoning_bytes":0,"role_counts":{"system":1,"user":1},"source_counts":{"system":2},"tool_call_count":0,"time":"2026-02-07T16:53:45Z","message":"Context stats (ephemeral)"}
{"level":"debug","mysis_id":"8b648108-ce74-4b2b-a2f1-4fc1804ca6c3","mysis_name":"test-mysis","stage":"before_llm_call","memory_count":2,"message_count":3,"content_bytes":631,"reasoning_bytes":0,"role_counts":{"system":1,"user":1},"source_counts":{"system":2},"tool_call_count":0,"time":"2026-02-07T16:53:45Z","message":"Context stats (ephemeral)"}
{"level":"debug","mysis":"test-mysis","error":"context canceled","time":"2026-02-07T16:53:45Z","message":"Ignoring error - mysis was intentionally stopped"}
{"level":"debug","mysis_id":"0b2ab612-9ed7-4560-810e-192bd9d3eb0e","mysis_name":"test-mysis","stage":"context_memories","memory_count":2,"message_count":0,"content_bytes":542,"reasoning_bytes":0,"role_counts":{"system":1,"user":1},"source_counts":{"system":2},"tool_call_count":0,"time":"2026-02-07T16:53:45Z","message":"Context stats (ephemeral)"}
{"level":"debug","mysis_id":"0b2ab612-9ed7-4560-810e-192bd9d3eb0e","mysis_name":"test-mysis","stage":"messages_converted","memory_count":2,"message_count":3,"content_bytes":631,"reasoning_bytes":0,"role_counts":{"system":1,"user":1},"source_counts":{"system":2},"tool_call_count":0,"time":"2026-02-07T16:53:45Z","message":"Context stats (ephemeral)"}
{"level":"debug","mysis_id":"0b2ab612-9ed7-4560-810e-192bd9d3eb0e","mysis_name":"test-mysis","stage":"before_llm_call","memory_count":2,"message_count":3,"content_bytes":631,"reasoning_bytes":0,"role_counts":{"system":1,"user":1},"source_counts":{"system":2},"tool_call_count":0,"time":"2026-02-07T16:53:45Z","message":"Context stats (ephemeral)"}
{"level":"debug","mysis":"test-mysis","error":"context canceled","time":"2026-02-07T16:53:45Z","message":"Ignoring error - mysis was intentionally stopped"}
{"level":"debug","mysis_id":"0b4544f0-b604-4b24-8f68-6c8bb3bdb2ee","mysis_name":"test-mysis","stage":"context_memories","memory_count":2,"message_count":0,"content_bytes":542,"reasoning_bytes":0,"role_counts":{"system":1,"user":1},"source_counts":{"system":2},"tool_call_count":0,"time":"2026-02-07T16:53:45Z","message":"Context stats (ephemeral)"}
{"level":"debug","mysis_id":"0b4544f0-b604-4b24-8f68-6c8bb3bdb2ee","mysis_name":"test-mysis","stage":"messages_converted","memory_count":2,"message_count":3,"content_bytes":631,"reasoning_bytes":0,"role_counts":{"system":1,"user":1},"source_counts":{"system":2},"tool_call_count":0,"time":"2026-02-07T16:53:45Z","message":"Context stats (ephemeral)"}
{"level":"debug","mysis_id":"0b4544f0-b604-4b24-8f68-6c8bb3bdb2ee","mysis_name":"test-mysis","stage":"before_llm_call","memory_count":2,"message_count":3,"content_bytes":631,"reasoning_bytes":0,"role_counts":{"system":1,"user":1},"source_counts":{"system":2},"tool_call_count":0,"time":"2026-02-07T16:53:45Z","message":"Context stats (ephemeral)"}
{"level":"debug","mysis":"test-mysis","error":"context canceled","time":"2026-02-07T16:53:45Z","message":"Ignoring error - mysis was intentionally stopped"}
{"level":"debug","mysis_id":"a554a4d7-f213-4feb-b8eb-69de28f0444c","mysis_name":"test-mysis","stage":"context_memories","memory_count":2,"message_count":0,"content_bytes":542,"reasoning_bytes":0,"role_counts":{"system":1,"user":1},"source_counts":{"system":2},"tool_call_count":0,"time":"2026-02-07T16:53:45Z","message":"Context stats (ephemeral)"}
{"level":"debug","mysis_id":"a554a4d7-f213-4feb-b8eb-69de28f0444c","mysis_name":"test-mysis","stage":"messages_converted","memory_count":2,"message_count":3,"content_bytes":631,"reasoning_bytes":0,"role_counts":{"system":1,"user":1},"source_counts":{"system":2},"tool_call_count":0,"time":"2026-02-07T16:53:45Z","message":"Context stats (ephemeral)"}
{"level":"debug","mysis_id":"a554a4d7-f213-4feb-b8eb-69de28f0444c","mysis_name":"test-mysis","stage":"before_llm_call","memory_count":2,"message_count":3,"content_bytes":631,"reasoning_bytes":0,"role_counts":{"system":1,"user":1},"source_counts":{"system":2},"tool_call_count":0,"time":"2026-02-07T16:53:45Z","message":"Context stats (ephemeral)"}
{"level":"debug","mysis":"test-mysis","error":"context canceled","time":"2026-02-07T16:53:45Z","message":"Ignoring error - mysis was intentionally stopped"}
{"level":"debug","mysis_id":"396eff3c-9d31-47e3-a51e-21fc3440b237","mysis_name":"test-mysis","stage":"context_memories","memory_count":2,"message_count":0,"content_bytes":542,"reasoning_bytes":0,"role_counts":{"system":1,"user":1},"source_counts":{"system":2},"tool_call_count":0,"time":"2026-02-07T16:53:45Z","message":"Context stats (ephemeral)"}
{"level":"debug","mysis_id":"396eff3c-9d31-47e3-a51e-21fc3440b237","mysis_name":"test-mysis","stage":"messages_converted","memory_count":2,"message_count":3,"content_bytes":631,"reasoning_bytes":0,"role_counts":{"system":1,"user":1},"source_counts":{"system":2},"tool_call_count":0,"time":"2026-02-07T16:53:45Z","message":"Context stats (ephemeral)"}
{"level":"debug","mysis_id":"396eff3c-9d31-47e3-a51e-21fc3440b237","mysis_name":"test-mysis","stage":"before_llm_call","memory_count":2,"message_count":3,"content_bytes":631,"reasoning_bytes":0,"role_counts":{"system":1,"user":1},"source_counts":{"system":2},"tool_call_count":0,"time":"2026-02-07T16:53:45Z","message":"Context stats (ephemeral)"}
{"level":"debug","mysis":"test-mysis","error":"context canceled","time":"2026-02-07T16:53:45Z","message":"Ignoring error - mysis was intentionally stopped"}
{"level":"debug","mysis_id":"d3dd1975-58d1-4635-9076-0427b2b0852a","mysis_name":"test-mysis","stage":"context_memories","memory_count":2,"message_count":0,"content_bytes":542,"reasoning_bytes":0,"role_counts":{"system":1,"user":1},"source_counts":{"system":2},"tool_call_count":0,"time":"2026-02-07T16:53:45Z","message":"Context stats (ephemeral)"}
{"level":"debug","mysis_id":"d3dd1975-58d1-4635-9076-0427b2b0852a","mysis_name":"test-mysis","stage":"messages_converted","memory_count":2,"message_count":3,"content_bytes":631,"reasoning_bytes":0,"role_counts":{"system":1,"user":1},"source_counts":{"system":2},"tool_call_count":0,"time":"2026-02-07T16:53:45Z","message":"Context stats (ephemeral)"}
{"level":"debug","mysis_id":"d3dd1975-58d1-4635-9076-0427b2b0852a","mysis_name":"test-mysis","stage":"before_llm_call","memory_count":2,"message_count":3,"content_bytes":631,"reasoning_bytes":0,"role_counts":{"system":1,"user":1},"source_counts":{"system":2},"tool_call_count":0,"time":"2026-02-07T16:53:45Z","message":"Context stats (ephemeral)"}
{"level":"debug","mysis":"test-mysis","error":"context canceled","time":"2026-02-07T16:53:45Z","message":"Ignoring error - mysis was intentionally stopped"}
{"level":"debug","mysis_id":"fd287fc2-bcd3-49b7-9b0f-d3a3d839755f","mysis_name":"test-mysis","stage":"context_memories","memory_count":2,"message_count":0,"content_bytes":542,"reasoning_bytes":0,"role_counts":{"system":1,"user":1},"source_counts":{"system":2},"tool_call_count":0,"time":"2026-02-07T16:53:45Z","message":"Context stats (ephemeral)"}
{"level":"debug","mysis_id":"fd287fc2-bcd3-49b7-9b0f-d3a3d839755f","mysis_name":"test-mysis","stage":"messages_converted","memory_count":2,"message_count":3,"content_bytes":631,"reasoning_bytes":0,"role_counts":{"system":1,"user":1},"source_counts":{"system":2},"tool_call_count":0,"time":"2026-02-07T16:53:45Z","message":"Context stats (ephemeral)"}
{"level":"debug","mysis_id":"fd287fc2-bcd3-49b7-9b0f-d3a3d839755f","mysis_name":"test-mysis","stage":"before_llm_call","memory_count":2,"message_count":3,"content_bytes":631,"reasoning_bytes":0,"role_counts":{"system":1,"user":1},"source_counts":{"system":2},"tool_call_count":0,"time":"2026-02-07T16:53:45Z","message":"Context stats (ephemeral)"}
{"level":"debug","mysis":"test-mysis","error":"context canceled","time":"2026-02-07T16:53:45Z","message":"Ignoring error - mysis was intentionally stopped"}
{"level":"debug","mysis_id":"a6727279-1d72-493f-8a74-aa2a41f99e74","mysis_name":"test-mysis","stage":"context_memories","memory_count":2,"message_count":0,"content_bytes":542,"reasoning_bytes":0,"role_counts":{"system":1,"user":1},"source_counts":{"system":2},"tool_call_count":0,"time":"2026-02-07T16:53:45Z","message":"Context stats (ephemeral)"}
{"level":"debug","mysis_id":"a6727279-1d72-493f-8a74-aa2a41f99e74","mysis_name":"test-mysis","stage":"messages_converted","memory_count":2,"message_count":3,"content_bytes":631,"reasoning_bytes":0,"role_counts":{"system":1,"user":1},"source_counts":{"system":2},"tool_call_count":0,"time":"2026-02-07T16:53:45Z","message":"Context stats (ephemeral)"}
{"level":"debug","mysis_id":"a6727279-1d72-493f-8a74-aa2a41f99e74","mysis_name":"test-mysis","stage":"before_llm_call","memory_count":2,"message_count":3,"content_bytes":631,"reasoning_bytes":0,"role_counts":{"system":1,"user":1},"source_counts":{"system":2},"tool_call_count":0,"time":"2026-02-07T16:53:45Z","message":"Context stats (ephemeral)"}
{"level":"debug","mysis":"test-mysis","error":"context canceled","time":"2026-02-07T16:53:45Z","message":"Ignoring error - mysis was intentionally stopped"}
{"level":"debug","mysis_id":"afe40246-096e-47e9-8737-3acc93e95e42","mysis_name":"test-mysis","stage":"context_memories","memory_count":2,"message_count":0,"content_bytes":542,"reasoning_bytes":0,"role_counts":{"system":1,"user":1},"source_counts":{"system":2},"tool_call_count":0,"time":"2026-02-07T16:53:45Z","message":"Context stats (ephemeral)"}
{"level":"debug","mysis_id":"afe40246-096e-47e9-8737-3acc93e95e42","mysis_name":"test-mysis","stage":"messages_converted","memory_count":2,"message_count":3,"content_bytes":631,"reasoning_bytes":0,"role_counts":{"system":1,"user":1},"source_counts":{"system":2},"tool_call_count":0,"time":"2026-02-07T16:53:45Z","message":"Context stats (ephemeral)"}
{"level":"debug","mysis_id":"afe40246-096e-47e9-8737-3acc93e95e42","mysis_name":"test-mysis","stage":"before_llm_call","memory_count":2,"message_count":3,"content_bytes":631,"reasoning_bytes":0,"role_counts":{"system":1,"user":1},"source_counts":{"system":2},"tool_call_count":0,"time":"2026-02-07T16:53:45Z","message":"Context stats (ephemeral)"}
{"level":"debug","mysis":"test-mysis","error":"context canceled","time":"2026-02-07T16:53:45Z","message":"Ignoring error - mysis was intentionally stopped"}
{"level":"debug","mysis_id":"bcce0e32-9a53-43a0-b7e1-a849f456724c","mysis_name":"test-mysis","stage":"context_memories","memory_count":2,"message_count":0,"content_bytes":542,"reasoning_bytes":0,"role_counts":{"system":1,"user":1},"source_counts":{"system":2},"tool_call_count":0,"time":"2026-02-07T16:53:45Z","message":"Context stats (ephemeral)"}
{"level":"debug","mysis_id":"bcce0e32-9a53-43a0-b7e1-a849f456724c","mysis_name":"test-mysis","stage":"messages_converted","memory_count":2,"message_count":3,"content_bytes":631,"reasoning_bytes":0,"role_counts":{"system":1,"user":1},"source_counts":{"system":2},"tool_call_count":0,"time":"2026-02-07T16:53:45Z","message":"Context stats (ephemeral)"}
{"level":"debug","mysis_id":"bcce0e32-9a53-43a0-b7e1-a849f456724c","mysis_name":"test-mysis","stage":"before_llm_call","memory_count":2,"message_count":3,"content_bytes":631,"reasoning_bytes":0,"role_counts":{"system":1,"user":1},"source_counts":{"system":2},"tool_call_count":0,"time":"2026-02-07T16:53:45Z","message":"Context stats (ephemeral)"}
{"level":"debug","mysis":"test-mysis","error":"context canceled","time":"2026-02-07T16:53:45Z","message":"Ignoring error - mysis was intentionally stopped"}
{"level":"debug","mysis_id":"88b1192c-0dff-4c33-b2ad-87b6956772be","mysis_name":"test-mysis","stage":"context_memories","memory_count":2,"message_count":0,"content_bytes":542,"reasoning_bytes":0,"role_counts":{"system":1,"user":1},"source_counts":{"system":2},"tool_call_count":0,"time":"2026-02-07T16:53:45Z","message":"Context stats (ephemeral)"}
{"level":"debug","mysis_id":"88b1192c-0dff-4c33-b2ad-87b6956772be","mysis_name":"test-mysis","stage":"messages_converted","memory_count":2,"message_count":3,"content_bytes":631,"reasoning_bytes":0,"role_counts":{"system":1,"user":1},"source_counts":{"system":2},"tool_call_count":0,"time":"2026-02-07T16:53:45Z","message":"Context stats (ephemeral)"}
{"level":"debug","mysis_id":"88b1192c-0dff-4c33-b2ad-87b6956772be","mysis_name":"test-mysis","stage":"before_llm_call","memory_count":2,"message_count":3,"content_bytes":631,"reasoning_bytes":0,"role_counts":{"system":1,"user":1},"source_counts":{"system":2},"tool_call_count":0,"time":"2026-02-07T16:53:45Z","message":"Context stats (ephemeral)"}
{"level":"debug","mysis":"test-mysis","error":"context canceled","time":"2026-02-07T16:53:45Z","message":"Ignoring error - mysis was intentionally stopped"}
{"level":"debug","mysis_id":"435be702-fb99-4d3a-a11f-37c4fb1af50c","mysis_name":"test-mysis","stage":"context_memories","memory_count":2,"message_count":0,"content_bytes":542,"reasoning_bytes":0,"role_counts":{"system":1,"user":1},"source_counts":{"system":2},"tool_call_count":0,"time":"2026-02-07T16:53:45Z","message":"Context stats (ephemeral)"}
{"level":"debug","mysis_id":"435be702-fb99-4d3a-a11f-37c4fb1af50c","mysis_name":"test-mysis","stage":"messages_converted","memory_count":2,"message_count":3,"content_bytes":631,"reasoning_bytes":0,"role_counts":{"system":1,"user":1},"source_counts":{"system":2},"tool_call_count":0,"time":"2026-02-07T16:53:45Z","message":"Context stats (ephemeral)"}
{"level":"debug","mysis_id":"435be702-fb99-4d3a-a11f-37c4fb1af50c","mysis_name":"test-mysis","stage":"before_llm_call","memory_count":2,"message_count":3,"content_bytes":631,"reasoning_bytes":0,"role_counts":{"system":1,"user":1},"source_counts":{"system":2},"tool_call_count":0,"time":"2026-02-07T16:53:45Z","message":"Context stats (ephemeral)"}
{"level":"debug","mysis":"test-mysis","error":"context canceled","time":"2026-02-07T16:53:45Z","message":"Ignoring error - mysis was intentionally stopped"}
{"level":"debug","mysis_id":"a326bb2e-9e7e-4088-9084-82fe906698b2","mysis_name":"test-mysis","stage":"context_memories","memory_count":2,"message_count":0,"content_bytes":542,"reasoning_bytes":0,"role_counts":{"system":1,"user":1},"source_counts":{"system":2},"tool_call_count":0,"time":"2026-02-07T16:53:45Z","message":"Context stats (ephemeral)"}
{"level":"debug","mysis_id":"a326bb2e-9e7e-4088-9084-82fe906698b2","mysis_name":"test-mysis","stage":"messages_converted","memory_count":2,"message_count":3,"content_bytes":631,"reasoning_bytes":0,"role_counts":{"system":1,"user":1},"source_counts":{"system":2},"tool_call_count":0,"time":"2026-02-07T16:53:45Z","message":"Context stats (ephemeral)"}
{"level":"debug","mysis_id":"a326bb2e-9e7e-4088-9084-82fe906698b2","mysis_name":"test-mysis","stage":"before_llm_call","memory_count":2,"message_count":3,"content_bytes":631,"reasoning_bytes":0,"role_counts":{"system":1,"user":1},"source_counts":{"system":2},"tool_call_count":0,"time":"2026-02-07T16:53:45Z","message":"Context stats (ephemeral)"}
{"level":"debug","mysis":"test-mysis","error":"context canceled","time":"2026-02-07T16:53:46Z","message":"Ignoring error - mysis was intentionally stopped"}
{"level":"debug","mysis_id":"49998c35-85da-48ac-840f-f0f43916b1ee","mysis_name":"test-mysis","stage":"context_memories","memory_count":2,"message_count":0,"content_bytes":542,"reasoning_bytes":0,"role_counts":{"system":1,"user":1},"source_counts":{"system":2},"tool_call_count":0,"time":"2026-02-07T16:53:46Z","message":"Context stats (ephemeral)"}
{"level":"debug","mysis_id":"49998c35-85da-48ac-840f-f0f43916b1ee","mysis_name":"test-mysis","stage":"messages_converted","memory_count":2,"message_count":3,"content_bytes":631,"reasoning_bytes":0,"role_counts":{"system":1,"user":1},"source_counts":{"system":2},"tool_call_count":0,"time":"2026-02-07T16:53:46Z","message":"Context stats (ephemeral)"}
{"level":"debug","mysis_id":"49998c35-85da-48ac-840f-f0f43916b1ee","mysis_name":"test-mysis","stage":"before_llm_call","memory_count":2,"message_count":3,"content_bytes":631,"reasoning_bytes":0,"role_counts":{"system":1,"user":1},"source_counts":{"system":2},"tool_call_count":0,"time":"2026-02-07T16:53:46Z","message":"Context stats (ephemeral)"}
{"level":"debug","mysis":"test-mysis","error":"context canceled","time":"2026-02-07T16:53:46Z","message":"Ignoring error - mysis was intentionally stopped"}
{"level":"debug","mysis_id":"7baa8623-bf2d-4af8-be3a-103d47425048","mysis_name":"test-mysis","stage":"context_memories","memory_count":2,"message_count":0,"content_bytes":542,"reasoning_bytes":0,"role_counts":{"system":1,"user":1},"source_counts":{"system":2},"tool_call_count":0,"time":"2026-02-07T16:53:46Z","message":"Context stats (ephemeral)"}
{"level":"debug","mysis_id":"7baa8623-bf2d-4af8-be3a-103d47425048","mysis_name":"test-mysis","stage":"messages_converted","memory_count":2,"message_count":3,"content_bytes":631,"reasoning_bytes":0,"role_counts":{"system":1,"user":1},"source_counts":{"system":2},"tool_call_count":0,"time":"2026-02-07T16:53:46Z","message":"Context stats (ephemeral)"}
{"level":"debug","mysis_id":"7baa8623-bf2d-4af8-be3a-103d47425048","mysis_name":"test-mysis","stage":"before_llm_call","memory_count":2,"message_count":3,"content_bytes":631,"reasoning_bytes":0,"role_counts":{"system":1,"user":1},"source_counts":{"system":2},"tool_call_count":0,"time":"2026-02-07T16:53:46Z","message":"Context stats (ephemeral)"}
{"level":"debug","mysis":"test-mysis","error":"context canceled","time":"2026-02-07T16:53:46Z","message":"Ignoring error - mysis was intentionally stopped"}
{"level":"debug","mysis_id":"2be64c8d-9146-4a28-921f-93f88a2132e2","mysis_name":"test-mysis","stage":"context_memories","memory_count":2,"message_count":0,"content_bytes":542,"reasoning_bytes":0,"role_counts":{"system":1,"user":1},"source_counts":{"system":2},"tool_call_count":0,"time":"2026-02-07T16:53:46Z","message":"Context stats (ephemeral)"}
{"level":"debug","mysis_id":"2be64c8d-9146-4a28-921f-93f88a2132e2","mysis_name":"test-mysis","stage":"messages_converted","memory_count":2,"message_count":3,"content_bytes":631,"reasoning_bytes":0,"role_counts":{"system":1,"user":1},"source_counts":{"system":2},"tool_call_count":0,"time":"2026-02-07T16:53:46Z","message":"Context stats (ephemeral)"}
{"level":"debug","mysis_id":"2be64c8d-9146-4a28-921f-93f88a2132e2","mysis_name":"test-mysis","stage":"before_llm_call","memory_count":2,"message_count":3,"content_bytes":631,"reasoning_bytes":0,"role_counts":{"system":1,"user":1},"source_counts":{"system":2},"tool_call_count":0,"time":"2026-02-07T16:53:46Z","message":"Context stats (ephemeral)"}
{"level":"debug","mysis":"test-mysis","error":"context canceled","time":"2026-02-07T16:53:46Z","message":"Ignoring error - mysis was intentionally stopped"}
{"level":"debug","mysis_id":"f15d8a6d-3e7f-4afa-8089-733cb440eacc","mysis_name":"test-mysis","stage":"context_memories","memory_count":2,"message_count":0,"content_bytes":542,"reasoning_bytes":0,"role_counts":{"system":1,"user":1},"source_counts":{"system":2},"tool_call_count":0,"time":"2026-02-07T16:53:46Z","message":"Context stats (ephemeral)"}
{"level":"debug","mysis_id":"f15d8a6d-3e7f-4afa-8089-733cb440eacc","mysis_name":"test-mysis","stage":"messages_converted","memory_count":2,"message_count":3,"content_bytes":631,"reasoning_bytes":0,"role_counts":{"system":1,"user":1},"source_counts":{"system":2},"tool_call_count":0,"time":"2026-02-07T16:53:46Z","message":"Context stats (ephemeral)"}
{"level":"debug","mysis_id":"f15d8a6d-3e7f-4afa-8089-733cb440eacc","mysis_name":"test-mysis","stage":"before_llm_call","memory_count":2,"message_count":3,"content_bytes":631,"reasoning_bytes":0,"role_counts":{"system":1,"user":1},"source_counts":{"system":2},"tool_call_count":0,"time":"2026-02-07T16:53:46Z","message":"Context stats (ephemeral)"}
{"level":"debug","mysis":"test-mysis","error":"context canceled","time":"2026-02-07T16:53:46Z","message":"Ignoring error - mysis was intentionally stopped"}
{"level":"debug","mysis_id":"d7e59af9-d339-4726-8449-26d3487031e6","mysis_name":"test-mysis","stage":"context_memories","memory_count":2,"message_count":0,"content_bytes":542,"reasoning_bytes":0,"role_counts":{"system":1,"user":1},"source_counts":{"system":2},"tool_call_count":0,"time":"2026-02-07T16:53:46Z","message":"Context stats (ephemeral)"}
{"level":"debug","mysis_id":"d7e59af9-d339-4726-8449-26d3487031e6","mysis_name":"test-mysis","stage":"messages_converted","memory_count":2,"message_count":3,"content_bytes":631,"reasoning_bytes":0,"role_counts":{"system":1,"user":1},"source_counts":{"system":2},"tool_call_count":0,"time":"2026-02-07T16:53:46Z","message":"Context stats (ephemeral)"}
{"level":"debug","mysis_id":"d7e59af9-d339-4726-8449-26d3487031e6","mysis_name":"test-mysis","stage":"before_llm_call","memory_count":2,"message_count":3,"content_bytes":631,"reasoning_bytes":0,"role_counts":{"system":1,"user":1},"source_counts":{"system":2},"tool_call_count":0,"time":"2026-02-07T16:53:46Z","message":"Context stats (ephemeral)"}
{"level":"debug","mysis":"test-mysis","error":"context canceled","time":"2026-02-07T16:53:46Z","message":"Ignoring error - mysis was intentionally stopped"}
{"level":"debug","mysis_id":"11cfb9ca-12db-4f4d-b75e-ebff5be79ba1","mysis_name":"test-mysis","stage":"context_memories","memory_count":2,"message_count":0,"content_bytes":542,"reasoning_bytes":0,"role_counts":{"system":1,"user":1},"source_counts":{"system":2},"tool_call_count":0,"time":"2026-02-07T16:53:46Z","message":"Context stats (ephemeral)"}
{"level":"debug","mysis_id":"11cfb9ca-12db-4f4d-b75e-ebff5be79ba1","mysis_name":"test-mysis","stage":"messages_converted","memory_count":2,"message_count":3,"content_bytes":631,"reasoning_bytes":0,"role_counts":{"system":1,"user":1},"source_counts":{"system":2},"tool_call_count":0,"time":"2026-02-07T16:53:46Z","message":"Context stats (ephemeral)"}
{"level":"debug","mysis_id":"11cfb9ca-12db-4f4d-b75e-ebff5be79ba1","mysis_name":"test-mysis","stage":"before_llm_call","memory_count":2,"message_count":3,"content_bytes":631,"reasoning_bytes":0,"role_counts":{"system":1,"user":1},"source_counts":{"system":2},"tool_call_count":0,"time":"2026-02-07T16:53:46Z","message":"Context stats (ephemeral)"}
{"level":"debug","mysis":"test-mysis","error":"context canceled","time":"2026-02-07T16:53:46Z","message":"Ignoring error - mysis was intentionally stopped"}
{"level":"debug","mysis_id":"1a433669-c39c-4c54-8c53-e914cfa99204","mysis_name":"test-mysis","stage":"context_memories","memory_count":2,"message_count":0,"content_bytes":542,"reasoning_bytes":0,"role_counts":{"system":1,"user":1},"source_counts":{"system":2},"tool_call_count":0,"time":"2026-02-07T16:53:46Z","message":"Context stats (ephemeral)"}
{"level":"debug","mysis_id":"1a433669-c39c-4c54-8c53-e914cfa99204","mysis_name":"test-mysis","stage":"messages_converted","memory_count":2,"message_count":3,"content_bytes":631,"reasoning_bytes":0,"role_counts":{"system":1,"user":1},"source_counts":{"system":2},"tool_call_count":0,"time":"2026-02-07T16:53:46Z","message":"Context stats (ephemeral)"}
{"level":"debug","mysis_id":"1a433669-c39c-4c54-8c53-e914cfa99204","mysis_name":"test-mysis","stage":"before_llm_call","memory_count":2,"message_count":3,"content_bytes":631,"reasoning_bytes":0,"role_counts":{"system":1,"user":1},"source_counts":{"system":2},"tool_call_count":0,"time":"2026-02-07T16:53:46Z","message":"Context stats (ephemeral)"}
{"level":"debug","mysis":"test-mysis","error":"context canceled","time":"2026-02-07T16:53:46Z","message":"Ignoring error - mysis was intentionally stopped"}
{"level":"debug","mysis_id":"00324e47-5c7e-498b-95cd-31f8cf5fc70a","mysis_name":"test-mysis","stage":"context_memories","memory_count":2,"message_count":0,"content_bytes":542,"reasoning_bytes":0,"role_counts":{"system":1,"user":1},"source_counts":{"system":2},"tool_call_count":0,"time":"2026-02-07T16:53:46Z","message":"Context stats (ephemeral)"}
{"level":"debug","mysis_id":"00324e47-5c7e-498b-95cd-31f8cf5fc70a","mysis_name":"test-mysis","stage":"messages_converted","memory_count":2,"message_count":3,"content_bytes":631,"reasoning_bytes":0,"role_counts":{"system":1,"user":1},"source_counts":{"system":2},"tool_call_count":0,"time":"2026-02-07T16:53:46Z","message":"Context stats (ephemeral)"}
{"level":"debug","mysis_id":"00324e47-5c7e-498b-95cd-31f8cf5fc70a","mysis_name":"test-mysis","stage":"before_llm_call","memory_count":2,"message_count":3,"content_bytes":631,"reasoning_bytes":0,"role_counts":{"system":1,"user":1},"source_counts":{"system":2},"tool_call_count":0,"time":"2026-02-07T16:53:46Z","message":"Context stats (ephemeral)"}
{"level":"debug","mysis":"test-mysis","error":"context canceled","time":"2026-02-07T16:53:46Z","message":"Ignoring error - mysis was intentionally stopped"}
{"level":"debug","mysis_id":"25b0b3b3-1f1d-4bda-8fb0-8bd693da61af","mysis_name":"test-mysis","stage":"context_memories","memory_count":2,"message_count":0,"content_bytes":542,"reasoning_bytes":0,"role_counts":{"system":1,"user":1},"source_counts":{"system":2},"tool_call_count":0,"time":"2026-02-07T16:53:46Z","message":"Context stats (ephemeral)"}
{"level":"debug","mysis_id":"25b0b3b3-1f1d-4bda-8fb0-8bd693da61af","mysis_name":"test-mysis","stage":"messages_converted","memory_count":2,"message_count":3,"content_bytes":631,"reasoning_bytes":0,"role_counts":{"system":1,"user":1},"source_counts":{"system":2},"tool_call_count":0,"time":"2026-02-07T16:53:46Z","message":"Context stats (ephemeral)"}
{"level":"debug","mysis_id":"25b0b3b3-1f1d-4bda-8fb0-8bd693da61af","mysis_name":"test-mysis","stage":"before_llm_call","memory_count":2,"message_count":3,"content_bytes":631,"reasoning_bytes":0,"role_counts":{"system":1,"user":1},"source_counts":{"system":2},"tool_call_count":0,"time":"2026-02-07T16:53:46Z","message":"Context stats (ephemeral)"}
{"level":"debug","mysis":"test-mysis","error":"context canceled","time":"2026-02-07T16:53:46Z","message":"Ignoring error - mysis was intentionally stopped"}
{"level":"debug","mysis_id":"01fd0661-cee0-4f97-824a-ebc4c76285f9","mysis_name":"test-mysis","stage":"context_memories","memory_count":2,"message_count":0,"content_bytes":542,"reasoning_bytes":0,"role_counts":{"system":1,"user":1},"source_counts":{"system":2},"tool_call_count":0,"time":"2026-02-07T16:53:46Z","message":"Context stats (ephemeral)"}
{"level":"debug","mysis_id":"01fd0661-cee0-4f97-824a-ebc4c76285f9","mysis_name":"test-mysis","stage":"messages_converted","memory_count":2,"message_count":3,"content_bytes":631,"reasoning_bytes":0,"role_counts":{"system":1,"user":1},"source_counts":{"system":2},"tool_call_count":0,"time":"2026-02-07T16:53:46Z","message":"Context stats (ephemeral)"}
{"level":"debug","mysis_id":"01fd0661-cee0-4f97-824a-ebc4c76285f9","mysis_name":"test-mysis","stage":"before_llm_call","memory_count":2,"message_count":3,"content_bytes":631,"reasoning_bytes":0,"role_counts":{"system":1,"user":1},"source_counts":{"system":2},"tool_call_count":0,"time":"2026-02-07T16:53:46Z","message":"Context stats (ephemeral)"}
{"level":"debug","mysis":"test-mysis","error":"context canceled","time":"2026-02-07T16:53:46Z","message":"Ignoring error - mysis was intentionally stopped"}
{"level":"debug","mysis_id":"013bc4c0-cff7-497a-bae4-88b3250b7c24","mysis_name":"test-mysis","stage":"context_memories","memory_count":2,"message_count":0,"content_bytes":542,"reasoning_bytes":0,"role_counts":{"system":1,"user":1},"source_counts":{"system":2},"tool_call_count":0,"time":"2026-02-07T16:53:46Z","message":"Context stats (ephemeral)"}
{"level":"debug","mysis_id":"013bc4c0-cff7-497a-bae4-88b3250b7c24","mysis_name":"test-mysis","stage":"messages_converted","memory_count":2,"message_count":3,"content_bytes":631,"reasoning_bytes":0,"role_counts":{"system":1,"user":1},"source_counts":{"system":2},"tool_call_count":0,"time":"2026-02-07T16:53:46Z","message":"Context stats (ephemeral)"}
{"level":"debug","mysis_id":"013bc4c0-cff7-497a-bae4-88b3250b7c24","mysis_name":"test-mysis","stage":"before_llm_call","memory_count":2,"message_count":3,"content_bytes":631,"reasoning_bytes":0,"role_counts":{"system":1,"user":1},"source_counts":{"system":2},"tool_call_count":0,"time":"2026-02-07T16:53:46Z","message":"Context stats (ephemeral)"}
{"level":"debug","mysis":"test-mysis","error":"context canceled","time":"2026-02-07T16:53:46Z","message":"Ignoring error - mysis was intentionally stopped"}
{"level":"debug","mysis_id":"eed28d4d-387c-41c1-93fd-12ea409d624e","mysis_name":"test-mysis","stage":"context_memories","memory_count":2,"message_count":0,"content_bytes":542,"reasoning_bytes":0,"role_counts":{"system":1,"user":1},"source_counts":{"system":2},"tool_call_count":0,"time":"2026-02-07T16:53:46Z","message":"Context stats (ephemeral)"}
{"level":"debug","mysis_id":"eed28d4d-387c-41c1-93fd-12ea409d624e","mysis_name":"test-mysis","stage":"messages_converted","memory_count":2,"message_count":3,"content_bytes":631,"reasoning_bytes":0,"role_counts":{"system":1,"user":1},"source_counts":{"system":2},"tool_call_count":0,"time":"2026-02-07T16:53:46Z","message":"Context stats (ephemeral)"}
{"level":"debug","mysis_id":"eed28d4d-387c-41c1-93fd-12ea409d624e","mysis_name":"test-mysis","stage":"before_llm_call","memory_count":2,"message_count":3,"content_bytes":631,"reasoning_bytes":0,"role_counts":{"system":1,"user":1},"source_counts":{"system":2},"tool_call_count":0,"time":"2026-02-07T16:53:46Z","message":"Context stats (ephemeral)"}
{"level":"debug","mysis":"test-mysis","error":"context canceled","time":"2026-02-07T16:53:46Z","message":"Ignoring error - mysis was intentionally stopped"}
{"level":"debug","mysis_id":"c38419f0-8907-441c-84d6-7aa9997e1a99","mysis_name":"test-mysis","stage":"context_memories","memory_count":2,"message_count":0,"content_bytes":542,"reasoning_bytes":0,"role_counts":{"system":1,"user":1},"source_counts":{"system":2},"tool_call_count":0,"time":"2026-02-07T16:53:46Z","message":"Context stats (ephemeral)"}
{"level":"debug","mysis_id":"c38419f0-8907-441c-84d6-7aa9997e1a99","mysis_name":"test-mysis","stage":"messages_converted","memory_count":2,"message_count":3,"content_bytes":631,"reasoning_bytes":0,"role_counts":{"system":1,"user":1},"source_counts":{"system":2},"tool_call_count":0,"time":"2026-02-07T16:53:46Z","message":"Context stats (ephemeral)"}
{"level":"debug","mysis_id":"c38419f0-8907-441c-84d6-7aa9997e1a99","mysis_name":"test-mysis","stage":"before_llm_call","memory_count":2,"message_count":3,"content_bytes":631,"reasoning_bytes":0,"role_counts":{"system":1,"user":1},"source_counts":{"system":2},"tool_call_count":0,"time":"2026-02-07T16:53:46Z","message":"Context stats (ephemeral)"}
{"level":"debug","mysis":"test-mysis","error":"context canceled","time":"2026-02-07T16:53:46Z","message":"Ignoring error - mysis was intentionally stopped"}
{"level":"debug","mysis_id":"7ce3211f-f7bf-41fe-8582-a65703d9b834","mysis_name":"test-mysis","stage":"context_memories","memory_count":2,"message_count":0,"content_bytes":542,"reasoning_bytes":0,"role_counts":{"system":1,"user":1},"source_counts":{"system":2},"tool_call_count":0,"time":"2026-02-07T16:53:46Z","message":"Context stats (ephemeral)"}
{"level":"debug","mysis_id":"7ce3211f-f7bf-41fe-8582-a65703d9b834","mysis_name":"test-mysis","stage":"messages_converted","memory_count":2,"message_count":3,"content_bytes":631,"reasoning_bytes":0,"role_counts":{"system":1,"user":1},"source_counts":{"system":2},"tool_call_count":0,"time":"2026-02-07T16:53:46Z","message":"Context stats (ephemeral)"}
{"level":"debug","mysis_id":"7ce3211f-f7bf-41fe-8582-a65703d9b834","mysis_name":"test-mysis","stage":"before_llm_call","memory_count":2,"message_count":3,"content_bytes":631,"reasoning_bytes":0,"role_counts":{"system":1,"user":1},"source_counts":{"system":2},"tool_call_count":0,"time":"2026-02-07T16:53:46Z","message":"Context stats (ephemeral)"}
{"level":"debug","mysis":"test-mysis","error":"context canceled","time":"2026-02-07T16:53:46Z","message":"Ignoring error - mysis was intentionally stopped"}
{"level":"debug","mysis_id":"8b60bc74-354e-494f-937d-4f454676afe8","mysis_name":"test-mysis","stage":"context_memories","memory_count":2,"message_count":0,"content_bytes":542,"reasoning_bytes":0,"role_counts":{"system":1,"user":1},"source_counts":{"system":2},"tool_call_count":0,"time":"2026-02-07T16:53:46Z","message":"Context stats (ephemeral)"}
{"level":"debug","mysis_id":"8b60bc74-354e-494f-937d-4f454676afe8","mysis_name":"test-mysis","stage":"messages_converted","memory_count":2,"message_count":3,"content_bytes":631,"reasoning_bytes":0,"role_counts":{"system":1,"user":1},"source_counts":{"system":2},"tool_call_count":0,"time":"2026-02-07T16:53:46Z","message":"Context stats (ephemeral)"}
{"level":"debug","mysis_id":"8b60bc74-354e-494f-937d-4f454676afe8","mysis_name":"test-mysis","stage":"before_llm_call","memory_count":2,"message_count":3,"content_bytes":631,"reasoning_bytes":0,"role_counts":{"system":1,"user":1},"source_counts":{"system":2},"tool_call_count":0,"time":"2026-02-07T16:53:46Z","message":"Context stats (ephemeral)"}
{"level":"debug","mysis":"test-mysis","error":"context canceled","time":"2026-02-07T16:53:46Z","message":"Ignoring error - mysis was intentionally stopped"}
{"level":"debug","mysis_id":"57a57c4c-6fde-4b1e-8a87-d9f125628960","mysis_name":"test-mysis","stage":"context_memories","memory_count":2,"message_count":0,"content_bytes":542,"reasoning_bytes":0,"role_counts":{"system":1,"user":1},"source_counts":{"system":2},"tool_call_count":0,"time":"2026-02-07T16:53:46Z","message":"Context stats (ephemeral)"}
{"level":"debug","mysis_id":"57a57c4c-6fde-4b1e-8a87-d9f125628960","mysis_name":"test-mysis","stage":"messages_converted","memory_count":2,"message_count":3,"content_bytes":631,"reasoning_bytes":0,"role_counts":{"system":1,"user":1},"source_counts":{"system":2},"tool_call_count":0,"time":"2026-02-07T16:53:46Z","message":"Context stats (ephemeral)"}
{"level":"debug","mysis_id":"57a57c4c-6fde-4b1e-8a87-d9f125628960","mysis_name":"test-mysis","stage":"before_llm_call","memory_count":2,"message_count":3,"content_bytes":631,"reasoning_bytes":0,"role_counts":{"system":1,"user":1},"source_counts":{"system":2},"tool_call_count":0,"time":"2026-02-07T16:53:46Z","message":"Context stats (ephemeral)"}
{"level":"debug","mysis":"test-mysis","error":"context canceled","time":"2026-02-07T16:53:46Z","message":"Ignoring error - mysis was intentionally stopped"}
{"level":"debug","mysis_id":"a2895a54-d82b-433a-8193-d6a0326bd315","mysis_name":"test-mysis","stage":"context_memories","memory_count":2,"message_count":0,"content_bytes":542,"reasoning_bytes":0,"role_counts":{"system":1,"user":1},"source_counts":{"system":2},"tool_call_count":0,"time":"2026-02-07T16:53:46Z","message":"Context stats (ephemeral)"}
{"level":"debug","mysis_id":"a2895a54-d82b-433a-8193-d6a0326bd315","mysis_name":"test-mysis","stage":"messages_converted","memory_count":2,"message_count":3,"content_bytes":631,"reasoning_bytes":0,"role_counts":{"system":1,"user":1},"source_counts":{"system":2},"tool_call_count":0,"time":"2026-02-07T16:53:46Z","message":"Context stats (ephemeral)"}
{"level":"debug","mysis_id":"a2895a54-d82b-433a-8193-d6a0326bd315","mysis_name":"test-mysis","stage":"before_llm_call","memory_count":2,"message_count":3,"content_bytes":631,"reasoning_bytes":0,"role_counts":{"system":1,"user":1},"source_counts":{"system":2},"tool_call_count":0,"time":"2026-02-07T16:53:46Z","message":"Context stats (ephemeral)"}
{"level":"debug","mysis":"test-mysis","error":"context canceled","time":"2026-02-07T16:53:46Z","message":"Ignoring error - mysis was intentionally stopped"}
{"level":"debug","mysis_id":"1a48e5a2-ca14-47e7-8d4c-30ba2af5ddc9","mysis_name":"test-mysis","stage":"context_memories","memory_count":2,"message_count":0,"content_bytes":542,"reasoning_bytes":0,"role_counts":{"system":1,"user":1},"source_counts":{"system":2},"tool_call_count":0,"time":"2026-02-07T16:53:46Z","message":"Context stats (ephemeral)"}
{"level":"debug","mysis_id":"1a48e5a2-ca14-47e7-8d4c-30ba2af5ddc9","mysis_name":"test-mysis","stage":"messages_converted","memory_count":2,"message_count":3,"content_bytes":631,"reasoning_bytes":0,"role_counts":{"system":1,"user":1},"source_counts":{"system":2},"tool_call_count":0,"time":"2026-02-07T16:53:46Z","message":"Context stats (ephemeral)"}
{"level":"debug","mysis_id":"1a48e5a2-ca14-47e7-8d4c-30ba2af5ddc9","mysis_name":"test-mysis","stage":"before_llm_call","memory_count":2,"message_count":3,"content_bytes":631,"reasoning_bytes":0,"role_counts":{"system":1,"user":1},"source_counts":{"system":2},"tool_call_count":0,"time":"2026-02-07T16:53:46Z","message":"Context stats (ephemeral)"}
{"level":"debug","mysis":"test-mysis","error":"context canceled","time":"2026-02-07T16:53:46Z","message":"Ignoring error - mysis was intentionally stopped"}
{"level":"debug","mysis_id":"872b2eec-7513-48b1-9cb0-f8a8c4742787","mysis_name":"test-mysis","stage":"context_memories","memory_count":2,"message_count":0,"content_bytes":542,"reasoning_bytes":0,"role_counts":{"system":1,"user":1},"source_counts":{"system":2},"tool_call_count":0,"time":"2026-02-07T16:53:46Z","message":"Context stats (ephemeral)"}
{"level":"debug","mysis_id":"872b2eec-7513-48b1-9cb0-f8a8c4742787","mysis_name":"test-mysis","stage":"messages_converted","memory_count":2,"message_count":3,"content_bytes":631,"reasoning_bytes":0,"role_counts":{"system":1,"user":1},"source_counts":{"system":2},"tool_call_count":0,"time":"2026-02-07T16:53:46Z","message":"Context stats (ephemeral)"}
{"level":"debug","mysis_id":"872b2eec-7513-48b1-9cb0-f8a8c4742787","mysis_name":"test-mysis","stage":"before_llm_call","memory_count":2,"message_count":3,"content_bytes":631,"reasoning_bytes":0,"role_counts":{"system":1,"user":1},"source_counts":{"system":2},"tool_call_count":0,"time":"2026-02-07T16:53:46Z","message":"Context stats (ephemeral)"}
{"level":"debug","mysis":"test-mysis","error":"context canceled","time":"2026-02-07T16:53:46Z","message":"Ignoring error - mysis was intentionally stopped"}
{"level":"debug","mysis_id":"903dcb28-c52a-454c-8c35-384e9480aa7f","mysis_name":"test-mysis","stage":"context_memories","memory_count":2,"message_count":0,"content_bytes":542,"reasoning_bytes":0,"role_counts":{"system":1,"user":1},"source_counts":{"system":2},"tool_call_count":0,"time":"2026-02-07T16:53:46Z","message":"Context stats (ephemeral)"}
{"level":"debug","mysis_id":"903dcb28-c52a-454c-8c35-384e9480aa7f","mysis_name":"test-mysis","stage":"messages_converted","memory_count":2,"message_count":3,"content_bytes":631,"reasoning_bytes":0,"role_counts":{"system":1,"user":1},"source_counts":{"system":2},"tool_call_count":0,"time":"2026-02-07T16:53:46Z","message":"Context stats (ephemeral)"}
{"level":"debug","mysis_id":"903dcb28-c52a-454c-8c35-384e9480aa7f","mysis_name":"test-mysis","stage":"before_llm_call","memory_count":2,"message_count":3,"content_bytes":631,"reasoning_bytes":0,"role_counts":{"system":1,"user":1},"source_counts":{"system":2},"tool_call_count":0,"time":"2026-02-07T16:53:46Z","message":"Context stats (ephemeral)"}
{"level":"debug","mysis":"test-mysis","error":"context canceled","time":"2026-02-07T16:53:46Z","message":"Ignoring error - mysis was intentionally stopped"}
{"level":"debug","mysis_id":"1afb3c08-fe4e-4a3c-af1b-856f2b66b977","mysis_name":"test-mysis","stage":"context_memories","memory_count":2,"message_count":0,"content_bytes":542,"reasoning_bytes":0,"role_counts":{"system":1,"user":1},"source_counts":{"system":2},"tool_call_count":0,"time":"2026-02-07T16:53:46Z","message":"Context stats (ephemeral)"}
{"level":"debug","mysis_id":"1afb3c08-fe4e-4a3c-af1b-856f2b66b977","mysis_name":"test-mysis","stage":"messages_converted","memory_count":2,"message_count":3,"content_bytes":631,"reasoning_bytes":0,"role_counts":{"system":1,"user":1},"source_counts":{"system":2},"tool_call_count":0,"time":"2026-02-07T16:53:46Z","message":"Context stats (ephemeral)"}
{"level":"debug","mysis_id":"1afb3c08-fe4e-4a3c-af1b-856f2b66b977","mysis_name":"test-mysis","stage":"before_llm_call","memory_count":2,"message_count":3,"content_bytes":631,"reasoning_bytes":0,"role_counts":{"system":1,"user":1},"source_counts":{"system":2},"tool_call_count":0,"time":"2026-02-07T16:53:46Z","message":"Context stats (ephemeral)"}
{"level":"debug","mysis":"test-mysis","error":"context canceled","time":"2026-02-07T16:53:46Z","message":"Ignoring error - mysis was intentionally stopped"}
{"level":"debug","mysis_id":"e64e1558-2627-4b55-8cf8-cf8943b1dbb9","mysis_name":"test-mysis","stage":"context_memories","memory_count":2,"message_count":0,"content_bytes":542,"reasoning_bytes":0,"role_counts":{"system":1,"user":1},"source_counts":{"system":2},"tool_call_count":0,"time":"2026-02-07T16:53:46Z","message":"Context stats (ephemeral)"}
{"level":"debug","mysis_id":"e64e1558-2627-4b55-8cf8-cf8943b1dbb9","mysis_name":"test-mysis","stage":"messages_converted","memory_count":2,"message_count":3,"content_bytes":631,"reasoning_bytes":0,"role_counts":{"system":1,"user":1},"source_counts":{"system":2},"tool_call_count":0,"time":"2026-02-07T16:53:46Z","message":"Context stats (ephemeral)"}
{"level":"debug","mysis_id":"e64e1558-2627-4b55-8cf8-cf8943b1dbb9","mysis_name":"test-mysis","stage":"before_llm_call","memory_count":2,"message_count":3,"content_bytes":631,"reasoning_bytes":0,"role_counts":{"system":1,"user":1},"source_counts":{"system":2},"tool_call_count":0,"time":"2026-02-07T16:53:46Z","message":"Context stats (ephemeral)"}
{"level":"debug","mysis":"test-mysis","error":"context canceled","time":"2026-02-07T16:53:46Z","message":"Ignoring error - mysis was intentionally stopped"}
{"level":"debug","mysis_id":"11028c9b-d2c8-472d-a574-d89a1af7ca78","mysis_name":"test-mysis","stage":"context_memories","memory_count":2,"message_count":0,"content_bytes":542,"reasoning_bytes":0,"role_counts":{"system":1,"user":1},"source_counts":{"system":2},"tool_call_count":0,"time":"2026-02-07T16:53:46Z","message":"Context stats (ephemeral)"}
{"level":"debug","mysis_id":"11028c9b-d2c8-472d-a574-d89a1af7ca78","mysis_name":"test-mysis","stage":"messages_converted","memory_count":2,"message_count":3,"content_bytes":631,"reasoning_bytes":0,"role_counts":{"system":1,"user":1},"source_counts":{"system":2},"tool_call_count":0,"time":"2026-02-07T16:53:46Z","message":"Context stats (ephemeral)"}
{"level":"debug","mysis_id":"11028c9b-d2c8-472d-a574-d89a1af7ca78","mysis_name":"test-mysis","stage":"before_llm_call","memory_count":2,"message_count":3,"content_bytes":631,"reasoning_bytes":0,"role_counts":{"system":1,"user":1},"source_counts":{"system":2},"tool_call_count":0,"time":"2026-02-07T16:53:46Z","message":"Context stats (ephemeral)"}
{"level":"debug","mysis":"test-mysis","error":"context canceled","time":"2026-02-07T16:53:46Z","message":"Ignoring error - mysis was intentionally stopped"}
{"level":"debug","mysis_id":"15f9472b-a995-410c-be26-2a4814c62499","mysis_name":"test-mysis","stage":"context_memories","memory_count":2,"message_count":0,"content_bytes":542,"reasoning_bytes":0,"role_counts":{"system":1,"user":1},"source_counts":{"system":2},"tool_call_count":0,"time":"2026-02-07T16:53:46Z","message":"Context stats (ephemeral)"}
{"level":"debug","mysis_id":"15f9472b-a995-410c-be26-2a4814c62499","mysis_name":"test-mysis","stage":"messages_converted","memory_count":2,"message_count":3,"content_bytes":631,"reasoning_bytes":0,"role_counts":{"system":1,"user":1},"source_counts":{"system":2},"tool_call_count":0,"time":"2026-02-07T16:53:46Z","message":"Context stats (ephemeral)"}
{"level":"debug","mysis_id":"15f9472b-a995-410c-be26-2a4814c62499","mysis_name":"test-mysis","stage":"before_llm_call","memory_count":2,"message_count":3,"content_bytes":631,"reasoning_bytes":0,"role_counts":{"system":1,"user":1},"source_counts":{"system":2},"tool_call_count":0,"time":"2026-02-07T16:53:46Z","message":"Context stats (ephemeral)"}
{"level":"debug","mysis":"test-mysis","error":"context canceled","time":"2026-02-07T16:53:46Z","message":"Ignoring error - mysis was intentionally stopped"}
{"level":"debug","mysis_id":"a9d7a08d-127b-4951-aa9c-8716b107b35f","mysis_name":"test-mysis","stage":"context_memories","memory_count":2,"message_count":0,"content_bytes":542,"reasoning_bytes":0,"role_counts":{"system":1,"user":1},"source_counts":{"system":2},"tool_call_count":0,"time":"2026-02-07T16:53:46Z","message":"Context stats (ephemeral)"}
{"level":"debug","mysis_id":"a9d7a08d-127b-4951-aa9c-8716b107b35f","mysis_name":"test-mysis","stage":"messages_converted","memory_count":2,"message_count":3,"content_bytes":631,"reasoning_bytes":0,"role_counts":{"system":1,"user":1},"source_counts":{"system":2},"tool_call_count":0,"time":"2026-02-07T16:53:46Z","message":"Context stats (ephemeral)"}
{"level":"debug","mysis_id":"a9d7a08d-127b-4951-aa9c-8716b107b35f","mysis_name":"test-mysis","stage":"before_llm_call","memory_count":2,"message_count":3,"content_bytes":631,"reasoning_bytes":0,"role_counts":{"system":1,"user":1},"source_counts":{"system":2},"tool_call_count":0,"time":"2026-02-07T16:53:46Z","message":"Context stats (ephemeral)"}
{"level":"debug","mysis":"test-mysis","error":"context canceled","time":"2026-02-07T16:53:46Z","message":"Ignoring error - mysis was intentionally stopped"}
{"level":"debug","mysis_id":"33f0b65c-66c4-4b45-84c9-03fc2b2cfae7","mysis_name":"test-mysis","stage":"context_memories","memory_count":2,"message_count":0,"content_bytes":542,"reasoning_bytes":0,"role_counts":{"system":1,"user":1},"source_counts":{"system":2},"tool_call_count":0,"time":"2026-02-07T16:53:46Z","message":"Context stats (ephemeral)"}
{"level":"debug","mysis_id":"33f0b65c-66c4-4b45-84c9-03fc2b2cfae7","mysis_name":"test-mysis","stage":"messages_converted","memory_count":2,"message_count":3,"content_bytes":631,"reasoning_bytes":0,"role_counts":{"system":1,"user":1},"source_counts":{"system":2},"tool_call_count":0,"time":"2026-02-07T16:53:46Z","message":"Context stats (ephemeral)"}
{"level":"debug","mysis_id":"33f0b65c-66c4-4b45-84c9-03fc2b2cfae7","mysis_name":"test-mysis","stage":"before_llm_call","memory_count":2,"message_count":3,"content_bytes":631,"reasoning_bytes":0,"role_counts":{"system":1,"user":1},"source_counts":{"system":2},"tool_call_count":0,"time":"2026-02-07T16:53:46Z","message":"Context stats (ephemeral)"}
{"level":"debug","mysis":"test-mysis","error":"context canceled","time":"2026-02-07T16:53:46Z","message":"Ignoring error - mysis was intentionally stopped"}
{"level":"debug","mysis_id":"cdbcf76f-d629-4759-a982-64b42c3ec97e","mysis_name":"test-mysis","stage":"context_memories","memory_count":2,"message_count":0,"content_bytes":542,"reasoning_bytes":0,"role_counts":{"system":1,"user":1},"source_counts":{"system":2},"tool_call_count":0,"time":"2026-02-07T16:53:46Z","message":"Context stats (ephemeral)"}
{"level":"debug","mysis_id":"cdbcf76f-d629-4759-a982-64b42c3ec97e","mysis_name":"test-mysis","stage":"messages_converted","memory_count":2,"message_count":3,"content_bytes":631,"reasoning_bytes":0,"role_counts":{"system":1,"user":1},"source_counts":{"system":2},"tool_call_count":0,"time":"2026-02-07T16:53:46Z","message":"Context stats (ephemeral)"}
{"level":"debug","mysis_id":"cdbcf76f-d629-4759-a982-64b42c3ec97e","mysis_name":"test-mysis","stage":"before_llm_call","memory_count":2,"message_count":3,"content_bytes":631,"reasoning_bytes":0,"role_counts":{"system":1,"user":1},"source_counts":{"system":2},"tool_call_count":0,"time":"2026-02-07T16:53:46Z","message":"Context stats (ephemeral)"}
{"level":"debug","mysis":"test-mysis","error":"context canceled","time":"2026-02-07T16:53:46Z","message":"Ignoring error - mysis was intentionally stopped"}
{"level":"debug","mysis_id":"a9337ae1-d419-4017-9c13-fb5f7827303a","mysis_name":"test-mysis","stage":"context_memories","memory_count":2,"message_count":0,"content_bytes":542,"reasoning_bytes":0,"role_counts":{"system":1,"user":1},"source_counts":{"system":2},"tool_call_count":0,"time":"2026-02-07T16:53:46Z","message":"Context stats (ephemeral)"}
{"level":"debug","mysis_id":"a9337ae1-d419-4017-9c13-fb5f7827303a","mysis_name":"test-mysis","stage":"messages_converted","memory_count":2,"message_count":3,"content_bytes":631,"reasoning_bytes":0,"role_counts":{"system":1,"user":1},"source_counts":{"system":2},"tool_call_count":0,"time":"2026-02-07T16:53:46Z","message":"Context stats (ephemeral)"}
{"level":"debug","mysis_id":"a9337ae1-d419-4017-9c13-fb5f7827303a","mysis_name":"test-mysis","stage":"before_llm_call","memory_count":2,"message_count":3,"content_bytes":631,"reasoning_bytes":0,"role_counts":{"system":1,"user":1},"source_counts":{"system":2},"tool_call_count":0,"time":"2026-02-07T16:53:46Z","message":"Context stats (ephemeral)"}
{"level":"debug","mysis":"test-mysis","error":"context canceled","time":"2026-02-07T16:53:46Z","message":"Ignoring error - mysis was intentionally stopped"}
{"level":"debug","mysis_id":"da3263d2-b564-4ac8-8608-37e34c4984d8","mysis_name":"test-mysis","stage":"context_memories","memory_count":2,"message_count":0,"content_bytes":542,"reasoning_bytes":0,"role_counts":{"system":1,"user":1},"source_counts":{"system":2},"tool_call_count":0,"time":"2026-02-07T16:53:46Z","message":"Context stats (ephemeral)"}
{"level":"debug","mysis_id":"da3263d2-b564-4ac8-8608-37e34c4984d8","mysis_name":"test-mysis","stage":"messages_converted","memory_count":2,"message_count":3,"content_bytes":631,"reasoning_bytes":0,"role_counts":{"system":1,"user":1},"source_counts":{"system":2},"tool_call_count":0,"time":"2026-02-07T16:53:46Z","message":"Context stats (ephemeral)"}
{"level":"debug","mysis_id":"da3263d2-b564-4ac8-8608-37e34c4984d8","mysis_name":"test-mysis","stage":"before_llm_call","memory_count":2,"message_count":3,"content_bytes":631,"reasoning_bytes":0,"role_counts":{"system":1,"user":1},"source_counts":{"system":2},"tool_call_count":0,"time":"2026-02-07T16:53:46Z","message":"Context stats (ephemeral)"}
{"level":"debug","mysis":"test-mysis","error":"context canceled","time":"2026-02-07T16:53:46Z","message":"Ignoring error - mysis was intentionally stopped"}
{"level":"debug","mysis_id":"dc5b1d3c-9500-432c-8e1f-2cfb8b443e92","mysis_name":"test-mysis","stage":"context_memories","memory_count":2,"message_count":0,"content_bytes":542,"reasoning_bytes":0,"role_counts":{"system":1,"user":1},"source_counts":{"system":2},"tool_call_count":0,"time":"2026-02-07T16:53:46Z","message":"Context stats (ephemeral)"}
{"level":"debug","mysis_id":"dc5b1d3c-9500-432c-8e1f-2cfb8b443e92","mysis_name":"test-mysis","stage":"messages_converted","memory_count":2,"message_count":3,"content_bytes":631,"reasoning_bytes":0,"role_counts":{"system":1,"user":1},"source_counts":{"system":2},"tool_call_count":0,"time":"2026-02-07T16:53:46Z","message":"Context stats (ephemeral)"}
{"level":"debug","mysis_id":"dc5b1d3c-9500-432c-8e1f-2cfb8b443e92","mysis_name":"test-mysis","stage":"before_llm_call","memory_count":2,"message_count":3,"content_bytes":631,"reasoning_bytes":0,"role_counts":{"system":1,"user":1},"source_counts":{"system":2},"tool_call_count":0,"time":"2026-02-07T16:53:46Z","message":"Context stats (ephemeral)"}
{"level":"debug","mysis":"test-mysis","error":"context canceled","time":"2026-02-07T16:53:46Z","message":"Ignoring error - mysis was intentionally stopped"}
{"level":"debug","mysis_id":"0df6de5b-5e52-459b-98e8-b9f620167a4d","mysis_name":"test-mysis","stage":"context_memories","memory_count":2,"message_count":0,"content_bytes":542,"reasoning_bytes":0,"role_counts":{"system":1,"user":1},"source_counts":{"system":2},"tool_call_count":0,"time":"2026-02-07T16:53:46Z","message":"Context stats (ephemeral)"}
{"level":"debug","mysis_id":"0df6de5b-5e52-459b-98e8-b9f620167a4d","mysis_name":"test-mysis","stage":"messages_converted","memory_count":2,"message_count":3,"content_bytes":631,"reasoning_bytes":0,"role_counts":{"system":1,"user":1},"source_counts":{"system":2},"tool_call_count":0,"time":"2026-02-07T16:53:46Z","message":"Context stats (ephemeral)"}
{"level":"debug","mysis_id":"0df6de5b-5e52-459b-98e8-b9f620167a4d","mysis_name":"test-mysis","stage":"before_llm_call","memory_count":2,"message_count":3,"content_bytes":631,"reasoning_bytes":0,"role_counts":{"system":1,"user":1},"source_counts":{"system":2},"tool_call_count":0,"time":"2026-02-07T16:53:46Z","message":"Context stats (ephemeral)"}
{"level":"debug","mysis":"test-mysis","error":"context canceled","time":"2026-02-07T16:53:46Z","message":"Ignoring error - mysis was intentionally stopped"}
{"level":"debug","mysis_id":"f1f72b0a-88e7-4a2f-8e37-14ba250e2084","mysis_name":"test-mysis","stage":"context_memories","memory_count":2,"message_count":0,"content_bytes":542,"reasoning_bytes":0,"role_counts":{"system":1,"user":1},"source_counts":{"system":2},"tool_call_count":0,"time":"2026-02-07T16:53:46Z","message":"Context stats (ephemeral)"}
{"level":"debug","mysis_id":"f1f72b0a-88e7-4a2f-8e37-14ba250e2084","mysis_name":"test-mysis","stage":"messages_converted","memory_count":2,"message_count":3,"content_bytes":631,"reasoning_bytes":0,"role_counts":{"system":1,"user":1},"source_counts":{"system":2},"tool_call_count":0,"time":"2026-02-07T16:53:46Z","message":"Context stats (ephemeral)"}
{"level":"debug","mysis_id":"f1f72b0a-88e7-4a2f-8e37-14ba250e2084","mysis_name":"test-mysis","stage":"before_llm_call","memory_count":2,"message_count":3,"content_bytes":631,"reasoning_bytes":0,"role_counts":{"system":1,"user":1},"source_counts":{"system":2},"tool_call_count":0,"time":"2026-02-07T16:53:46Z","message":"Context stats (ephemeral)"}
{"level":"debug","mysis":"test-mysis","error":"context canceled","time":"2026-02-07T16:53:46Z","message":"Ignoring error - mysis was intentionally stopped"}
{"level":"debug","mysis_id":"14586f3d-a65a-430f-a5fd-7f00b336840b","mysis_name":"test-mysis","stage":"context_memories","memory_count":2,"message_count":0,"content_bytes":542,"reasoning_bytes":0,"role_counts":{"system":1,"user":1},"source_counts":{"system":2},"tool_call_count":0,"time":"2026-02-07T16:53:46Z","message":"Context stats (ephemeral)"}
{"level":"debug","mysis_id":"14586f3d-a65a-430f-a5fd-7f00b336840b","mysis_name":"test-mysis","stage":"messages_converted","memory_count":2,"message_count":3,"content_bytes":631,"reasoning_bytes":0,"role_counts":{"system":1,"user":1},"source_counts":{"system":2},"tool_call_count":0,"time":"2026-02-07T16:53:46Z","message":"Context stats (ephemeral)"}
{"level":"debug","mysis_id":"14586f3d-a65a-430f-a5fd-7f00b336840b","mysis_name":"test-mysis","stage":"before_llm_call","memory_count":2,"message_count":3,"content_bytes":631,"reasoning_bytes":0,"role_counts":{"system":1,"user":1},"source_counts":{"system":2},"tool_call_count":0,"time":"2026-02-07T16:53:46Z","message":"Context stats (ephemeral)"}
{"level":"debug","mysis":"test-mysis","error":"context canceled","time":"2026-02-07T16:53:46Z","message":"Ignoring error - mysis was intentionally stopped"}
{"level":"debug","mysis_id":"0e56a739-2c70-4c26-990e-a8724de4c671","mysis_name":"test-mysis","stage":"context_memories","memory_count":2,"message_count":0,"content_bytes":542,"reasoning_bytes":0,"role_counts":{"system":1,"user":1},"source_counts":{"system":2},"tool_call_count":0,"time":"2026-02-07T16:53:46Z","message":"Context stats (ephemeral)"}
{"level":"debug","mysis_id":"0e56a739-2c70-4c26-990e-a8724de4c671","mysis_name":"test-mysis","stage":"messages_converted","memory_count":2,"message_count":3,"content_bytes":631,"reasoning_bytes":0,"role_counts":{"system":1,"user":1},"source_counts":{"system":2},"tool_call_count":0,"time":"2026-02-07T16:53:46Z","message":"Context stats (ephemeral)"}
{"level":"debug","mysis_id":"0e56a739-2c70-4c26-990e-a8724de4c671","mysis_name":"test-mysis","stage":"before_llm_call","memory_count":2,"message_count":3,"content_bytes":631,"reasoning_bytes":0,"role_counts":{"system":1,"user":1},"source_counts":{"system":2},"tool_call_count":0,"time":"2026-02-07T16:53:46Z","message":"Context stats (ephemeral)"}
{"level":"debug","mysis":"test-mysis","error":"context canceled","time":"2026-02-07T16:53:46Z","message":"Ignoring error - mysis was intentionally stopped"}
{"level":"debug","mysis_id":"b0c81dd2-5d5b-48ef-801c-73f4405b0e3b","mysis_name":"test-mysis","stage":"context_memories","memory_count":2,"message_count":0,"content_bytes":542,"reasoning_bytes":0,"role_counts":{"system":1,"user":1},"source_counts":{"system":2},"tool_call_count":0,"time":"2026-02-07T16:53:46Z","message":"Context stats (ephemeral)"}
{"level":"debug","mysis_id":"b0c81dd2-5d5b-48ef-801c-73f4405b0e3b","mysis_name":"test-mysis","stage":"messages_converted","memory_count":2,"message_count":3,"content_bytes":631,"reasoning_bytes":0,"role_counts":{"system":1,"user":1},"source_counts":{"system":2},"tool_call_count":0,"time":"2026-02-07T16:53:46Z","message":"Context stats (ephemeral)"}
{"level":"debug","mysis_id":"b0c81dd2-5d5b-48ef-801c-73f4405b0e3b","mysis_name":"test-mysis","stage":"before_llm_call","memory_count":2,"message_count":3,"content_bytes":631,"reasoning_bytes":0,"role_counts":{"system":1,"user":1},"source_counts":{"system":2},"tool_call_count":0,"time":"2026-02-07T16:53:46Z","message":"Context stats (ephemeral)"}
{"level":"debug","mysis":"test-mysis","error":"context canceled","time":"2026-02-07T16:53:46Z","message":"Ignoring error - mysis was intentionally stopped"}
{"level":"debug","mysis_id":"b6748003-1876-44d2-bfda-5b261f45d469","mysis_name":"test-mysis","stage":"context_memories","memory_count":2,"message_count":0,"content_bytes":542,"reasoning_bytes":0,"role_counts":{"system":1,"user":1},"source_counts":{"system":2},"tool_call_count":0,"time":"2026-02-07T16:53:46Z","message":"Context stats (ephemeral)"}
{"level":"debug","mysis_id":"b6748003-1876-44d2-bfda-5b261f45d469","mysis_name":"test-mysis","stage":"messages_converted","memory_count":2,"message_count":3,"content_bytes":631,"reasoning_bytes":0,"role_counts":{"system":1,"user":1},"source_counts":{"system":2},"tool_call_count":0,"time":"2026-02-07T16:53:46Z","message":"Context stats (ephemeral)"}
{"level":"debug","mysis_id":"b6748003-1876-44d2-bfda-5b261f45d469","mysis_name":"test-mysis","stage":"before_llm_call","memory_count":2,"message_count":3,"content_bytes":631,"reasoning_bytes":0,"role_counts":{"system":1,"user":1},"source_counts":{"system":2},"tool_call_count":0,"time":"2026-02-07T16:53:46Z","message":"Context stats (ephemeral)"}
{"level":"debug","mysis":"test-mysis","error":"context canceled","time":"2026-02-07T16:53:46Z","message":"Ignoring error - mysis was intentionally stopped"}
{"level":"debug","mysis_id":"450e6f6f-8f0b-4e4f-b9da-faba2ae81953","mysis_name":"test-mysis","stage":"context_memories","memory_count":2,"message_count":0,"content_bytes":542,"reasoning_bytes":0,"role_counts":{"system":1,"user":1},"source_counts":{"system":2},"tool_call_count":0,"time":"2026-02-07T16:53:46Z","message":"Context stats (ephemeral)"}
{"level":"debug","mysis_id":"450e6f6f-8f0b-4e4f-b9da-faba2ae81953","mysis_name":"test-mysis","stage":"messages_converted","memory_count":2,"message_count":3,"content_bytes":631,"reasoning_bytes":0,"role_counts":{"system":1,"user":1},"source_counts":{"system":2},"tool_call_count":0,"time":"2026-02-07T16:53:46Z","message":"Context stats (ephemeral)"}
{"level":"debug","mysis_id":"450e6f6f-8f0b-4e4f-b9da-faba2ae81953","mysis_name":"test-mysis","stage":"before_llm_call","memory_count":2,"message_count":3,"content_bytes":631,"reasoning_bytes":0,"role_counts":{"system":1,"user":1},"source_counts":{"system":2},"tool_call_count":0,"time":"2026-02-07T16:53:46Z","message":"Context stats (ephemeral)"}
{"level":"debug","mysis":"test-mysis","error":"context canceled","time":"2026-02-07T16:53:46Z","message":"Ignoring error - mysis was intentionally stopped"}
{"level":"debug","mysis_id":"3328e1ed-874e-4e44-9e7e-bd379a28bab9","mysis_name":"test-mysis","stage":"context_memories","memory_count":2,"message_count":0,"content_bytes":542,"reasoning_bytes":0,"role_counts":{"system":1,"user":1},"source_counts":{"system":2},"tool_call_count":0,"time":"2026-02-07T16:53:46Z","message":"Context stats (ephemeral)"}
{"level":"debug","mysis_id":"3328e1ed-874e-4e44-9e7e-bd379a28bab9","mysis_name":"test-mysis","stage":"messages_converted","memory_count":2,"message_count":3,"content_bytes":631,"reasoning_bytes":0,"role_counts":{"system":1,"user":1},"source_counts":{"system":2},"tool_call_count":0,"time":"2026-02-07T16:53:46Z","message":"Context stats (ephemeral)"}
{"level":"debug","mysis_id":"3328e1ed-874e-4e44-9e7e-bd379a28bab9","mysis_name":"test-mysis","stage":"before_llm_call","memory_count":2,"message_count":3,"content_bytes":631,"reasoning_bytes":0,"role_counts":{"system":1,"user":1},"source_counts":{"system":2},"tool_call_count":0,"time":"2026-02-07T16:53:46Z","message":"Context stats (ephemeral)"}
{"level":"debug","mysis":"test-mysis","error":"context canceled","time":"2026-02-07T16:53:46Z","message":"Ignoring error - mysis was intentionally stopped"}
{"level":"debug","mysis_id":"93e38690-472b-46d9-b50e-578b7072b569","mysis_name":"test-mysis","stage":"context_memories","memory_count":2,"message_count":0,"content_bytes":542,"reasoning_bytes":0,"role_counts":{"system":1,"user":1},"source_counts":{"system":2},"tool_call_count":0,"time":"2026-02-07T16:53:46Z","message":"Context stats (ephemeral)"}
{"level":"debug","mysis_id":"93e38690-472b-46d9-b50e-578b7072b569","mysis_name":"test-mysis","stage":"messages_converted","memory_count":2,"message_count":3,"content_bytes":631,"reasoning_bytes":0,"role_counts":{"system":1,"user":1},"source_counts":{"system":2},"tool_call_count":0,"time":"2026-02-07T16:53:46Z","message":"Context stats (ephemeral)"}
{"level":"debug","mysis_id":"93e38690-472b-46d9-b50e-578b7072b569","mysis_name":"test-mysis","stage":"before_llm_call","memory_count":2,"message_count":3,"content_bytes":631,"reasoning_bytes":0,"role_counts":{"system":1,"user":1},"source_counts":{"system":2},"tool_call_count":0,"time":"2026-02-07T16:53:46Z","message":"Context stats (ephemeral)"}
{"level":"debug","mysis":"test-mysis","error":"context canceled","time":"2026-02-07T16:53:46Z","message":"Ignoring error - mysis was intentionally stopped"}
{"level":"debug","mysis_id":"e8671884-7a43-4fb9-b4d0-a9cee38480b7","mysis_name":"test-mysis","stage":"context_memories","memory_count":2,"message_count":0,"content_bytes":542,"reasoning_bytes":0,"role_counts":{"system":1,"user":1},"source_counts":{"system":2},"tool_call_count":0,"time":"2026-02-07T16:53:46Z","message":"Context stats (ephemeral)"}
{"level":"debug","mysis_id":"e8671884-7a43-4fb9-b4d0-a9cee38480b7","mysis_name":"test-mysis","stage":"messages_converted","memory_count":2,"message_count":3,"content_bytes":631,"reasoning_bytes":0,"role_counts":{"system":1,"user":1},"source_counts":{"system":2},"tool_call_count":0,"time":"2026-02-07T16:53:46Z","message":"Context stats (ephemeral)"}
{"level":"debug","mysis_id":"e8671884-7a43-4fb9-b4d0-a9cee38480b7","mysis_name":"test-mysis","stage":"before_llm_call","memory_count":2,"message_count":3,"content_bytes":631,"reasoning_bytes":0,"role_counts":{"system":1,"user":1},"source_counts":{"system":2},"tool_call_count":0,"time":"2026-02-07T16:53:46Z","message":"Context stats (ephemeral)"}
{"level":"debug","mysis":"test-mysis","error":"context canceled","time":"2026-02-07T16:53:46Z","message":"Ignoring error - mysis was intentionally stopped"}
{"level":"debug","mysis_id":"f06ed54a-e029-40d2-b3db-27b6af759548","mysis_name":"test-mysis","stage":"context_memories","memory_count":2,"message_count":0,"content_bytes":542,"reasoning_bytes":0,"role_counts":{"system":1,"user":1},"source_counts":{"system":2},"tool_call_count":0,"time":"2026-02-07T16:53:46Z","message":"Context stats (ephemeral)"}
{"level":"debug","mysis_id":"f06ed54a-e029-40d2-b3db-27b6af759548","mysis_name":"test-mysis","stage":"messages_converted","memory_count":2,"message_count":3,"content_bytes":631,"reasoning_bytes":0,"role_counts":{"system":1,"user":1},"source_counts":{"system":2},"tool_call_count":0,"time":"2026-02-07T16:53:46Z","message":"Context stats (ephemeral)"}
{"level":"debug","mysis_id":"f06ed54a-e029-40d2-b3db-27b6af759548","mysis_name":"test-mysis","stage":"before_llm_call","memory_count":2,"message_count":3,"content_bytes":631,"reasoning_bytes":0,"role_counts":{"system":1,"user":1},"source_counts":{"system":2},"tool_call_count":0,"time":"2026-02-07T16:53:46Z","message":"Context stats (ephemeral)"}
{"level":"debug","mysis":"test-mysis","error":"context canceled","time":"2026-02-07T16:53:46Z","message":"Ignoring error - mysis was intentionally stopped"}
{"level":"debug","mysis_id":"028762f4-bdc0-4b0a-90d8-e39139612a79","mysis_name":"test-mysis","stage":"context_memories","memory_count":2,"message_count":0,"content_bytes":542,"reasoning_bytes":0,"role_counts":{"system":1,"user":1},"source_counts":{"system":2},"tool_call_count":0,"time":"2026-02-07T16:53:46Z","message":"Context stats (ephemeral)"}
{"level":"debug","mysis_id":"028762f4-bdc0-4b0a-90d8-e39139612a79","mysis_name":"test-mysis","stage":"messages_converted","memory_count":2,"message_count":3,"content_bytes":631,"reasoning_bytes":0,"role_counts":{"system":1,"user":1},"source_counts":{"system":2},"tool_call_count":0,"time":"2026-02-07T16:53:46Z","message":"Context stats (ephemeral)"}
{"level":"debug","mysis_id":"028762f4-bdc0-4b0a-90d8-e39139612a79","mysis_name":"test-mysis","stage":"before_llm_call","memory_count":2,"message_count":3,"content_bytes":631,"reasoning_bytes":0,"role_counts":{"system":1,"user":1},"source_counts":{"system":2},"tool_call_count":0,"time":"2026-02-07T16:53:46Z","message":"Context stats (ephemeral)"}
{"level":"debug","mysis":"test-mysis","error":"context canceled","time":"2026-02-07T16:53:46Z","message":"Ignoring error - mysis was intentionally stopped"}
{"level":"debug","mysis_id":"4d391864-2447-489f-b8c8-7c0ea0c2f42e","mysis_name":"test-mysis","stage":"context_memories","memory_count":2,"message_count":0,"content_bytes":542,"reasoning_bytes":0,"role_counts":{"system":1,"user":1},"source_counts":{"system":2},"tool_call_count":0,"time":"2026-02-07T16:53:46Z","message":"Context stats (ephemeral)"}
{"level":"debug","mysis_id":"4d391864-2447-489f-b8c8-7c0ea0c2f42e","mysis_name":"test-mysis","stage":"messages_converted","memory_count":2,"message_count":3,"content_bytes":631,"reasoning_bytes":0,"role_counts":{"system":1,"user":1},"source_counts":{"system":2},"tool_call_count":0,"time":"2026-02-07T16:53:46Z","message":"Context stats (ephemeral)"}
{"level":"debug","mysis_id":"4d391864-2447-489f-b8c8-7c0ea0c2f42e","mysis_name":"test-mysis","stage":"before_llm_call","memory_count":2,"message_count":3,"content_bytes":631,"reasoning_bytes":0,"role_counts":{"system":1,"user":1},"source_counts":{"system":2},"tool_call_count":0,"time":"2026-02-07T16:53:46Z","message":"Context stats (ephemeral)"}
{"level":"debug","mysis":"test-mysis","error":"context canceled","time":"2026-02-07T16:53:46Z","message":"Ignoring error - mysis was intentionally stopped"}
{"level":"debug","mysis_id":"1da4f897-9b94-4020-abd3-29cda5da6e35","mysis_name":"test-mysis","stage":"context_memories","memory_count":2,"message_count":0,"content_bytes":542,"reasoning_bytes":0,"role_counts":{"system":1,"user":1},"source_counts":{"system":2},"tool_call_count":0,"time":"2026-02-07T16:53:46Z","message":"Context stats (ephemeral)"}
{"level":"debug","mysis_id":"1da4f897-9b94-4020-abd3-29cda5da6e35","mysis_name":"test-mysis","stage":"messages_converted","memory_count":2,"message_count":3,"content_bytes":631,"reasoning_bytes":0,"role_counts":{"system":1,"user":1},"source_counts":{"system":2},"tool_call_count":0,"time":"2026-02-07T16:53:46Z","message":"Context stats (ephemeral)"}
{"level":"debug","mysis_id":"1da4f897-9b94-4020-abd3-29cda5da6e35","mysis_name":"test-mysis","stage":"before_llm_call","memory_count":2,"message_count":3,"content_bytes":631,"reasoning_bytes":0,"role_counts":{"system":1,"user":1},"source_counts":{"system":2},"tool_call_count":0,"time":"2026-02-07T16:53:46Z","message":"Context stats (ephemeral)"}
{"level":"debug","mysis":"test-mysis","error":"context canceled","time":"2026-02-07T16:53:46Z","message":"Ignoring error - mysis was intentionally stopped"}
{"level":"debug","mysis_id":"c95decc0-0942-46e7-91bc-0e4698668d8f","mysis_name":"test-mysis","stage":"context_memories","memory_count":2,"message_count":0,"content_bytes":542,"reasoning_bytes":0,"role_counts":{"system":1,"user":1},"source_counts":{"system":2},"tool_call_count":0,"time":"2026-02-07T16:53:46Z","message":"Context stats (ephemeral)"}
{"level":"debug","mysis_id":"c95decc0-0942-46e7-91bc-0e4698668d8f","mysis_name":"test-mysis","stage":"messages_converted","memory_count":2,"message_count":3,"content_bytes":631,"reasoning_bytes":0,"role_counts":{"system":1,"user":1},"source_counts":{"system":2},"tool_call_count":0,"time":"2026-02-07T16:53:46Z","message":"Context stats (ephemeral)"}
{"level":"debug","mysis_id":"c95decc0-0942-46e7-91bc-0e4698668d8f","mysis_name":"test-mysis","stage":"before_llm_call","memory_count":2,"message_count":3,"content_bytes":631,"reasoning_bytes":0,"role_counts":{"system":1,"user":1},"source_counts":{"system":2},"tool_call_count":0,"time":"2026-02-07T16:53:46Z","message":"Context stats (ephemeral)"}
{"level":"debug","mysis":"test-mysis","error":"context canceled","time":"2026-02-07T16:53:46Z","message":"Ignoring error - mysis was intentionally stopped"}
{"level":"debug","mysis_id":"136e4612-258f-4858-a2d0-a230ba84016e","mysis_name":"test-mysis","stage":"context_memories","memory_count":2,"message_count":0,"content_bytes":542,"reasoning_bytes":0,"role_counts":{"system":1,"user":1},"source_counts":{"system":2},"tool_call_count":0,"time":"2026-02-07T16:53:46Z","message":"Context stats (ephemeral)"}
{"level":"debug","mysis_id":"136e4612-258f-4858-a2d0-a230ba84016e","mysis_name":"test-mysis","stage":"messages_converted","memory_count":2,"message_count":3,"content_bytes":631,"reasoning_bytes":0,"role_counts":{"system":1,"user":1},"source_counts":{"system":2},"tool_call_count":0,"time":"2026-02-07T16:53:46Z","message":"Context stats (ephemeral)"}
{"level":"debug","mysis_id":"136e4612-258f-4858-a2d0-a230ba84016e","mysis_name":"test-mysis","stage":"before_llm_call","memory_count":2,"message_count":3,"content_bytes":631,"reasoning_bytes":0,"role_counts":{"system":1,"user":1},"source_counts":{"system":2},"tool_call_count":0,"time":"2026-02-07T16:53:46Z","message":"Context stats (ephemeral)"}
{"level":"debug","mysis":"test-mysis","error":"context canceled","time":"2026-02-07T16:53:46Z","message":"Ignoring error - mysis was intentionally stopped"}
{"level":"debug","mysis_id":"c4046d67-b3e3-4a7b-b6d4-9f189dc489d9","mysis_name":"test-mysis","stage":"context_memories","memory_count":2,"message_count":0,"content_bytes":542,"reasoning_bytes":0,"role_counts":{"system":1,"user":1},"source_counts":{"system":2},"tool_call_count":0,"time":"2026-02-07T16:53:47Z","message":"Context stats (ephemeral)"}
{"level":"debug","mysis_id":"c4046d67-b3e3-4a7b-b6d4-9f189dc489d9","mysis_name":"test-mysis","stage":"messages_converted","memory_count":2,"message_count":3,"content_bytes":631,"reasoning_bytes":0,"role_counts":{"system":1,"user":1},"source_counts":{"system":2},"tool_call_count":0,"time":"2026-02-07T16:53:47Z","message":"Context stats (ephemeral)"}
{"level":"debug","mysis_id":"c4046d67-b3e3-4a7b-b6d4-9f189dc489d9","mysis_name":"test-mysis","stage":"before_llm_call","memory_count":2,"message_count":3,"content_bytes":631,"reasoning_bytes":0,"role_counts":{"system":1,"user":1},"source_counts":{"system":2},"tool_call_count":0,"time":"2026-02-07T16:53:47Z","message":"Context stats (ephemeral)"}
{"level":"debug","mysis":"test-mysis","error":"context canceled","time":"2026-02-07T16:53:47Z","message":"Ignoring error - mysis was intentionally stopped"}
{"level":"debug","mysis_id":"b7efcecb-e50f-48ff-bf7f-6d58f86fb438","mysis_name":"test-mysis","stage":"context_memories","memory_count":2,"message_count":0,"content_bytes":542,"reasoning_bytes":0,"role_counts":{"system":1,"user":1},"source_counts":{"system":2},"tool_call_count":0,"time":"2026-02-07T16:53:47Z","message":"Context stats (ephemeral)"}
{"level":"debug","mysis_id":"b7efcecb-e50f-48ff-bf7f-6d58f86fb438","mysis_name":"test-mysis","stage":"messages_converted","memory_count":2,"message_count":3,"content_bytes":631,"reasoning_bytes":0,"role_counts":{"system":1,"user":1},"source_counts":{"system":2},"tool_call_count":0,"time":"2026-02-07T16:53:47Z","message":"Context stats (ephemeral)"}
{"level":"debug","mysis_id":"b7efcecb-e50f-48ff-bf7f-6d58f86fb438","mysis_name":"test-mysis","stage":"before_llm_call","memory_count":2,"message_count":3,"content_bytes":631,"reasoning_bytes":0,"role_counts":{"system":1,"user":1},"source_counts":{"system":2},"tool_call_count":0,"time":"2026-02-07T16:53:47Z","message":"Context stats (ephemeral)"}
{"level":"debug","mysis":"test-mysis","error":"context canceled","time":"2026-02-07T16:53:47Z","message":"Ignoring error - mysis was intentionally stopped"}
{"level":"debug","mysis_id":"e3d09bdc-4a24-4237-abba-166b5484ade0","mysis_name":"test-mysis","stage":"context_memories","memory_count":2,"message_count":0,"content_bytes":542,"reasoning_bytes":0,"role_counts":{"system":1,"user":1},"source_counts":{"system":2},"tool_call_count":0,"time":"2026-02-07T16:53:47Z","message":"Context stats (ephemeral)"}
{"level":"debug","mysis_id":"e3d09bdc-4a24-4237-abba-166b5484ade0","mysis_name":"test-mysis","stage":"messages_converted","memory_count":2,"message_count":3,"content_bytes":631,"reasoning_bytes":0,"role_counts":{"system":1,"user":1},"source_counts":{"system":2},"tool_call_count":0,"time":"2026-02-07T16:53:47Z","message":"Context stats (ephemeral)"}
{"level":"debug","mysis_id":"e3d09bdc-4a24-4237-abba-166b5484ade0","mysis_name":"test-mysis","stage":"before_llm_call","memory_count":2,"message_count":3,"content_bytes":631,"reasoning_bytes":0,"role_counts":{"system":1,"user":1},"source_counts":{"system":2},"tool_call_count":0,"time":"2026-02-07T16:53:47Z","message":"Context stats (ephemeral)"}
{"level":"debug","mysis":"test-mysis","error":"context canceled","time":"2026-02-07T16:53:47Z","message":"Ignoring error - mysis was intentionally stopped"}
{"level":"debug","mysis_id":"6237a141-2e36-4df1-9c84-2aad60a1ff44","mysis_name":"test-mysis","stage":"context_memories","memory_count":2,"message_count":0,"content_bytes":542,"reasoning_bytes":0,"role_counts":{"system":1,"user":1},"source_counts":{"system":2},"tool_call_count":0,"time":"2026-02-07T16:53:47Z","message":"Context stats (ephemeral)"}
{"level":"debug","mysis_id":"6237a141-2e36-4df1-9c84-2aad60a1ff44","mysis_name":"test-mysis","stage":"messages_converted","memory_count":2,"message_count":3,"content_bytes":631,"reasoning_bytes":0,"role_counts":{"system":1,"user":1},"source_counts":{"system":2},"tool_call_count":0,"time":"2026-02-07T16:53:47Z","message":"Context stats (ephemeral)"}
{"level":"debug","mysis_id":"6237a141-2e36-4df1-9c84-2aad60a1ff44","mysis_name":"test-mysis","stage":"before_llm_call","memory_count":2,"message_count":3,"content_bytes":631,"reasoning_bytes":0,"role_counts":{"system":1,"user":1},"source_counts":{"system":2},"tool_call_count":0,"time":"2026-02-07T16:53:47Z","message":"Context stats (ephemeral)"}
{"level":"debug","mysis":"test-mysis","error":"context canceled","time":"2026-02-07T16:53:47Z","message":"Ignoring error - mysis was intentionally stopped"}
{"level":"debug","mysis_id":"db34e7e2-92d7-4dd3-aaf0-f5abcbcbe2dc","mysis_name":"test-mysis","stage":"context_memories","memory_count":2,"message_count":0,"content_bytes":542,"reasoning_bytes":0,"role_counts":{"system":1,"user":1},"source_counts":{"system":2},"tool_call_count":0,"time":"2026-02-07T16:53:47Z","message":"Context stats (ephemeral)"}
{"level":"debug","mysis_id":"db34e7e2-92d7-4dd3-aaf0-f5abcbcbe2dc","mysis_name":"test-mysis","stage":"messages_converted","memory_count":2,"message_count":3,"content_bytes":631,"reasoning_bytes":0,"role_counts":{"system":1,"user":1},"source_counts":{"system":2},"tool_call_count":0,"time":"2026-02-07T16:53:47Z","message":"Context stats (ephemeral)"}
{"level":"debug","mysis_id":"db34e7e2-92d7-4dd3-aaf0-f5abcbcbe2dc","mysis_name":"test-mysis","stage":"before_llm_call","memory_count":2,"message_count":3,"content_bytes":631,"reasoning_bytes":0,"role_counts":{"system":1,"user":1},"source_counts":{"system":2},"tool_call_count":0,"time":"2026-02-07T16:53:47Z","message":"Context stats (ephemeral)"}
{"level":"debug","mysis":"test-mysis","error":"context canceled","time":"2026-02-07T16:53:47Z","message":"Ignoring error - mysis was intentionally stopped"}
{"level":"debug","mysis_id":"5e92f90e-b3a7-4748-8c70-32a58c692a58","mysis_name":"test-mysis","stage":"context_memories","memory_count":2,"message_count":0,"content_bytes":542,"reasoning_bytes":0,"role_counts":{"system":1,"user":1},"source_counts":{"system":2},"tool_call_count":0,"time":"2026-02-07T16:53:47Z","message":"Context stats (ephemeral)"}
{"level":"debug","mysis_id":"5e92f90e-b3a7-4748-8c70-32a58c692a58","mysis_name":"test-mysis","stage":"messages_converted","memory_count":2,"message_count":3,"content_bytes":631,"reasoning_bytes":0,"role_counts":{"system":1,"user":1},"source_counts":{"system":2},"tool_call_count":0,"time":"2026-02-07T16:53:47Z","message":"Context stats (ephemeral)"}
{"level":"debug","mysis_id":"5e92f90e-b3a7-4748-8c70-32a58c692a58","mysis_name":"test-mysis","stage":"before_llm_call","memory_count":2,"message_count":3,"content_bytes":631,"reasoning_bytes":0,"role_counts":{"system":1,"user":1},"source_counts":{"system":2},"tool_call_count":0,"time":"2026-02-07T16:53:47Z","message":"Context stats (ephemeral)"}
{"level":"debug","mysis":"test-mysis","error":"context canceled","time":"2026-02-07T16:53:47Z","message":"Ignoring error - mysis was intentionally stopped"}
{"level":"debug","mysis_id":"7e07a4e9-43ca-4619-8289-e288b6fa53ef","mysis_name":"test-mysis","stage":"context_memories","memory_count":2,"message_count":0,"content_bytes":542,"reasoning_bytes":0,"role_counts":{"system":1,"user":1},"source_counts":{"system":2},"tool_call_count":0,"time":"2026-02-07T16:53:47Z","message":"Context stats (ephemeral)"}
{"level":"debug","mysis_id":"7e07a4e9-43ca-4619-8289-e288b6fa53ef","mysis_name":"test-mysis","stage":"messages_converted","memory_count":2,"message_count":3,"content_bytes":631,"reasoning_bytes":0,"role_counts":{"system":1,"user":1},"source_counts":{"system":2},"tool_call_count":0,"time":"2026-02-07T16:53:47Z","message":"Context stats (ephemeral)"}
{"level":"debug","mysis_id":"7e07a4e9-43ca-4619-8289-e288b6fa53ef","mysis_name":"test-mysis","stage":"before_llm_call","memory_count":2,"message_count":3,"content_bytes":631,"reasoning_bytes":0,"role_counts":{"system":1,"user":1},"source_counts":{"system":2},"tool_call_count":0,"time":"2026-02-07T16:53:47Z","message":"Context stats (ephemeral)"}
{"level":"debug","mysis":"test-mysis","error":"context canceled","time":"2026-02-07T16:53:47Z","message":"Ignoring error - mysis was intentionally stopped"}
{"level":"debug","mysis_id":"c36eb2f0-4b48-43db-b4f4-e95cb2093f4f","mysis_name":"test-mysis","stage":"context_memories","memory_count":2,"message_count":0,"content_bytes":542,"reasoning_bytes":0,"role_counts":{"system":1,"user":1},"source_counts":{"system":2},"tool_call_count":0,"time":"2026-02-07T16:53:47Z","message":"Context stats (ephemeral)"}
{"level":"debug","mysis_id":"c36eb2f0-4b48-43db-b4f4-e95cb2093f4f","mysis_name":"test-mysis","stage":"messages_converted","memory_count":2,"message_count":3,"content_bytes":631,"reasoning_bytes":0,"role_counts":{"system":1,"user":1},"source_counts":{"system":2},"tool_call_count":0,"time":"2026-02-07T16:53:47Z","message":"Context stats (ephemeral)"}
{"level":"debug","mysis_id":"c36eb2f0-4b48-43db-b4f4-e95cb2093f4f","mysis_name":"test-mysis","stage":"before_llm_call","memory_count":2,"message_count":3,"content_bytes":631,"reasoning_bytes":0,"role_counts":{"system":1,"user":1},"source_counts":{"system":2},"tool_call_count":0,"time":"2026-02-07T16:53:47Z","message":"Context stats (ephemeral)"}
{"level":"debug","mysis":"test-mysis","error":"context canceled","time":"2026-02-07T16:53:47Z","message":"Ignoring error - mysis was intentionally stopped"}
{"level":"debug","mysis_id":"ce4411c9-a8ad-41d3-beae-c822d5de5598","mysis_name":"test-mysis","stage":"context_memories","memory_count":2,"message_count":0,"content_bytes":542,"reasoning_bytes":0,"role_counts":{"system":1,"user":1},"source_counts":{"system":2},"tool_call_count":0,"time":"2026-02-07T16:53:47Z","message":"Context stats (ephemeral)"}
{"level":"debug","mysis_id":"ce4411c9-a8ad-41d3-beae-c822d5de5598","mysis_name":"test-mysis","stage":"messages_converted","memory_count":2,"message_count":3,"content_bytes":631,"reasoning_bytes":0,"role_counts":{"system":1,"user":1},"source_counts":{"system":2},"tool_call_count":0,"time":"2026-02-07T16:53:47Z","message":"Context stats (ephemeral)"}
{"level":"debug","mysis_id":"ce4411c9-a8ad-41d3-beae-c822d5de5598","mysis_name":"test-mysis","stage":"before_llm_call","memory_count":2,"message_count":3,"content_bytes":631,"reasoning_bytes":0,"role_counts":{"system":1,"user":1},"source_counts":{"system":2},"tool_call_count":0,"time":"2026-02-07T16:53:47Z","message":"Context stats (ephemeral)"}
{"level":"debug","mysis":"test-mysis","error":"context canceled","time":"2026-02-07T16:53:47Z","message":"Ignoring error - mysis was intentionally stopped"}
{"level":"debug","mysis_id":"91e06191-3dca-4398-95ed-000f05d95db5","mysis_name":"test-mysis","stage":"context_memories","memory_count":2,"message_count":0,"content_bytes":542,"reasoning_bytes":0,"role_counts":{"system":1,"user":1},"source_counts":{"system":2},"tool_call_count":0,"time":"2026-02-07T16:53:47Z","message":"Context stats (ephemeral)"}
{"level":"debug","mysis_id":"91e06191-3dca-4398-95ed-000f05d95db5","mysis_name":"test-mysis","stage":"messages_converted","memory_count":2,"message_count":3,"content_bytes":631,"reasoning_bytes":0,"role_counts":{"system":1,"user":1},"source_counts":{"system":2},"tool_call_count":0,"time":"2026-02-07T16:53:47Z","message":"Context stats (ephemeral)"}
{"level":"debug","mysis_id":"91e06191-3dca-4398-95ed-000f05d95db5","mysis_name":"test-mysis","stage":"before_llm_call","memory_count":2,"message_count":3,"content_bytes":631,"reasoning_bytes":0,"role_counts":{"system":1,"user":1},"source_counts":{"system":2},"tool_call_count":0,"time":"2026-02-07T16:53:47Z","message":"Context stats (ephemeral)"}
{"level":"debug","mysis":"test-mysis","error":"context canceled","time":"2026-02-07T16:53:47Z","message":"Ignoring error - mysis was intentionally stopped"}
{"level":"debug","mysis_id":"ff3b2f8c-789a-4926-aeb9-8b838c0f9629","mysis_name":"test-mysis","stage":"context_memories","memory_count":2,"message_count":0,"content_bytes":542,"reasoning_bytes":0,"role_counts":{"system":1,"user":1},"source_counts":{"system":2},"tool_call_count":0,"time":"2026-02-07T16:53:47Z","message":"Context stats (ephemeral)"}
{"level":"debug","mysis_id":"ff3b2f8c-789a-4926-aeb9-8b838c0f9629","mysis_name":"test-mysis","stage":"messages_converted","memory_count":2,"message_count":3,"content_bytes":631,"reasoning_bytes":0,"role_counts":{"system":1,"user":1},"source_counts":{"system":2},"tool_call_count":0,"time":"2026-02-07T16:53:47Z","message":"Context stats (ephemeral)"}
{"level":"debug","mysis_id":"ff3b2f8c-789a-4926-aeb9-8b838c0f9629","mysis_name":"test-mysis","stage":"before_llm_call","memory_count":2,"message_count":3,"content_bytes":631,"reasoning_bytes":0,"role_counts":{"system":1,"user":1},"source_counts":{"system":2},"tool_call_count":0,"time":"2026-02-07T16:53:47Z","message":"Context stats (ephemeral)"}
{"level":"debug","mysis":"test-mysis","error":"context canceled","time":"2026-02-07T16:53:47Z","message":"Ignoring error - mysis was intentionally stopped"}
{"level":"debug","mysis_id":"80ccf891-c6be-42e8-a73a-5277680ed1c5","mysis_name":"test-mysis","stage":"context_memories","memory_count":2,"message_count":0,"content_bytes":542,"reasoning_bytes":0,"role_counts":{"system":1,"user":1},"source_counts":{"system":2},"tool_call_count":0,"time":"2026-02-07T16:53:47Z","message":"Context stats (ephemeral)"}
{"level":"debug","mysis_id":"80ccf891-c6be-42e8-a73a-5277680ed1c5","mysis_name":"test-mysis","stage":"messages_converted","memory_count":2,"message_count":3,"content_bytes":631,"reasoning_bytes":0,"role_counts":{"system":1,"user":1},"source_counts":{"system":2},"tool_call_count":0,"time":"2026-02-07T16:53:47Z","message":"Context stats (ephemeral)"}
{"level":"debug","mysis_id":"80ccf891-c6be-42e8-a73a-5277680ed1c5","mysis_name":"test-mysis","stage":"before_llm_call","memory_count":2,"message_count":3,"content_bytes":631,"reasoning_bytes":0,"role_counts":{"system":1,"user":1},"source_counts":{"system":2},"tool_call_count":0,"time":"2026-02-07T16:53:47Z","message":"Context stats (ephemeral)"}
{"level":"debug","mysis":"test-mysis","error":"context canceled","time":"2026-02-07T16:53:47Z","message":"Ignoring error - mysis was intentionally stopped"}
{"level":"debug","mysis_id":"5b6e818c-3b8b-433e-b596-b2b36173939d","mysis_name":"test-mysis","stage":"context_memories","memory_count":2,"message_count":0,"content_bytes":542,"reasoning_bytes":0,"role_counts":{"system":1,"user":1},"source_counts":{"system":2},"tool_call_count":0,"time":"2026-02-07T16:53:47Z","message":"Context stats (ephemeral)"}
{"level":"debug","mysis_id":"5b6e818c-3b8b-433e-b596-b2b36173939d","mysis_name":"test-mysis","stage":"messages_converted","memory_count":2,"message_count":3,"content_bytes":631,"reasoning_bytes":0,"role_counts":{"system":1,"user":1},"source_counts":{"system":2},"tool_call_count":0,"time":"2026-02-07T16:53:47Z","message":"Context stats (ephemeral)"}
{"level":"debug","mysis_id":"5b6e818c-3b8b-433e-b596-b2b36173939d","mysis_name":"test-mysis","stage":"before_llm_call","memory_count":2,"message_count":3,"content_bytes":631,"reasoning_bytes":0,"role_counts":{"system":1,"user":1},"source_counts":{"system":2},"tool_call_count":0,"time":"2026-02-07T16:53:47Z","message":"Context stats (ephemeral)"}
{"level":"debug","mysis":"test-mysis","error":"context canceled","time":"2026-02-07T16:53:47Z","message":"Ignoring error - mysis was intentionally stopped"}
{"level":"debug","mysis_id":"fb7e5aea-f142-4d60-9ca7-ec8015ce830c","mysis_name":"test-mysis","stage":"context_memories","memory_count":2,"message_count":0,"content_bytes":542,"reasoning_bytes":0,"role_counts":{"system":1,"user":1},"source_counts":{"system":2},"tool_call_count":0,"time":"2026-02-07T16:53:47Z","message":"Context stats (ephemeral)"}
{"level":"debug","mysis_id":"fb7e5aea-f142-4d60-9ca7-ec8015ce830c","mysis_name":"test-mysis","stage":"messages_converted","memory_count":2,"message_count":3,"content_bytes":631,"reasoning_bytes":0,"role_counts":{"system":1,"user":1},"source_counts":{"system":2},"tool_call_count":0,"time":"2026-02-07T16:53:47Z","message":"Context stats (ephemeral)"}
{"level":"debug","mysis_id":"fb7e5aea-f142-4d60-9ca7-ec8015ce830c","mysis_name":"test-mysis","stage":"before_llm_call","memory_count":2,"message_count":3,"content_bytes":631,"reasoning_bytes":0,"role_counts":{"system":1,"user":1},"source_counts":{"system":2},"tool_call_count":0,"time":"2026-02-07T16:53:47Z","message":"Context stats (ephemeral)"}
{"level":"debug","mysis":"test-mysis","error":"context canceled","time":"2026-02-07T16:53:47Z","message":"Ignoring error - mysis was intentionally stopped"}
{"level":"debug","mysis_id":"40c5af70-c801-45a4-9d70-b41684cf295c","mysis_name":"test-mysis","stage":"context_memories","memory_count":2,"message_count":0,"content_bytes":542,"reasoning_bytes":0,"role_counts":{"system":1,"user":1},"source_counts":{"system":2},"tool_call_count":0,"time":"2026-02-07T16:53:47Z","message":"Context stats (ephemeral)"}
{"level":"debug","mysis_id":"40c5af70-c801-45a4-9d70-b41684cf295c","mysis_name":"test-mysis","stage":"messages_converted","memory_count":2,"message_count":3,"content_bytes":631,"reasoning_bytes":0,"role_counts":{"system":1,"user":1},"source_counts":{"system":2},"tool_call_count":0,"time":"2026-02-07T16:53:47Z","message":"Context stats (ephemeral)"}
{"level":"debug","mysis_id":"40c5af70-c801-45a4-9d70-b41684cf295c","mysis_name":"test-mysis","stage":"before_llm_call","memory_count":2,"message_count":3,"content_bytes":631,"reasoning_bytes":0,"role_counts":{"system":1,"user":1},"source_counts":{"system":2},"tool_call_count":0,"time":"2026-02-07T16:53:47Z","message":"Context stats (ephemeral)"}
{"level":"debug","mysis":"test-mysis","error":"context canceled","time":"2026-02-07T16:53:47Z","message":"Ignoring error - mysis was intentionally stopped"}
{"level":"debug","mysis_id":"8b3d299f-a9f3-47c4-818d-4ae35945a19e","mysis_name":"test-mysis","stage":"context_memories","memory_count":2,"message_count":0,"content_bytes":542,"reasoning_bytes":0,"role_counts":{"system":1,"user":1},"source_counts":{"system":2},"tool_call_count":0,"time":"2026-02-07T16:53:47Z","message":"Context stats (ephemeral)"}
{"level":"debug","mysis_id":"8b3d299f-a9f3-47c4-818d-4ae35945a19e","mysis_name":"test-mysis","stage":"messages_converted","memory_count":2,"message_count":3,"content_bytes":631,"reasoning_bytes":0,"role_counts":{"system":1,"user":1},"source_counts":{"system":2},"tool_call_count":0,"time":"2026-02-07T16:53:47Z","message":"Context stats (ephemeral)"}
{"level":"debug","mysis_id":"8b3d299f-a9f3-47c4-818d-4ae35945a19e","mysis_name":"test-mysis","stage":"before_llm_call","memory_count":2,"message_count":3,"content_bytes":631,"reasoning_bytes":0,"role_counts":{"system":1,"user":1},"source_counts":{"system":2},"tool_call_count":0,"time":"2026-02-07T16:53:47Z","message":"Context stats (ephemeral)"}
{"level":"debug","mysis":"test-mysis","error":"context canceled","time":"2026-02-07T16:53:47Z","message":"Ignoring error - mysis was intentionally stopped"}
{"level":"debug","mysis_id":"98fb60ec-f334-4a17-9aea-111a14f497b3","mysis_name":"test-mysis","stage":"context_memories","memory_count":2,"message_count":0,"content_bytes":542,"reasoning_bytes":0,"role_counts":{"system":1,"user":1},"source_counts":{"system":2},"tool_call_count":0,"time":"2026-02-07T16:53:47Z","message":"Context stats (ephemeral)"}
{"level":"debug","mysis_id":"98fb60ec-f334-4a17-9aea-111a14f497b3","mysis_name":"test-mysis","stage":"messages_converted","memory_count":2,"message_count":3,"content_bytes":631,"reasoning_bytes":0,"role_counts":{"system":1,"user":1},"source_counts":{"system":2},"tool_call_count":0,"time":"2026-02-07T16:53:47Z","message":"Context stats (ephemeral)"}
{"level":"debug","mysis_id":"98fb60ec-f334-4a17-9aea-111a14f497b3","mysis_name":"test-mysis","stage":"before_llm_call","memory_count":2,"message_count":3,"content_bytes":631,"reasoning_bytes":0,"role_counts":{"system":1,"user":1},"source_counts":{"system":2},"tool_call_count":0,"time":"2026-02-07T16:53:47Z","message":"Context stats (ephemeral)"}
{"level":"debug","mysis":"test-mysis","error":"context canceled","time":"2026-02-07T16:53:47Z","message":"Ignoring error - mysis was intentionally stopped"}
{"level":"debug","mysis_id":"2f3ad617-a44e-450c-9f10-6f1dd87dbe11","mysis_name":"test-mysis","stage":"context_memories","memory_count":2,"message_count":0,"content_bytes":542,"reasoning_bytes":0,"role_counts":{"system":1,"user":1},"source_counts":{"system":2},"tool_call_count":0,"time":"2026-02-07T16:53:47Z","message":"Context stats (ephemeral)"}
{"level":"debug","mysis_id":"2f3ad617-a44e-450c-9f10-6f1dd87dbe11","mysis_name":"test-mysis","stage":"messages_converted","memory_count":2,"message_count":3,"content_bytes":631,"reasoning_bytes":0,"role_counts":{"system":1,"user":1},"source_counts":{"system":2},"tool_call_count":0,"time":"2026-02-07T16:53:47Z","message":"Context stats (ephemeral)"}
{"level":"debug","mysis_id":"2f3ad617-a44e-450c-9f10-6f1dd87dbe11","mysis_name":"test-mysis","stage":"before_llm_call","memory_count":2,"message_count":3,"content_bytes":631,"reasoning_bytes":0,"role_counts":{"system":1,"user":1},"source_counts":{"system":2},"tool_call_count":0,"time":"2026-02-07T16:53:47Z","message":"Context stats (ephemeral)"}
{"level":"debug","mysis":"test-mysis","error":"context canceled","time":"2026-02-07T16:53:47Z","message":"Ignoring error - mysis was intentionally stopped"}
{"level":"debug","mysis_id":"47244689-0ff8-4de0-887a-3de0fc9ae7c1","mysis_name":"test-mysis","stage":"context_memories","memory_count":2,"message_count":0,"content_bytes":542,"reasoning_bytes":0,"role_counts":{"system":1,"user":1},"source_counts":{"system":2},"tool_call_count":0,"time":"2026-02-07T16:53:47Z","message":"Context stats (ephemeral)"}
{"level":"debug","mysis_id":"47244689-0ff8-4de0-887a-3de0fc9ae7c1","mysis_name":"test-mysis","stage":"messages_converted","memory_count":2,"message_count":3,"content_bytes":631,"reasoning_bytes":0,"role_counts":{"system":1,"user":1},"source_counts":{"system":2},"tool_call_count":0,"time":"2026-02-07T16:53:47Z","message":"Context stats (ephemeral)"}
{"level":"debug","mysis_id":"47244689-0ff8-4de0-887a-3de0fc9ae7c1","mysis_name":"test-mysis","stage":"before_llm_call","memory_count":2,"message_count":3,"content_bytes":631,"reasoning_bytes":0,"role_counts":{"system":1,"user":1},"source_counts":{"system":2},"tool_call_count":0,"time":"2026-02-07T16:53:47Z","message":"Context stats (ephemeral)"}
{"level":"debug","mysis":"test-mysis","error":"context canceled","time":"2026-02-07T16:53:47Z","message":"Ignoring error - mysis was intentionally stopped"}
{"level":"debug","mysis_id":"3d9d06b9-18b4-400e-a821-9854f3150e9e","mysis_name":"test-mysis","stage":"context_memories","memory_count":2,"message_count":0,"content_bytes":542,"reasoning_bytes":0,"role_counts":{"system":1,"user":1},"source_counts":{"system":2},"tool_call_count":0,"time":"2026-02-07T16:53:47Z","message":"Context stats (ephemeral)"}
{"level":"debug","mysis_id":"3d9d06b9-18b4-400e-a821-9854f3150e9e","mysis_name":"test-mysis","stage":"messages_converted","memory_count":2,"message_count":3,"content_bytes":631,"reasoning_bytes":0,"role_counts":{"system":1,"user":1},"source_counts":{"system":2},"tool_call_count":0,"time":"2026-02-07T16:53:47Z","message":"Context stats (ephemeral)"}
{"level":"debug","mysis_id":"3d9d06b9-18b4-400e-a821-9854f3150e9e","mysis_name":"test-mysis","stage":"before_llm_call","memory_count":2,"message_count":3,"content_bytes":631,"reasoning_bytes":0,"role_counts":{"system":1,"user":1},"source_counts":{"system":2},"tool_call_count":0,"time":"2026-02-07T16:53:47Z","message":"Context stats (ephemeral)"}
{"level":"debug","mysis":"test-mysis","error":"context canceled","time":"2026-02-07T16:53:47Z","message":"Ignoring error - mysis was intentionally stopped"}
{"level":"debug","mysis_id":"d204375f-5e10-40fb-a34e-5932932a3f64","mysis_name":"test-mysis","stage":"context_memories","memory_count":2,"message_count":0,"content_bytes":542,"reasoning_bytes":0,"role_counts":{"system":1,"user":1},"source_counts":{"system":2},"tool_call_count":0,"time":"2026-02-07T16:53:47Z","message":"Context stats (ephemeral)"}
{"level":"debug","mysis_id":"d204375f-5e10-40fb-a34e-5932932a3f64","mysis_name":"test-mysis","stage":"messages_converted","memory_count":2,"message_count":3,"content_bytes":631,"reasoning_bytes":0,"role_counts":{"system":1,"user":1},"source_counts":{"system":2},"tool_call_count":0,"time":"2026-02-07T16:53:47Z","message":"Context stats (ephemeral)"}
{"level":"debug","mysis_id":"d204375f-5e10-40fb-a34e-5932932a3f64","mysis_name":"test-mysis","stage":"before_llm_call","memory_count":2,"message_count":3,"content_bytes":631,"reasoning_bytes":0,"role_counts":{"system":1,"user":1},"source_counts":{"system":2},"tool_call_count":0,"time":"2026-02-07T16:53:47Z","message":"Context stats (ephemeral)"}
{"level":"debug","mysis":"test-mysis","error":"context canceled","time":"2026-02-07T16:53:47Z","message":"Ignoring error - mysis was intentionally stopped"}
{"level":"debug","mysis_id":"9009e919-e4a7-4ee6-bbce-d2ff6abc4d6e","mysis_name":"test-mysis","stage":"context_memories","memory_count":2,"message_count":0,"content_bytes":542,"reasoning_bytes":0,"role_counts":{"system":1,"user":1},"source_counts":{"system":2},"tool_call_count":0,"time":"2026-02-07T16:53:47Z","message":"Context stats (ephemeral)"}
{"level":"debug","mysis_id":"9009e919-e4a7-4ee6-bbce-d2ff6abc4d6e","mysis_name":"test-mysis","stage":"messages_converted","memory_count":2,"message_count":3,"content_bytes":631,"reasoning_bytes":0,"role_counts":{"system":1,"user":1},"source_counts":{"system":2},"tool_call_count":0,"time":"2026-02-07T16:53:47Z","message":"Context stats (ephemeral)"}
{"level":"debug","mysis_id":"9009e919-e4a7-4ee6-bbce-d2ff6abc4d6e","mysis_name":"test-mysis","stage":"before_llm_call","memory_count":2,"message_count":3,"content_bytes":631,"reasoning_bytes":0,"role_counts":{"system":1,"user":1},"source_counts":{"system":2},"tool_call_count":0,"time":"2026-02-07T16:53:47Z","message":"Context stats (ephemeral)"}
{"level":"debug","mysis":"test-mysis","error":"context canceled","time":"2026-02-07T16:53:47Z","message":"Ignoring error - mysis was intentionally stopped"}
{"level":"debug","mysis_id":"ccf395dc-4bdd-4954-8b88-513f4bed82e1","mysis_name":"test-mysis","stage":"context_memories","memory_count":2,"message_count":0,"content_bytes":542,"reasoning_bytes":0,"role_counts":{"system":1,"user":1},"source_counts":{"system":2},"tool_call_count":0,"time":"2026-02-07T16:53:47Z","message":"Context stats (ephemeral)"}
{"level":"debug","mysis_id":"ccf395dc-4bdd-4954-8b88-513f4bed82e1","mysis_name":"test-mysis","stage":"messages_converted","memory_count":2,"message_count":3,"content_bytes":631,"reasoning_bytes":0,"role_counts":{"system":1,"user":1},"source_counts":{"system":2},"tool_call_count":0,"time":"2026-02-07T16:53:47Z","message":"Context stats (ephemeral)"}
{"level":"debug","mysis_id":"ccf395dc-4bdd-4954-8b88-513f4bed82e1","mysis_name":"test-mysis","stage":"before_llm_call","memory_count":2,"message_count":3,"content_bytes":631,"reasoning_bytes":0,"role_counts":{"system":1,"user":1},"source_counts":{"system":2},"tool_call_count":0,"time":"2026-02-07T16:53:47Z","message":"Context stats (ephemeral)"}
{"level":"debug","mysis":"test-mysis","error":"context canceled","time":"2026-02-07T16:53:47Z","message":"Ignoring error - mysis was intentionally stopped"}
{"level":"debug","mysis_id":"b9e298f1-3700-4314-b662-5f255db87fc5","mysis_name":"test-mysis","stage":"context_memories","memory_count":2,"message_count":0,"content_bytes":542,"reasoning_bytes":0,"role_counts":{"system":1,"user":1},"source_counts":{"system":2},"tool_call_count":0,"time":"2026-02-07T16:53:47Z","message":"Context stats (ephemeral)"}
{"level":"debug","mysis_id":"b9e298f1-3700-4314-b662-5f255db87fc5","mysis_name":"test-mysis","stage":"messages_converted","memory_count":2,"message_count":3,"content_bytes":631,"reasoning_bytes":0,"role_counts":{"system":1,"user":1},"source_counts":{"system":2},"tool_call_count":0,"time":"2026-02-07T16:53:47Z","message":"Context stats (ephemeral)"}
{"level":"debug","mysis_id":"b9e298f1-3700-4314-b662-5f255db87fc5","mysis_name":"test-mysis","stage":"before_llm_call","memory_count":2,"message_count":3,"content_bytes":631,"reasoning_bytes":0,"role_counts":{"system":1,"user":1},"source_counts":{"system":2},"tool_call_count":0,"time":"2026-02-07T16:53:47Z","message":"Context stats (ephemeral)"}
{"level":"debug","mysis":"test-mysis","error":"context canceled","time":"2026-02-07T16:53:47Z","message":"Ignoring error - mysis was intentionally stopped"}
{"level":"debug","mysis_id":"cb64d1ba-ac4b-4ba1-b5e4-f887b2d0e954","mysis_name":"test-mysis","stage":"context_memories","memory_count":2,"message_count":0,"content_bytes":542,"reasoning_bytes":0,"role_counts":{"system":1,"user":1},"source_counts":{"system":2},"tool_call_count":0,"time":"2026-02-07T16:53:47Z","message":"Context stats (ephemeral)"}
{"level":"debug","mysis_id":"cb64d1ba-ac4b-4ba1-b5e4-f887b2d0e954","mysis_name":"test-mysis","stage":"messages_converted","memory_count":2,"message_count":3,"content_bytes":631,"reasoning_bytes":0,"role_counts":{"system":1,"user":1},"source_counts":{"system":2},"tool_call_count":0,"time":"2026-02-07T16:53:47Z","message":"Context stats (ephemeral)"}
{"level":"debug","mysis_id":"cb64d1ba-ac4b-4ba1-b5e4-f887b2d0e954","mysis_name":"test-mysis","stage":"before_llm_call","memory_count":2,"message_count":3,"content_bytes":631,"reasoning_bytes":0,"role_counts":{"system":1,"user":1},"source_counts":{"system":2},"tool_call_count":0,"time":"2026-02-07T16:53:47Z","message":"Context stats (ephemeral)"}
{"level":"debug","mysis":"test-mysis","error":"context canceled","time":"2026-02-07T16:53:47Z","message":"Ignoring error - mysis was intentionally stopped"}
{"level":"debug","mysis_id":"5660dae0-02fc-4b2b-b183-bed2d17ccd0e","mysis_name":"test-mysis","stage":"context_memories","memory_count":2,"message_count":0,"content_bytes":542,"reasoning_bytes":0,"role_counts":{"system":1,"user":1},"source_counts":{"system":2},"tool_call_count":0,"time":"2026-02-07T16:53:47Z","message":"Context stats (ephemeral)"}
{"level":"debug","mysis_id":"5660dae0-02fc-4b2b-b183-bed2d17ccd0e","mysis_name":"test-mysis","stage":"messages_converted","memory_count":2,"message_count":3,"content_bytes":631,"reasoning_bytes":0,"role_counts":{"system":1,"user":1},"source_counts":{"system":2},"tool_call_count":0,"time":"2026-02-07T16:53:47Z","message":"Context stats (ephemeral)"}
{"level":"debug","mysis_id":"5660dae0-02fc-4b2b-b183-bed2d17ccd0e","mysis_name":"test-mysis","stage":"before_llm_call","memory_count":2,"message_count":3,"content_bytes":631,"reasoning_bytes":0,"role_counts":{"system":1,"user":1},"source_counts":{"system":2},"tool_call_count":0,"time":"2026-02-07T16:53:47Z","message":"Context stats (ephemeral)"}
{"level":"debug","mysis":"test-mysis","error":"context canceled","time":"2026-02-07T16:53:47Z","message":"Ignoring error - mysis was intentionally stopped"}
{"level":"debug","mysis_id":"787b3877-2a9e-4a64-826d-00f49771901a","mysis_name":"test-mysis","stage":"context_memories","memory_count":2,"message_count":0,"content_bytes":542,"reasoning_bytes":0,"role_counts":{"system":1,"user":1},"source_counts":{"system":2},"tool_call_count":0,"time":"2026-02-07T16:53:47Z","message":"Context stats (ephemeral)"}
{"level":"debug","mysis_id":"787b3877-2a9e-4a64-826d-00f49771901a","mysis_name":"test-mysis","stage":"messages_converted","memory_count":2,"message_count":3,"content_bytes":631,"reasoning_bytes":0,"role_counts":{"system":1,"user":1},"source_counts":{"system":2},"tool_call_count":0,"time":"2026-02-07T16:53:47Z","message":"Context stats (ephemeral)"}
{"level":"debug","mysis_id":"787b3877-2a9e-4a64-826d-00f49771901a","mysis_name":"test-mysis","stage":"before_llm_call","memory_count":2,"message_count":3,"content_bytes":631,"reasoning_bytes":0,"role_counts":{"system":1,"user":1},"source_counts":{"system":2},"tool_call_count":0,"time":"2026-02-07T16:53:47Z","message":"Context stats (ephemeral)"}
{"level":"debug","mysis":"test-mysis","error":"context canceled","time":"2026-02-07T16:53:47Z","message":"Ignoring error - mysis was intentionally stopped"}
{"level":"debug","mysis_id":"5ff3cb1a-46ff-4645-8101-4336792e343c","mysis_name":"test-mysis","stage":"context_memories","memory_count":2,"message_count":0,"content_bytes":542,"reasoning_bytes":0,"role_counts":{"system":1,"user":1},"source_counts":{"system":2},"tool_call_count":0,"time":"2026-02-07T16:53:47Z","message":"Context stats (ephemeral)"}
{"level":"debug","mysis_id":"5ff3cb1a-46ff-4645-8101-4336792e343c","mysis_name":"test-mysis","stage":"messages_converted","memory_count":2,"message_count":3,"content_bytes":631,"reasoning_bytes":0,"role_counts":{"system":1,"user":1},"source_counts":{"system":2},"tool_call_count":0,"time":"2026-02-07T16:53:47Z","message":"Context stats (ephemeral)"}
{"level":"debug","mysis_id":"5ff3cb1a-46ff-4645-8101-4336792e343c","mysis_name":"test-mysis","stage":"before_llm_call","memory_count":2,"message_count":3,"content_bytes":631,"reasoning_bytes":0,"role_counts":{"system":1,"user":1},"source_counts":{"system":2},"tool_call_count":0,"time":"2026-02-07T16:53:47Z","message":"Context stats (ephemeral)"}
{"level":"debug","mysis":"test-mysis","error":"context canceled","time":"2026-02-07T16:53:47Z","message":"Ignoring error - mysis was intentionally stopped"}
{"level":"debug","mysis_id":"bf72126b-7178-4a85-9eb4-860bb1e5ec39","mysis_name":"test-mysis","stage":"context_memories","memory_count":2,"message_count":0,"content_bytes":542,"reasoning_bytes":0,"role_counts":{"system":1,"user":1},"source_counts":{"system":2},"tool_call_count":0,"time":"2026-02-07T16:53:47Z","message":"Context stats (ephemeral)"}
{"level":"debug","mysis_id":"bf72126b-7178-4a85-9eb4-860bb1e5ec39","mysis_name":"test-mysis","stage":"messages_converted","memory_count":2,"message_count":3,"content_bytes":631,"reasoning_bytes":0,"role_counts":{"system":1,"user":1},"source_counts":{"system":2},"tool_call_count":0,"time":"2026-02-07T16:53:47Z","message":"Context stats (ephemeral)"}
{"level":"debug","mysis_id":"bf72126b-7178-4a85-9eb4-860bb1e5ec39","mysis_name":"test-mysis","stage":"before_llm_call","memory_count":2,"message_count":3,"content_bytes":631,"reasoning_bytes":0,"role_counts":{"system":1,"user":1},"source_counts":{"system":2},"tool_call_count":0,"time":"2026-02-07T16:53:47Z","message":"Context stats (ephemeral)"}
{"level":"debug","mysis":"test-mysis","error":"context canceled","time":"2026-02-07T16:53:47Z","message":"Ignoring error - mysis was intentionally stopped"}
{"level":"debug","mysis_id":"7a718504-b5bb-4177-891b-d80d169da37c","mysis_name":"test-mysis","stage":"context_memories","memory_count":2,"message_count":0,"content_bytes":542,"reasoning_bytes":0,"role_counts":{"system":1,"user":1},"source_counts":{"system":2},"tool_call_count":0,"time":"2026-02-07T16:53:47Z","message":"Context stats (ephemeral)"}
{"level":"debug","mysis_id":"7a718504-b5bb-4177-891b-d80d169da37c","mysis_name":"test-mysis","stage":"messages_converted","memory_count":2,"message_count":3,"content_bytes":631,"reasoning_bytes":0,"role_counts":{"system":1,"user":1},"source_counts":{"system":2},"tool_call_count":0,"time":"2026-02-07T16:53:47Z","message":"Context stats (ephemeral)"}
{"level":"debug","mysis_id":"7a718504-b5bb-4177-891b-d80d169da37c","mysis_name":"test-mysis","stage":"before_llm_call","memory_count":2,"message_count":3,"content_bytes":631,"reasoning_bytes":0,"role_counts":{"system":1,"user":1},"source_counts":{"system":2},"tool_call_count":0,"time":"2026-02-07T16:53:47Z","message":"Context stats (ephemeral)"}
{"level":"debug","mysis":"test-mysis","error":"context canceled","time":"2026-02-07T16:53:47Z","message":"Ignoring error - mysis was intentionally stopped"}
{"level":"debug","mysis_id":"14e8e87b-8190-40d5-bdc0-25898e5935a4","mysis_name":"test-mysis","stage":"context_memories","memory_count":2,"message_count":0,"content_bytes":542,"reasoning_bytes":0,"role_counts":{"system":1,"user":1},"source_counts":{"system":2},"tool_call_count":0,"time":"2026-02-07T16:53:47Z","message":"Context stats (ephemeral)"}
{"level":"debug","mysis_id":"14e8e87b-8190-40d5-bdc0-25898e5935a4","mysis_name":"test-mysis","stage":"messages_converted","memory_count":2,"message_count":3,"content_bytes":631,"reasoning_bytes":0,"role_counts":{"system":1,"user":1},"source_counts":{"system":2},"tool_call_count":0,"time":"2026-02-07T16:53:47Z","message":"Context stats (ephemeral)"}
{"level":"debug","mysis_id":"14e8e87b-8190-40d5-bdc0-25898e5935a4","mysis_name":"test-mysis","stage":"before_llm_call","memory_count":2,"message_count":3,"content_bytes":631,"reasoning_bytes":0,"role_counts":{"system":1,"user":1},"source_counts":{"system":2},"tool_call_count":0,"time":"2026-02-07T16:53:47Z","message":"Context stats (ephemeral)"}
{"level":"debug","mysis":"test-mysis","error":"context canceled","time":"2026-02-07T16:53:47Z","message":"Ignoring error - mysis was intentionally stopped"}
{"level":"debug","mysis_id":"0f1eb867-16b9-4e5c-8cd3-fcce8d130dca","mysis_name":"test-mysis","stage":"context_memories","memory_count":2,"message_count":0,"content_bytes":542,"reasoning_bytes":0,"role_counts":{"system":1,"user":1},"source_counts":{"system":2},"tool_call_count":0,"time":"2026-02-07T16:53:47Z","message":"Context stats (ephemeral)"}
{"level":"debug","mysis_id":"0f1eb867-16b9-4e5c-8cd3-fcce8d130dca","mysis_name":"test-mysis","stage":"messages_converted","memory_count":2,"message_count":3,"content_bytes":631,"reasoning_bytes":0,"role_counts":{"system":1,"user":1},"source_counts":{"system":2},"tool_call_count":0,"time":"2026-02-07T16:53:47Z","message":"Context stats (ephemeral)"}
{"level":"debug","mysis_id":"0f1eb867-16b9-4e5c-8cd3-fcce8d130dca","mysis_name":"test-mysis","stage":"before_llm_call","memory_count":2,"message_count":3,"content_bytes":631,"reasoning_bytes":0,"role_counts":{"system":1,"user":1},"source_counts":{"system":2},"tool_call_count":0,"time":"2026-02-07T16:53:47Z","message":"Context stats (ephemeral)"}
{"level":"debug","mysis":"test-mysis","error":"context canceled","time":"2026-02-07T16:53:47Z","message":"Ignoring error - mysis was intentionally stopped"}
{"level":"debug","mysis_id":"7d61b3e5-ba38-40aa-9819-3dcea9bb4ef6","mysis_name":"test-mysis","stage":"context_memories","memory_count":2,"message_count":0,"content_bytes":542,"reasoning_bytes":0,"role_counts":{"system":1,"user":1},"source_counts":{"system":2},"tool_call_count":0,"time":"2026-02-07T16:53:47Z","message":"Context stats (ephemeral)"}
{"level":"debug","mysis_id":"7d61b3e5-ba38-40aa-9819-3dcea9bb4ef6","mysis_name":"test-mysis","stage":"messages_converted","memory_count":2,"message_count":3,"content_bytes":631,"reasoning_bytes":0,"role_counts":{"system":1,"user":1},"source_counts":{"system":2},"tool_call_count":0,"time":"2026-02-07T16:53:47Z","message":"Context stats (ephemeral)"}
{"level":"debug","mysis_id":"7d61b3e5-ba38-40aa-9819-3dcea9bb4ef6","mysis_name":"test-mysis","stage":"before_llm_call","memory_count":2,"message_count":3,"content_bytes":631,"reasoning_bytes":0,"role_counts":{"system":1,"user":1},"source_counts":{"system":2},"tool_call_count":0,"time":"2026-02-07T16:53:47Z","message":"Context stats (ephemeral)"}
{"level":"debug","mysis":"test-mysis","error":"context canceled","time":"2026-02-07T16:53:47Z","message":"Ignoring error - mysis was intentionally stopped"}
{"level":"debug","mysis_id":"40095dc4-3e24-48e9-a550-94723629c8dd","mysis_name":"test-mysis","stage":"context_memories","memory_count":2,"message_count":0,"content_bytes":542,"reasoning_bytes":0,"role_counts":{"system":1,"user":1},"source_counts":{"system":2},"tool_call_count":0,"time":"2026-02-07T16:53:47Z","message":"Context stats (ephemeral)"}
{"level":"debug","mysis_id":"40095dc4-3e24-48e9-a550-94723629c8dd","mysis_name":"test-mysis","stage":"messages_converted","memory_count":2,"message_count":3,"content_bytes":631,"reasoning_bytes":0,"role_counts":{"system":1,"user":1},"source_counts":{"system":2},"tool_call_count":0,"time":"2026-02-07T16:53:47Z","message":"Context stats (ephemeral)"}
{"level":"debug","mysis_id":"40095dc4-3e24-48e9-a550-94723629c8dd","mysis_name":"test-mysis","stage":"before_llm_call","memory_count":2,"message_count":3,"content_bytes":631,"reasoning_bytes":0,"role_counts":{"system":1,"user":1},"source_counts":{"system":2},"tool_call_count":0,"time":"2026-02-07T16:53:47Z","message":"Context stats (ephemeral)"}
{"level":"debug","mysis":"test-mysis","error":"context canceled","time":"2026-02-07T16:53:47Z","message":"Ignoring error - mysis was intentionally stopped"}
{"level":"debug","mysis_id":"ce443bf3-fd54-4ffd-be28-7c7c07cc3493","mysis_name":"test-mysis","stage":"context_memories","memory_count":2,"message_count":0,"content_bytes":542,"reasoning_bytes":0,"role_counts":{"system":1,"user":1},"source_counts":{"system":2},"tool_call_count":0,"time":"2026-02-07T16:53:47Z","message":"Context stats (ephemeral)"}
{"level":"debug","mysis_id":"ce443bf3-fd54-4ffd-be28-7c7c07cc3493","mysis_name":"test-mysis","stage":"messages_converted","memory_count":2,"message_count":3,"content_bytes":631,"reasoning_bytes":0,"role_counts":{"system":1,"user":1},"source_counts":{"system":2},"tool_call_count":0,"time":"2026-02-07T16:53:47Z","message":"Context stats (ephemeral)"}
{"level":"debug","mysis_id":"ce443bf3-fd54-4ffd-be28-7c7c07cc3493","mysis_name":"test-mysis","stage":"before_llm_call","memory_count":2,"message_count":3,"content_bytes":631,"reasoning_bytes":0,"role_counts":{"system":1,"user":1},"source_counts":{"system":2},"tool_call_count":0,"time":"2026-02-07T16:53:47Z","message":"Context stats (ephemeral)"}
{"level":"debug","mysis":"test-mysis","error":"context canceled","time":"2026-02-07T16:53:47Z","message":"Ignoring error - mysis was intentionally stopped"}
{"level":"debug","mysis_id":"55137df8-1e7a-42fc-8fe4-a22279c1b663","mysis_name":"test-mysis","stage":"context_memories","memory_count":2,"message_count":0,"content_bytes":542,"reasoning_bytes":0,"role_counts":{"system":1,"user":1},"source_counts":{"system":2},"tool_call_count":0,"time":"2026-02-07T16:53:47Z","message":"Context stats (ephemeral)"}
{"level":"debug","mysis_id":"55137df8-1e7a-42fc-8fe4-a22279c1b663","mysis_name":"test-mysis","stage":"messages_converted","memory_count":2,"message_count":3,"content_bytes":631,"reasoning_bytes":0,"role_counts":{"system":1,"user":1},"source_counts":{"system":2},"tool_call_count":0,"time":"2026-02-07T16:53:47Z","message":"Context stats (ephemeral)"}
{"level":"debug","mysis_id":"55137df8-1e7a-42fc-8fe4-a22279c1b663","mysis_name":"test-mysis","stage":"before_llm_call","memory_count":2,"message_count":3,"content_bytes":631,"reasoning_bytes":0,"role_counts":{"system":1,"user":1},"source_counts":{"system":2},"tool_call_count":0,"time":"2026-02-07T16:53:47Z","message":"Context stats (ephemeral)"}
{"level":"debug","mysis":"test-mysis","error":"context canceled","time":"2026-02-07T16:53:47Z","message":"Ignoring error - mysis was intentionally stopped"}
{"level":"debug","mysis_id":"f877e10a-013f-4aaf-b34e-b80fefa80b87","mysis_name":"test-mysis","stage":"context_memories","memory_count":2,"message_count":0,"content_bytes":542,"reasoning_bytes":0,"role_counts":{"system":1,"user":1},"source_counts":{"system":2},"tool_call_count":0,"time":"2026-02-07T16:53:47Z","message":"Context stats (ephemeral)"}
{"level":"debug","mysis_id":"f877e10a-013f-4aaf-b34e-b80fefa80b87","mysis_name":"test-mysis","stage":"messages_converted","memory_count":2,"message_count":3,"content_bytes":631,"reasoning_bytes":0,"role_counts":{"system":1,"user":1},"source_counts":{"system":2},"tool_call_count":0,"time":"2026-02-07T16:53:47Z","message":"Context stats (ephemeral)"}
{"level":"debug","mysis_id":"f877e10a-013f-4aaf-b34e-b80fefa80b87","mysis_name":"test-mysis","stage":"before_llm_call","memory_count":2,"message_count":3,"content_bytes":631,"reasoning_bytes":0,"role_counts":{"system":1,"user":1},"source_counts":{"system":2},"tool_call_count":0,"time":"2026-02-07T16:53:47Z","message":"Context stats (ephemeral)"}
{"level":"debug","mysis":"test-mysis","error":"context canceled","time":"2026-02-07T16:53:47Z","message":"Ignoring error - mysis was intentionally stopped"}
{"level":"debug","mysis_id":"47777775-bbe7-4c12-8585-38af517e9fea","mysis_name":"test-mysis","stage":"context_memories","memory_count":2,"message_count":0,"content_bytes":542,"reasoning_bytes":0,"role_counts":{"system":1,"user":1},"source_counts":{"system":2},"tool_call_count":0,"time":"2026-02-07T16:53:47Z","message":"Context stats (ephemeral)"}
{"level":"debug","mysis_id":"47777775-bbe7-4c12-8585-38af517e9fea","mysis_name":"test-mysis","stage":"messages_converted","memory_count":2,"message_count":3,"content_bytes":631,"reasoning_bytes":0,"role_counts":{"system":1,"user":1},"source_counts":{"system":2},"tool_call_count":0,"time":"2026-02-07T16:53:47Z","message":"Context stats (ephemeral)"}
{"level":"debug","mysis_id":"47777775-bbe7-4c12-8585-38af517e9fea","mysis_name":"test-mysis","stage":"before_llm_call","memory_count":2,"message_count":3,"content_bytes":631,"reasoning_bytes":0,"role_counts":{"system":1,"user":1},"source_counts":{"system":2},"tool_call_count":0,"time":"2026-02-07T16:53:47Z","message":"Context stats (ephemeral)"}
{"level":"debug","mysis":"test-mysis","error":"context canceled","time":"2026-02-07T16:53:47Z","message":"Ignoring error - mysis was intentionally stopped"}
{"level":"debug","mysis_id":"1660c7da-e14a-4998-a6c3-b05e674fcfa5","mysis_name":"test-mysis","stage":"context_memories","memory_count":2,"message_count":0,"content_bytes":542,"reasoning_bytes":0,"role_counts":{"system":1,"user":1},"source_counts":{"system":2},"tool_call_count":0,"time":"2026-02-07T16:53:47Z","message":"Context stats (ephemeral)"}
{"level":"debug","mysis_id":"1660c7da-e14a-4998-a6c3-b05e674fcfa5","mysis_name":"test-mysis","stage":"messages_converted","memory_count":2,"message_count":3,"content_bytes":631,"reasoning_bytes":0,"role_counts":{"system":1,"user":1},"source_counts":{"system":2},"tool_call_count":0,"time":"2026-02-07T16:53:47Z","message":"Context stats (ephemeral)"}
{"level":"debug","mysis_id":"1660c7da-e14a-4998-a6c3-b05e674fcfa5","mysis_name":"test-mysis","stage":"before_llm_call","memory_count":2,"message_count":3,"content_bytes":631,"reasoning_bytes":0,"role_counts":{"system":1,"user":1},"source_counts":{"system":2},"tool_call_count":0,"time":"2026-02-07T16:53:47Z","message":"Context stats (ephemeral)"}
{"level":"debug","mysis":"test-mysis","error":"context canceled","time":"2026-02-07T16:53:47Z","message":"Ignoring error - mysis was intentionally stopped"}
{"level":"debug","mysis_id":"d044cc19-a2c9-4ff8-89e7-26df3121372f","mysis_name":"test-mysis","stage":"context_memories","memory_count":2,"message_count":0,"content_bytes":542,"reasoning_bytes":0,"role_counts":{"system":1,"user":1},"source_counts":{"system":2},"tool_call_count":0,"time":"2026-02-07T16:53:47Z","message":"Context stats (ephemeral)"}
{"level":"debug","mysis_id":"d044cc19-a2c9-4ff8-89e7-26df3121372f","mysis_name":"test-mysis","stage":"messages_converted","memory_count":2,"message_count":3,"content_bytes":631,"reasoning_bytes":0,"role_counts":{"system":1,"user":1},"source_counts":{"system":2},"tool_call_count":0,"time":"2026-02-07T16:53:47Z","message":"Context stats (ephemeral)"}
{"level":"debug","mysis_id":"d044cc19-a2c9-4ff8-89e7-26df3121372f","mysis_name":"test-mysis","stage":"before_llm_call","memory_count":2,"message_count":3,"content_bytes":631,"reasoning_bytes":0,"role_counts":{"system":1,"user":1},"source_counts":{"system":2},"tool_call_count":0,"time":"2026-02-07T16:53:47Z","message":"Context stats (ephemeral)"}
{"level":"debug","mysis":"test-mysis","error":"context canceled","time":"2026-02-07T16:53:47Z","message":"Ignoring error - mysis was intentionally stopped"}
{"level":"debug","mysis_id":"f111ccbf-cdff-4858-8235-023019470dc0","mysis_name":"test-mysis","stage":"context_memories","memory_count":2,"message_count":0,"content_bytes":542,"reasoning_bytes":0,"role_counts":{"system":1,"user":1},"source_counts":{"system":2},"tool_call_count":0,"time":"2026-02-07T16:53:47Z","message":"Context stats (ephemeral)"}
{"level":"debug","mysis_id":"f111ccbf-cdff-4858-8235-023019470dc0","mysis_name":"test-mysis","stage":"messages_converted","memory_count":2,"message_count":3,"content_bytes":631,"reasoning_bytes":0,"role_counts":{"system":1,"user":1},"source_counts":{"system":2},"tool_call_count":0,"time":"2026-02-07T16:53:47Z","message":"Context stats (ephemeral)"}
{"level":"debug","mysis_id":"f111ccbf-cdff-4858-8235-023019470dc0","mysis_name":"test-mysis","stage":"before_llm_call","memory_count":2,"message_count":3,"content_bytes":631,"reasoning_bytes":0,"role_counts":{"system":1,"user":1},"source_counts":{"system":2},"tool_call_count":0,"time":"2026-02-07T16:53:47Z","message":"Context stats (ephemeral)"}
{"level":"debug","mysis":"test-mysis","error":"context canceled","time":"2026-02-07T16:53:47Z","message":"Ignoring error - mysis was intentionally stopped"}
{"level":"debug","mysis_id":"11f05b72-6cdf-41af-a2e9-ee1d3db877a6","mysis_name":"test-mysis","stage":"context_memories","memory_count":2,"message_count":0,"content_bytes":542,"reasoning_bytes":0,"role_counts":{"system":1,"user":1},"source_counts":{"system":2},"tool_call_count":0,"time":"2026-02-07T16:53:47Z","message":"Context stats (ephemeral)"}
{"level":"debug","mysis_id":"11f05b72-6cdf-41af-a2e9-ee1d3db877a6","mysis_name":"test-mysis","stage":"messages_converted","memory_count":2,"message_count":3,"content_bytes":631,"reasoning_bytes":0,"role_counts":{"system":1,"user":1},"source_counts":{"system":2},"tool_call_count":0,"time":"2026-02-07T16:53:47Z","message":"Context stats (ephemeral)"}
{"level":"debug","mysis_id":"11f05b72-6cdf-41af-a2e9-ee1d3db877a6","mysis_name":"test-mysis","stage":"before_llm_call","memory_count":2,"message_count":3,"content_bytes":631,"reasoning_bytes":0,"role_counts":{"system":1,"user":1},"source_counts":{"system":2},"tool_call_count":0,"time":"2026-02-07T16:53:47Z","message":"Context stats (ephemeral)"}
{"level":"debug","mysis":"test-mysis","error":"context canceled","time":"2026-02-07T16:53:47Z","message":"Ignoring error - mysis was intentionally stopped"}
{"level":"debug","mysis_id":"388983ff-4cbb-4325-8ff0-3ed5cbc343d3","mysis_name":"test-mysis","stage":"context_memories","memory_count":2,"message_count":0,"content_bytes":542,"reasoning_bytes":0,"role_counts":{"system":1,"user":1},"source_counts":{"system":2},"tool_call_count":0,"time":"2026-02-07T16:53:47Z","message":"Context stats (ephemeral)"}
{"level":"debug","mysis_id":"388983ff-4cbb-4325-8ff0-3ed5cbc343d3","mysis_name":"test-mysis","stage":"messages_converted","memory_count":2,"message_count":3,"content_bytes":631,"reasoning_bytes":0,"role_counts":{"system":1,"user":1},"source_counts":{"system":2},"tool_call_count":0,"time":"2026-02-07T16:53:47Z","message":"Context stats (ephemeral)"}
{"level":"debug","mysis_id":"388983ff-4cbb-4325-8ff0-3ed5cbc343d3","mysis_name":"test-mysis","stage":"before_llm_call","memory_count":2,"message_count":3,"content_bytes":631,"reasoning_bytes":0,"role_counts":{"system":1,"user":1},"source_counts":{"system":2},"tool_call_count":0,"time":"2026-02-07T16:53:47Z","message":"Context stats (ephemeral)"}
{"level":"debug","mysis":"test-mysis","error":"context canceled","time":"2026-02-07T16:53:47Z","message":"Ignoring error - mysis was intentionally stopped"}
{"level":"debug","mysis_id":"2667a2a2-b01b-4687-a1ef-f34efb47a569","mysis_name":"test-mysis","stage":"context_memories","memory_count":2,"message_count":0,"content_bytes":542,"reasoning_bytes":0,"role_counts":{"system":1,"user":1},"source_counts":{"system":2},"tool_call_count":0,"time":"2026-02-07T16:53:47Z","message":"Context stats (ephemeral)"}
{"level":"debug","mysis_id":"2667a2a2-b01b-4687-a1ef-f34efb47a569","mysis_name":"test-mysis","stage":"messages_converted","memory_count":2,"message_count":3,"content_bytes":631,"reasoning_bytes":0,"role_counts":{"system":1,"user":1},"source_counts":{"system":2},"tool_call_count":0,"time":"2026-02-07T16:53:47Z","message":"Context stats (ephemeral)"}
{"level":"debug","mysis_id":"2667a2a2-b01b-4687-a1ef-f34efb47a569","mysis_name":"test-mysis","stage":"before_llm_call","memory_count":2,"message_count":3,"content_bytes":631,"reasoning_bytes":0,"role_counts":{"system":1,"user":1},"source_counts":{"system":2},"tool_call_count":0,"time":"2026-02-07T16:53:47Z","message":"Context stats (ephemeral)"}
{"level":"debug","mysis":"test-mysis","error":"context canceled","time":"2026-02-07T16:53:47Z","message":"Ignoring error - mysis was intentionally stopped"}
{"level":"debug","mysis_id":"52d7779f-95e6-427e-a4e9-58180b0e3014","mysis_name":"test-mysis","stage":"context_memories","memory_count":2,"message_count":0,"content_bytes":542,"reasoning_bytes":0,"role_counts":{"system":1,"user":1},"source_counts":{"system":2},"tool_call_count":0,"time":"2026-02-07T16:53:47Z","message":"Context stats (ephemeral)"}
{"level":"debug","mysis_id":"52d7779f-95e6-427e-a4e9-58180b0e3014","mysis_name":"test-mysis","stage":"messages_converted","memory_count":2,"message_count":3,"content_bytes":631,"reasoning_bytes":0,"role_counts":{"system":1,"user":1},"source_counts":{"system":2},"tool_call_count":0,"time":"2026-02-07T16:53:47Z","message":"Context stats (ephemeral)"}
{"level":"debug","mysis_id":"52d7779f-95e6-427e-a4e9-58180b0e3014","mysis_name":"test-mysis","stage":"before_llm_call","memory_count":2,"message_count":3,"content_bytes":631,"reasoning_bytes":0,"role_counts":{"system":1,"user":1},"source_counts":{"system":2},"tool_call_count":0,"time":"2026-02-07T16:53:47Z","message":"Context stats (ephemeral)"}
{"level":"debug","mysis":"test-mysis","error":"context canceled","time":"2026-02-07T16:53:47Z","message":"Ignoring error - mysis was intentionally stopped"}
{"level":"debug","mysis_id":"690bc5eb-7027-4dcb-a8d7-28bd14b09195","mysis_name":"test-mysis","stage":"context_memories","memory_count":2,"message_count":0,"content_bytes":542,"reasoning_bytes":0,"role_counts":{"system":1,"user":1},"source_counts":{"system":2},"tool_call_count":0,"time":"2026-02-07T16:53:47Z","message":"Context stats (ephemeral)"}
{"level":"debug","mysis_id":"690bc5eb-7027-4dcb-a8d7-28bd14b09195","mysis_name":"test-mysis","stage":"messages_converted","memory_count":2,"message_count":3,"content_bytes":631,"reasoning_bytes":0,"role_counts":{"system":1,"user":1},"source_counts":{"system":2},"tool_call_count":0,"time":"2026-02-07T16:53:47Z","message":"Context stats (ephemeral)"}
{"level":"debug","mysis_id":"690bc5eb-7027-4dcb-a8d7-28bd14b09195","mysis_name":"test-mysis","stage":"before_llm_call","memory_count":2,"message_count":3,"content_bytes":631,"reasoning_bytes":0,"role_counts":{"system":1,"user":1},"source_counts":{"system":2},"tool_call_count":0,"time":"2026-02-07T16:53:47Z","message":"Context stats (ephemeral)"}
{"level":"debug","mysis":"test-mysis","error":"context canceled","time":"2026-02-07T16:53:47Z","message":"Ignoring error - mysis was intentionally stopped"}
{"level":"debug","mysis_id":"06cfc2f6-f36a-4a17-99c2-869622c2fa4d","mysis_name":"test-mysis","stage":"context_memories","memory_count":2,"message_count":0,"content_bytes":542,"reasoning_bytes":0,"role_counts":{"system":1,"user":1},"source_counts":{"system":2},"tool_call_count":0,"time":"2026-02-07T16:53:47Z","message":"Context stats (ephemeral)"}
{"level":"debug","mysis_id":"06cfc2f6-f36a-4a17-99c2-869622c2fa4d","mysis_name":"test-mysis","stage":"messages_converted","memory_count":2,"message_count":3,"content_bytes":631,"reasoning_bytes":0,"role_counts":{"system":1,"user":1},"source_counts":{"system":2},"tool_call_count":0,"time":"2026-02-07T16:53:47Z","message":"Context stats (ephemeral)"}
{"level":"debug","mysis_id":"06cfc2f6-f36a-4a17-99c2-869622c2fa4d","mysis_name":"test-mysis","stage":"before_llm_call","memory_count":2,"message_count":3,"content_bytes":631,"reasoning_bytes":0,"role_counts":{"system":1,"user":1},"source_counts":{"system":2},"tool_call_count":0,"time":"2026-02-07T16:53:47Z","message":"Context stats (ephemeral)"}
{"level":"debug","mysis":"test-mysis","error":"context canceled","time":"2026-02-07T16:53:47Z","message":"Ignoring error - mysis was intentionally stopped"}
{"level":"debug","mysis_id":"9a83ecb3-e77a-4d80-8933-50df32ebc4b0","mysis_name":"test-mysis","stage":"context_memories","memory_count":2,"message_count":0,"content_bytes":542,"reasoning_bytes":0,"role_counts":{"system":1,"user":1},"source_counts":{"system":2},"tool_call_count":0,"time":"2026-02-07T16:53:48Z","message":"Context stats (ephemeral)"}
{"level":"debug","mysis_id":"9a83ecb3-e77a-4d80-8933-50df32ebc4b0","mysis_name":"test-mysis","stage":"messages_converted","memory_count":2,"message_count":3,"content_bytes":631,"reasoning_bytes":0,"role_counts":{"system":1,"user":1},"source_counts":{"system":2},"tool_call_count":0,"time":"2026-02-07T16:53:48Z","message":"Context stats (ephemeral)"}
{"level":"debug","mysis_id":"9a83ecb3-e77a-4d80-8933-50df32ebc4b0","mysis_name":"test-mysis","stage":"before_llm_call","memory_count":2,"message_count":3,"content_bytes":631,"reasoning_bytes":0,"role_counts":{"system":1,"user":1},"source_counts":{"system":2},"tool_call_count":0,"time":"2026-02-07T16:53:48Z","message":"Context stats (ephemeral)"}
{"level":"debug","mysis":"test-mysis","error":"context canceled","time":"2026-02-07T16:53:48Z","message":"Ignoring error - mysis was intentionally stopped"}
{"level":"debug","mysis_id":"676dda4d-4fd3-44dc-b350-005eaa2014e7","mysis_name":"test-mysis","stage":"context_memories","memory_count":2,"message_count":0,"content_bytes":542,"reasoning_bytes":0,"role_counts":{"system":1,"user":1},"source_counts":{"system":2},"tool_call_count":0,"time":"2026-02-07T16:53:48Z","message":"Context stats (ephemeral)"}
{"level":"debug","mysis_id":"676dda4d-4fd3-44dc-b350-005eaa2014e7","mysis_name":"test-mysis","stage":"messages_converted","memory_count":2,"message_count":3,"content_bytes":631,"reasoning_bytes":0,"role_counts":{"system":1,"user":1},"source_counts":{"system":2},"tool_call_count":0,"time":"2026-02-07T16:53:48Z","message":"Context stats (ephemeral)"}
{"level":"debug","mysis_id":"676dda4d-4fd3-44dc-b350-005eaa2014e7","mysis_name":"test-mysis","stage":"before_llm_call","memory_count":2,"message_count":3,"content_bytes":631,"reasoning_bytes":0,"role_counts":{"system":1,"user":1},"source_counts":{"system":2},"tool_call_count":0,"time":"2026-02-07T16:53:48Z","message":"Context stats (ephemeral)"}
{"level":"debug","mysis":"test-mysis","error":"context canceled","time":"2026-02-07T16:53:48Z","message":"Ignoring error - mysis was intentionally stopped"}
{"level":"debug","mysis_id":"f29933a0-de2a-420b-8bb8-8b8be267c99f","mysis_name":"test-mysis","stage":"context_memories","memory_count":2,"message_count":0,"content_bytes":542,"reasoning_bytes":0,"role_counts":{"system":1,"user":1},"source_counts":{"system":2},"tool_call_count":0,"time":"2026-02-07T16:53:48Z","message":"Context stats (ephemeral)"}
{"level":"debug","mysis_id":"f29933a0-de2a-420b-8bb8-8b8be267c99f","mysis_name":"test-mysis","stage":"messages_converted","memory_count":2,"message_count":3,"content_bytes":631,"reasoning_bytes":0,"role_counts":{"system":1,"user":1},"source_counts":{"system":2},"tool_call_count":0,"time":"2026-02-07T16:53:48Z","message":"Context stats (ephemeral)"}
{"level":"debug","mysis_id":"f29933a0-de2a-420b-8bb8-8b8be267c99f","mysis_name":"test-mysis","stage":"before_llm_call","memory_count":2,"message_count":3,"content_bytes":631,"reasoning_bytes":0,"role_counts":{"system":1,"user":1},"source_counts":{"system":2},"tool_call_count":0,"time":"2026-02-07T16:53:48Z","message":"Context stats (ephemeral)"}
{"level":"debug","mysis":"test-mysis","error":"context canceled","time":"2026-02-07T16:53:48Z","message":"Ignoring error - mysis was intentionally stopped"}
{"level":"debug","mysis_id":"d3ae2d5c-f93a-49a9-971b-605c118170bc","mysis_name":"test-mysis","stage":"context_memories","memory_count":2,"message_count":0,"content_bytes":542,"reasoning_bytes":0,"role_counts":{"system":1,"user":1},"source_counts":{"system":2},"tool_call_count":0,"time":"2026-02-07T16:53:48Z","message":"Context stats (ephemeral)"}
{"level":"debug","mysis_id":"d3ae2d5c-f93a-49a9-971b-605c118170bc","mysis_name":"test-mysis","stage":"messages_converted","memory_count":2,"message_count":3,"content_bytes":631,"reasoning_bytes":0,"role_counts":{"system":1,"user":1},"source_counts":{"system":2},"tool_call_count":0,"time":"2026-02-07T16:53:48Z","message":"Context stats (ephemeral)"}
{"level":"debug","mysis_id":"d3ae2d5c-f93a-49a9-971b-605c118170bc","mysis_name":"test-mysis","stage":"before_llm_call","memory_count":2,"message_count":3,"content_bytes":631,"reasoning_bytes":0,"role_counts":{"system":1,"user":1},"source_counts":{"system":2},"tool_call_count":0,"time":"2026-02-07T16:53:48Z","message":"Context stats (ephemeral)"}
{"level":"debug","mysis":"test-mysis","error":"context canceled","time":"2026-02-07T16:53:48Z","message":"Ignoring error - mysis was intentionally stopped"}
{"level":"debug","mysis_id":"05847aff-a409-4407-89da-77967cd0d65c","mysis_name":"test-mysis","stage":"context_memories","memory_count":2,"message_count":0,"content_bytes":542,"reasoning_bytes":0,"role_counts":{"system":1,"user":1},"source_counts":{"system":2},"tool_call_count":0,"time":"2026-02-07T16:53:48Z","message":"Context stats (ephemeral)"}
{"level":"debug","mysis_id":"05847aff-a409-4407-89da-77967cd0d65c","mysis_name":"test-mysis","stage":"messages_converted","memory_count":2,"message_count":3,"content_bytes":631,"reasoning_bytes":0,"role_counts":{"system":1,"user":1},"source_counts":{"system":2},"tool_call_count":0,"time":"2026-02-07T16:53:48Z","message":"Context stats (ephemeral)"}
{"level":"debug","mysis_id":"05847aff-a409-4407-89da-77967cd0d65c","mysis_name":"test-mysis","stage":"before_llm_call","memory_count":2,"message_count":3,"content_bytes":631,"reasoning_bytes":0,"role_counts":{"system":1,"user":1},"source_counts":{"system":2},"tool_call_count":0,"time":"2026-02-07T16:53:48Z","message":"Context stats (ephemeral)"}
{"level":"debug","mysis":"test-mysis","error":"context canceled","time":"2026-02-07T16:53:48Z","message":"Ignoring error - mysis was intentionally stopped"}
{"level":"debug","mysis_id":"3d55937e-dca6-43ce-aefd-b0df33fe46ab","mysis_name":"test-mysis","stage":"context_memories","memory_count":2,"message_count":0,"content_bytes":542,"reasoning_bytes":0,"role_counts":{"system":1,"user":1},"source_counts":{"system":2},"tool_call_count":0,"time":"2026-02-07T16:53:48Z","message":"Context stats (ephemeral)"}
{"level":"debug","mysis_id":"3d55937e-dca6-43ce-aefd-b0df33fe46ab","mysis_name":"test-mysis","stage":"messages_converted","memory_count":2,"message_count":3,"content_bytes":631,"reasoning_bytes":0,"role_counts":{"system":1,"user":1},"source_counts":{"system":2},"tool_call_count":0,"time":"2026-02-07T16:53:48Z","message":"Context stats (ephemeral)"}
{"level":"debug","mysis_id":"3d55937e-dca6-43ce-aefd-b0df33fe46ab","mysis_name":"test-mysis","stage":"before_llm_call","memory_count":2,"message_count":3,"content_bytes":631,"reasoning_bytes":0,"role_counts":{"system":1,"user":1},"source_counts":{"system":2},"tool_call_count":0,"time":"2026-02-07T16:53:48Z","message":"Context stats (ephemeral)"}
{"level":"debug","mysis":"test-mysis","error":"context canceled","time":"2026-02-07T16:53:48Z","message":"Ignoring error - mysis was intentionally stopped"}
{"level":"debug","mysis_id":"c05ba38f-6876-40c7-9e35-3d45d994bba9","mysis_name":"test-mysis","stage":"context_memories","memory_count":2,"message_count":0,"content_bytes":542,"reasoning_bytes":0,"role_counts":{"system":1,"user":1},"source_counts":{"system":2},"tool_call_count":0,"time":"2026-02-07T16:53:48Z","message":"Context stats (ephemeral)"}
{"level":"debug","mysis_id":"c05ba38f-6876-40c7-9e35-3d45d994bba9","mysis_name":"test-mysis","stage":"messages_converted","memory_count":2,"message_count":3,"content_bytes":631,"reasoning_bytes":0,"role_counts":{"system":1,"user":1},"source_counts":{"system":2},"tool_call_count":0,"time":"2026-02-07T16:53:48Z","message":"Context stats (ephemeral)"}
{"level":"debug","mysis_id":"c05ba38f-6876-40c7-9e35-3d45d994bba9","mysis_name":"test-mysis","stage":"before_llm_call","memory_count":2,"message_count":3,"content_bytes":631,"reasoning_bytes":0,"role_counts":{"system":1,"user":1},"source_counts":{"system":2},"tool_call_count":0,"time":"2026-02-07T16:53:48Z","message":"Context stats (ephemeral)"}
{"level":"debug","mysis":"test-mysis","error":"context canceled","time":"2026-02-07T16:53:48Z","message":"Ignoring error - mysis was intentionally stopped"}
{"level":"debug","mysis_id":"a2e4ec5b-8091-4cd5-a24a-0028744e998e","mysis_name":"test-mysis","stage":"context_memories","memory_count":2,"message_count":0,"content_bytes":542,"reasoning_bytes":0,"role_counts":{"system":1,"user":1},"source_counts":{"system":2},"tool_call_count":0,"time":"2026-02-07T16:53:48Z","message":"Context stats (ephemeral)"}
{"level":"debug","mysis_id":"a2e4ec5b-8091-4cd5-a24a-0028744e998e","mysis_name":"test-mysis","stage":"messages_converted","memory_count":2,"message_count":3,"content_bytes":631,"reasoning_bytes":0,"role_counts":{"system":1,"user":1},"source_counts":{"system":2},"tool_call_count":0,"time":"2026-02-07T16:53:48Z","message":"Context stats (ephemeral)"}
{"level":"debug","mysis_id":"a2e4ec5b-8091-4cd5-a24a-0028744e998e","mysis_name":"test-mysis","stage":"before_llm_call","memory_count":2,"message_count":3,"content_bytes":631,"reasoning_bytes":0,"role_counts":{"system":1,"user":1},"source_counts":{"system":2},"tool_call_count":0,"time":"2026-02-07T16:53:48Z","message":"Context stats (ephemeral)"}
{"level":"debug","mysis":"test-mysis","error":"context canceled","time":"2026-02-07T16:53:48Z","message":"Ignoring error - mysis was intentionally stopped"}
{"level":"debug","mysis_id":"bd8dfabf-c6b0-482b-89a7-60df280a1c04","mysis_name":"test-mysis","stage":"context_memories","memory_count":2,"message_count":0,"content_bytes":542,"reasoning_bytes":0,"role_counts":{"system":1,"user":1},"source_counts":{"system":2},"tool_call_count":0,"time":"2026-02-07T16:53:48Z","message":"Context stats (ephemeral)"}
{"level":"debug","mysis_id":"bd8dfabf-c6b0-482b-89a7-60df280a1c04","mysis_name":"test-mysis","stage":"messages_converted","memory_count":2,"message_count":3,"content_bytes":631,"reasoning_bytes":0,"role_counts":{"system":1,"user":1},"source_counts":{"system":2},"tool_call_count":0,"time":"2026-02-07T16:53:48Z","message":"Context stats (ephemeral)"}
{"level":"debug","mysis_id":"bd8dfabf-c6b0-482b-89a7-60df280a1c04","mysis_name":"test-mysis","stage":"before_llm_call","memory_count":2,"message_count":3,"content_bytes":631,"reasoning_bytes":0,"role_counts":{"system":1,"user":1},"source_counts":{"system":2},"tool_call_count":0,"time":"2026-02-07T16:53:48Z","message":"Context stats (ephemeral)"}
{"level":"debug","mysis":"test-mysis","error":"context canceled","time":"2026-02-07T16:53:48Z","message":"Ignoring error - mysis was intentionally stopped"}
{"level":"debug","mysis_id":"b499ce10-7fe0-416b-8af7-e5e04b7e00bc","mysis_name":"test-mysis","stage":"context_memories","memory_count":2,"message_count":0,"content_bytes":542,"reasoning_bytes":0,"role_counts":{"system":1,"user":1},"source_counts":{"system":2},"tool_call_count":0,"time":"2026-02-07T16:53:48Z","message":"Context stats (ephemeral)"}
{"level":"debug","mysis_id":"b499ce10-7fe0-416b-8af7-e5e04b7e00bc","mysis_name":"test-mysis","stage":"messages_converted","memory_count":2,"message_count":3,"content_bytes":631,"reasoning_bytes":0,"role_counts":{"system":1,"user":1},"source_counts":{"system":2},"tool_call_count":0,"time":"2026-02-07T16:53:48Z","message":"Context stats (ephemeral)"}
{"level":"debug","mysis_id":"b499ce10-7fe0-416b-8af7-e5e04b7e00bc","mysis_name":"test-mysis","stage":"before_llm_call","memory_count":2,"message_count":3,"content_bytes":631,"reasoning_bytes":0,"role_counts":{"system":1,"user":1},"source_counts":{"system":2},"tool_call_count":0,"time":"2026-02-07T16:53:48Z","message":"Context stats (ephemeral)"}
{"level":"debug","mysis":"test-mysis","error":"context canceled","time":"2026-02-07T16:53:48Z","message":"Ignoring error - mysis was intentionally stopped"}
{"level":"debug","mysis_id":"757939ca-dfad-48d3-bc56-6515286d2bfc","mysis_name":"test-mysis","stage":"context_memories","memory_count":2,"message_count":0,"content_bytes":542,"reasoning_bytes":0,"role_counts":{"system":1,"user":1},"source_counts":{"system":2},"tool_call_count":0,"time":"2026-02-07T16:53:48Z","message":"Context stats (ephemeral)"}
{"level":"debug","mysis_id":"757939ca-dfad-48d3-bc56-6515286d2bfc","mysis_name":"test-mysis","stage":"messages_converted","memory_count":2,"message_count":3,"content_bytes":631,"reasoning_bytes":0,"role_counts":{"system":1,"user":1},"source_counts":{"system":2},"tool_call_count":0,"time":"2026-02-07T16:53:48Z","message":"Context stats (ephemeral)"}
{"level":"debug","mysis_id":"757939ca-dfad-48d3-bc56-6515286d2bfc","mysis_name":"test-mysis","stage":"before_llm_call","memory_count":2,"message_count":3,"content_bytes":631,"reasoning_bytes":0,"role_counts":{"system":1,"user":1},"source_counts":{"system":2},"tool_call_count":0,"time":"2026-02-07T16:53:48Z","message":"Context stats (ephemeral)"}
{"level":"debug","mysis":"test-mysis","error":"context canceled","time":"2026-02-07T16:53:48Z","message":"Ignoring error - mysis was intentionally stopped"}
{"level":"debug","mysis_id":"9e8a5ba6-3942-4a28-89c4-1f5e61573102","mysis_name":"test-mysis","stage":"context_memories","memory_count":2,"message_count":0,"content_bytes":542,"reasoning_bytes":0,"role_counts":{"system":1,"user":1},"source_counts":{"system":2},"tool_call_count":0,"time":"2026-02-07T16:53:48Z","message":"Context stats (ephemeral)"}
{"level":"debug","mysis_id":"9e8a5ba6-3942-4a28-89c4-1f5e61573102","mysis_name":"test-mysis","stage":"messages_converted","memory_count":2,"message_count":3,"content_bytes":631,"reasoning_bytes":0,"role_counts":{"system":1,"user":1},"source_counts":{"system":2},"tool_call_count":0,"time":"2026-02-07T16:53:48Z","message":"Context stats (ephemeral)"}
{"level":"debug","mysis_id":"9e8a5ba6-3942-4a28-89c4-1f5e61573102","mysis_name":"test-mysis","stage":"before_llm_call","memory_count":2,"message_count":3,"content_bytes":631,"reasoning_bytes":0,"role_counts":{"system":1,"user":1},"source_counts":{"system":2},"tool_call_count":0,"time":"2026-02-07T16:53:48Z","message":"Context stats (ephemeral)"}
{"level":"debug","mysis":"test-mysis","error":"context canceled","time":"2026-02-07T16:53:48Z","message":"Ignoring error - mysis was intentionally stopped"}
{"level":"debug","mysis_id":"d3606e53-53b0-43c2-b435-93cc4abdb93d","mysis_name":"test-mysis","stage":"context_memories","memory_count":2,"message_count":0,"content_bytes":542,"reasoning_bytes":0,"role_counts":{"system":1,"user":1},"source_counts":{"system":2},"tool_call_count":0,"time":"2026-02-07T16:53:48Z","message":"Context stats (ephemeral)"}
{"level":"debug","mysis_id":"d3606e53-53b0-43c2-b435-93cc4abdb93d","mysis_name":"test-mysis","stage":"messages_converted","memory_count":2,"message_count":3,"content_bytes":631,"reasoning_bytes":0,"role_counts":{"system":1,"user":1},"source_counts":{"system":2},"tool_call_count":0,"time":"2026-02-07T16:53:48Z","message":"Context stats (ephemeral)"}
{"level":"debug","mysis_id":"d3606e53-53b0-43c2-b435-93cc4abdb93d","mysis_name":"test-mysis","stage":"before_llm_call","memory_count":2,"message_count":3,"content_bytes":631,"reasoning_bytes":0,"role_counts":{"system":1,"user":1},"source_counts":{"system":2},"tool_call_count":0,"time":"2026-02-07T16:53:48Z","message":"Context stats (ephemeral)"}
{"level":"debug","mysis":"test-mysis","error":"context canceled","time":"2026-02-07T16:53:48Z","message":"Ignoring error - mysis was intentionally stopped"}
{"level":"debug","mysis_id":"f44e7c3a-2558-4867-bd3b-912ad80ce82d","mysis_name":"test-mysis","stage":"context_memories","memory_count":2,"message_count":0,"content_bytes":542,"reasoning_bytes":0,"role_counts":{"system":1,"user":1},"source_counts":{"system":2},"tool_call_count":0,"time":"2026-02-07T16:53:48Z","message":"Context stats (ephemeral)"}
{"level":"debug","mysis_id":"f44e7c3a-2558-4867-bd3b-912ad80ce82d","mysis_name":"test-mysis","stage":"messages_converted","memory_count":2,"message_count":3,"content_bytes":631,"reasoning_bytes":0,"role_counts":{"system":1,"user":1},"source_counts":{"system":2},"tool_call_count":0,"time":"2026-02-07T16:53:48Z","message":"Context stats (ephemeral)"}
{"level":"debug","mysis_id":"f44e7c3a-2558-4867-bd3b-912ad80ce82d","mysis_name":"test-mysis","stage":"before_llm_call","memory_count":2,"message_count":3,"content_bytes":631,"reasoning_bytes":0,"role_counts":{"system":1,"user":1},"source_counts":{"system":2},"tool_call_count":0,"time":"2026-02-07T16:53:48Z","message":"Context stats (ephemeral)"}
{"level":"debug","mysis":"test-mysis","error":"context canceled","time":"2026-02-07T16:53:48Z","message":"Ignoring error - mysis was intentionally stopped"}
{"level":"debug","mysis_id":"da11d6e4-0c13-43ca-b654-d9b317025914","mysis_name":"test-mysis","stage":"context_memories","memory_count":2,"message_count":0,"content_bytes":542,"reasoning_bytes":0,"role_counts":{"system":1,"user":1},"source_counts":{"system":2},"tool_call_count":0,"time":"2026-02-07T16:53:48Z","message":"Context stats (ephemeral)"}
{"level":"debug","mysis_id":"da11d6e4-0c13-43ca-b654-d9b317025914","mysis_name":"test-mysis","stage":"messages_converted","memory_count":2,"message_count":3,"content_bytes":631,"reasoning_bytes":0,"role_counts":{"system":1,"user":1},"source_counts":{"system":2},"tool_call_count":0,"time":"2026-02-07T16:53:48Z","message":"Context stats (ephemeral)"}
{"level":"debug","mysis_id":"da11d6e4-0c13-43ca-b654-d9b317025914","mysis_name":"test-mysis","stage":"before_llm_call","memory_count":2,"message_count":3,"content_bytes":631,"reasoning_bytes":0,"role_counts":{"system":1,"user":1},"source_counts":{"system":2},"tool_call_count":0,"time":"2026-02-07T16:53:48Z","message":"Context stats (ephemeral)"}
{"level":"debug","mysis":"test-mysis","error":"context canceled","time":"2026-02-07T16:53:48Z","message":"Ignoring error - mysis was intentionally stopped"}
{"level":"debug","mysis_id":"cf9987a5-2faa-4c6a-aec2-6ee333f1ae8b","mysis_name":"test-mysis","stage":"context_memories","memory_count":2,"message_count":0,"content_bytes":542,"reasoning_bytes":0,"role_counts":{"system":1,"user":1},"source_counts":{"system":2},"tool_call_count":0,"time":"2026-02-07T16:53:48Z","message":"Context stats (ephemeral)"}
{"level":"debug","mysis_id":"cf9987a5-2faa-4c6a-aec2-6ee333f1ae8b","mysis_name":"test-mysis","stage":"messages_converted","memory_count":2,"message_count":3,"content_bytes":631,"reasoning_bytes":0,"role_counts":{"system":1,"user":1},"source_counts":{"system":2},"tool_call_count":0,"time":"2026-02-07T16:53:48Z","message":"Context stats (ephemeral)"}
{"level":"debug","mysis_id":"cf9987a5-2faa-4c6a-aec2-6ee333f1ae8b","mysis_name":"test-mysis","stage":"before_llm_call","memory_count":2,"message_count":3,"content_bytes":631,"reasoning_bytes":0,"role_counts":{"system":1,"user":1},"source_counts":{"system":2},"tool_call_count":0,"time":"2026-02-07T16:53:48Z","message":"Context stats (ephemeral)"}
{"level":"debug","mysis":"test-mysis","error":"context canceled","time":"2026-02-07T16:53:48Z","message":"Ignoring error - mysis was intentionally stopped"}
{"level":"debug","mysis_id":"74b467a6-4c16-4f9e-b7b5-1cc0e6bacb05","mysis_name":"test-mysis","stage":"context_memories","memory_count":2,"message_count":0,"content_bytes":542,"reasoning_bytes":0,"role_counts":{"system":1,"user":1},"source_counts":{"system":2},"tool_call_count":0,"time":"2026-02-07T16:53:48Z","message":"Context stats (ephemeral)"}
{"level":"debug","mysis_id":"74b467a6-4c16-4f9e-b7b5-1cc0e6bacb05","mysis_name":"test-mysis","stage":"messages_converted","memory_count":2,"message_count":3,"content_bytes":631,"reasoning_bytes":0,"role_counts":{"system":1,"user":1},"source_counts":{"system":2},"tool_call_count":0,"time":"2026-02-07T16:53:48Z","message":"Context stats (ephemeral)"}
{"level":"debug","mysis_id":"74b467a6-4c16-4f9e-b7b5-1cc0e6bacb05","mysis_name":"test-mysis","stage":"before_llm_call","memory_count":2,"message_count":3,"content_bytes":631,"reasoning_bytes":0,"role_counts":{"system":1,"user":1},"source_counts":{"system":2},"tool_call_count":0,"time":"2026-02-07T16:53:48Z","message":"Context stats (ephemeral)"}
{"level":"debug","mysis":"test-mysis","error":"context canceled","time":"2026-02-07T16:53:48Z","message":"Ignoring error - mysis was intentionally stopped"}
{"level":"debug","mysis_id":"a6f5e85a-37c2-4b3b-b4ee-43716c04cdee","mysis_name":"test-mysis","stage":"context_memories","memory_count":2,"message_count":0,"content_bytes":542,"reasoning_bytes":0,"role_counts":{"system":1,"user":1},"source_counts":{"system":2},"tool_call_count":0,"time":"2026-02-07T16:53:48Z","message":"Context stats (ephemeral)"}
{"level":"debug","mysis_id":"a6f5e85a-37c2-4b3b-b4ee-43716c04cdee","mysis_name":"test-mysis","stage":"messages_converted","memory_count":2,"message_count":3,"content_bytes":631,"reasoning_bytes":0,"role_counts":{"system":1,"user":1},"source_counts":{"system":2},"tool_call_count":0,"time":"2026-02-07T16:53:48Z","message":"Context stats (ephemeral)"}
{"level":"debug","mysis_id":"a6f5e85a-37c2-4b3b-b4ee-43716c04cdee","mysis_name":"test-mysis","stage":"before_llm_call","memory_count":2,"message_count":3,"content_bytes":631,"reasoning_bytes":0,"role_counts":{"system":1,"user":1},"source_counts":{"system":2},"tool_call_count":0,"time":"2026-02-07T16:53:48Z","message":"Context stats (ephemeral)"}
{"level":"debug","mysis":"test-mysis","error":"context canceled","time":"2026-02-07T16:53:48Z","message":"Ignoring error - mysis was intentionally stopped"}
{"level":"debug","mysis_id":"91dae2c8-6b51-471a-8190-10d013f3a0db","mysis_name":"test-mysis","stage":"context_memories","memory_count":2,"message_count":0,"content_bytes":542,"reasoning_bytes":0,"role_counts":{"system":1,"user":1},"source_counts":{"system":2},"tool_call_count":0,"time":"2026-02-07T16:53:48Z","message":"Context stats (ephemeral)"}
{"level":"debug","mysis_id":"91dae2c8-6b51-471a-8190-10d013f3a0db","mysis_name":"test-mysis","stage":"messages_converted","memory_count":2,"message_count":3,"content_bytes":631,"reasoning_bytes":0,"role_counts":{"system":1,"user":1},"source_counts":{"system":2},"tool_call_count":0,"time":"2026-02-07T16:53:48Z","message":"Context stats (ephemeral)"}
{"level":"debug","mysis_id":"91dae2c8-6b51-471a-8190-10d013f3a0db","mysis_name":"test-mysis","stage":"before_llm_call","memory_count":2,"message_count":3,"content_bytes":631,"reasoning_bytes":0,"role_counts":{"system":1,"user":1},"source_counts":{"system":2},"tool_call_count":0,"time":"2026-02-07T16:53:48Z","message":"Context stats (ephemeral)"}
{"level":"debug","mysis":"test-mysis","error":"context canceled","time":"2026-02-07T16:53:48Z","message":"Ignoring error - mysis was intentionally stopped"}
{"level":"debug","mysis_id":"ca7dca69-477b-44c4-8823-6564fff00298","mysis_name":"test-mysis","stage":"context_memories","memory_count":2,"message_count":0,"content_bytes":542,"reasoning_bytes":0,"role_counts":{"system":1,"user":1},"source_counts":{"system":2},"tool_call_count":0,"time":"2026-02-07T16:53:48Z","message":"Context stats (ephemeral)"}
{"level":"debug","mysis_id":"ca7dca69-477b-44c4-8823-6564fff00298","mysis_name":"test-mysis","stage":"messages_converted","memory_count":2,"message_count":3,"content_bytes":631,"reasoning_bytes":0,"role_counts":{"system":1,"user":1},"source_counts":{"system":2},"tool_call_count":0,"time":"2026-02-07T16:53:48Z","message":"Context stats (ephemeral)"}
{"level":"debug","mysis_id":"ca7dca69-477b-44c4-8823-6564fff00298","mysis_name":"test-mysis","stage":"before_llm_call","memory_count":2,"message_count":3,"content_bytes":631,"reasoning_bytes":0,"role_counts":{"system":1,"user":1},"source_counts":{"system":2},"tool_call_count":0,"time":"2026-02-07T16:53:48Z","message":"Context stats (ephemeral)"}
{"level":"debug","mysis":"test-mysis","error":"context canceled","time":"2026-02-07T16:53:48Z","message":"Ignoring error - mysis was intentionally stopped"}
{"level":"debug","mysis_id":"dc3bcd9a-0b31-453b-a53b-cda847018d27","mysis_name":"test-mysis","stage":"context_memories","memory_count":2,"message_count":0,"content_bytes":542,"reasoning_bytes":0,"role_counts":{"system":1,"user":1},"source_counts":{"system":2},"tool_call_count":0,"time":"2026-02-07T16:53:48Z","message":"Context stats (ephemeral)"}
{"level":"debug","mysis_id":"dc3bcd9a-0b31-453b-a53b-cda847018d27","mysis_name":"test-mysis","stage":"messages_converted","memory_count":2,"message_count":3,"content_bytes":631,"reasoning_bytes":0,"role_counts":{"system":1,"user":1},"source_counts":{"system":2},"tool_call_count":0,"time":"2026-02-07T16:53:48Z","message":"Context stats (ephemeral)"}
{"level":"debug","mysis_id":"dc3bcd9a-0b31-453b-a53b-cda847018d27","mysis_name":"test-mysis","stage":"before_llm_call","memory_count":2,"message_count":3,"content_bytes":631,"reasoning_bytes":0,"role_counts":{"system":1,"user":1},"source_counts":{"system":2},"tool_call_count":0,"time":"2026-02-07T16:53:48Z","message":"Context stats (ephemeral)"}
{"level":"debug","mysis":"test-mysis","error":"context canceled","time":"2026-02-07T16:53:48Z","message":"Ignoring error - mysis was intentionally stopped"}
{"level":"debug","mysis_id":"976693ad-c149-4e2a-be7f-e9bed6ba244b","mysis_name":"test-mysis","stage":"context_memories","memory_count":2,"message_count":0,"content_bytes":542,"reasoning_bytes":0,"role_counts":{"system":1,"user":1},"source_counts":{"system":2},"tool_call_count":0,"time":"2026-02-07T16:53:48Z","message":"Context stats (ephemeral)"}
{"level":"debug","mysis_id":"976693ad-c149-4e2a-be7f-e9bed6ba244b","mysis_name":"test-mysis","stage":"messages_converted","memory_count":2,"message_count":3,"content_bytes":631,"reasoning_bytes":0,"role_counts":{"system":1,"user":1},"source_counts":{"system":2},"tool_call_count":0,"time":"2026-02-07T16:53:48Z","message":"Context stats (ephemeral)"}
{"level":"debug","mysis_id":"976693ad-c149-4e2a-be7f-e9bed6ba244b","mysis_name":"test-mysis","stage":"before_llm_call","memory_count":2,"message_count":3,"content_bytes":631,"reasoning_bytes":0,"role_counts":{"system":1,"user":1},"source_counts":{"system":2},"tool_call_count":0,"time":"2026-02-07T16:53:48Z","message":"Context stats (ephemeral)"}
{"level":"debug","mysis":"test-mysis","error":"context canceled","time":"2026-02-07T16:53:48Z","message":"Ignoring error - mysis was intentionally stopped"}
{"level":"debug","mysis_id":"4b66fdb7-cfd9-4572-b18a-540985df1c19","mysis_name":"test-mysis","stage":"context_memories","memory_count":2,"message_count":0,"content_bytes":542,"reasoning_bytes":0,"role_counts":{"system":1,"user":1},"source_counts":{"system":2},"tool_call_count":0,"time":"2026-02-07T16:53:48Z","message":"Context stats (ephemeral)"}
{"level":"debug","mysis_id":"4b66fdb7-cfd9-4572-b18a-540985df1c19","mysis_name":"test-mysis","stage":"messages_converted","memory_count":2,"message_count":3,"content_bytes":631,"reasoning_bytes":0,"role_counts":{"system":1,"user":1},"source_counts":{"system":2},"tool_call_count":0,"time":"2026-02-07T16:53:48Z","message":"Context stats (ephemeral)"}
{"level":"debug","mysis_id":"4b66fdb7-cfd9-4572-b18a-540985df1c19","mysis_name":"test-mysis","stage":"before_llm_call","memory_count":2,"message_count":3,"content_bytes":631,"reasoning_bytes":0,"role_counts":{"system":1,"user":1},"source_counts":{"system":2},"tool_call_count":0,"time":"2026-02-07T16:53:48Z","message":"Context stats (ephemeral)"}
{"level":"debug","mysis":"test-mysis","error":"context canceled","time":"2026-02-07T16:53:48Z","message":"Ignoring error - mysis was intentionally stopped"}
{"level":"debug","mysis_id":"f93beb97-c9ce-4dfa-8279-2b2960185006","mysis_name":"test-mysis","stage":"context_memories","memory_count":2,"message_count":0,"content_bytes":542,"reasoning_bytes":0,"role_counts":{"system":1,"user":1},"source_counts":{"system":2},"tool_call_count":0,"time":"2026-02-07T16:53:48Z","message":"Context stats (ephemeral)"}
{"level":"debug","mysis_id":"f93beb97-c9ce-4dfa-8279-2b2960185006","mysis_name":"test-mysis","stage":"messages_converted","memory_count":2,"message_count":3,"content_bytes":631,"reasoning_bytes":0,"role_counts":{"system":1,"user":1},"source_counts":{"system":2},"tool_call_count":0,"time":"2026-02-07T16:53:48Z","message":"Context stats (ephemeral)"}
{"level":"debug","mysis_id":"f93beb97-c9ce-4dfa-8279-2b2960185006","mysis_name":"test-mysis","stage":"before_llm_call","memory_count":2,"message_count":3,"content_bytes":631,"reasoning_bytes":0,"role_counts":{"system":1,"user":1},"source_counts":{"system":2},"tool_call_count":0,"time":"2026-02-07T16:53:48Z","message":"Context stats (ephemeral)"}
{"level":"debug","mysis":"test-mysis","error":"context canceled","time":"2026-02-07T16:53:48Z","message":"Ignoring error - mysis was intentionally stopped"}
{"level":"debug","mysis_id":"d42c0f8f-f26b-4d2f-92c6-200f29779479","mysis_name":"test-mysis","stage":"context_memories","memory_count":2,"message_count":0,"content_bytes":542,"reasoning_bytes":0,"role_counts":{"system":1,"user":1},"source_counts":{"system":2},"tool_call_count":0,"time":"2026-02-07T16:53:48Z","message":"Context stats (ephemeral)"}
{"level":"debug","mysis_id":"d42c0f8f-f26b-4d2f-92c6-200f29779479","mysis_name":"test-mysis","stage":"messages_converted","memory_count":2,"message_count":3,"content_bytes":631,"reasoning_bytes":0,"role_counts":{"system":1,"user":1},"source_counts":{"system":2},"tool_call_count":0,"time":"2026-02-07T16:53:48Z","message":"Context stats (ephemeral)"}
{"level":"debug","mysis_id":"d42c0f8f-f26b-4d2f-92c6-200f29779479","mysis_name":"test-mysis","stage":"before_llm_call","memory_count":2,"message_count":3,"content_bytes":631,"reasoning_bytes":0,"role_counts":{"system":1,"user":1},"source_counts":{"system":2},"tool_call_count":0,"time":"2026-02-07T16:53:48Z","message":"Context stats (ephemeral)"}
{"level":"debug","mysis":"test-mysis","error":"context canceled","time":"2026-02-07T16:53:48Z","message":"Ignoring error - mysis was intentionally stopped"}
{"level":"debug","mysis_id":"94aa068a-0711-4a7f-b434-6a71ace1c2f4","mysis_name":"test-mysis","stage":"context_memories","memory_count":2,"message_count":0,"content_bytes":542,"reasoning_bytes":0,"role_counts":{"system":1,"user":1},"source_counts":{"system":2},"tool_call_count":0,"time":"2026-02-07T16:53:48Z","message":"Context stats (ephemeral)"}
{"level":"debug","mysis_id":"94aa068a-0711-4a7f-b434-6a71ace1c2f4","mysis_name":"test-mysis","stage":"messages_converted","memory_count":2,"message_count":3,"content_bytes":631,"reasoning_bytes":0,"role_counts":{"system":1,"user":1},"source_counts":{"system":2},"tool_call_count":0,"time":"2026-02-07T16:53:48Z","message":"Context stats (ephemeral)"}
{"level":"debug","mysis_id":"94aa068a-0711-4a7f-b434-6a71ace1c2f4","mysis_name":"test-mysis","stage":"before_llm_call","memory_count":2,"message_count":3,"content_bytes":631,"reasoning_bytes":0,"role_counts":{"system":1,"user":1},"source_counts":{"system":2},"tool_call_count":0,"time":"2026-02-07T16:53:48Z","message":"Context stats (ephemeral)"}
{"level":"debug","mysis":"test-mysis","error":"context canceled","time":"2026-02-07T16:53:48Z","message":"Ignoring error - mysis was intentionally stopped"}
{"level":"debug","mysis_id":"d09a2867-b7ed-4f81-9023-4871980af1a1","mysis_name":"test-mysis","stage":"context_memories","memory_count":2,"message_count":0,"content_bytes":542,"reasoning_bytes":0,"role_counts":{"system":1,"user":1},"source_counts":{"system":2},"tool_call_count":0,"time":"2026-02-07T16:53:48Z","message":"Context stats (ephemeral)"}
{"level":"debug","mysis_id":"d09a2867-b7ed-4f81-9023-4871980af1a1","mysis_name":"test-mysis","stage":"messages_converted","memory_count":2,"message_count":3,"content_bytes":631,"reasoning_bytes":0,"role_counts":{"system":1,"user":1},"source_counts":{"system":2},"tool_call_count":0,"time":"2026-02-07T16:53:48Z","message":"Context stats (ephemeral)"}
{"level":"debug","mysis_id":"d09a2867-b7ed-4f81-9023-4871980af1a1","mysis_name":"test-mysis","stage":"before_llm_call","memory_count":2,"message_count":3,"content_bytes":631,"reasoning_bytes":0,"role_counts":{"system":1,"user":1},"source_counts":{"system":2},"tool_call_count":0,"time":"2026-02-07T16:53:48Z","message":"Context stats (ephemeral)"}
{"level":"debug","mysis":"test-mysis","error":"context canceled","time":"2026-02-07T16:53:48Z","message":"Ignoring error - mysis was intentionally stopped"}
{"level":"debug","mysis_id":"3ed2c3ab-ec35-4dee-a9fe-ff1c6ea69d5a","mysis_name":"test-mysis","stage":"context_memories","memory_count":2,"message_count":0,"content_bytes":542,"reasoning_bytes":0,"role_counts":{"system":1,"user":1},"source_counts":{"system":2},"tool_call_count":0,"time":"2026-02-07T16:53:48Z","message":"Context stats (ephemeral)"}
{"level":"debug","mysis_id":"3ed2c3ab-ec35-4dee-a9fe-ff1c6ea69d5a","mysis_name":"test-mysis","stage":"messages_converted","memory_count":2,"message_count":3,"content_bytes":631,"reasoning_bytes":0,"role_counts":{"system":1,"user":1},"source_counts":{"system":2},"tool_call_count":0,"time":"2026-02-07T16:53:48Z","message":"Context stats (ephemeral)"}
{"level":"debug","mysis_id":"3ed2c3ab-ec35-4dee-a9fe-ff1c6ea69d5a","mysis_name":"test-mysis","stage":"before_llm_call","memory_count":2,"message_count":3,"content_bytes":631,"reasoning_bytes":0,"role_counts":{"system":1,"user":1},"source_counts":{"system":2},"tool_call_count":0,"time":"2026-02-07T16:53:48Z","message":"Context stats (ephemeral)"}
{"level":"debug","mysis":"test-mysis","error":"context canceled","time":"2026-02-07T16:53:48Z","message":"Ignoring error - mysis was intentionally stopped"}
{"level":"debug","mysis_id":"23ea592d-7ba7-4329-81fb-062131039e6f","mysis_name":"test-mysis","stage":"context_memories","memory_count":2,"message_count":0,"content_bytes":542,"reasoning_bytes":0,"role_counts":{"system":1,"user":1},"source_counts":{"system":2},"tool_call_count":0,"time":"2026-02-07T16:53:48Z","message":"Context stats (ephemeral)"}
{"level":"debug","mysis_id":"23ea592d-7ba7-4329-81fb-062131039e6f","mysis_name":"test-mysis","stage":"messages_converted","memory_count":2,"message_count":3,"content_bytes":631,"reasoning_bytes":0,"role_counts":{"system":1,"user":1},"source_counts":{"system":2},"tool_call_count":0,"time":"2026-02-07T16:53:48Z","message":"Context stats (ephemeral)"}
{"level":"debug","mysis_id":"23ea592d-7ba7-4329-81fb-062131039e6f","mysis_name":"test-mysis","stage":"before_llm_call","memory_count":2,"message_count":3,"content_bytes":631,"reasoning_bytes":0,"role_counts":{"system":1,"user":1},"source_counts":{"system":2},"tool_call_count":0,"time":"2026-02-07T16:53:48Z","message":"Context stats (ephemeral)"}
{"level":"debug","mysis":"test-mysis","error":"context canceled","time":"2026-02-07T16:53:48Z","message":"Ignoring error - mysis was intentionally stopped"}
{"level":"debug","mysis_id":"df21dd9e-04a2-424d-b3e2-021a4b3dc6b2","mysis_name":"test-mysis","stage":"context_memories","memory_count":2,"message_count":0,"content_bytes":542,"reasoning_bytes":0,"role_counts":{"system":1,"user":1},"source_counts":{"system":2},"tool_call_count":0,"time":"2026-02-07T16:53:48Z","message":"Context stats (ephemeral)"}
{"level":"debug","mysis_id":"df21dd9e-04a2-424d-b3e2-021a4b3dc6b2","mysis_name":"test-mysis","stage":"messages_converted","memory_count":2,"message_count":3,"content_bytes":631,"reasoning_bytes":0,"role_counts":{"system":1,"user":1},"source_counts":{"system":2},"tool_call_count":0,"time":"2026-02-07T16:53:48Z","message":"Context stats (ephemeral)"}
{"level":"debug","mysis_id":"df21dd9e-04a2-424d-b3e2-021a4b3dc6b2","mysis_name":"test-mysis","stage":"before_llm_call","memory_count":2,"message_count":3,"content_bytes":631,"reasoning_bytes":0,"role_counts":{"system":1,"user":1},"source_counts":{"system":2},"tool_call_count":0,"time":"2026-02-07T16:53:48Z","message":"Context stats (ephemeral)"}
{"level":"debug","mysis":"test-mysis","error":"context canceled","time":"2026-02-07T16:53:48Z","message":"Ignoring error - mysis was intentionally stopped"}
{"level":"debug","mysis_id":"146dabc1-cdb9-41de-8c25-6c3e9bea2d2a","mysis_name":"test-mysis","stage":"context_memories","memory_count":2,"message_count":0,"content_bytes":542,"reasoning_bytes":0,"role_counts":{"system":1,"user":1},"source_counts":{"system":2},"tool_call_count":0,"time":"2026-02-07T16:53:48Z","message":"Context stats (ephemeral)"}
{"level":"debug","mysis_id":"146dabc1-cdb9-41de-8c25-6c3e9bea2d2a","mysis_name":"test-mysis","stage":"messages_converted","memory_count":2,"message_count":3,"content_bytes":631,"reasoning_bytes":0,"role_counts":{"system":1,"user":1},"source_counts":{"system":2},"tool_call_count":0,"time":"2026-02-07T16:53:48Z","message":"Context stats (ephemeral)"}
{"level":"debug","mysis_id":"146dabc1-cdb9-41de-8c25-6c3e9bea2d2a","mysis_name":"test-mysis","stage":"before_llm_call","memory_count":2,"message_count":3,"content_bytes":631,"reasoning_bytes":0,"role_counts":{"system":1,"user":1},"source_counts":{"system":2},"tool_call_count":0,"time":"2026-02-07T16:53:48Z","message":"Context stats (ephemeral)"}
{"level":"debug","mysis":"test-mysis","error":"context canceled","time":"2026-02-07T16:53:48Z","message":"Ignoring error - mysis was intentionally stopped"}
{"level":"debug","mysis_id":"a11f1a32-89ee-4f22-a472-22fd0ce1b7c5","mysis_name":"test-mysis","stage":"context_memories","memory_count":2,"message_count":0,"content_bytes":542,"reasoning_bytes":0,"role_counts":{"system":1,"user":1},"source_counts":{"system":2},"tool_call_count":0,"time":"2026-02-07T16:53:48Z","message":"Context stats (ephemeral)"}
{"level":"debug","mysis_id":"a11f1a32-89ee-4f22-a472-22fd0ce1b7c5","mysis_name":"test-mysis","stage":"messages_converted","memory_count":2,"message_count":3,"content_bytes":631,"reasoning_bytes":0,"role_counts":{"system":1,"user":1},"source_counts":{"system":2},"tool_call_count":0,"time":"2026-02-07T16:53:48Z","message":"Context stats (ephemeral)"}
{"level":"debug","mysis_id":"a11f1a32-89ee-4f22-a472-22fd0ce1b7c5","mysis_name":"test-mysis","stage":"before_llm_call","memory_count":2,"message_count":3,"content_bytes":631,"reasoning_bytes":0,"role_counts":{"system":1,"user":1},"source_counts":{"system":2},"tool_call_count":0,"time":"2026-02-07T16:53:48Z","message":"Context stats (ephemeral)"}
{"level":"debug","mysis":"test-mysis","error":"context canceled","time":"2026-02-07T16:53:48Z","message":"Ignoring error - mysis was intentionally stopped"}
{"level":"debug","mysis_id":"02af31dd-3a2b-4275-a92b-676f0ee94035","mysis_name":"test-mysis","stage":"context_memories","memory_count":2,"message_count":0,"content_bytes":542,"reasoning_bytes":0,"role_counts":{"system":1,"user":1},"source_counts":{"system":2},"tool_call_count":0,"time":"2026-02-07T16:53:48Z","message":"Context stats (ephemeral)"}
{"level":"debug","mysis_id":"02af31dd-3a2b-4275-a92b-676f0ee94035","mysis_name":"test-mysis","stage":"messages_converted","memory_count":2,"message_count":3,"content_bytes":631,"reasoning_bytes":0,"role_counts":{"system":1,"user":1},"source_counts":{"system":2},"tool_call_count":0,"time":"2026-02-07T16:53:48Z","message":"Context stats (ephemeral)"}
{"level":"debug","mysis_id":"02af31dd-3a2b-4275-a92b-676f0ee94035","mysis_name":"test-mysis","stage":"before_llm_call","memory_count":2,"message_count":3,"content_bytes":631,"reasoning_bytes":0,"role_counts":{"system":1,"user":1},"source_counts":{"system":2},"tool_call_count":0,"time":"2026-02-07T16:53:48Z","message":"Context stats (ephemeral)"}
{"level":"debug","mysis":"test-mysis","error":"context canceled","time":"2026-02-07T16:53:48Z","message":"Ignoring error - mysis was intentionally stopped"}
{"level":"debug","mysis_id":"18277a58-7564-44bd-9b7d-6ece167de675","mysis_name":"test-mysis","stage":"context_memories","memory_count":2,"message_count":0,"content_bytes":542,"reasoning_bytes":0,"role_counts":{"system":1,"user":1},"source_counts":{"system":2},"tool_call_count":0,"time":"2026-02-07T16:53:48Z","message":"Context stats (ephemeral)"}
{"level":"debug","mysis_id":"18277a58-7564-44bd-9b7d-6ece167de675","mysis_name":"test-mysis","stage":"messages_converted","memory_count":2,"message_count":3,"content_bytes":631,"reasoning_bytes":0,"role_counts":{"system":1,"user":1},"source_counts":{"system":2},"tool_call_count":0,"time":"2026-02-07T16:53:48Z","message":"Context stats (ephemeral)"}
{"level":"debug","mysis_id":"18277a58-7564-44bd-9b7d-6ece167de675","mysis_name":"test-mysis","stage":"before_llm_call","memory_count":2,"message_count":3,"content_bytes":631,"reasoning_bytes":0,"role_counts":{"system":1,"user":1},"source_counts":{"system":2},"tool_call_count":0,"time":"2026-02-07T16:53:48Z","message":"Context stats (ephemeral)"}
{"level":"debug","mysis":"test-mysis","error":"context canceled","time":"2026-02-07T16:53:48Z","message":"Ignoring error - mysis was intentionally stopped"}
{"level":"debug","mysis_id":"ba07ed50-1c6f-4130-9845-39ef6e1137f8","mysis_name":"test-mysis","stage":"context_memories","memory_count":2,"message_count":0,"content_bytes":542,"reasoning_bytes":0,"role_counts":{"system":1,"user":1},"source_counts":{"system":2},"tool_call_count":0,"time":"2026-02-07T16:53:48Z","message":"Context stats (ephemeral)"}
{"level":"debug","mysis_id":"ba07ed50-1c6f-4130-9845-39ef6e1137f8","mysis_name":"test-mysis","stage":"messages_converted","memory_count":2,"message_count":3,"content_bytes":631,"reasoning_bytes":0,"role_counts":{"system":1,"user":1},"source_counts":{"system":2},"tool_call_count":0,"time":"2026-02-07T16:53:48Z","message":"Context stats (ephemeral)"}
{"level":"debug","mysis_id":"ba07ed50-1c6f-4130-9845-39ef6e1137f8","mysis_name":"test-mysis","stage":"before_llm_call","memory_count":2,"message_count":3,"content_bytes":631,"reasoning_bytes":0,"role_counts":{"system":1,"user":1},"source_counts":{"system":2},"tool_call_count":0,"time":"2026-02-07T16:53:48Z","message":"Context stats (ephemeral)"}
{"level":"debug","mysis":"test-mysis","error":"context canceled","time":"2026-02-07T16:53:48Z","message":"Ignoring error - mysis was intentionally stopped"}
{"level":"debug","mysis_id":"0e2952d6-d8bb-41c2-ad1e-a58e895bd9da","mysis_name":"test-mysis","stage":"context_memories","memory_count":2,"message_count":0,"content_bytes":542,"reasoning_bytes":0,"role_counts":{"system":1,"user":1},"source_counts":{"system":2},"tool_call_count":0,"time":"2026-02-07T16:53:48Z","message":"Context stats (ephemeral)"}
{"level":"debug","mysis_id":"0e2952d6-d8bb-41c2-ad1e-a58e895bd9da","mysis_name":"test-mysis","stage":"messages_converted","memory_count":2,"message_count":3,"content_bytes":631,"reasoning_bytes":0,"role_counts":{"system":1,"user":1},"source_counts":{"system":2},"tool_call_count":0,"time":"2026-02-07T16:53:48Z","message":"Context stats (ephemeral)"}
{"level":"debug","mysis_id":"0e2952d6-d8bb-41c2-ad1e-a58e895bd9da","mysis_name":"test-mysis","stage":"before_llm_call","memory_count":2,"message_count":3,"content_bytes":631,"reasoning_bytes":0,"role_counts":{"system":1,"user":1},"source_counts":{"system":2},"tool_call_count":0,"time":"2026-02-07T16:53:48Z","message":"Context stats (ephemeral)"}
{"level":"debug","mysis":"test-mysis","error":"context canceled","time":"2026-02-07T16:53:48Z","message":"Ignoring error - mysis was intentionally stopped"}
{"level":"debug","mysis_id":"55575798-8b8c-4e78-95e5-a2051cd03675","mysis_name":"test-mysis","stage":"context_memories","memory_count":2,"message_count":0,"content_bytes":542,"reasoning_bytes":0,"role_counts":{"system":1,"user":1},"source_counts":{"system":2},"tool_call_count":0,"time":"2026-02-07T16:53:48Z","message":"Context stats (ephemeral)"}
{"level":"debug","mysis_id":"55575798-8b8c-4e78-95e5-a2051cd03675","mysis_name":"test-mysis","stage":"messages_converted","memory_count":2,"message_count":3,"content_bytes":631,"reasoning_bytes":0,"role_counts":{"system":1,"user":1},"source_counts":{"system":2},"tool_call_count":0,"time":"2026-02-07T16:53:48Z","message":"Context stats (ephemeral)"}
{"level":"debug","mysis_id":"55575798-8b8c-4e78-95e5-a2051cd03675","mysis_name":"test-mysis","stage":"before_llm_call","memory_count":2,"message_count":3,"content_bytes":631,"reasoning_bytes":0,"role_counts":{"system":1,"user":1},"source_counts":{"system":2},"tool_call_count":0,"time":"2026-02-07T16:53:48Z","message":"Context stats (ephemeral)"}
{"level":"debug","mysis":"test-mysis","error":"context canceled","time":"2026-02-07T16:53:48Z","message":"Ignoring error - mysis was intentionally stopped"}
{"level":"debug","mysis_id":"22655e18-80c1-40c5-b82e-bf1d4dbb0e96","mysis_name":"test-mysis","stage":"context_memories","memory_count":2,"message_count":0,"content_bytes":542,"reasoning_bytes":0,"role_counts":{"system":1,"user":1},"source_counts":{"system":2},"tool_call_count":0,"time":"2026-02-07T16:53:48Z","message":"Context stats (ephemeral)"}
{"level":"debug","mysis_id":"22655e18-80c1-40c5-b82e-bf1d4dbb0e96","mysis_name":"test-mysis","stage":"messages_converted","memory_count":2,"message_count":3,"content_bytes":631,"reasoning_bytes":0,"role_counts":{"system":1,"user":1},"source_counts":{"system":2},"tool_call_count":0,"time":"2026-02-07T16:53:48Z","message":"Context stats (ephemeral)"}
{"level":"debug","mysis_id":"22655e18-80c1-40c5-b82e-bf1d4dbb0e96","mysis_name":"test-mysis","stage":"before_llm_call","memory_count":2,"message_count":3,"content_bytes":631,"reasoning_bytes":0,"role_counts":{"system":1,"user":1},"source_counts":{"system":2},"tool_call_count":0,"time":"2026-02-07T16:53:48Z","message":"Context stats (ephemeral)"}
{"level":"debug","mysis":"test-mysis","error":"context canceled","time":"2026-02-07T16:53:48Z","message":"Ignoring error - mysis was intentionally stopped"}
{"level":"debug","mysis_id":"f3875d8a-5a8c-4382-a005-f9a6ed49a5c3","mysis_name":"test-mysis","stage":"context_memories","memory_count":2,"message_count":0,"content_bytes":542,"reasoning_bytes":0,"role_counts":{"system":1,"user":1},"source_counts":{"system":2},"tool_call_count":0,"time":"2026-02-07T16:53:48Z","message":"Context stats (ephemeral)"}
{"level":"debug","mysis_id":"f3875d8a-5a8c-4382-a005-f9a6ed49a5c3","mysis_name":"test-mysis","stage":"messages_converted","memory_count":2,"message_count":3,"content_bytes":631,"reasoning_bytes":0,"role_counts":{"system":1,"user":1},"source_counts":{"system":2},"tool_call_count":0,"time":"2026-02-07T16:53:48Z","message":"Context stats (ephemeral)"}
{"level":"debug","mysis_id":"f3875d8a-5a8c-4382-a005-f9a6ed49a5c3","mysis_name":"test-mysis","stage":"before_llm_call","memory_count":2,"message_count":3,"content_bytes":631,"reasoning_bytes":0,"role_counts":{"system":1,"user":1},"source_counts":{"system":2},"tool_call_count":0,"time":"2026-02-07T16:53:48Z","message":"Context stats (ephemeral)"}
{"level":"debug","mysis":"test-mysis","error":"context canceled","time":"2026-02-07T16:53:48Z","message":"Ignoring error - mysis was intentionally stopped"}
{"level":"debug","mysis_id":"535e4fd5-4cfa-4893-ab09-6e5a8d9c310a","mysis_name":"test-mysis","stage":"context_memories","memory_count":2,"message_count":0,"content_bytes":542,"reasoning_bytes":0,"role_counts":{"system":1,"user":1},"source_counts":{"system":2},"tool_call_count":0,"time":"2026-02-07T16:53:48Z","message":"Context stats (ephemeral)"}
{"level":"debug","mysis_id":"535e4fd5-4cfa-4893-ab09-6e5a8d9c310a","mysis_name":"test-mysis","stage":"messages_converted","memory_count":2,"message_count":3,"content_bytes":631,"reasoning_bytes":0,"role_counts":{"system":1,"user":1},"source_counts":{"system":2},"tool_call_count":0,"time":"2026-02-07T16:53:48Z","message":"Context stats (ephemeral)"}
{"level":"debug","mysis_id":"535e4fd5-4cfa-4893-ab09-6e5a8d9c310a","mysis_name":"test-mysis","stage":"before_llm_call","memory_count":2,"message_count":3,"content_bytes":631,"reasoning_bytes":0,"role_counts":{"system":1,"user":1},"source_counts":{"system":2},"tool_call_count":0,"time":"2026-02-07T16:53:48Z","message":"Context stats (ephemeral)"}
{"level":"debug","mysis":"test-mysis","error":"context canceled","time":"2026-02-07T16:53:48Z","message":"Ignoring error - mysis was intentionally stopped"}
{"level":"debug","mysis_id":"c6dd2c62-7557-494e-a6fc-0c86232a17cb","mysis_name":"test-mysis","stage":"context_memories","memory_count":2,"message_count":0,"content_bytes":542,"reasoning_bytes":0,"role_counts":{"system":1,"user":1},"source_counts":{"system":2},"tool_call_count":0,"time":"2026-02-07T16:53:48Z","message":"Context stats (ephemeral)"}
{"level":"debug","mysis_id":"c6dd2c62-7557-494e-a6fc-0c86232a17cb","mysis_name":"test-mysis","stage":"messages_converted","memory_count":2,"message_count":3,"content_bytes":631,"reasoning_bytes":0,"role_counts":{"system":1,"user":1},"source_counts":{"system":2},"tool_call_count":0,"time":"2026-02-07T16:53:48Z","message":"Context stats (ephemeral)"}
{"level":"debug","mysis_id":"c6dd2c62-7557-494e-a6fc-0c86232a17cb","mysis_name":"test-mysis","stage":"before_llm_call","memory_count":2,"message_count":3,"content_bytes":631,"reasoning_bytes":0,"role_counts":{"system":1,"user":1},"source_counts":{"system":2},"tool_call_count":0,"time":"2026-02-07T16:53:48Z","message":"Context stats (ephemeral)"}
{"level":"debug","mysis":"test-mysis","error":"context canceled","time":"2026-02-07T16:53:48Z","message":"Ignoring error - mysis was intentionally stopped"}
{"level":"debug","mysis_id":"49625050-6d40-40cc-b155-8a2593fc1a7d","mysis_name":"test-mysis","stage":"context_memories","memory_count":2,"message_count":0,"content_bytes":542,"reasoning_bytes":0,"role_counts":{"system":1,"user":1},"source_counts":{"system":2},"tool_call_count":0,"time":"2026-02-07T16:53:48Z","message":"Context stats (ephemeral)"}
{"level":"debug","mysis_id":"49625050-6d40-40cc-b155-8a2593fc1a7d","mysis_name":"test-mysis","stage":"messages_converted","memory_count":2,"message_count":3,"content_bytes":631,"reasoning_bytes":0,"role_counts":{"system":1,"user":1},"source_counts":{"system":2},"tool_call_count":0,"time":"2026-02-07T16:53:48Z","message":"Context stats (ephemeral)"}
{"level":"debug","mysis_id":"49625050-6d40-40cc-b155-8a2593fc1a7d","mysis_name":"test-mysis","stage":"before_llm_call","memory_count":2,"message_count":3,"content_bytes":631,"reasoning_bytes":0,"role_counts":{"system":1,"user":1},"source_counts":{"system":2},"tool_call_count":0,"time":"2026-02-07T16:53:48Z","message":"Context stats (ephemeral)"}
{"level":"debug","mysis":"test-mysis","error":"context canceled","time":"2026-02-07T16:53:48Z","message":"Ignoring error - mysis was intentionally stopped"}
{"level":"debug","mysis_id":"e5a37ac8-7129-4247-8ecc-97612ecaa7ef","mysis_name":"test-mysis","stage":"context_memories","memory_count":2,"message_count":0,"content_bytes":542,"reasoning_bytes":0,"role_counts":{"system":1,"user":1},"source_counts":{"system":2},"tool_call_count":0,"time":"2026-02-07T16:53:48Z","message":"Context stats (ephemeral)"}
{"level":"debug","mysis_id":"e5a37ac8-7129-4247-8ecc-97612ecaa7ef","mysis_name":"test-mysis","stage":"messages_converted","memory_count":2,"message_count":3,"content_bytes":631,"reasoning_bytes":0,"role_counts":{"system":1,"user":1},"source_counts":{"system":2},"tool_call_count":0,"time":"2026-02-07T16:53:48Z","message":"Context stats (ephemeral)"}
{"level":"debug","mysis_id":"e5a37ac8-7129-4247-8ecc-97612ecaa7ef","mysis_name":"test-mysis","stage":"before_llm_call","memory_count":2,"message_count":3,"content_bytes":631,"reasoning_bytes":0,"role_counts":{"system":1,"user":1},"source_counts":{"system":2},"tool_call_count":0,"time":"2026-02-07T16:53:48Z","message":"Context stats (ephemeral)"}
{"level":"debug","mysis":"test-mysis","error":"context canceled","time":"2026-02-07T16:53:48Z","message":"Ignoring error - mysis was intentionally stopped"}
{"level":"debug","mysis_id":"3f7fbd21-7c82-4338-bbf1-bc62dbcdd68b","mysis_name":"test-mysis","stage":"context_memories","memory_count":2,"message_count":0,"content_bytes":542,"reasoning_bytes":0,"role_counts":{"system":1,"user":1},"source_counts":{"system":2},"tool_call_count":0,"time":"2026-02-07T16:53:48Z","message":"Context stats (ephemeral)"}
{"level":"debug","mysis_id":"3f7fbd21-7c82-4338-bbf1-bc62dbcdd68b","mysis_name":"test-mysis","stage":"messages_converted","memory_count":2,"message_count":3,"content_bytes":631,"reasoning_bytes":0,"role_counts":{"system":1,"user":1},"source_counts":{"system":2},"tool_call_count":0,"time":"2026-02-07T16:53:48Z","message":"Context stats (ephemeral)"}
{"level":"debug","mysis_id":"3f7fbd21-7c82-4338-bbf1-bc62dbcdd68b","mysis_name":"test-mysis","stage":"before_llm_call","memory_count":2,"message_count":3,"content_bytes":631,"reasoning_bytes":0,"role_counts":{"system":1,"user":1},"source_counts":{"system":2},"tool_call_count":0,"time":"2026-02-07T16:53:48Z","message":"Context stats (ephemeral)"}
{"level":"debug","mysis":"test-mysis","error":"context canceled","time":"2026-02-07T16:53:48Z","message":"Ignoring error - mysis was intentionally stopped"}
{"level":"debug","mysis_id":"e7e7783e-570d-4dea-8a10-f1b360afc090","mysis_name":"test-mysis","stage":"context_memories","memory_count":2,"message_count":0,"content_bytes":542,"reasoning_bytes":0,"role_counts":{"system":1,"user":1},"source_counts":{"system":2},"tool_call_count":0,"time":"2026-02-07T16:53:48Z","message":"Context stats (ephemeral)"}
{"level":"debug","mysis_id":"e7e7783e-570d-4dea-8a10-f1b360afc090","mysis_name":"test-mysis","stage":"messages_converted","memory_count":2,"message_count":3,"content_bytes":631,"reasoning_bytes":0,"role_counts":{"system":1,"user":1},"source_counts":{"system":2},"tool_call_count":0,"time":"2026-02-07T16:53:48Z","message":"Context stats (ephemeral)"}
{"level":"debug","mysis_id":"e7e7783e-570d-4dea-8a10-f1b360afc090","mysis_name":"test-mysis","stage":"before_llm_call","memory_count":2,"message_count":3,"content_bytes":631,"reasoning_bytes":0,"role_counts":{"system":1,"user":1},"source_counts":{"system":2},"tool_call_count":0,"time":"2026-02-07T16:53:48Z","message":"Context stats (ephemeral)"}
{"level":"debug","mysis":"test-mysis","error":"context canceled","time":"2026-02-07T16:53:48Z","message":"Ignoring error - mysis was intentionally stopped"}
{"level":"debug","mysis_id":"9e23badf-f116-425a-9d5d-b2a1eb05072d","mysis_name":"test-mysis","stage":"context_memories","memory_count":2,"message_count":0,"content_bytes":542,"reasoning_bytes":0,"role_counts":{"system":1,"user":1},"source_counts":{"system":2},"tool_call_count":0,"time":"2026-02-07T16:53:48Z","message":"Context stats (ephemeral)"}
{"level":"debug","mysis_id":"9e23badf-f116-425a-9d5d-b2a1eb05072d","mysis_name":"test-mysis","stage":"messages_converted","memory_count":2,"message_count":3,"content_bytes":631,"reasoning_bytes":0,"role_counts":{"system":1,"user":1},"source_counts":{"system":2},"tool_call_count":0,"time":"2026-02-07T16:53:48Z","message":"Context stats (ephemeral)"}
{"level":"debug","mysis_id":"9e23badf-f116-425a-9d5d-b2a1eb05072d","mysis_name":"test-mysis","stage":"before_llm_call","memory_count":2,"message_count":3,"content_bytes":631,"reasoning_bytes":0,"role_counts":{"system":1,"user":1},"source_counts":{"system":2},"tool_call_count":0,"time":"2026-02-07T16:53:48Z","message":"Context stats (ephemeral)"}
{"level":"debug","mysis":"test-mysis","error":"context canceled","time":"2026-02-07T16:53:48Z","message":"Ignoring error - mysis was intentionally stopped"}
{"level":"debug","mysis_id":"4f7447fa-a0ad-41a2-b5a3-5406915601d3","mysis_name":"test-mysis","stage":"context_memories","memory_count":2,"message_count":0,"content_bytes":542,"reasoning_bytes":0,"role_counts":{"system":1,"user":1},"source_counts":{"system":2},"tool_call_count":0,"time":"2026-02-07T16:53:48Z","message":"Context stats (ephemeral)"}
{"level":"debug","mysis_id":"4f7447fa-a0ad-41a2-b5a3-5406915601d3","mysis_name":"test-mysis","stage":"messages_converted","memory_count":2,"message_count":3,"content_bytes":631,"reasoning_bytes":0,"role_counts":{"system":1,"user":1},"source_counts":{"system":2},"tool_call_count":0,"time":"2026-02-07T16:53:48Z","message":"Context stats (ephemeral)"}
{"level":"debug","mysis_id":"4f7447fa-a0ad-41a2-b5a3-5406915601d3","mysis_name":"test-mysis","stage":"before_llm_call","memory_count":2,"message_count":3,"content_bytes":631,"reasoning_bytes":0,"role_counts":{"system":1,"user":1},"source_counts":{"system":2},"tool_call_count":0,"time":"2026-02-07T16:53:48Z","message":"Context stats (ephemeral)"}
{"level":"debug","mysis":"test-mysis","error":"context canceled","time":"2026-02-07T16:53:48Z","message":"Ignoring error - mysis was intentionally stopped"}
{"level":"debug","mysis_id":"b7b8e66c-d003-4841-bf68-b4b9f6d81079","mysis_name":"test-mysis","stage":"context_memories","memory_count":2,"message_count":0,"content_bytes":542,"reasoning_bytes":0,"role_counts":{"system":1,"user":1},"source_counts":{"system":2},"tool_call_count":0,"time":"2026-02-07T16:53:49Z","message":"Context stats (ephemeral)"}
{"level":"debug","mysis_id":"b7b8e66c-d003-4841-bf68-b4b9f6d81079","mysis_name":"test-mysis","stage":"messages_converted","memory_count":2,"message_count":3,"content_bytes":631,"reasoning_bytes":0,"role_counts":{"system":1,"user":1},"source_counts":{"system":2},"tool_call_count":0,"time":"2026-02-07T16:53:49Z","message":"Context stats (ephemeral)"}
{"level":"debug","mysis_id":"b7b8e66c-d003-4841-bf68-b4b9f6d81079","mysis_name":"test-mysis","stage":"before_llm_call","memory_count":2,"message_count":3,"content_bytes":631,"reasoning_bytes":0,"role_counts":{"system":1,"user":1},"source_counts":{"system":2},"tool_call_count":0,"time":"2026-02-07T16:53:49Z","message":"Context stats (ephemeral)"}
{"level":"debug","mysis":"test-mysis","error":"context canceled","time":"2026-02-07T16:53:49Z","message":"Ignoring error - mysis was intentionally stopped"}
{"level":"debug","mysis_id":"69fb0708-ef9c-4ea5-befc-55f9e154f081","mysis_name":"test-mysis","stage":"context_memories","memory_count":2,"message_count":0,"content_bytes":542,"reasoning_bytes":0,"role_counts":{"system":1,"user":1},"source_counts":{"system":2},"tool_call_count":0,"time":"2026-02-07T16:53:49Z","message":"Context stats (ephemeral)"}
{"level":"debug","mysis_id":"69fb0708-ef9c-4ea5-befc-55f9e154f081","mysis_name":"test-mysis","stage":"messages_converted","memory_count":2,"message_count":3,"content_bytes":631,"reasoning_bytes":0,"role_counts":{"system":1,"user":1},"source_counts":{"system":2},"tool_call_count":0,"time":"2026-02-07T16:53:49Z","message":"Context stats (ephemeral)"}
{"level":"debug","mysis_id":"69fb0708-ef9c-4ea5-befc-55f9e154f081","mysis_name":"test-mysis","stage":"before_llm_call","memory_count":2,"message_count":3,"content_bytes":631,"reasoning_bytes":0,"role_counts":{"system":1,"user":1},"source_counts":{"system":2},"tool_call_count":0,"time":"2026-02-07T16:53:49Z","message":"Context stats (ephemeral)"}
{"level":"debug","mysis":"test-mysis","error":"context canceled","time":"2026-02-07T16:53:49Z","message":"Ignoring error - mysis was intentionally stopped"}
{"level":"debug","mysis_id":"e0807bf6-3c39-4b5b-ba6b-b0445e11ea92","mysis_name":"test-mysis","stage":"context_memories","memory_count":2,"message_count":0,"content_bytes":542,"reasoning_bytes":0,"role_counts":{"system":1,"user":1},"source_counts":{"system":2},"tool_call_count":0,"time":"2026-02-07T16:53:49Z","message":"Context stats (ephemeral)"}
{"level":"debug","mysis_id":"e0807bf6-3c39-4b5b-ba6b-b0445e11ea92","mysis_name":"test-mysis","stage":"messages_converted","memory_count":2,"message_count":3,"content_bytes":631,"reasoning_bytes":0,"role_counts":{"system":1,"user":1},"source_counts":{"system":2},"tool_call_count":0,"time":"2026-02-07T16:53:49Z","message":"Context stats (ephemeral)"}
{"level":"debug","mysis_id":"e0807bf6-3c39-4b5b-ba6b-b0445e11ea92","mysis_name":"test-mysis","stage":"before_llm_call","memory_count":2,"message_count":3,"content_bytes":631,"reasoning_bytes":0,"role_counts":{"system":1,"user":1},"source_counts":{"system":2},"tool_call_count":0,"time":"2026-02-07T16:53:49Z","message":"Context stats (ephemeral)"}
{"level":"debug","mysis":"test-mysis","error":"context canceled","time":"2026-02-07T16:53:49Z","message":"Ignoring error - mysis was intentionally stopped"}
{"level":"debug","mysis_id":"9950737c-dcd9-425a-bb4d-1d4a2006bc16","mysis_name":"test-mysis","stage":"context_memories","memory_count":2,"message_count":0,"content_bytes":542,"reasoning_bytes":0,"role_counts":{"system":1,"user":1},"source_counts":{"system":2},"tool_call_count":0,"time":"2026-02-07T16:53:49Z","message":"Context stats (ephemeral)"}
{"level":"debug","mysis_id":"9950737c-dcd9-425a-bb4d-1d4a2006bc16","mysis_name":"test-mysis","stage":"messages_converted","memory_count":2,"message_count":3,"content_bytes":631,"reasoning_bytes":0,"role_counts":{"system":1,"user":1},"source_counts":{"system":2},"tool_call_count":0,"time":"2026-02-07T16:53:49Z","message":"Context stats (ephemeral)"}
{"level":"debug","mysis_id":"9950737c-dcd9-425a-bb4d-1d4a2006bc16","mysis_name":"test-mysis","stage":"before_llm_call","memory_count":2,"message_count":3,"content_bytes":631,"reasoning_bytes":0,"role_counts":{"system":1,"user":1},"source_counts":{"system":2},"tool_call_count":0,"time":"2026-02-07T16:53:49Z","message":"Context stats (ephemeral)"}
{"level":"debug","mysis":"test-mysis","error":"context canceled","time":"2026-02-07T16:53:49Z","message":"Ignoring error - mysis was intentionally stopped"}
{"level":"debug","mysis_id":"35e5fa8b-ec37-44b0-950c-9479c9ee366b","mysis_name":"test-mysis","stage":"context_memories","memory_count":2,"message_count":0,"content_bytes":542,"reasoning_bytes":0,"role_counts":{"system":1,"user":1},"source_counts":{"system":2},"tool_call_count":0,"time":"2026-02-07T16:53:49Z","message":"Context stats (ephemeral)"}
{"level":"debug","mysis_id":"35e5fa8b-ec37-44b0-950c-9479c9ee366b","mysis_name":"test-mysis","stage":"messages_converted","memory_count":2,"message_count":3,"content_bytes":631,"reasoning_bytes":0,"role_counts":{"system":1,"user":1},"source_counts":{"system":2},"tool_call_count":0,"time":"2026-02-07T16:53:49Z","message":"Context stats (ephemeral)"}
{"level":"debug","mysis_id":"35e5fa8b-ec37-44b0-950c-9479c9ee366b","mysis_name":"test-mysis","stage":"before_llm_call","memory_count":2,"message_count":3,"content_bytes":631,"reasoning_bytes":0,"role_counts":{"system":1,"user":1},"source_counts":{"system":2},"tool_call_count":0,"time":"2026-02-07T16:53:49Z","message":"Context stats (ephemeral)"}
{"level":"debug","mysis":"test-mysis","error":"context canceled","time":"2026-02-07T16:53:49Z","message":"Ignoring error - mysis was intentionally stopped"}
{"level":"debug","mysis_id":"763e1d76-1ad6-4d51-848b-cd16c6f01b98","mysis_name":"test-mysis","stage":"context_memories","memory_count":2,"message_count":0,"content_bytes":542,"reasoning_bytes":0,"role_counts":{"system":1,"user":1},"source_counts":{"system":2},"tool_call_count":0,"time":"2026-02-07T16:53:49Z","message":"Context stats (ephemeral)"}
{"level":"debug","mysis_id":"763e1d76-1ad6-4d51-848b-cd16c6f01b98","mysis_name":"test-mysis","stage":"messages_converted","memory_count":2,"message_count":3,"content_bytes":631,"reasoning_bytes":0,"role_counts":{"system":1,"user":1},"source_counts":{"system":2},"tool_call_count":0,"time":"2026-02-07T16:53:49Z","message":"Context stats (ephemeral)"}
{"level":"debug","mysis_id":"763e1d76-1ad6-4d51-848b-cd16c6f01b98","mysis_name":"test-mysis","stage":"before_llm_call","memory_count":2,"message_count":3,"content_bytes":631,"reasoning_bytes":0,"role_counts":{"system":1,"user":1},"source_counts":{"system":2},"tool_call_count":0,"time":"2026-02-07T16:53:49Z","message":"Context stats (ephemeral)"}
{"level":"debug","mysis":"test-mysis","error":"context canceled","time":"2026-02-07T16:53:49Z","message":"Ignoring error - mysis was intentionally stopped"}
{"level":"debug","mysis_id":"07bb4c3f-8a72-48f5-a340-9dee08ace307","mysis_name":"test-mysis","stage":"context_memories","memory_count":2,"message_count":0,"content_bytes":542,"reasoning_bytes":0,"role_counts":{"system":1,"user":1},"source_counts":{"system":2},"tool_call_count":0,"time":"2026-02-07T16:53:49Z","message":"Context stats (ephemeral)"}
{"level":"debug","mysis_id":"07bb4c3f-8a72-48f5-a340-9dee08ace307","mysis_name":"test-mysis","stage":"messages_converted","memory_count":2,"message_count":3,"content_bytes":631,"reasoning_bytes":0,"role_counts":{"system":1,"user":1},"source_counts":{"system":2},"tool_call_count":0,"time":"2026-02-07T16:53:49Z","message":"Context stats (ephemeral)"}
{"level":"debug","mysis_id":"07bb4c3f-8a72-48f5-a340-9dee08ace307","mysis_name":"test-mysis","stage":"before_llm_call","memory_count":2,"message_count":3,"content_bytes":631,"reasoning_bytes":0,"role_counts":{"system":1,"user":1},"source_counts":{"system":2},"tool_call_count":0,"time":"2026-02-07T16:53:49Z","message":"Context stats (ephemeral)"}
{"level":"debug","mysis":"test-mysis","error":"context canceled","time":"2026-02-07T16:53:49Z","message":"Ignoring error - mysis was intentionally stopped"}
{"level":"debug","mysis_id":"1c56cc50-483f-4997-8440-3bcaaf3f20c3","mysis_name":"test-mysis","stage":"context_memories","memory_count":2,"message_count":0,"content_bytes":542,"reasoning_bytes":0,"role_counts":{"system":1,"user":1},"source_counts":{"system":2},"tool_call_count":0,"time":"2026-02-07T16:53:49Z","message":"Context stats (ephemeral)"}
{"level":"debug","mysis_id":"1c56cc50-483f-4997-8440-3bcaaf3f20c3","mysis_name":"test-mysis","stage":"messages_converted","memory_count":2,"message_count":3,"content_bytes":631,"reasoning_bytes":0,"role_counts":{"system":1,"user":1},"source_counts":{"system":2},"tool_call_count":0,"time":"2026-02-07T16:53:49Z","message":"Context stats (ephemeral)"}
{"level":"debug","mysis_id":"1c56cc50-483f-4997-8440-3bcaaf3f20c3","mysis_name":"test-mysis","stage":"before_llm_call","memory_count":2,"message_count":3,"content_bytes":631,"reasoning_bytes":0,"role_counts":{"system":1,"user":1},"source_counts":{"system":2},"tool_call_count":0,"time":"2026-02-07T16:53:49Z","message":"Context stats (ephemeral)"}
{"level":"debug","mysis":"test-mysis","error":"context canceled","time":"2026-02-07T16:53:49Z","message":"Ignoring error - mysis was intentionally stopped"}
{"level":"debug","mysis_id":"75cad8e7-77b8-480c-9eba-55020db7a22b","mysis_name":"test-mysis","stage":"context_memories","memory_count":2,"message_count":0,"content_bytes":542,"reasoning_bytes":0,"role_counts":{"system":1,"user":1},"source_counts":{"system":2},"tool_call_count":0,"time":"2026-02-07T16:53:49Z","message":"Context stats (ephemeral)"}
{"level":"debug","mysis_id":"75cad8e7-77b8-480c-9eba-55020db7a22b","mysis_name":"test-mysis","stage":"messages_converted","memory_count":2,"message_count":3,"content_bytes":631,"reasoning_bytes":0,"role_counts":{"system":1,"user":1},"source_counts":{"system":2},"tool_call_count":0,"time":"2026-02-07T16:53:49Z","message":"Context stats (ephemeral)"}
{"level":"debug","mysis_id":"75cad8e7-77b8-480c-9eba-55020db7a22b","mysis_name":"test-mysis","stage":"before_llm_call","memory_count":2,"message_count":3,"content_bytes":631,"reasoning_bytes":0,"role_counts":{"system":1,"user":1},"source_counts":{"system":2},"tool_call_count":0,"time":"2026-02-07T16:53:49Z","message":"Context stats (ephemeral)"}
{"level":"debug","mysis":"test-mysis","error":"context canceled","time":"2026-02-07T16:53:49Z","message":"Ignoring error - mysis was intentionally stopped"}
{"level":"debug","mysis_id":"6abf1214-ef53-46e5-a589-6aa0ba8b73d1","mysis_name":"test-mysis","stage":"context_memories","memory_count":2,"message_count":0,"content_bytes":542,"reasoning_bytes":0,"role_counts":{"system":1,"user":1},"source_counts":{"system":2},"tool_call_count":0,"time":"2026-02-07T16:53:49Z","message":"Context stats (ephemeral)"}
{"level":"debug","mysis_id":"6abf1214-ef53-46e5-a589-6aa0ba8b73d1","mysis_name":"test-mysis","stage":"messages_converted","memory_count":2,"message_count":3,"content_bytes":631,"reasoning_bytes":0,"role_counts":{"system":1,"user":1},"source_counts":{"system":2},"tool_call_count":0,"time":"2026-02-07T16:53:49Z","message":"Context stats (ephemeral)"}
{"level":"debug","mysis_id":"6abf1214-ef53-46e5-a589-6aa0ba8b73d1","mysis_name":"test-mysis","stage":"before_llm_call","memory_count":2,"message_count":3,"content_bytes":631,"reasoning_bytes":0,"role_counts":{"system":1,"user":1},"source_counts":{"system":2},"tool_call_count":0,"time":"2026-02-07T16:53:49Z","message":"Context stats (ephemeral)"}
{"level":"debug","mysis":"test-mysis","error":"context canceled","time":"2026-02-07T16:53:49Z","message":"Ignoring error - mysis was intentionally stopped"}
{"level":"debug","mysis_id":"c6718d4e-6035-4830-94fa-c425c2019c3d","mysis_name":"test-mysis","stage":"context_memories","memory_count":2,"message_count":0,"content_bytes":542,"reasoning_bytes":0,"role_counts":{"system":1,"user":1},"source_counts":{"system":2},"tool_call_count":0,"time":"2026-02-07T16:53:49Z","message":"Context stats (ephemeral)"}
{"level":"debug","mysis_id":"c6718d4e-6035-4830-94fa-c425c2019c3d","mysis_name":"test-mysis","stage":"messages_converted","memory_count":2,"message_count":3,"content_bytes":631,"reasoning_bytes":0,"role_counts":{"system":1,"user":1},"source_counts":{"system":2},"tool_call_count":0,"time":"2026-02-07T16:53:49Z","message":"Context stats (ephemeral)"}
{"level":"debug","mysis_id":"c6718d4e-6035-4830-94fa-c425c2019c3d","mysis_name":"test-mysis","stage":"before_llm_call","memory_count":2,"message_count":3,"content_bytes":631,"reasoning_bytes":0,"role_counts":{"system":1,"user":1},"source_counts":{"system":2},"tool_call_count":0,"time":"2026-02-07T16:53:49Z","message":"Context stats (ephemeral)"}
{"level":"debug","mysis":"test-mysis","error":"context canceled","time":"2026-02-07T16:53:49Z","message":"Ignoring error - mysis was intentionally stopped"}
{"level":"debug","mysis_id":"67ebc1f7-8776-479d-bb9e-639f70012f54","mysis_name":"test-mysis","stage":"context_memories","memory_count":2,"message_count":0,"content_bytes":542,"reasoning_bytes":0,"role_counts":{"system":1,"user":1},"source_counts":{"system":2},"tool_call_count":0,"time":"2026-02-07T16:53:49Z","message":"Context stats (ephemeral)"}
{"level":"debug","mysis_id":"67ebc1f7-8776-479d-bb9e-639f70012f54","mysis_name":"test-mysis","stage":"messages_converted","memory_count":2,"message_count":3,"content_bytes":631,"reasoning_bytes":0,"role_counts":{"system":1,"user":1},"source_counts":{"system":2},"tool_call_count":0,"time":"2026-02-07T16:53:49Z","message":"Context stats (ephemeral)"}
{"level":"debug","mysis_id":"67ebc1f7-8776-479d-bb9e-639f70012f54","mysis_name":"test-mysis","stage":"before_llm_call","memory_count":2,"message_count":3,"content_bytes":631,"reasoning_bytes":0,"role_counts":{"system":1,"user":1},"source_counts":{"system":2},"tool_call_count":0,"time":"2026-02-07T16:53:49Z","message":"Context stats (ephemeral)"}
{"level":"debug","mysis":"test-mysis","error":"context canceled","time":"2026-02-07T16:53:49Z","message":"Ignoring error - mysis was intentionally stopped"}
{"level":"debug","mysis_id":"3fef688c-f10e-4ccd-95f3-0e157db21c47","mysis_name":"test-mysis","stage":"context_memories","memory_count":2,"message_count":0,"content_bytes":542,"reasoning_bytes":0,"role_counts":{"system":1,"user":1},"source_counts":{"system":2},"tool_call_count":0,"time":"2026-02-07T16:53:49Z","message":"Context stats (ephemeral)"}
{"level":"debug","mysis_id":"3fef688c-f10e-4ccd-95f3-0e157db21c47","mysis_name":"test-mysis","stage":"messages_converted","memory_count":2,"message_count":3,"content_bytes":631,"reasoning_bytes":0,"role_counts":{"system":1,"user":1},"source_counts":{"system":2},"tool_call_count":0,"time":"2026-02-07T16:53:49Z","message":"Context stats (ephemeral)"}
{"level":"debug","mysis_id":"3fef688c-f10e-4ccd-95f3-0e157db21c47","mysis_name":"test-mysis","stage":"before_llm_call","memory_count":2,"message_count":3,"content_bytes":631,"reasoning_bytes":0,"role_counts":{"system":1,"user":1},"source_counts":{"system":2},"tool_call_count":0,"time":"2026-02-07T16:53:49Z","message":"Context stats (ephemeral)"}
{"level":"debug","mysis":"test-mysis","error":"context canceled","time":"2026-02-07T16:53:49Z","message":"Ignoring error - mysis was intentionally stopped"}
{"level":"debug","mysis_id":"8c582a95-771f-40ee-9010-596d86d7c531","mysis_name":"test-mysis","stage":"context_memories","memory_count":2,"message_count":0,"content_bytes":542,"reasoning_bytes":0,"role_counts":{"system":1,"user":1},"source_counts":{"system":2},"tool_call_count":0,"time":"2026-02-07T16:53:49Z","message":"Context stats (ephemeral)"}
{"level":"debug","mysis_id":"8c582a95-771f-40ee-9010-596d86d7c531","mysis_name":"test-mysis","stage":"messages_converted","memory_count":2,"message_count":3,"content_bytes":631,"reasoning_bytes":0,"role_counts":{"system":1,"user":1},"source_counts":{"system":2},"tool_call_count":0,"time":"2026-02-07T16:53:49Z","message":"Context stats (ephemeral)"}
{"level":"debug","mysis_id":"8c582a95-771f-40ee-9010-596d86d7c531","mysis_name":"test-mysis","stage":"before_llm_call","memory_count":2,"message_count":3,"content_bytes":631,"reasoning_bytes":0,"role_counts":{"system":1,"user":1},"source_counts":{"system":2},"tool_call_count":0,"time":"2026-02-07T16:53:49Z","message":"Context stats (ephemeral)"}
{"level":"debug","mysis":"test-mysis","error":"context canceled","time":"2026-02-07T16:53:49Z","message":"Ignoring error - mysis was intentionally stopped"}
{"level":"debug","mysis_id":"d5749df2-aa4d-4d60-aff0-ebb7ae95a98d","mysis_name":"test-mysis","stage":"context_memories","memory_count":2,"message_count":0,"content_bytes":542,"reasoning_bytes":0,"role_counts":{"system":1,"user":1},"source_counts":{"system":2},"tool_call_count":0,"time":"2026-02-07T16:53:49Z","message":"Context stats (ephemeral)"}
{"level":"debug","mysis_id":"d5749df2-aa4d-4d60-aff0-ebb7ae95a98d","mysis_name":"test-mysis","stage":"messages_converted","memory_count":2,"message_count":3,"content_bytes":631,"reasoning_bytes":0,"role_counts":{"system":1,"user":1},"source_counts":{"system":2},"tool_call_count":0,"time":"2026-02-07T16:53:49Z","message":"Context stats (ephemeral)"}
{"level":"debug","mysis_id":"d5749df2-aa4d-4d60-aff0-ebb7ae95a98d","mysis_name":"test-mysis","stage":"before_llm_call","memory_count":2,"message_count":3,"content_bytes":631,"reasoning_bytes":0,"role_counts":{"system":1,"user":1},"source_counts":{"system":2},"tool_call_count":0,"time":"2026-02-07T16:53:49Z","message":"Context stats (ephemeral)"}
{"level":"debug","mysis":"test-mysis","error":"context canceled","time":"2026-02-07T16:53:49Z","message":"Ignoring error - mysis was intentionally stopped"}
{"level":"debug","mysis_id":"987d2c99-3df6-45f3-9fbb-346f2a05e282","mysis_name":"test-mysis","stage":"context_memories","memory_count":2,"message_count":0,"content_bytes":542,"reasoning_bytes":0,"role_counts":{"system":1,"user":1},"source_counts":{"system":2},"tool_call_count":0,"time":"2026-02-07T16:53:49Z","message":"Context stats (ephemeral)"}
{"level":"debug","mysis_id":"987d2c99-3df6-45f3-9fbb-346f2a05e282","mysis_name":"test-mysis","stage":"messages_converted","memory_count":2,"message_count":3,"content_bytes":631,"reasoning_bytes":0,"role_counts":{"system":1,"user":1},"source_counts":{"system":2},"tool_call_count":0,"time":"2026-02-07T16:53:49Z","message":"Context stats (ephemeral)"}
{"level":"debug","mysis_id":"987d2c99-3df6-45f3-9fbb-346f2a05e282","mysis_name":"test-mysis","stage":"before_llm_call","memory_count":2,"message_count":3,"content_bytes":631,"reasoning_bytes":0,"role_counts":{"system":1,"user":1},"source_counts":{"system":2},"tool_call_count":0,"time":"2026-02-07T16:53:49Z","message":"Context stats (ephemeral)"}
{"level":"debug","mysis":"test-mysis","error":"context canceled","time":"2026-02-07T16:53:49Z","message":"Ignoring error - mysis was intentionally stopped"}
{"level":"debug","mysis_id":"fd4717f3-a9af-4630-97ec-1f9d24e5f365","mysis_name":"test-mysis","stage":"context_memories","memory_count":2,"message_count":0,"content_bytes":542,"reasoning_bytes":0,"role_counts":{"system":1,"user":1},"source_counts":{"system":2},"tool_call_count":0,"time":"2026-02-07T16:53:49Z","message":"Context stats (ephemeral)"}
{"level":"debug","mysis_id":"fd4717f3-a9af-4630-97ec-1f9d24e5f365","mysis_name":"test-mysis","stage":"messages_converted","memory_count":2,"message_count":3,"content_bytes":631,"reasoning_bytes":0,"role_counts":{"system":1,"user":1},"source_counts":{"system":2},"tool_call_count":0,"time":"2026-02-07T16:53:49Z","message":"Context stats (ephemeral)"}
{"level":"debug","mysis_id":"fd4717f3-a9af-4630-97ec-1f9d24e5f365","mysis_name":"test-mysis","stage":"before_llm_call","memory_count":2,"message_count":3,"content_bytes":631,"reasoning_bytes":0,"role_counts":{"system":1,"user":1},"source_counts":{"system":2},"tool_call_count":0,"time":"2026-02-07T16:53:49Z","message":"Context stats (ephemeral)"}
{"level":"debug","mysis":"test-mysis","error":"context canceled","time":"2026-02-07T16:53:49Z","message":"Ignoring error - mysis was intentionally stopped"}
{"level":"debug","mysis_id":"272b5a0d-81e9-4336-8b50-17560edad4a2","mysis_name":"test-mysis","stage":"context_memories","memory_count":2,"message_count":0,"content_bytes":542,"reasoning_bytes":0,"role_counts":{"system":1,"user":1},"source_counts":{"system":2},"tool_call_count":0,"time":"2026-02-07T16:53:49Z","message":"Context stats (ephemeral)"}
{"level":"debug","mysis_id":"272b5a0d-81e9-4336-8b50-17560edad4a2","mysis_name":"test-mysis","stage":"messages_converted","memory_count":2,"message_count":3,"content_bytes":631,"reasoning_bytes":0,"role_counts":{"system":1,"user":1},"source_counts":{"system":2},"tool_call_count":0,"time":"2026-02-07T16:53:49Z","message":"Context stats (ephemeral)"}
{"level":"debug","mysis_id":"272b5a0d-81e9-4336-8b50-17560edad4a2","mysis_name":"test-mysis","stage":"before_llm_call","memory_count":2,"message_count":3,"content_bytes":631,"reasoning_bytes":0,"role_counts":{"system":1,"user":1},"source_counts":{"system":2},"tool_call_count":0,"time":"2026-02-07T16:53:49Z","message":"Context stats (ephemeral)"}
{"level":"debug","mysis":"test-mysis","error":"context canceled","time":"2026-02-07T16:53:49Z","message":"Ignoring error - mysis was intentionally stopped"}
{"level":"debug","mysis_id":"a9339d2c-f098-4d35-b050-1bdd97e74b88","mysis_name":"test-mysis","stage":"context_memories","memory_count":2,"message_count":0,"content_bytes":542,"reasoning_bytes":0,"role_counts":{"system":1,"user":1},"source_counts":{"system":2},"tool_call_count":0,"time":"2026-02-07T16:53:49Z","message":"Context stats (ephemeral)"}
{"level":"debug","mysis_id":"a9339d2c-f098-4d35-b050-1bdd97e74b88","mysis_name":"test-mysis","stage":"messages_converted","memory_count":2,"message_count":3,"content_bytes":631,"reasoning_bytes":0,"role_counts":{"system":1,"user":1},"source_counts":{"system":2},"tool_call_count":0,"time":"2026-02-07T16:53:49Z","message":"Context stats (ephemeral)"}
{"level":"debug","mysis_id":"a9339d2c-f098-4d35-b050-1bdd97e74b88","mysis_name":"test-mysis","stage":"before_llm_call","memory_count":2,"message_count":3,"content_bytes":631,"reasoning_bytes":0,"role_counts":{"system":1,"user":1},"source_counts":{"system":2},"tool_call_count":0,"time":"2026-02-07T16:53:49Z","message":"Context stats (ephemeral)"}
{"level":"debug","mysis":"test-mysis","error":"context canceled","time":"2026-02-07T16:53:49Z","message":"Ignoring error - mysis was intentionally stopped"}
{"level":"debug","mysis_id":"b829c9d8-b90f-443b-958a-ab1ad37aeaab","mysis_name":"test-mysis","stage":"context_memories","memory_count":2,"message_count":0,"content_bytes":542,"reasoning_bytes":0,"role_counts":{"system":1,"user":1},"source_counts":{"system":2},"tool_call_count":0,"time":"2026-02-07T16:53:49Z","message":"Context stats (ephemeral)"}
{"level":"debug","mysis_id":"b829c9d8-b90f-443b-958a-ab1ad37aeaab","mysis_name":"test-mysis","stage":"messages_converted","memory_count":2,"message_count":3,"content_bytes":631,"reasoning_bytes":0,"role_counts":{"system":1,"user":1},"source_counts":{"system":2},"tool_call_count":0,"time":"2026-02-07T16:53:49Z","message":"Context stats (ephemeral)"}
{"level":"debug","mysis_id":"b829c9d8-b90f-443b-958a-ab1ad37aeaab","mysis_name":"test-mysis","stage":"before_llm_call","memory_count":2,"message_count":3,"content_bytes":631,"reasoning_bytes":0,"role_counts":{"system":1,"user":1},"source_counts":{"system":2},"tool_call_count":0,"time":"2026-02-07T16:53:49Z","message":"Context stats (ephemeral)"}
{"level":"debug","mysis":"test-mysis","error":"context canceled","time":"2026-02-07T16:53:49Z","message":"Ignoring error - mysis was intentionally stopped"}
{"level":"debug","mysis_id":"9893f354-e0c0-4809-8342-b1ffde8036ca","mysis_name":"test-mysis","stage":"context_memories","memory_count":2,"message_count":0,"content_bytes":542,"reasoning_bytes":0,"role_counts":{"system":1,"user":1},"source_counts":{"system":2},"tool_call_count":0,"time":"2026-02-07T16:53:49Z","message":"Context stats (ephemeral)"}
{"level":"debug","mysis_id":"9893f354-e0c0-4809-8342-b1ffde8036ca","mysis_name":"test-mysis","stage":"messages_converted","memory_count":2,"message_count":3,"content_bytes":631,"reasoning_bytes":0,"role_counts":{"system":1,"user":1},"source_counts":{"system":2},"tool_call_count":0,"time":"2026-02-07T16:53:49Z","message":"Context stats (ephemeral)"}
{"level":"debug","mysis_id":"9893f354-e0c0-4809-8342-b1ffde8036ca","mysis_name":"test-mysis","stage":"before_llm_call","memory_count":2,"message_count":3,"content_bytes":631,"reasoning_bytes":0,"role_counts":{"system":1,"user":1},"source_counts":{"system":2},"tool_call_count":0,"time":"2026-02-07T16:53:49Z","message":"Context stats (ephemeral)"}
{"level":"debug","mysis":"test-mysis","error":"context canceled","time":"2026-02-07T16:53:49Z","message":"Ignoring error - mysis was intentionally stopped"}
{"level":"debug","mysis_id":"5881affe-93d7-49fa-8281-577c2207b53b","mysis_name":"test-mysis","stage":"context_memories","memory_count":2,"message_count":0,"content_bytes":542,"reasoning_bytes":0,"role_counts":{"system":1,"user":1},"source_counts":{"system":2},"tool_call_count":0,"time":"2026-02-07T16:53:49Z","message":"Context stats (ephemeral)"}
{"level":"debug","mysis_id":"5881affe-93d7-49fa-8281-577c2207b53b","mysis_name":"test-mysis","stage":"messages_converted","memory_count":2,"message_count":3,"content_bytes":631,"reasoning_bytes":0,"role_counts":{"system":1,"user":1},"source_counts":{"system":2},"tool_call_count":0,"time":"2026-02-07T16:53:49Z","message":"Context stats (ephemeral)"}
{"level":"debug","mysis_id":"5881affe-93d7-49fa-8281-577c2207b53b","mysis_name":"test-mysis","stage":"before_llm_call","memory_count":2,"message_count":3,"content_bytes":631,"reasoning_bytes":0,"role_counts":{"system":1,"user":1},"source_counts":{"system":2},"tool_call_count":0,"time":"2026-02-07T16:53:49Z","message":"Context stats (ephemeral)"}
{"level":"debug","mysis":"test-mysis","error":"context canceled","time":"2026-02-07T16:53:49Z","message":"Ignoring error - mysis was intentionally stopped"}
{"level":"debug","mysis_id":"68511d1b-b4f5-4e15-a933-dec63eb452b1","mysis_name":"test-mysis","stage":"context_memories","memory_count":2,"message_count":0,"content_bytes":542,"reasoning_bytes":0,"role_counts":{"system":1,"user":1},"source_counts":{"system":2},"tool_call_count":0,"time":"2026-02-07T16:53:49Z","message":"Context stats (ephemeral)"}
{"level":"debug","mysis_id":"68511d1b-b4f5-4e15-a933-dec63eb452b1","mysis_name":"test-mysis","stage":"messages_converted","memory_count":2,"message_count":3,"content_bytes":631,"reasoning_bytes":0,"role_counts":{"system":1,"user":1},"source_counts":{"system":2},"tool_call_count":0,"time":"2026-02-07T16:53:49Z","message":"Context stats (ephemeral)"}
{"level":"debug","mysis_id":"68511d1b-b4f5-4e15-a933-dec63eb452b1","mysis_name":"test-mysis","stage":"before_llm_call","memory_count":2,"message_count":3,"content_bytes":631,"reasoning_bytes":0,"role_counts":{"system":1,"user":1},"source_counts":{"system":2},"tool_call_count":0,"time":"2026-02-07T16:53:49Z","message":"Context stats (ephemeral)"}
{"level":"debug","mysis":"test-mysis","error":"context canceled","time":"2026-02-07T16:53:49Z","message":"Ignoring error - mysis was intentionally stopped"}
{"level":"debug","mysis_id":"eb09d0e1-11df-46ad-b2bc-7c30c1fa9bfc","mysis_name":"test-mysis","stage":"context_memories","memory_count":2,"message_count":0,"content_bytes":542,"reasoning_bytes":0,"role_counts":{"system":1,"user":1},"source_counts":{"system":2},"tool_call_count":0,"time":"2026-02-07T16:53:49Z","message":"Context stats (ephemeral)"}
{"level":"debug","mysis_id":"eb09d0e1-11df-46ad-b2bc-7c30c1fa9bfc","mysis_name":"test-mysis","stage":"messages_converted","memory_count":2,"message_count":3,"content_bytes":631,"reasoning_bytes":0,"role_counts":{"system":1,"user":1},"source_counts":{"system":2},"tool_call_count":0,"time":"2026-02-07T16:53:49Z","message":"Context stats (ephemeral)"}
{"level":"debug","mysis_id":"eb09d0e1-11df-46ad-b2bc-7c30c1fa9bfc","mysis_name":"test-mysis","stage":"before_llm_call","memory_count":2,"message_count":3,"content_bytes":631,"reasoning_bytes":0,"role_counts":{"system":1,"user":1},"source_counts":{"system":2},"tool_call_count":0,"time":"2026-02-07T16:53:49Z","message":"Context stats (ephemeral)"}
{"level":"debug","mysis":"test-mysis","error":"context canceled","time":"2026-02-07T16:53:49Z","message":"Ignoring error - mysis was intentionally stopped"}
{"level":"debug","mysis_id":"ed861f72-dba3-4e8a-bbba-7a938e15c866","mysis_name":"test-mysis","stage":"context_memories","memory_count":2,"message_count":0,"content_bytes":542,"reasoning_bytes":0,"role_counts":{"system":1,"user":1},"source_counts":{"system":2},"tool_call_count":0,"time":"2026-02-07T16:53:49Z","message":"Context stats (ephemeral)"}
{"level":"debug","mysis_id":"ed861f72-dba3-4e8a-bbba-7a938e15c866","mysis_name":"test-mysis","stage":"messages_converted","memory_count":2,"message_count":3,"content_bytes":631,"reasoning_bytes":0,"role_counts":{"system":1,"user":1},"source_counts":{"system":2},"tool_call_count":0,"time":"2026-02-07T16:53:49Z","message":"Context stats (ephemeral)"}
{"level":"debug","mysis_id":"ed861f72-dba3-4e8a-bbba-7a938e15c866","mysis_name":"test-mysis","stage":"before_llm_call","memory_count":2,"message_count":3,"content_bytes":631,"reasoning_bytes":0,"role_counts":{"system":1,"user":1},"source_counts":{"system":2},"tool_call_count":0,"time":"2026-02-07T16:53:49Z","message":"Context stats (ephemeral)"}
{"level":"debug","mysis":"test-mysis","error":"context canceled","time":"2026-02-07T16:53:49Z","message":"Ignoring error - mysis was intentionally stopped"}
{"level":"debug","mysis_id":"82aac0e7-6af1-4c7d-be79-c880cbce12a7","mysis_name":"test-mysis","stage":"context_memories","memory_count":2,"message_count":0,"content_bytes":542,"reasoning_bytes":0,"role_counts":{"system":1,"user":1},"source_counts":{"system":2},"tool_call_count":0,"time":"2026-02-07T16:53:49Z","message":"Context stats (ephemeral)"}
{"level":"debug","mysis_id":"82aac0e7-6af1-4c7d-be79-c880cbce12a7","mysis_name":"test-mysis","stage":"messages_converted","memory_count":2,"message_count":3,"content_bytes":631,"reasoning_bytes":0,"role_counts":{"system":1,"user":1},"source_counts":{"system":2},"tool_call_count":0,"time":"2026-02-07T16:53:49Z","message":"Context stats (ephemeral)"}
{"level":"debug","mysis_id":"82aac0e7-6af1-4c7d-be79-c880cbce12a7","mysis_name":"test-mysis","stage":"before_llm_call","memory_count":2,"message_count":3,"content_bytes":631,"reasoning_bytes":0,"role_counts":{"system":1,"user":1},"source_counts":{"system":2},"tool_call_count":0,"time":"2026-02-07T16:53:49Z","message":"Context stats (ephemeral)"}
{"level":"debug","mysis":"test-mysis","error":"context canceled","time":"2026-02-07T16:53:49Z","message":"Ignoring error - mysis was intentionally stopped"}
{"level":"debug","mysis_id":"ffbdad8b-7895-4920-8491-36df23fe1da6","mysis_name":"test-mysis","stage":"context_memories","memory_count":2,"message_count":0,"content_bytes":542,"reasoning_bytes":0,"role_counts":{"system":1,"user":1},"source_counts":{"system":2},"tool_call_count":0,"time":"2026-02-07T16:53:49Z","message":"Context stats (ephemeral)"}
{"level":"debug","mysis_id":"ffbdad8b-7895-4920-8491-36df23fe1da6","mysis_name":"test-mysis","stage":"messages_converted","memory_count":2,"message_count":3,"content_bytes":631,"reasoning_bytes":0,"role_counts":{"system":1,"user":1},"source_counts":{"system":2},"tool_call_count":0,"time":"2026-02-07T16:53:49Z","message":"Context stats (ephemeral)"}
{"level":"debug","mysis_id":"ffbdad8b-7895-4920-8491-36df23fe1da6","mysis_name":"test-mysis","stage":"before_llm_call","memory_count":2,"message_count":3,"content_bytes":631,"reasoning_bytes":0,"role_counts":{"system":1,"user":1},"source_counts":{"system":2},"tool_call_count":0,"time":"2026-02-07T16:53:49Z","message":"Context stats (ephemeral)"}
{"level":"debug","mysis":"test-mysis","error":"context canceled","time":"2026-02-07T16:53:49Z","message":"Ignoring error - mysis was intentionally stopped"}
{"level":"debug","mysis_id":"4fe917ce-6e6f-4d53-ba17-2d533812e87e","mysis_name":"test-mysis","stage":"context_memories","memory_count":2,"message_count":0,"content_bytes":542,"reasoning_bytes":0,"role_counts":{"system":1,"user":1},"source_counts":{"system":2},"tool_call_count":0,"time":"2026-02-07T16:53:49Z","message":"Context stats (ephemeral)"}
{"level":"debug","mysis_id":"4fe917ce-6e6f-4d53-ba17-2d533812e87e","mysis_name":"test-mysis","stage":"messages_converted","memory_count":2,"message_count":3,"content_bytes":631,"reasoning_bytes":0,"role_counts":{"system":1,"user":1},"source_counts":{"system":2},"tool_call_count":0,"time":"2026-02-07T16:53:49Z","message":"Context stats (ephemeral)"}
{"level":"debug","mysis_id":"4fe917ce-6e6f-4d53-ba17-2d533812e87e","mysis_name":"test-mysis","stage":"before_llm_call","memory_count":2,"message_count":3,"content_bytes":631,"reasoning_bytes":0,"role_counts":{"system":1,"user":1},"source_counts":{"system":2},"tool_call_count":0,"time":"2026-02-07T16:53:49Z","message":"Context stats (ephemeral)"}
{"level":"debug","mysis":"test-mysis","error":"context canceled","time":"2026-02-07T16:53:49Z","message":"Ignoring error - mysis was intentionally stopped"}
{"level":"debug","mysis_id":"aac17e85-8fab-47d4-a9f0-f28a3a74181c","mysis_name":"test-mysis","stage":"context_memories","memory_count":2,"message_count":0,"content_bytes":542,"reasoning_bytes":0,"role_counts":{"system":1,"user":1},"source_counts":{"system":2},"tool_call_count":0,"time":"2026-02-07T16:53:49Z","message":"Context stats (ephemeral)"}
{"level":"debug","mysis_id":"aac17e85-8fab-47d4-a9f0-f28a3a74181c","mysis_name":"test-mysis","stage":"messages_converted","memory_count":2,"message_count":3,"content_bytes":631,"reasoning_bytes":0,"role_counts":{"system":1,"user":1},"source_counts":{"system":2},"tool_call_count":0,"time":"2026-02-07T16:53:49Z","message":"Context stats (ephemeral)"}
{"level":"debug","mysis_id":"aac17e85-8fab-47d4-a9f0-f28a3a74181c","mysis_name":"test-mysis","stage":"before_llm_call","memory_count":2,"message_count":3,"content_bytes":631,"reasoning_bytes":0,"role_counts":{"system":1,"user":1},"source_counts":{"system":2},"tool_call_count":0,"time":"2026-02-07T16:53:49Z","message":"Context stats (ephemeral)"}
{"level":"debug","mysis":"test-mysis","error":"context canceled","time":"2026-02-07T16:53:49Z","message":"Ignoring error - mysis was intentionally stopped"}
{"level":"debug","mysis_id":"444b3d02-a3f6-4891-a581-b1e45dfd374a","mysis_name":"test-mysis","stage":"context_memories","memory_count":2,"message_count":0,"content_bytes":542,"reasoning_bytes":0,"role_counts":{"system":1,"user":1},"source_counts":{"system":2},"tool_call_count":0,"time":"2026-02-07T16:53:49Z","message":"Context stats (ephemeral)"}
{"level":"debug","mysis_id":"444b3d02-a3f6-4891-a581-b1e45dfd374a","mysis_name":"test-mysis","stage":"messages_converted","memory_count":2,"message_count":3,"content_bytes":631,"reasoning_bytes":0,"role_counts":{"system":1,"user":1},"source_counts":{"system":2},"tool_call_count":0,"time":"2026-02-07T16:53:49Z","message":"Context stats (ephemeral)"}
{"level":"debug","mysis_id":"444b3d02-a3f6-4891-a581-b1e45dfd374a","mysis_name":"test-mysis","stage":"before_llm_call","memory_count":2,"message_count":3,"content_bytes":631,"reasoning_bytes":0,"role_counts":{"system":1,"user":1},"source_counts":{"system":2},"tool_call_count":0,"time":"2026-02-07T16:53:49Z","message":"Context stats (ephemeral)"}
{"level":"debug","mysis":"test-mysis","error":"context canceled","time":"2026-02-07T16:53:49Z","message":"Ignoring error - mysis was intentionally stopped"}
{"level":"debug","mysis_id":"266e4cbb-6704-468d-a115-7ee2015d0302","mysis_name":"test-mysis","stage":"context_memories","memory_count":2,"message_count":0,"content_bytes":542,"reasoning_bytes":0,"role_counts":{"system":1,"user":1},"source_counts":{"system":2},"tool_call_count":0,"time":"2026-02-07T16:53:49Z","message":"Context stats (ephemeral)"}
{"level":"debug","mysis_id":"266e4cbb-6704-468d-a115-7ee2015d0302","mysis_name":"test-mysis","stage":"messages_converted","memory_count":2,"message_count":3,"content_bytes":631,"reasoning_bytes":0,"role_counts":{"system":1,"user":1},"source_counts":{"system":2},"tool_call_count":0,"time":"2026-02-07T16:53:49Z","message":"Context stats (ephemeral)"}
{"level":"debug","mysis_id":"266e4cbb-6704-468d-a115-7ee2015d0302","mysis_name":"test-mysis","stage":"before_llm_call","memory_count":2,"message_count":3,"content_bytes":631,"reasoning_bytes":0,"role_counts":{"system":1,"user":1},"source_counts":{"system":2},"tool_call_count":0,"time":"2026-02-07T16:53:49Z","message":"Context stats (ephemeral)"}
{"level":"debug","mysis":"test-mysis","error":"context canceled","time":"2026-02-07T16:53:49Z","message":"Ignoring error - mysis was intentionally stopped"}
{"level":"debug","mysis_id":"64b521f2-844a-4bd7-a223-2397955d4616","mysis_name":"test-mysis","stage":"context_memories","memory_count":2,"message_count":0,"content_bytes":542,"reasoning_bytes":0,"role_counts":{"system":1,"user":1},"source_counts":{"system":2},"tool_call_count":0,"time":"2026-02-07T16:53:49Z","message":"Context stats (ephemeral)"}
{"level":"debug","mysis_id":"64b521f2-844a-4bd7-a223-2397955d4616","mysis_name":"test-mysis","stage":"messages_converted","memory_count":2,"message_count":3,"content_bytes":631,"reasoning_bytes":0,"role_counts":{"system":1,"user":1},"source_counts":{"system":2},"tool_call_count":0,"time":"2026-02-07T16:53:49Z","message":"Context stats (ephemeral)"}
{"level":"debug","mysis_id":"64b521f2-844a-4bd7-a223-2397955d4616","mysis_name":"test-mysis","stage":"before_llm_call","memory_count":2,"message_count":3,"content_bytes":631,"reasoning_bytes":0,"role_counts":{"system":1,"user":1},"source_counts":{"system":2},"tool_call_count":0,"time":"2026-02-07T16:53:49Z","message":"Context stats (ephemeral)"}
{"level":"debug","mysis":"test-mysis","error":"context canceled","time":"2026-02-07T16:53:49Z","message":"Ignoring error - mysis was intentionally stopped"}
{"level":"debug","mysis_id":"9cbb7d8d-c640-4dc3-ae1c-78e8211d9fa4","mysis_name":"test-mysis","stage":"context_memories","memory_count":2,"message_count":0,"content_bytes":542,"reasoning_bytes":0,"role_counts":{"system":1,"user":1},"source_counts":{"system":2},"tool_call_count":0,"time":"2026-02-07T16:53:49Z","message":"Context stats (ephemeral)"}
{"level":"debug","mysis_id":"9cbb7d8d-c640-4dc3-ae1c-78e8211d9fa4","mysis_name":"test-mysis","stage":"messages_converted","memory_count":2,"message_count":3,"content_bytes":631,"reasoning_bytes":0,"role_counts":{"system":1,"user":1},"source_counts":{"system":2},"tool_call_count":0,"time":"2026-02-07T16:53:49Z","message":"Context stats (ephemeral)"}
{"level":"debug","mysis_id":"9cbb7d8d-c640-4dc3-ae1c-78e8211d9fa4","mysis_name":"test-mysis","stage":"before_llm_call","memory_count":2,"message_count":3,"content_bytes":631,"reasoning_bytes":0,"role_counts":{"system":1,"user":1},"source_counts":{"system":2},"tool_call_count":0,"time":"2026-02-07T16:53:49Z","message":"Context stats (ephemeral)"}
{"level":"debug","mysis":"test-mysis","error":"context canceled","time":"2026-02-07T16:53:49Z","message":"Ignoring error - mysis was intentionally stopped"}
{"level":"debug","mysis_id":"df5d239c-d711-4679-a7e2-8874f6f644ca","mysis_name":"test-mysis","stage":"context_memories","memory_count":2,"message_count":0,"content_bytes":542,"reasoning_bytes":0,"role_counts":{"system":1,"user":1},"source_counts":{"system":2},"tool_call_count":0,"time":"2026-02-07T16:53:49Z","message":"Context stats (ephemeral)"}
{"level":"debug","mysis_id":"df5d239c-d711-4679-a7e2-8874f6f644ca","mysis_name":"test-mysis","stage":"messages_converted","memory_count":2,"message_count":3,"content_bytes":631,"reasoning_bytes":0,"role_counts":{"system":1,"user":1},"source_counts":{"system":2},"tool_call_count":0,"time":"2026-02-07T16:53:49Z","message":"Context stats (ephemeral)"}
{"level":"debug","mysis_id":"df5d239c-d711-4679-a7e2-8874f6f644ca","mysis_name":"test-mysis","stage":"before_llm_call","memory_count":2,"message_count":3,"content_bytes":631,"reasoning_bytes":0,"role_counts":{"system":1,"user":1},"source_counts":{"system":2},"tool_call_count":0,"time":"2026-02-07T16:53:49Z","message":"Context stats (ephemeral)"}
{"level":"debug","mysis":"test-mysis","error":"context canceled","time":"2026-02-07T16:53:49Z","message":"Ignoring error - mysis was intentionally stopped"}
{"level":"debug","mysis_id":"c8a7def2-488f-4387-8ffb-36e2e6b63b7a","mysis_name":"test-mysis","stage":"context_memories","memory_count":2,"message_count":0,"content_bytes":542,"reasoning_bytes":0,"role_counts":{"system":1,"user":1},"source_counts":{"system":2},"tool_call_count":0,"time":"2026-02-07T16:53:49Z","message":"Context stats (ephemeral)"}
{"level":"debug","mysis_id":"c8a7def2-488f-4387-8ffb-36e2e6b63b7a","mysis_name":"test-mysis","stage":"messages_converted","memory_count":2,"message_count":3,"content_bytes":631,"reasoning_bytes":0,"role_counts":{"system":1,"user":1},"source_counts":{"system":2},"tool_call_count":0,"time":"2026-02-07T16:53:49Z","message":"Context stats (ephemeral)"}
{"level":"debug","mysis_id":"c8a7def2-488f-4387-8ffb-36e2e6b63b7a","mysis_name":"test-mysis","stage":"before_llm_call","memory_count":2,"message_count":3,"content_bytes":631,"reasoning_bytes":0,"role_counts":{"system":1,"user":1},"source_counts":{"system":2},"tool_call_count":0,"time":"2026-02-07T16:53:49Z","message":"Context stats (ephemeral)"}
{"level":"debug","mysis":"test-mysis","error":"context canceled","time":"2026-02-07T16:53:49Z","message":"Ignoring error - mysis was intentionally stopped"}
{"level":"debug","mysis_id":"eba396f7-aa31-4bd4-8658-af9d2439b6b1","mysis_name":"test-mysis","stage":"context_memories","memory_count":2,"message_count":0,"content_bytes":542,"reasoning_bytes":0,"role_counts":{"system":1,"user":1},"source_counts":{"system":2},"tool_call_count":0,"time":"2026-02-07T16:53:49Z","message":"Context stats (ephemeral)"}
{"level":"debug","mysis_id":"eba396f7-aa31-4bd4-8658-af9d2439b6b1","mysis_name":"test-mysis","stage":"messages_converted","memory_count":2,"message_count":3,"content_bytes":631,"reasoning_bytes":0,"role_counts":{"system":1,"user":1},"source_counts":{"system":2},"tool_call_count":0,"time":"2026-02-07T16:53:49Z","message":"Context stats (ephemeral)"}
{"level":"debug","mysis_id":"eba396f7-aa31-4bd4-8658-af9d2439b6b1","mysis_name":"test-mysis","stage":"before_llm_call","memory_count":2,"message_count":3,"content_bytes":631,"reasoning_bytes":0,"role_counts":{"system":1,"user":1},"source_counts":{"system":2},"tool_call_count":0,"time":"2026-02-07T16:53:49Z","message":"Context stats (ephemeral)"}
{"level":"debug","mysis":"test-mysis","error":"context canceled","time":"2026-02-07T16:53:49Z","message":"Ignoring error - mysis was intentionally stopped"}
{"level":"debug","mysis_id":"833b07fa-8ade-42c5-97fd-b577de84753c","mysis_name":"test-mysis","stage":"context_memories","memory_count":2,"message_count":0,"content_bytes":542,"reasoning_bytes":0,"role_counts":{"system":1,"user":1},"source_counts":{"system":2},"tool_call_count":0,"time":"2026-02-07T16:53:49Z","message":"Context stats (ephemeral)"}
{"level":"debug","mysis_id":"833b07fa-8ade-42c5-97fd-b577de84753c","mysis_name":"test-mysis","stage":"messages_converted","memory_count":2,"message_count":3,"content_bytes":631,"reasoning_bytes":0,"role_counts":{"system":1,"user":1},"source_counts":{"system":2},"tool_call_count":0,"time":"2026-02-07T16:53:49Z","message":"Context stats (ephemeral)"}
{"level":"debug","mysis_id":"833b07fa-8ade-42c5-97fd-b577de84753c","mysis_name":"test-mysis","stage":"before_llm_call","memory_count":2,"message_count":3,"content_bytes":631,"reasoning_bytes":0,"role_counts":{"system":1,"user":1},"source_counts":{"system":2},"tool_call_count":0,"time":"2026-02-07T16:53:49Z","message":"Context stats (ephemeral)"}
{"level":"debug","mysis":"test-mysis","error":"context canceled","time":"2026-02-07T16:53:49Z","message":"Ignoring error - mysis was intentionally stopped"}
{"level":"debug","mysis_id":"6d098c87-84a8-45ea-ae36-ed9f1528d001","mysis_name":"test-mysis","stage":"context_memories","memory_count":2,"message_count":0,"content_bytes":542,"reasoning_bytes":0,"role_counts":{"system":1,"user":1},"source_counts":{"system":2},"tool_call_count":0,"time":"2026-02-07T16:53:49Z","message":"Context stats (ephemeral)"}
{"level":"debug","mysis_id":"6d098c87-84a8-45ea-ae36-ed9f1528d001","mysis_name":"test-mysis","stage":"messages_converted","memory_count":2,"message_count":3,"content_bytes":631,"reasoning_bytes":0,"role_counts":{"system":1,"user":1},"source_counts":{"system":2},"tool_call_count":0,"time":"2026-02-07T16:53:49Z","message":"Context stats (ephemeral)"}
{"level":"debug","mysis_id":"6d098c87-84a8-45ea-ae36-ed9f1528d001","mysis_name":"test-mysis","stage":"before_llm_call","memory_count":2,"message_count":3,"content_bytes":631,"reasoning_bytes":0,"role_counts":{"system":1,"user":1},"source_counts":{"system":2},"tool_call_count":0,"time":"2026-02-07T16:53:49Z","message":"Context stats (ephemeral)"}
{"level":"debug","mysis":"test-mysis","error":"context canceled","time":"2026-02-07T16:53:49Z","message":"Ignoring error - mysis was intentionally stopped"}
{"level":"debug","mysis_id":"652dc7ba-b49b-4533-b809-2c562299bdbd","mysis_name":"test-mysis","stage":"context_memories","memory_count":2,"message_count":0,"content_bytes":542,"reasoning_bytes":0,"role_counts":{"system":1,"user":1},"source_counts":{"system":2},"tool_call_count":0,"time":"2026-02-07T16:53:49Z","message":"Context stats (ephemeral)"}
{"level":"debug","mysis_id":"652dc7ba-b49b-4533-b809-2c562299bdbd","mysis_name":"test-mysis","stage":"messages_converted","memory_count":2,"message_count":3,"content_bytes":631,"reasoning_bytes":0,"role_counts":{"system":1,"user":1},"source_counts":{"system":2},"tool_call_count":0,"time":"2026-02-07T16:53:49Z","message":"Context stats (ephemeral)"}
{"level":"debug","mysis_id":"652dc7ba-b49b-4533-b809-2c562299bdbd","mysis_name":"test-mysis","stage":"before_llm_call","memory_count":2,"message_count":3,"content_bytes":631,"reasoning_bytes":0,"role_counts":{"system":1,"user":1},"source_counts":{"system":2},"tool_call_count":0,"time":"2026-02-07T16:53:49Z","message":"Context stats (ephemeral)"}
{"level":"debug","mysis":"test-mysis","error":"context canceled","time":"2026-02-07T16:53:49Z","message":"Ignoring error - mysis was intentionally stopped"}
{"level":"debug","mysis_id":"618412e6-2c59-4843-b4e1-8c2d5c2a63b7","mysis_name":"test-mysis","stage":"context_memories","memory_count":2,"message_count":0,"content_bytes":542,"reasoning_bytes":0,"role_counts":{"system":1,"user":1},"source_counts":{"system":2},"tool_call_count":0,"time":"2026-02-07T16:53:49Z","message":"Context stats (ephemeral)"}
{"level":"debug","mysis_id":"618412e6-2c59-4843-b4e1-8c2d5c2a63b7","mysis_name":"test-mysis","stage":"messages_converted","memory_count":2,"message_count":3,"content_bytes":631,"reasoning_bytes":0,"role_counts":{"system":1,"user":1},"source_counts":{"system":2},"tool_call_count":0,"time":"2026-02-07T16:53:49Z","message":"Context stats (ephemeral)"}
{"level":"debug","mysis_id":"618412e6-2c59-4843-b4e1-8c2d5c2a63b7","mysis_name":"test-mysis","stage":"before_llm_call","memory_count":2,"message_count":3,"content_bytes":631,"reasoning_bytes":0,"role_counts":{"system":1,"user":1},"source_counts":{"system":2},"tool_call_count":0,"time":"2026-02-07T16:53:49Z","message":"Context stats (ephemeral)"}
{"level":"debug","mysis":"test-mysis","error":"context canceled","time":"2026-02-07T16:53:49Z","message":"Ignoring error - mysis was intentionally stopped"}
{"level":"debug","mysis_id":"96edfed8-d140-47ab-baa0-0ee850bf7b82","mysis_name":"test-mysis","stage":"context_memories","memory_count":2,"message_count":0,"content_bytes":542,"reasoning_bytes":0,"role_counts":{"system":1,"user":1},"source_counts":{"system":2},"tool_call_count":0,"time":"2026-02-07T16:53:49Z","message":"Context stats (ephemeral)"}
{"level":"debug","mysis_id":"96edfed8-d140-47ab-baa0-0ee850bf7b82","mysis_name":"test-mysis","stage":"messages_converted","memory_count":2,"message_count":3,"content_bytes":631,"reasoning_bytes":0,"role_counts":{"system":1,"user":1},"source_counts":{"system":2},"tool_call_count":0,"time":"2026-02-07T16:53:49Z","message":"Context stats (ephemeral)"}
{"level":"debug","mysis_id":"96edfed8-d140-47ab-baa0-0ee850bf7b82","mysis_name":"test-mysis","stage":"before_llm_call","memory_count":2,"message_count":3,"content_bytes":631,"reasoning_bytes":0,"role_counts":{"system":1,"user":1},"source_counts":{"system":2},"tool_call_count":0,"time":"2026-02-07T16:53:49Z","message":"Context stats (ephemeral)"}
{"level":"debug","mysis":"test-mysis","error":"context canceled","time":"2026-02-07T16:53:49Z","message":"Ignoring error - mysis was intentionally stopped"}
{"level":"debug","mysis_id":"6f95b33e-612f-4f60-891c-62b8bbc8d565","mysis_name":"test-mysis","stage":"context_memories","memory_count":2,"message_count":0,"content_bytes":542,"reasoning_bytes":0,"role_counts":{"system":1,"user":1},"source_counts":{"system":2},"tool_call_count":0,"time":"2026-02-07T16:53:49Z","message":"Context stats (ephemeral)"}
{"level":"debug","mysis_id":"6f95b33e-612f-4f60-891c-62b8bbc8d565","mysis_name":"test-mysis","stage":"messages_converted","memory_count":2,"message_count":3,"content_bytes":631,"reasoning_bytes":0,"role_counts":{"system":1,"user":1},"source_counts":{"system":2},"tool_call_count":0,"time":"2026-02-07T16:53:49Z","message":"Context stats (ephemeral)"}
{"level":"debug","mysis_id":"6f95b33e-612f-4f60-891c-62b8bbc8d565","mysis_name":"test-mysis","stage":"before_llm_call","memory_count":2,"message_count":3,"content_bytes":631,"reasoning_bytes":0,"role_counts":{"system":1,"user":1},"source_counts":{"system":2},"tool_call_count":0,"time":"2026-02-07T16:53:49Z","message":"Context stats (ephemeral)"}
{"level":"debug","mysis":"test-mysis","error":"context canceled","time":"2026-02-07T16:53:49Z","message":"Ignoring error - mysis was intentionally stopped"}
{"level":"debug","mysis_id":"40b82b7f-cc68-4880-9333-218554dbecc6","mysis_name":"test-mysis","stage":"context_memories","memory_count":2,"message_count":0,"content_bytes":542,"reasoning_bytes":0,"role_counts":{"system":1,"user":1},"source_counts":{"system":2},"tool_call_count":0,"time":"2026-02-07T16:53:49Z","message":"Context stats (ephemeral)"}
{"level":"debug","mysis_id":"40b82b7f-cc68-4880-9333-218554dbecc6","mysis_name":"test-mysis","stage":"messages_converted","memory_count":2,"message_count":3,"content_bytes":631,"reasoning_bytes":0,"role_counts":{"system":1,"user":1},"source_counts":{"system":2},"tool_call_count":0,"time":"2026-02-07T16:53:49Z","message":"Context stats (ephemeral)"}
{"level":"debug","mysis_id":"40b82b7f-cc68-4880-9333-218554dbecc6","mysis_name":"test-mysis","stage":"before_llm_call","memory_count":2,"message_count":3,"content_bytes":631,"reasoning_bytes":0,"role_counts":{"system":1,"user":1},"source_counts":{"system":2},"tool_call_count":0,"time":"2026-02-07T16:53:49Z","message":"Context stats (ephemeral)"}
{"level":"debug","mysis":"test-mysis","error":"context canceled","time":"2026-02-07T16:53:49Z","message":"Ignoring error - mysis was intentionally stopped"}
{"level":"debug","mysis_id":"2d5ad0ca-8799-4bc1-88a0-a9180fdb2978","mysis_name":"test-mysis","stage":"context_memories","memory_count":2,"message_count":0,"content_bytes":542,"reasoning_bytes":0,"role_counts":{"system":1,"user":1},"source_counts":{"system":2},"tool_call_count":0,"time":"2026-02-07T16:53:49Z","message":"Context stats (ephemeral)"}
{"level":"debug","mysis_id":"2d5ad0ca-8799-4bc1-88a0-a9180fdb2978","mysis_name":"test-mysis","stage":"messages_converted","memory_count":2,"message_count":3,"content_bytes":631,"reasoning_bytes":0,"role_counts":{"system":1,"user":1},"source_counts":{"system":2},"tool_call_count":0,"time":"2026-02-07T16:53:49Z","message":"Context stats (ephemeral)"}
{"level":"debug","mysis_id":"2d5ad0ca-8799-4bc1-88a0-a9180fdb2978","mysis_name":"test-mysis","stage":"before_llm_call","memory_count":2,"message_count":3,"content_bytes":631,"reasoning_bytes":0,"role_counts":{"system":1,"user":1},"source_counts":{"system":2},"tool_call_count":0,"time":"2026-02-07T16:53:49Z","message":"Context stats (ephemeral)"}
{"level":"debug","mysis":"test-mysis","error":"context canceled","time":"2026-02-07T16:53:49Z","message":"Ignoring error - mysis was intentionally stopped"}
{"level":"debug","mysis_id":"cb15565d-8437-4e81-a73b-460d0621d727","mysis_name":"test-mysis","stage":"context_memories","memory_count":2,"message_count":0,"content_bytes":542,"reasoning_bytes":0,"role_counts":{"system":1,"user":1},"source_counts":{"system":2},"tool_call_count":0,"time":"2026-02-07T16:53:49Z","message":"Context stats (ephemeral)"}
{"level":"debug","mysis_id":"cb15565d-8437-4e81-a73b-460d0621d727","mysis_name":"test-mysis","stage":"messages_converted","memory_count":2,"message_count":3,"content_bytes":631,"reasoning_bytes":0,"role_counts":{"system":1,"user":1},"source_counts":{"system":2},"tool_call_count":0,"time":"2026-02-07T16:53:49Z","message":"Context stats (ephemeral)"}
{"level":"debug","mysis_id":"cb15565d-8437-4e81-a73b-460d0621d727","mysis_name":"test-mysis","stage":"before_llm_call","memory_count":2,"message_count":3,"content_bytes":631,"reasoning_bytes":0,"role_counts":{"system":1,"user":1},"source_counts":{"system":2},"tool_call_count":0,"time":"2026-02-07T16:53:49Z","message":"Context stats (ephemeral)"}
{"level":"debug","mysis":"test-mysis","error":"context canceled","time":"2026-02-07T16:53:49Z","message":"Ignoring error - mysis was intentionally stopped"}
{"level":"debug","mysis_id":"95b80440-92a1-4d81-877c-56db9da703b1","mysis_name":"test-mysis","stage":"context_memories","memory_count":2,"message_count":0,"content_bytes":542,"reasoning_bytes":0,"role_counts":{"system":1,"user":1},"source_counts":{"system":2},"tool_call_count":0,"time":"2026-02-07T16:53:49Z","message":"Context stats (ephemeral)"}
{"level":"debug","mysis_id":"95b80440-92a1-4d81-877c-56db9da703b1","mysis_name":"test-mysis","stage":"messages_converted","memory_count":2,"message_count":3,"content_bytes":631,"reasoning_bytes":0,"role_counts":{"system":1,"user":1},"source_counts":{"system":2},"tool_call_count":0,"time":"2026-02-07T16:53:49Z","message":"Context stats (ephemeral)"}
{"level":"debug","mysis_id":"95b80440-92a1-4d81-877c-56db9da703b1","mysis_name":"test-mysis","stage":"before_llm_call","memory_count":2,"message_count":3,"content_bytes":631,"reasoning_bytes":0,"role_counts":{"system":1,"user":1},"source_counts":{"system":2},"tool_call_count":0,"time":"2026-02-07T16:53:49Z","message":"Context stats (ephemeral)"}
{"level":"debug","mysis":"test-mysis","error":"context canceled","time":"2026-02-07T16:53:49Z","message":"Ignoring error - mysis was intentionally stopped"}
{"level":"debug","mysis_id":"3c65c50d-ef15-445b-9d4a-4909f0467c57","mysis_name":"test-mysis","stage":"context_memories","memory_count":2,"message_count":0,"content_bytes":542,"reasoning_bytes":0,"role_counts":{"system":1,"user":1},"source_counts":{"system":2},"tool_call_count":0,"time":"2026-02-07T16:53:50Z","message":"Context stats (ephemeral)"}
{"level":"debug","mysis_id":"3c65c50d-ef15-445b-9d4a-4909f0467c57","mysis_name":"test-mysis","stage":"messages_converted","memory_count":2,"message_count":3,"content_bytes":631,"reasoning_bytes":0,"role_counts":{"system":1,"user":1},"source_counts":{"system":2},"tool_call_count":0,"time":"2026-02-07T16:53:50Z","message":"Context stats (ephemeral)"}
{"level":"debug","mysis_id":"3c65c50d-ef15-445b-9d4a-4909f0467c57","mysis_name":"test-mysis","stage":"before_llm_call","memory_count":2,"message_count":3,"content_bytes":631,"reasoning_bytes":0,"role_counts":{"system":1,"user":1},"source_counts":{"system":2},"tool_call_count":0,"time":"2026-02-07T16:53:50Z","message":"Context stats (ephemeral)"}
{"level":"debug","mysis":"test-mysis","error":"context canceled","time":"2026-02-07T16:53:50Z","message":"Ignoring error - mysis was intentionally stopped"}
{"level":"debug","mysis_id":"d1bec794-38fa-4293-a2b5-abeb9e9af910","mysis_name":"test-mysis","stage":"context_memories","memory_count":2,"message_count":0,"content_bytes":542,"reasoning_bytes":0,"role_counts":{"system":1,"user":1},"source_counts":{"system":2},"tool_call_count":0,"time":"2026-02-07T16:53:50Z","message":"Context stats (ephemeral)"}
{"level":"debug","mysis_id":"d1bec794-38fa-4293-a2b5-abeb9e9af910","mysis_name":"test-mysis","stage":"messages_converted","memory_count":2,"message_count":3,"content_bytes":631,"reasoning_bytes":0,"role_counts":{"system":1,"user":1},"source_counts":{"system":2},"tool_call_count":0,"time":"2026-02-07T16:53:50Z","message":"Context stats (ephemeral)"}
{"level":"debug","mysis_id":"d1bec794-38fa-4293-a2b5-abeb9e9af910","mysis_name":"test-mysis","stage":"before_llm_call","memory_count":2,"message_count":3,"content_bytes":631,"reasoning_bytes":0,"role_counts":{"system":1,"user":1},"source_counts":{"system":2},"tool_call_count":0,"time":"2026-02-07T16:53:50Z","message":"Context stats (ephemeral)"}
{"level":"debug","mysis":"test-mysis","error":"context canceled","time":"2026-02-07T16:53:50Z","message":"Ignoring error - mysis was intentionally stopped"}
{"level":"debug","mysis_id":"67b0eed1-e334-43d5-997a-f682ca0afed9","mysis_name":"test-mysis","stage":"context_memories","memory_count":2,"message_count":0,"content_bytes":542,"reasoning_bytes":0,"role_counts":{"system":1,"user":1},"source_counts":{"system":2},"tool_call_count":0,"time":"2026-02-07T16:53:50Z","message":"Context stats (ephemeral)"}
{"level":"debug","mysis_id":"67b0eed1-e334-43d5-997a-f682ca0afed9","mysis_name":"test-mysis","stage":"messages_converted","memory_count":2,"message_count":3,"content_bytes":631,"reasoning_bytes":0,"role_counts":{"system":1,"user":1},"source_counts":{"system":2},"tool_call_count":0,"time":"2026-02-07T16:53:50Z","message":"Context stats (ephemeral)"}
{"level":"debug","mysis_id":"67b0eed1-e334-43d5-997a-f682ca0afed9","mysis_name":"test-mysis","stage":"before_llm_call","memory_count":2,"message_count":3,"content_bytes":631,"reasoning_bytes":0,"role_counts":{"system":1,"user":1},"source_counts":{"system":2},"tool_call_count":0,"time":"2026-02-07T16:53:50Z","message":"Context stats (ephemeral)"}
{"level":"debug","mysis":"test-mysis","error":"context canceled","time":"2026-02-07T16:53:50Z","message":"Ignoring error - mysis was intentionally stopped"}
{"level":"debug","mysis_id":"913f91ac-3d64-47f8-9c8f-2288defdf3e1","mysis_name":"test-mysis","stage":"context_memories","memory_count":2,"message_count":0,"content_bytes":542,"reasoning_bytes":0,"role_counts":{"system":1,"user":1},"source_counts":{"system":2},"tool_call_count":0,"time":"2026-02-07T16:53:50Z","message":"Context stats (ephemeral)"}
{"level":"debug","mysis_id":"913f91ac-3d64-47f8-9c8f-2288defdf3e1","mysis_name":"test-mysis","stage":"messages_converted","memory_count":2,"message_count":3,"content_bytes":631,"reasoning_bytes":0,"role_counts":{"system":1,"user":1},"source_counts":{"system":2},"tool_call_count":0,"time":"2026-02-07T16:53:50Z","message":"Context stats (ephemeral)"}
{"level":"debug","mysis_id":"913f91ac-3d64-47f8-9c8f-2288defdf3e1","mysis_name":"test-mysis","stage":"before_llm_call","memory_count":2,"message_count":3,"content_bytes":631,"reasoning_bytes":0,"role_counts":{"system":1,"user":1},"source_counts":{"system":2},"tool_call_count":0,"time":"2026-02-07T16:53:50Z","message":"Context stats (ephemeral)"}
{"level":"debug","mysis":"test-mysis","error":"context canceled","time":"2026-02-07T16:53:50Z","message":"Ignoring error - mysis was intentionally stopped"}
{"level":"debug","mysis_id":"460dcd83-9dcb-4f49-9389-af138c9c8c32","mysis_name":"test-mysis","stage":"context_memories","memory_count":2,"message_count":0,"content_bytes":542,"reasoning_bytes":0,"role_counts":{"system":1,"user":1},"source_counts":{"system":2},"tool_call_count":0,"time":"2026-02-07T16:53:50Z","message":"Context stats (ephemeral)"}
{"level":"debug","mysis_id":"460dcd83-9dcb-4f49-9389-af138c9c8c32","mysis_name":"test-mysis","stage":"messages_converted","memory_count":2,"message_count":3,"content_bytes":631,"reasoning_bytes":0,"role_counts":{"system":1,"user":1},"source_counts":{"system":2},"tool_call_count":0,"time":"2026-02-07T16:53:50Z","message":"Context stats (ephemeral)"}
{"level":"debug","mysis_id":"460dcd83-9dcb-4f49-9389-af138c9c8c32","mysis_name":"test-mysis","stage":"before_llm_call","memory_count":2,"message_count":3,"content_bytes":631,"reasoning_bytes":0,"role_counts":{"system":1,"user":1},"source_counts":{"system":2},"tool_call_count":0,"time":"2026-02-07T16:53:50Z","message":"Context stats (ephemeral)"}
{"level":"debug","mysis":"test-mysis","error":"context canceled","time":"2026-02-07T16:53:50Z","message":"Ignoring error - mysis was intentionally stopped"}
{"level":"debug","mysis_id":"96c22cf5-aa1f-4917-bda5-0c70a1fc1d71","mysis_name":"test-mysis","stage":"context_memories","memory_count":2,"message_count":0,"content_bytes":542,"reasoning_bytes":0,"role_counts":{"system":1,"user":1},"source_counts":{"system":2},"tool_call_count":0,"time":"2026-02-07T16:53:50Z","message":"Context stats (ephemeral)"}
{"level":"debug","mysis_id":"96c22cf5-aa1f-4917-bda5-0c70a1fc1d71","mysis_name":"test-mysis","stage":"messages_converted","memory_count":2,"message_count":3,"content_bytes":631,"reasoning_bytes":0,"role_counts":{"system":1,"user":1},"source_counts":{"system":2},"tool_call_count":0,"time":"2026-02-07T16:53:50Z","message":"Context stats (ephemeral)"}
{"level":"debug","mysis_id":"96c22cf5-aa1f-4917-bda5-0c70a1fc1d71","mysis_name":"test-mysis","stage":"before_llm_call","memory_count":2,"message_count":3,"content_bytes":631,"reasoning_bytes":0,"role_counts":{"system":1,"user":1},"source_counts":{"system":2},"tool_call_count":0,"time":"2026-02-07T16:53:50Z","message":"Context stats (ephemeral)"}
{"level":"debug","mysis":"test-mysis","error":"context canceled","time":"2026-02-07T16:53:50Z","message":"Ignoring error - mysis was intentionally stopped"}
{"level":"debug","mysis_id":"ad7b6030-ba14-47bb-be0d-a18107a1637a","mysis_name":"test-mysis","stage":"context_memories","memory_count":2,"message_count":0,"content_bytes":542,"reasoning_bytes":0,"role_counts":{"system":1,"user":1},"source_counts":{"system":2},"tool_call_count":0,"time":"2026-02-07T16:53:50Z","message":"Context stats (ephemeral)"}
{"level":"debug","mysis_id":"ad7b6030-ba14-47bb-be0d-a18107a1637a","mysis_name":"test-mysis","stage":"messages_converted","memory_count":2,"message_count":3,"content_bytes":631,"reasoning_bytes":0,"role_counts":{"system":1,"user":1},"source_counts":{"system":2},"tool_call_count":0,"time":"2026-02-07T16:53:50Z","message":"Context stats (ephemeral)"}
{"level":"debug","mysis_id":"ad7b6030-ba14-47bb-be0d-a18107a1637a","mysis_name":"test-mysis","stage":"before_llm_call","memory_count":2,"message_count":3,"content_bytes":631,"reasoning_bytes":0,"role_counts":{"system":1,"user":1},"source_counts":{"system":2},"tool_call_count":0,"time":"2026-02-07T16:53:50Z","message":"Context stats (ephemeral)"}
{"level":"debug","mysis":"test-mysis","error":"context canceled","time":"2026-02-07T16:53:50Z","message":"Ignoring error - mysis was intentionally stopped"}
{"level":"debug","mysis_id":"d6ff4bc6-1c34-4612-8d4d-4da3fc82105b","mysis_name":"test-mysis","stage":"context_memories","memory_count":2,"message_count":0,"content_bytes":542,"reasoning_bytes":0,"role_counts":{"system":1,"user":1},"source_counts":{"system":2},"tool_call_count":0,"time":"2026-02-07T16:53:50Z","message":"Context stats (ephemeral)"}
{"level":"debug","mysis_id":"d6ff4bc6-1c34-4612-8d4d-4da3fc82105b","mysis_name":"test-mysis","stage":"messages_converted","memory_count":2,"message_count":3,"content_bytes":631,"reasoning_bytes":0,"role_counts":{"system":1,"user":1},"source_counts":{"system":2},"tool_call_count":0,"time":"2026-02-07T16:53:50Z","message":"Context stats (ephemeral)"}
{"level":"debug","mysis_id":"d6ff4bc6-1c34-4612-8d4d-4da3fc82105b","mysis_name":"test-mysis","stage":"before_llm_call","memory_count":2,"message_count":3,"content_bytes":631,"reasoning_bytes":0,"role_counts":{"system":1,"user":1},"source_counts":{"system":2},"tool_call_count":0,"time":"2026-02-07T16:53:50Z","message":"Context stats (ephemeral)"}
{"level":"debug","mysis":"test-mysis","error":"context canceled","time":"2026-02-07T16:53:50Z","message":"Ignoring error - mysis was intentionally stopped"}
{"level":"debug","mysis_id":"6fff9c81-a2f2-40a3-814b-06961bd209e9","mysis_name":"test-mysis","stage":"context_memories","memory_count":2,"message_count":0,"content_bytes":542,"reasoning_bytes":0,"role_counts":{"system":1,"user":1},"source_counts":{"system":2},"tool_call_count":0,"time":"2026-02-07T16:53:50Z","message":"Context stats (ephemeral)"}
{"level":"debug","mysis_id":"6fff9c81-a2f2-40a3-814b-06961bd209e9","mysis_name":"test-mysis","stage":"messages_converted","memory_count":2,"message_count":3,"content_bytes":631,"reasoning_bytes":0,"role_counts":{"system":1,"user":1},"source_counts":{"system":2},"tool_call_count":0,"time":"2026-02-07T16:53:50Z","message":"Context stats (ephemeral)"}
{"level":"debug","mysis_id":"6fff9c81-a2f2-40a3-814b-06961bd209e9","mysis_name":"test-mysis","stage":"before_llm_call","memory_count":2,"message_count":3,"content_bytes":631,"reasoning_bytes":0,"role_counts":{"system":1,"user":1},"source_counts":{"system":2},"tool_call_count":0,"time":"2026-02-07T16:53:50Z","message":"Context stats (ephemeral)"}
{"level":"debug","mysis":"test-mysis","error":"context canceled","time":"2026-02-07T16:53:50Z","message":"Ignoring error - mysis was intentionally stopped"}
{"level":"debug","mysis_id":"72774ce8-40a1-48a8-b2bf-89d84a8f88e5","mysis_name":"test-mysis","stage":"context_memories","memory_count":2,"message_count":0,"content_bytes":542,"reasoning_bytes":0,"role_counts":{"system":1,"user":1},"source_counts":{"system":2},"tool_call_count":0,"time":"2026-02-07T16:53:50Z","message":"Context stats (ephemeral)"}
{"level":"debug","mysis_id":"72774ce8-40a1-48a8-b2bf-89d84a8f88e5","mysis_name":"test-mysis","stage":"messages_converted","memory_count":2,"message_count":3,"content_bytes":631,"reasoning_bytes":0,"role_counts":{"system":1,"user":1},"source_counts":{"system":2},"tool_call_count":0,"time":"2026-02-07T16:53:50Z","message":"Context stats (ephemeral)"}
{"level":"debug","mysis_id":"72774ce8-40a1-48a8-b2bf-89d84a8f88e5","mysis_name":"test-mysis","stage":"before_llm_call","memory_count":2,"message_count":3,"content_bytes":631,"reasoning_bytes":0,"role_counts":{"system":1,"user":1},"source_counts":{"system":2},"tool_call_count":0,"time":"2026-02-07T16:53:50Z","message":"Context stats (ephemeral)"}
{"level":"debug","mysis":"test-mysis","error":"context canceled","time":"2026-02-07T16:53:50Z","message":"Ignoring error - mysis was intentionally stopped"}
{"level":"debug","mysis_id":"34e0db4d-72b5-4216-a47a-63cd8ef08e7e","mysis_name":"test-mysis","stage":"context_memories","memory_count":2,"message_count":0,"content_bytes":542,"reasoning_bytes":0,"role_counts":{"system":1,"user":1},"source_counts":{"system":2},"tool_call_count":0,"time":"2026-02-07T16:53:50Z","message":"Context stats (ephemeral)"}
{"level":"debug","mysis_id":"34e0db4d-72b5-4216-a47a-63cd8ef08e7e","mysis_name":"test-mysis","stage":"messages_converted","memory_count":2,"message_count":3,"content_bytes":631,"reasoning_bytes":0,"role_counts":{"system":1,"user":1},"source_counts":{"system":2},"tool_call_count":0,"time":"2026-02-07T16:53:50Z","message":"Context stats (ephemeral)"}
{"level":"debug","mysis_id":"34e0db4d-72b5-4216-a47a-63cd8ef08e7e","mysis_name":"test-mysis","stage":"before_llm_call","memory_count":2,"message_count":3,"content_bytes":631,"reasoning_bytes":0,"role_counts":{"system":1,"user":1},"source_counts":{"system":2},"tool_call_count":0,"time":"2026-02-07T16:53:50Z","message":"Context stats (ephemeral)"}
{"level":"debug","mysis":"test-mysis","error":"context canceled","time":"2026-02-07T16:53:50Z","message":"Ignoring error - mysis was intentionally stopped"}
{"level":"debug","mysis_id":"efc1d1a1-ce48-47f5-8b37-9b691818dd75","mysis_name":"test-mysis","stage":"context_memories","memory_count":2,"message_count":0,"content_bytes":542,"reasoning_bytes":0,"role_counts":{"system":1,"user":1},"source_counts":{"system":2},"tool_call_count":0,"time":"2026-02-07T16:53:50Z","message":"Context stats (ephemeral)"}
{"level":"debug","mysis_id":"efc1d1a1-ce48-47f5-8b37-9b691818dd75","mysis_name":"test-mysis","stage":"messages_converted","memory_count":2,"message_count":3,"content_bytes":631,"reasoning_bytes":0,"role_counts":{"system":1,"user":1},"source_counts":{"system":2},"tool_call_count":0,"time":"2026-02-07T16:53:50Z","message":"Context stats (ephemeral)"}
{"level":"debug","mysis_id":"efc1d1a1-ce48-47f5-8b37-9b691818dd75","mysis_name":"test-mysis","stage":"before_llm_call","memory_count":2,"message_count":3,"content_bytes":631,"reasoning_bytes":0,"role_counts":{"system":1,"user":1},"source_counts":{"system":2},"tool_call_count":0,"time":"2026-02-07T16:53:50Z","message":"Context stats (ephemeral)"}
{"level":"debug","mysis":"test-mysis","error":"context canceled","time":"2026-02-07T16:53:50Z","message":"Ignoring error - mysis was intentionally stopped"}
{"level":"debug","mysis_id":"78c568c8-f5d1-4cd6-8254-9fc467ead5b3","mysis_name":"test-mysis","stage":"context_memories","memory_count":2,"message_count":0,"content_bytes":542,"reasoning_bytes":0,"role_counts":{"system":1,"user":1},"source_counts":{"system":2},"tool_call_count":0,"time":"2026-02-07T16:53:50Z","message":"Context stats (ephemeral)"}
{"level":"debug","mysis_id":"78c568c8-f5d1-4cd6-8254-9fc467ead5b3","mysis_name":"test-mysis","stage":"messages_converted","memory_count":2,"message_count":3,"content_bytes":631,"reasoning_bytes":0,"role_counts":{"system":1,"user":1},"source_counts":{"system":2},"tool_call_count":0,"time":"2026-02-07T16:53:50Z","message":"Context stats (ephemeral)"}
{"level":"debug","mysis_id":"78c568c8-f5d1-4cd6-8254-9fc467ead5b3","mysis_name":"test-mysis","stage":"before_llm_call","memory_count":2,"message_count":3,"content_bytes":631,"reasoning_bytes":0,"role_counts":{"system":1,"user":1},"source_counts":{"system":2},"tool_call_count":0,"time":"2026-02-07T16:53:50Z","message":"Context stats (ephemeral)"}
{"level":"debug","mysis":"test-mysis","error":"context canceled","time":"2026-02-07T16:53:50Z","message":"Ignoring error - mysis was intentionally stopped"}
{"level":"debug","mysis_id":"bfc118a1-92a8-4b12-9df4-a1666306969c","mysis_name":"test-mysis","stage":"context_memories","memory_count":2,"message_count":0,"content_bytes":542,"reasoning_bytes":0,"role_counts":{"system":1,"user":1},"source_counts":{"system":2},"tool_call_count":0,"time":"2026-02-07T16:53:50Z","message":"Context stats (ephemeral)"}
{"level":"debug","mysis_id":"bfc118a1-92a8-4b12-9df4-a1666306969c","mysis_name":"test-mysis","stage":"messages_converted","memory_count":2,"message_count":3,"content_bytes":631,"reasoning_bytes":0,"role_counts":{"system":1,"user":1},"source_counts":{"system":2},"tool_call_count":0,"time":"2026-02-07T16:53:50Z","message":"Context stats (ephemeral)"}
{"level":"debug","mysis_id":"bfc118a1-92a8-4b12-9df4-a1666306969c","mysis_name":"test-mysis","stage":"before_llm_call","memory_count":2,"message_count":3,"content_bytes":631,"reasoning_bytes":0,"role_counts":{"system":1,"user":1},"source_counts":{"system":2},"tool_call_count":0,"time":"2026-02-07T16:53:50Z","message":"Context stats (ephemeral)"}
{"level":"debug","mysis":"test-mysis","error":"context canceled","time":"2026-02-07T16:53:50Z","message":"Ignoring error - mysis was intentionally stopped"}
{"level":"debug","mysis_id":"f11a98bc-e47e-4c8c-a665-11fa1d2b7255","mysis_name":"test-mysis","stage":"context_memories","memory_count":2,"message_count":0,"content_bytes":542,"reasoning_bytes":0,"role_counts":{"system":1,"user":1},"source_counts":{"system":2},"tool_call_count":0,"time":"2026-02-07T16:53:50Z","message":"Context stats (ephemeral)"}
{"level":"debug","mysis_id":"f11a98bc-e47e-4c8c-a665-11fa1d2b7255","mysis_name":"test-mysis","stage":"messages_converted","memory_count":2,"message_count":3,"content_bytes":631,"reasoning_bytes":0,"role_counts":{"system":1,"user":1},"source_counts":{"system":2},"tool_call_count":0,"time":"2026-02-07T16:53:50Z","message":"Context stats (ephemeral)"}
{"level":"debug","mysis_id":"f11a98bc-e47e-4c8c-a665-11fa1d2b7255","mysis_name":"test-mysis","stage":"before_llm_call","memory_count":2,"message_count":3,"content_bytes":631,"reasoning_bytes":0,"role_counts":{"system":1,"user":1},"source_counts":{"system":2},"tool_call_count":0,"time":"2026-02-07T16:53:50Z","message":"Context stats (ephemeral)"}
{"level":"debug","mysis":"test-mysis","error":"context canceled","time":"2026-02-07T16:53:50Z","message":"Ignoring error - mysis was intentionally stopped"}
{"level":"debug","mysis_id":"2cbaf6cf-0a19-4e51-bc8c-24d048609bda","mysis_name":"test-mysis","stage":"context_memories","memory_count":2,"message_count":0,"content_bytes":542,"reasoning_bytes":0,"role_counts":{"system":1,"user":1},"source_counts":{"system":2},"tool_call_count":0,"time":"2026-02-07T16:53:50Z","message":"Context stats (ephemeral)"}
{"level":"debug","mysis_id":"2cbaf6cf-0a19-4e51-bc8c-24d048609bda","mysis_name":"test-mysis","stage":"messages_converted","memory_count":2,"message_count":3,"content_bytes":631,"reasoning_bytes":0,"role_counts":{"system":1,"user":1},"source_counts":{"system":2},"tool_call_count":0,"time":"2026-02-07T16:53:50Z","message":"Context stats (ephemeral)"}
{"level":"debug","mysis_id":"2cbaf6cf-0a19-4e51-bc8c-24d048609bda","mysis_name":"test-mysis","stage":"before_llm_call","memory_count":2,"message_count":3,"content_bytes":631,"reasoning_bytes":0,"role_counts":{"system":1,"user":1},"source_counts":{"system":2},"tool_call_count":0,"time":"2026-02-07T16:53:50Z","message":"Context stats (ephemeral)"}
{"level":"debug","mysis":"test-mysis","error":"context canceled","time":"2026-02-07T16:53:50Z","message":"Ignoring error - mysis was intentionally stopped"}
{"level":"debug","mysis_id":"91dbd058-c879-4dbb-9392-fc855c2b45eb","mysis_name":"test-mysis","stage":"context_memories","memory_count":2,"message_count":0,"content_bytes":542,"reasoning_bytes":0,"role_counts":{"system":1,"user":1},"source_counts":{"system":2},"tool_call_count":0,"time":"2026-02-07T16:53:50Z","message":"Context stats (ephemeral)"}
{"level":"debug","mysis_id":"91dbd058-c879-4dbb-9392-fc855c2b45eb","mysis_name":"test-mysis","stage":"messages_converted","memory_count":2,"message_count":3,"content_bytes":631,"reasoning_bytes":0,"role_counts":{"system":1,"user":1},"source_counts":{"system":2},"tool_call_count":0,"time":"2026-02-07T16:53:50Z","message":"Context stats (ephemeral)"}
{"level":"debug","mysis_id":"91dbd058-c879-4dbb-9392-fc855c2b45eb","mysis_name":"test-mysis","stage":"before_llm_call","memory_count":2,"message_count":3,"content_bytes":631,"reasoning_bytes":0,"role_counts":{"system":1,"user":1},"source_counts":{"system":2},"tool_call_count":0,"time":"2026-02-07T16:53:50Z","message":"Context stats (ephemeral)"}
{"level":"debug","mysis":"test-mysis","error":"context canceled","time":"2026-02-07T16:53:50Z","message":"Ignoring error - mysis was intentionally stopped"}
{"level":"debug","mysis_id":"049ee165-9aef-42c3-9cca-b53c2b97aafb","mysis_name":"test-mysis","stage":"context_memories","memory_count":2,"message_count":0,"content_bytes":542,"reasoning_bytes":0,"role_counts":{"system":1,"user":1},"source_counts":{"system":2},"tool_call_count":0,"time":"2026-02-07T16:53:50Z","message":"Context stats (ephemeral)"}
{"level":"debug","mysis_id":"049ee165-9aef-42c3-9cca-b53c2b97aafb","mysis_name":"test-mysis","stage":"messages_converted","memory_count":2,"message_count":3,"content_bytes":631,"reasoning_bytes":0,"role_counts":{"system":1,"user":1},"source_counts":{"system":2},"tool_call_count":0,"time":"2026-02-07T16:53:50Z","message":"Context stats (ephemeral)"}
{"level":"debug","mysis_id":"049ee165-9aef-42c3-9cca-b53c2b97aafb","mysis_name":"test-mysis","stage":"before_llm_call","memory_count":2,"message_count":3,"content_bytes":631,"reasoning_bytes":0,"role_counts":{"system":1,"user":1},"source_counts":{"system":2},"tool_call_count":0,"time":"2026-02-07T16:53:50Z","message":"Context stats (ephemeral)"}
{"level":"debug","mysis":"test-mysis","error":"context canceled","time":"2026-02-07T16:53:50Z","message":"Ignoring error - mysis was intentionally stopped"}
{"level":"debug","mysis_id":"239c0eac-ef80-4d64-bfea-278279e4d3e8","mysis_name":"test-mysis","stage":"context_memories","memory_count":2,"message_count":0,"content_bytes":542,"reasoning_bytes":0,"role_counts":{"system":1,"user":1},"source_counts":{"system":2},"tool_call_count":0,"time":"2026-02-07T16:53:50Z","message":"Context stats (ephemeral)"}
{"level":"debug","mysis_id":"239c0eac-ef80-4d64-bfea-278279e4d3e8","mysis_name":"test-mysis","stage":"messages_converted","memory_count":2,"message_count":3,"content_bytes":631,"reasoning_bytes":0,"role_counts":{"system":1,"user":1},"source_counts":{"system":2},"tool_call_count":0,"time":"2026-02-07T16:53:50Z","message":"Context stats (ephemeral)"}
{"level":"debug","mysis_id":"239c0eac-ef80-4d64-bfea-278279e4d3e8","mysis_name":"test-mysis","stage":"before_llm_call","memory_count":2,"message_count":3,"content_bytes":631,"reasoning_bytes":0,"role_counts":{"system":1,"user":1},"source_counts":{"system":2},"tool_call_count":0,"time":"2026-02-07T16:53:50Z","message":"Context stats (ephemeral)"}
{"level":"debug","mysis":"test-mysis","error":"context canceled","time":"2026-02-07T16:53:50Z","message":"Ignoring error - mysis was intentionally stopped"}
{"level":"debug","mysis_id":"3eeb5c6b-5597-499b-88d5-054bd9f31f12","mysis_name":"test-mysis","stage":"context_memories","memory_count":2,"message_count":0,"content_bytes":542,"reasoning_bytes":0,"role_counts":{"system":1,"user":1},"source_counts":{"system":2},"tool_call_count":0,"time":"2026-02-07T16:53:50Z","message":"Context stats (ephemeral)"}
{"level":"debug","mysis_id":"3eeb5c6b-5597-499b-88d5-054bd9f31f12","mysis_name":"test-mysis","stage":"messages_converted","memory_count":2,"message_count":3,"content_bytes":631,"reasoning_bytes":0,"role_counts":{"system":1,"user":1},"source_counts":{"system":2},"tool_call_count":0,"time":"2026-02-07T16:53:50Z","message":"Context stats (ephemeral)"}
{"level":"debug","mysis_id":"3eeb5c6b-5597-499b-88d5-054bd9f31f12","mysis_name":"test-mysis","stage":"before_llm_call","memory_count":2,"message_count":3,"content_bytes":631,"reasoning_bytes":0,"role_counts":{"system":1,"user":1},"source_counts":{"system":2},"tool_call_count":0,"time":"2026-02-07T16:53:50Z","message":"Context stats (ephemeral)"}
{"level":"debug","mysis":"test-mysis","error":"context canceled","time":"2026-02-07T16:53:50Z","message":"Ignoring error - mysis was intentionally stopped"}
{"level":"debug","mysis_id":"1b440aa1-1118-4eac-bb73-ee379b7f28c4","mysis_name":"test-mysis","stage":"context_memories","memory_count":2,"message_count":0,"content_bytes":542,"reasoning_bytes":0,"role_counts":{"system":1,"user":1},"source_counts":{"system":2},"tool_call_count":0,"time":"2026-02-07T16:53:50Z","message":"Context stats (ephemeral)"}
{"level":"debug","mysis_id":"1b440aa1-1118-4eac-bb73-ee379b7f28c4","mysis_name":"test-mysis","stage":"messages_converted","memory_count":2,"message_count":3,"content_bytes":631,"reasoning_bytes":0,"role_counts":{"system":1,"user":1},"source_counts":{"system":2},"tool_call_count":0,"time":"2026-02-07T16:53:50Z","message":"Context stats (ephemeral)"}
{"level":"debug","mysis_id":"1b440aa1-1118-4eac-bb73-ee379b7f28c4","mysis_name":"test-mysis","stage":"before_llm_call","memory_count":2,"message_count":3,"content_bytes":631,"reasoning_bytes":0,"role_counts":{"system":1,"user":1},"source_counts":{"system":2},"tool_call_count":0,"time":"2026-02-07T16:53:50Z","message":"Context stats (ephemeral)"}
{"level":"debug","mysis":"test-mysis","error":"context canceled","time":"2026-02-07T16:53:50Z","message":"Ignoring error - mysis was intentionally stopped"}
{"level":"debug","mysis_id":"47419d83-024c-49a5-a26d-6f8fffcb7e82","mysis_name":"test-mysis","stage":"context_memories","memory_count":2,"message_count":0,"content_bytes":542,"reasoning_bytes":0,"role_counts":{"system":1,"user":1},"source_counts":{"system":2},"tool_call_count":0,"time":"2026-02-07T16:53:50Z","message":"Context stats (ephemeral)"}
{"level":"debug","mysis_id":"47419d83-024c-49a5-a26d-6f8fffcb7e82","mysis_name":"test-mysis","stage":"messages_converted","memory_count":2,"message_count":3,"content_bytes":631,"reasoning_bytes":0,"role_counts":{"system":1,"user":1},"source_counts":{"system":2},"tool_call_count":0,"time":"2026-02-07T16:53:50Z","message":"Context stats (ephemeral)"}
{"level":"debug","mysis_id":"47419d83-024c-49a5-a26d-6f8fffcb7e82","mysis_name":"test-mysis","stage":"before_llm_call","memory_count":2,"message_count":3,"content_bytes":631,"reasoning_bytes":0,"role_counts":{"system":1,"user":1},"source_counts":{"system":2},"tool_call_count":0,"time":"2026-02-07T16:53:50Z","message":"Context stats (ephemeral)"}
{"level":"debug","mysis":"test-mysis","error":"context canceled","time":"2026-02-07T16:53:50Z","message":"Ignoring error - mysis was intentionally stopped"}
{"level":"debug","mysis_id":"8b7cd269-f3b1-4cb7-83f5-ee99d679b684","mysis_name":"test-mysis","stage":"context_memories","memory_count":2,"message_count":0,"content_bytes":542,"reasoning_bytes":0,"role_counts":{"system":1,"user":1},"source_counts":{"system":2},"tool_call_count":0,"time":"2026-02-07T16:53:50Z","message":"Context stats (ephemeral)"}
{"level":"debug","mysis_id":"8b7cd269-f3b1-4cb7-83f5-ee99d679b684","mysis_name":"test-mysis","stage":"messages_converted","memory_count":2,"message_count":3,"content_bytes":631,"reasoning_bytes":0,"role_counts":{"system":1,"user":1},"source_counts":{"system":2},"tool_call_count":0,"time":"2026-02-07T16:53:50Z","message":"Context stats (ephemeral)"}
{"level":"debug","mysis_id":"8b7cd269-f3b1-4cb7-83f5-ee99d679b684","mysis_name":"test-mysis","stage":"before_llm_call","memory_count":2,"message_count":3,"content_bytes":631,"reasoning_bytes":0,"role_counts":{"system":1,"user":1},"source_counts":{"system":2},"tool_call_count":0,"time":"2026-02-07T16:53:50Z","message":"Context stats (ephemeral)"}
{"level":"debug","mysis":"test-mysis","error":"context canceled","time":"2026-02-07T16:53:50Z","message":"Ignoring error - mysis was intentionally stopped"}
{"level":"debug","mysis_id":"8dffea58-4bdc-4883-859b-28c4bac3ee04","mysis_name":"test-mysis","stage":"context_memories","memory_count":2,"message_count":0,"content_bytes":542,"reasoning_bytes":0,"role_counts":{"system":1,"user":1},"source_counts":{"system":2},"tool_call_count":0,"time":"2026-02-07T16:53:50Z","message":"Context stats (ephemeral)"}
{"level":"debug","mysis_id":"8dffea58-4bdc-4883-859b-28c4bac3ee04","mysis_name":"test-mysis","stage":"messages_converted","memory_count":2,"message_count":3,"content_bytes":631,"reasoning_bytes":0,"role_counts":{"system":1,"user":1},"source_counts":{"system":2},"tool_call_count":0,"time":"2026-02-07T16:53:50Z","message":"Context stats (ephemeral)"}
{"level":"debug","mysis_id":"8dffea58-4bdc-4883-859b-28c4bac3ee04","mysis_name":"test-mysis","stage":"before_llm_call","memory_count":2,"message_count":3,"content_bytes":631,"reasoning_bytes":0,"role_counts":{"system":1,"user":1},"source_counts":{"system":2},"tool_call_count":0,"time":"2026-02-07T16:53:50Z","message":"Context stats (ephemeral)"}
{"level":"debug","mysis":"test-mysis","error":"context canceled","time":"2026-02-07T16:53:50Z","message":"Ignoring error - mysis was intentionally stopped"}
{"level":"debug","mysis_id":"3201e210-f34c-4e2b-8be5-795acebc5ffc","mysis_name":"test-mysis","stage":"context_memories","memory_count":2,"message_count":0,"content_bytes":542,"reasoning_bytes":0,"role_counts":{"system":1,"user":1},"source_counts":{"system":2},"tool_call_count":0,"time":"2026-02-07T16:53:50Z","message":"Context stats (ephemeral)"}
{"level":"debug","mysis_id":"3201e210-f34c-4e2b-8be5-795acebc5ffc","mysis_name":"test-mysis","stage":"messages_converted","memory_count":2,"message_count":3,"content_bytes":631,"reasoning_bytes":0,"role_counts":{"system":1,"user":1},"source_counts":{"system":2},"tool_call_count":0,"time":"2026-02-07T16:53:50Z","message":"Context stats (ephemeral)"}
{"level":"debug","mysis_id":"3201e210-f34c-4e2b-8be5-795acebc5ffc","mysis_name":"test-mysis","stage":"before_llm_call","memory_count":2,"message_count":3,"content_bytes":631,"reasoning_bytes":0,"role_counts":{"system":1,"user":1},"source_counts":{"system":2},"tool_call_count":0,"time":"2026-02-07T16:53:50Z","message":"Context stats (ephemeral)"}
{"level":"debug","mysis":"test-mysis","error":"context canceled","time":"2026-02-07T16:53:50Z","message":"Ignoring error - mysis was intentionally stopped"}
{"level":"debug","mysis_id":"4fd094a3-d8ef-4dcd-812d-9d6e25b97b1b","mysis_name":"test-mysis","stage":"context_memories","memory_count":2,"message_count":0,"content_bytes":542,"reasoning_bytes":0,"role_counts":{"system":1,"user":1},"source_counts":{"system":2},"tool_call_count":0,"time":"2026-02-07T16:53:50Z","message":"Context stats (ephemeral)"}
{"level":"debug","mysis_id":"4fd094a3-d8ef-4dcd-812d-9d6e25b97b1b","mysis_name":"test-mysis","stage":"messages_converted","memory_count":2,"message_count":3,"content_bytes":631,"reasoning_bytes":0,"role_counts":{"system":1,"user":1},"source_counts":{"system":2},"tool_call_count":0,"time":"2026-02-07T16:53:50Z","message":"Context stats (ephemeral)"}
{"level":"debug","mysis_id":"4fd094a3-d8ef-4dcd-812d-9d6e25b97b1b","mysis_name":"test-mysis","stage":"before_llm_call","memory_count":2,"message_count":3,"content_bytes":631,"reasoning_bytes":0,"role_counts":{"system":1,"user":1},"source_counts":{"system":2},"tool_call_count":0,"time":"2026-02-07T16:53:50Z","message":"Context stats (ephemeral)"}
{"level":"debug","mysis":"test-mysis","error":"context canceled","time":"2026-02-07T16:53:50Z","message":"Ignoring error - mysis was intentionally stopped"}
{"level":"debug","mysis_id":"476da0d3-4c2b-4de1-b244-2e055799b8e0","mysis_name":"test-mysis","stage":"context_memories","memory_count":2,"message_count":0,"content_bytes":542,"reasoning_bytes":0,"role_counts":{"system":1,"user":1},"source_counts":{"system":2},"tool_call_count":0,"time":"2026-02-07T16:53:50Z","message":"Context stats (ephemeral)"}
{"level":"debug","mysis_id":"476da0d3-4c2b-4de1-b244-2e055799b8e0","mysis_name":"test-mysis","stage":"messages_converted","memory_count":2,"message_count":3,"content_bytes":631,"reasoning_bytes":0,"role_counts":{"system":1,"user":1},"source_counts":{"system":2},"tool_call_count":0,"time":"2026-02-07T16:53:50Z","message":"Context stats (ephemeral)"}
{"level":"debug","mysis_id":"476da0d3-4c2b-4de1-b244-2e055799b8e0","mysis_name":"test-mysis","stage":"before_llm_call","memory_count":2,"message_count":3,"content_bytes":631,"reasoning_bytes":0,"role_counts":{"system":1,"user":1},"source_counts":{"system":2},"tool_call_count":0,"time":"2026-02-07T16:53:50Z","message":"Context stats (ephemeral)"}
{"level":"debug","mysis":"test-mysis","error":"context canceled","time":"2026-02-07T16:53:50Z","message":"Ignoring error - mysis was intentionally stopped"}
{"level":"debug","mysis_id":"2fdb454e-58b2-4f11-9d87-b5a286e4a664","mysis_name":"test-mysis","stage":"context_memories","memory_count":2,"message_count":0,"content_bytes":542,"reasoning_bytes":0,"role_counts":{"system":1,"user":1},"source_counts":{"system":2},"tool_call_count":0,"time":"2026-02-07T16:53:50Z","message":"Context stats (ephemeral)"}
{"level":"debug","mysis_id":"2fdb454e-58b2-4f11-9d87-b5a286e4a664","mysis_name":"test-mysis","stage":"messages_converted","memory_count":2,"message_count":3,"content_bytes":631,"reasoning_bytes":0,"role_counts":{"system":1,"user":1},"source_counts":{"system":2},"tool_call_count":0,"time":"2026-02-07T16:53:50Z","message":"Context stats (ephemeral)"}
{"level":"debug","mysis_id":"2fdb454e-58b2-4f11-9d87-b5a286e4a664","mysis_name":"test-mysis","stage":"before_llm_call","memory_count":2,"message_count":3,"content_bytes":631,"reasoning_bytes":0,"role_counts":{"system":1,"user":1},"source_counts":{"system":2},"tool_call_count":0,"time":"2026-02-07T16:53:50Z","message":"Context stats (ephemeral)"}
{"level":"debug","mysis":"test-mysis","error":"context canceled","time":"2026-02-07T16:53:50Z","message":"Ignoring error - mysis was intentionally stopped"}
{"level":"debug","mysis_id":"89d15a97-36ff-4463-b048-b3833d6d016b","mysis_name":"test-mysis","stage":"context_memories","memory_count":2,"message_count":0,"content_bytes":542,"reasoning_bytes":0,"role_counts":{"system":1,"user":1},"source_counts":{"system":2},"tool_call_count":0,"time":"2026-02-07T16:53:50Z","message":"Context stats (ephemeral)"}
{"level":"debug","mysis_id":"89d15a97-36ff-4463-b048-b3833d6d016b","mysis_name":"test-mysis","stage":"messages_converted","memory_count":2,"message_count":3,"content_bytes":631,"reasoning_bytes":0,"role_counts":{"system":1,"user":1},"source_counts":{"system":2},"tool_call_count":0,"time":"2026-02-07T16:53:50Z","message":"Context stats (ephemeral)"}
{"level":"debug","mysis_id":"89d15a97-36ff-4463-b048-b3833d6d016b","mysis_name":"test-mysis","stage":"before_llm_call","memory_count":2,"message_count":3,"content_bytes":631,"reasoning_bytes":0,"role_counts":{"system":1,"user":1},"source_counts":{"system":2},"tool_call_count":0,"time":"2026-02-07T16:53:50Z","message":"Context stats (ephemeral)"}
{"level":"debug","mysis":"test-mysis","error":"context canceled","time":"2026-02-07T16:53:50Z","message":"Ignoring error - mysis was intentionally stopped"}
{"level":"debug","mysis_id":"0dc75b71-db62-46d3-ad12-d1a8558b1f05","mysis_name":"test-mysis","stage":"context_memories","memory_count":2,"message_count":0,"content_bytes":542,"reasoning_bytes":0,"role_counts":{"system":1,"user":1},"source_counts":{"system":2},"tool_call_count":0,"time":"2026-02-07T16:53:50Z","message":"Context stats (ephemeral)"}
{"level":"debug","mysis_id":"0dc75b71-db62-46d3-ad12-d1a8558b1f05","mysis_name":"test-mysis","stage":"messages_converted","memory_count":2,"message_count":3,"content_bytes":631,"reasoning_bytes":0,"role_counts":{"system":1,"user":1},"source_counts":{"system":2},"tool_call_count":0,"time":"2026-02-07T16:53:50Z","message":"Context stats (ephemeral)"}
{"level":"debug","mysis_id":"0dc75b71-db62-46d3-ad12-d1a8558b1f05","mysis_name":"test-mysis","stage":"before_llm_call","memory_count":2,"message_count":3,"content_bytes":631,"reasoning_bytes":0,"role_counts":{"system":1,"user":1},"source_counts":{"system":2},"tool_call_count":0,"time":"2026-02-07T16:53:50Z","message":"Context stats (ephemeral)"}
{"level":"debug","mysis":"test-mysis","error":"context canceled","time":"2026-02-07T16:53:50Z","message":"Ignoring error - mysis was intentionally stopped"}
{"level":"debug","mysis_id":"d36c1307-9850-4f88-b814-ca637a2ab109","mysis_name":"test-mysis","stage":"context_memories","memory_count":2,"message_count":0,"content_bytes":542,"reasoning_bytes":0,"role_counts":{"system":1,"user":1},"source_counts":{"system":2},"tool_call_count":0,"time":"2026-02-07T16:53:50Z","message":"Context stats (ephemeral)"}
{"level":"debug","mysis_id":"d36c1307-9850-4f88-b814-ca637a2ab109","mysis_name":"test-mysis","stage":"messages_converted","memory_count":2,"message_count":3,"content_bytes":631,"reasoning_bytes":0,"role_counts":{"system":1,"user":1},"source_counts":{"system":2},"tool_call_count":0,"time":"2026-02-07T16:53:50Z","message":"Context stats (ephemeral)"}
{"level":"debug","mysis_id":"d36c1307-9850-4f88-b814-ca637a2ab109","mysis_name":"test-mysis","stage":"before_llm_call","memory_count":2,"message_count":3,"content_bytes":631,"reasoning_bytes":0,"role_counts":{"system":1,"user":1},"source_counts":{"system":2},"tool_call_count":0,"time":"2026-02-07T16:53:50Z","message":"Context stats (ephemeral)"}
{"level":"debug","mysis":"test-mysis","error":"context canceled","time":"2026-02-07T16:53:50Z","message":"Ignoring error - mysis was intentionally stopped"}
{"level":"debug","mysis_id":"85498256-7fff-4b12-bbb3-6f987b0066fb","mysis_name":"test-mysis","stage":"context_memories","memory_count":2,"message_count":0,"content_bytes":542,"reasoning_bytes":0,"role_counts":{"system":1,"user":1},"source_counts":{"system":2},"tool_call_count":0,"time":"2026-02-07T16:53:50Z","message":"Context stats (ephemeral)"}
{"level":"debug","mysis_id":"85498256-7fff-4b12-bbb3-6f987b0066fb","mysis_name":"test-mysis","stage":"messages_converted","memory_count":2,"message_count":3,"content_bytes":631,"reasoning_bytes":0,"role_counts":{"system":1,"user":1},"source_counts":{"system":2},"tool_call_count":0,"time":"2026-02-07T16:53:50Z","message":"Context stats (ephemeral)"}
{"level":"debug","mysis_id":"85498256-7fff-4b12-bbb3-6f987b0066fb","mysis_name":"test-mysis","stage":"before_llm_call","memory_count":2,"message_count":3,"content_bytes":631,"reasoning_bytes":0,"role_counts":{"system":1,"user":1},"source_counts":{"system":2},"tool_call_count":0,"time":"2026-02-07T16:53:50Z","message":"Context stats (ephemeral)"}
{"level":"debug","mysis":"test-mysis","error":"context canceled","time":"2026-02-07T16:53:50Z","message":"Ignoring error - mysis was intentionally stopped"}
{"level":"debug","mysis_id":"caa81baa-44e1-46c3-a4cb-e53f550db5e3","mysis_name":"test-mysis","stage":"context_memories","memory_count":2,"message_count":0,"content_bytes":542,"reasoning_bytes":0,"role_counts":{"system":1,"user":1},"source_counts":{"system":2},"tool_call_count":0,"time":"2026-02-07T16:53:50Z","message":"Context stats (ephemeral)"}
{"level":"debug","mysis_id":"caa81baa-44e1-46c3-a4cb-e53f550db5e3","mysis_name":"test-mysis","stage":"messages_converted","memory_count":2,"message_count":3,"content_bytes":631,"reasoning_bytes":0,"role_counts":{"system":1,"user":1},"source_counts":{"system":2},"tool_call_count":0,"time":"2026-02-07T16:53:50Z","message":"Context stats (ephemeral)"}
{"level":"debug","mysis_id":"caa81baa-44e1-46c3-a4cb-e53f550db5e3","mysis_name":"test-mysis","stage":"before_llm_call","memory_count":2,"message_count":3,"content_bytes":631,"reasoning_bytes":0,"role_counts":{"system":1,"user":1},"source_counts":{"system":2},"tool_call_count":0,"time":"2026-02-07T16:53:50Z","message":"Context stats (ephemeral)"}
{"level":"debug","mysis":"test-mysis","error":"context canceled","time":"2026-02-07T16:53:50Z","message":"Ignoring error - mysis was intentionally stopped"}
{"level":"debug","mysis_id":"f0ec3a88-c9f3-47f2-9b1c-7d4a989e5918","mysis_name":"test-mysis","stage":"context_memories","memory_count":2,"message_count":0,"content_bytes":542,"reasoning_bytes":0,"role_counts":{"system":1,"user":1},"source_counts":{"system":2},"tool_call_count":0,"time":"2026-02-07T16:53:50Z","message":"Context stats (ephemeral)"}
{"level":"debug","mysis_id":"f0ec3a88-c9f3-47f2-9b1c-7d4a989e5918","mysis_name":"test-mysis","stage":"messages_converted","memory_count":2,"message_count":3,"content_bytes":631,"reasoning_bytes":0,"role_counts":{"system":1,"user":1},"source_counts":{"system":2},"tool_call_count":0,"time":"2026-02-07T16:53:50Z","message":"Context stats (ephemeral)"}
{"level":"debug","mysis_id":"f0ec3a88-c9f3-47f2-9b1c-7d4a989e5918","mysis_name":"test-mysis","stage":"before_llm_call","memory_count":2,"message_count":3,"content_bytes":631,"reasoning_bytes":0,"role_counts":{"system":1,"user":1},"source_counts":{"system":2},"tool_call_count":0,"time":"2026-02-07T16:53:50Z","message":"Context stats (ephemeral)"}
{"level":"debug","mysis":"test-mysis","error":"context canceled","time":"2026-02-07T16:53:50Z","message":"Ignoring error - mysis was intentionally stopped"}
{"level":"debug","mysis_id":"f084512d-5f3f-4103-b753-bbcc2be1a9e6","mysis_name":"test-mysis","stage":"context_memories","memory_count":2,"message_count":0,"content_bytes":542,"reasoning_bytes":0,"role_counts":{"system":1,"user":1},"source_counts":{"system":2},"tool_call_count":0,"time":"2026-02-07T16:53:50Z","message":"Context stats (ephemeral)"}
{"level":"debug","mysis_id":"f084512d-5f3f-4103-b753-bbcc2be1a9e6","mysis_name":"test-mysis","stage":"messages_converted","memory_count":2,"message_count":3,"content_bytes":631,"reasoning_bytes":0,"role_counts":{"system":1,"user":1},"source_counts":{"system":2},"tool_call_count":0,"time":"2026-02-07T16:53:50Z","message":"Context stats (ephemeral)"}
{"level":"debug","mysis_id":"f084512d-5f3f-4103-b753-bbcc2be1a9e6","mysis_name":"test-mysis","stage":"before_llm_call","memory_count":2,"message_count":3,"content_bytes":631,"reasoning_bytes":0,"role_counts":{"system":1,"user":1},"source_counts":{"system":2},"tool_call_count":0,"time":"2026-02-07T16:53:50Z","message":"Context stats (ephemeral)"}
{"level":"debug","mysis":"test-mysis","error":"context canceled","time":"2026-02-07T16:53:50Z","message":"Ignoring error - mysis was intentionally stopped"}
{"level":"debug","mysis_id":"3cafc325-6670-4110-b719-0e88df2edceb","mysis_name":"test-mysis","stage":"context_memories","memory_count":2,"message_count":0,"content_bytes":542,"reasoning_bytes":0,"role_counts":{"system":1,"user":1},"source_counts":{"system":2},"tool_call_count":0,"time":"2026-02-07T16:53:50Z","message":"Context stats (ephemeral)"}
{"level":"debug","mysis_id":"3cafc325-6670-4110-b719-0e88df2edceb","mysis_name":"test-mysis","stage":"messages_converted","memory_count":2,"message_count":3,"content_bytes":631,"reasoning_bytes":0,"role_counts":{"system":1,"user":1},"source_counts":{"system":2},"tool_call_count":0,"time":"2026-02-07T16:53:50Z","message":"Context stats (ephemeral)"}
{"level":"debug","mysis_id":"3cafc325-6670-4110-b719-0e88df2edceb","mysis_name":"test-mysis","stage":"before_llm_call","memory_count":2,"message_count":3,"content_bytes":631,"reasoning_bytes":0,"role_counts":{"system":1,"user":1},"source_counts":{"system":2},"tool_call_count":0,"time":"2026-02-07T16:53:50Z","message":"Context stats (ephemeral)"}
{"level":"debug","mysis":"test-mysis","error":"context canceled","time":"2026-02-07T16:53:50Z","message":"Ignoring error - mysis was intentionally stopped"}
{"level":"debug","mysis_id":"cace2f52-b77d-4f12-9204-c62163738fb5","mysis_name":"test-mysis","stage":"context_memories","memory_count":2,"message_count":0,"content_bytes":542,"reasoning_bytes":0,"role_counts":{"system":1,"user":1},"source_counts":{"system":2},"tool_call_count":0,"time":"2026-02-07T16:53:50Z","message":"Context stats (ephemeral)"}
{"level":"debug","mysis_id":"cace2f52-b77d-4f12-9204-c62163738fb5","mysis_name":"test-mysis","stage":"messages_converted","memory_count":2,"message_count":3,"content_bytes":631,"reasoning_bytes":0,"role_counts":{"system":1,"user":1},"source_counts":{"system":2},"tool_call_count":0,"time":"2026-02-07T16:53:50Z","message":"Context stats (ephemeral)"}
{"level":"debug","mysis_id":"cace2f52-b77d-4f12-9204-c62163738fb5","mysis_name":"test-mysis","stage":"before_llm_call","memory_count":2,"message_count":3,"content_bytes":631,"reasoning_bytes":0,"role_counts":{"system":1,"user":1},"source_counts":{"system":2},"tool_call_count":0,"time":"2026-02-07T16:53:50Z","message":"Context stats (ephemeral)"}
{"level":"debug","mysis":"test-mysis","error":"context canceled","time":"2026-02-07T16:53:50Z","message":"Ignoring error - mysis was intentionally stopped"}
{"level":"debug","mysis_id":"8ddb029c-e35d-47b3-946a-909fb64f6aad","mysis_name":"test-mysis","stage":"context_memories","memory_count":2,"message_count":0,"content_bytes":542,"reasoning_bytes":0,"role_counts":{"system":1,"user":1},"source_counts":{"system":2},"tool_call_count":0,"time":"2026-02-07T16:53:50Z","message":"Context stats (ephemeral)"}
{"level":"debug","mysis_id":"8ddb029c-e35d-47b3-946a-909fb64f6aad","mysis_name":"test-mysis","stage":"messages_converted","memory_count":2,"message_count":3,"content_bytes":631,"reasoning_bytes":0,"role_counts":{"system":1,"user":1},"source_counts":{"system":2},"tool_call_count":0,"time":"2026-02-07T16:53:50Z","message":"Context stats (ephemeral)"}
{"level":"debug","mysis_id":"8ddb029c-e35d-47b3-946a-909fb64f6aad","mysis_name":"test-mysis","stage":"before_llm_call","memory_count":2,"message_count":3,"content_bytes":631,"reasoning_bytes":0,"role_counts":{"system":1,"user":1},"source_counts":{"system":2},"tool_call_count":0,"time":"2026-02-07T16:53:50Z","message":"Context stats (ephemeral)"}
{"level":"debug","mysis":"test-mysis","error":"context canceled","time":"2026-02-07T16:53:50Z","message":"Ignoring error - mysis was intentionally stopped"}
{"level":"debug","mysis_id":"6799f27c-b60b-49a0-aa4c-3ceceec87b16","mysis_name":"test-mysis","stage":"context_memories","memory_count":2,"message_count":0,"content_bytes":542,"reasoning_bytes":0,"role_counts":{"system":1,"user":1},"source_counts":{"system":2},"tool_call_count":0,"time":"2026-02-07T16:53:50Z","message":"Context stats (ephemeral)"}
{"level":"debug","mysis_id":"6799f27c-b60b-49a0-aa4c-3ceceec87b16","mysis_name":"test-mysis","stage":"messages_converted","memory_count":2,"message_count":3,"content_bytes":631,"reasoning_bytes":0,"role_counts":{"system":1,"user":1},"source_counts":{"system":2},"tool_call_count":0,"time":"2026-02-07T16:53:50Z","message":"Context stats (ephemeral)"}
{"level":"debug","mysis_id":"6799f27c-b60b-49a0-aa4c-3ceceec87b16","mysis_name":"test-mysis","stage":"before_llm_call","memory_count":2,"message_count":3,"content_bytes":631,"reasoning_bytes":0,"role_counts":{"system":1,"user":1},"source_counts":{"system":2},"tool_call_count":0,"time":"2026-02-07T16:53:50Z","message":"Context stats (ephemeral)"}
{"level":"debug","mysis":"test-mysis","error":"context canceled","time":"2026-02-07T16:53:50Z","message":"Ignoring error - mysis was intentionally stopped"}
{"level":"debug","mysis_id":"2026a72a-4230-4f1f-9b44-915b3ca4f7de","mysis_name":"test-mysis","stage":"context_memories","memory_count":2,"message_count":0,"content_bytes":542,"reasoning_bytes":0,"role_counts":{"system":1,"user":1},"source_counts":{"system":2},"tool_call_count":0,"time":"2026-02-07T16:53:50Z","message":"Context stats (ephemeral)"}
{"level":"debug","mysis_id":"2026a72a-4230-4f1f-9b44-915b3ca4f7de","mysis_name":"test-mysis","stage":"messages_converted","memory_count":2,"message_count":3,"content_bytes":631,"reasoning_bytes":0,"role_counts":{"system":1,"user":1},"source_counts":{"system":2},"tool_call_count":0,"time":"2026-02-07T16:53:50Z","message":"Context stats (ephemeral)"}
{"level":"debug","mysis_id":"2026a72a-4230-4f1f-9b44-915b3ca4f7de","mysis_name":"test-mysis","stage":"before_llm_call","memory_count":2,"message_count":3,"content_bytes":631,"reasoning_bytes":0,"role_counts":{"system":1,"user":1},"source_counts":{"system":2},"tool_call_count":0,"time":"2026-02-07T16:53:50Z","message":"Context stats (ephemeral)"}
{"level":"debug","mysis":"test-mysis","error":"context canceled","time":"2026-02-07T16:53:50Z","message":"Ignoring error - mysis was intentionally stopped"}
{"level":"debug","mysis_id":"b39bb8ed-0d36-4e56-bc85-fedd7f39d5ef","mysis_name":"test-mysis","stage":"context_memories","memory_count":2,"message_count":0,"content_bytes":542,"reasoning_bytes":0,"role_counts":{"system":1,"user":1},"source_counts":{"system":2},"tool_call_count":0,"time":"2026-02-07T16:53:50Z","message":"Context stats (ephemeral)"}
{"level":"debug","mysis_id":"b39bb8ed-0d36-4e56-bc85-fedd7f39d5ef","mysis_name":"test-mysis","stage":"messages_converted","memory_count":2,"message_count":3,"content_bytes":631,"reasoning_bytes":0,"role_counts":{"system":1,"user":1},"source_counts":{"system":2},"tool_call_count":0,"time":"2026-02-07T16:53:50Z","message":"Context stats (ephemeral)"}
{"level":"debug","mysis_id":"b39bb8ed-0d36-4e56-bc85-fedd7f39d5ef","mysis_name":"test-mysis","stage":"before_llm_call","memory_count":2,"message_count":3,"content_bytes":631,"reasoning_bytes":0,"role_counts":{"system":1,"user":1},"source_counts":{"system":2},"tool_call_count":0,"time":"2026-02-07T16:53:50Z","message":"Context stats (ephemeral)"}
{"level":"debug","mysis":"test-mysis","error":"context canceled","time":"2026-02-07T16:53:50Z","message":"Ignoring error - mysis was intentionally stopped"}
{"level":"debug","mysis_id":"13debb33-648b-41af-8308-82372c848e94","mysis_name":"test-mysis","stage":"context_memories","memory_count":2,"message_count":0,"content_bytes":542,"reasoning_bytes":0,"role_counts":{"system":1,"user":1},"source_counts":{"system":2},"tool_call_count":0,"time":"2026-02-07T16:53:50Z","message":"Context stats (ephemeral)"}
{"level":"debug","mysis_id":"13debb33-648b-41af-8308-82372c848e94","mysis_name":"test-mysis","stage":"messages_converted","memory_count":2,"message_count":3,"content_bytes":631,"reasoning_bytes":0,"role_counts":{"system":1,"user":1},"source_counts":{"system":2},"tool_call_count":0,"time":"2026-02-07T16:53:50Z","message":"Context stats (ephemeral)"}
{"level":"debug","mysis_id":"13debb33-648b-41af-8308-82372c848e94","mysis_name":"test-mysis","stage":"before_llm_call","memory_count":2,"message_count":3,"content_bytes":631,"reasoning_bytes":0,"role_counts":{"system":1,"user":1},"source_counts":{"system":2},"tool_call_count":0,"time":"2026-02-07T16:53:50Z","message":"Context stats (ephemeral)"}
{"level":"debug","mysis":"test-mysis","error":"context canceled","time":"2026-02-07T16:53:50Z","message":"Ignoring error - mysis was intentionally stopped"}
{"level":"debug","mysis_id":"4f346f41-c27a-40c9-9ac9-8ce1a73d7e05","mysis_name":"test-mysis","stage":"context_memories","memory_count":2,"message_count":0,"content_bytes":542,"reasoning_bytes":0,"role_counts":{"system":1,"user":1},"source_counts":{"system":2},"tool_call_count":0,"time":"2026-02-07T16:53:50Z","message":"Context stats (ephemeral)"}
{"level":"debug","mysis_id":"4f346f41-c27a-40c9-9ac9-8ce1a73d7e05","mysis_name":"test-mysis","stage":"messages_converted","memory_count":2,"message_count":3,"content_bytes":631,"reasoning_bytes":0,"role_counts":{"system":1,"user":1},"source_counts":{"system":2},"tool_call_count":0,"time":"2026-02-07T16:53:50Z","message":"Context stats (ephemeral)"}
{"level":"debug","mysis_id":"4f346f41-c27a-40c9-9ac9-8ce1a73d7e05","mysis_name":"test-mysis","stage":"before_llm_call","memory_count":2,"message_count":3,"content_bytes":631,"reasoning_bytes":0,"role_counts":{"system":1,"user":1},"source_counts":{"system":2},"tool_call_count":0,"time":"2026-02-07T16:53:50Z","message":"Context stats (ephemeral)"}
{"level":"debug","mysis":"test-mysis","error":"context canceled","time":"2026-02-07T16:53:50Z","message":"Ignoring error - mysis was intentionally stopped"}
{"level":"debug","mysis_id":"6ec5e765-9ff7-410c-848b-7fd884ef732f","mysis_name":"test-mysis","stage":"context_memories","memory_count":2,"message_count":0,"content_bytes":542,"reasoning_bytes":0,"role_counts":{"system":1,"user":1},"source_counts":{"system":2},"tool_call_count":0,"time":"2026-02-07T16:53:50Z","message":"Context stats (ephemeral)"}
{"level":"debug","mysis_id":"6ec5e765-9ff7-410c-848b-7fd884ef732f","mysis_name":"test-mysis","stage":"messages_converted","memory_count":2,"message_count":3,"content_bytes":631,"reasoning_bytes":0,"role_counts":{"system":1,"user":1},"source_counts":{"system":2},"tool_call_count":0,"time":"2026-02-07T16:53:50Z","message":"Context stats (ephemeral)"}
{"level":"debug","mysis_id":"6ec5e765-9ff7-410c-848b-7fd884ef732f","mysis_name":"test-mysis","stage":"before_llm_call","memory_count":2,"message_count":3,"content_bytes":631,"reasoning_bytes":0,"role_counts":{"system":1,"user":1},"source_counts":{"system":2},"tool_call_count":0,"time":"2026-02-07T16:53:50Z","message":"Context stats (ephemeral)"}
{"level":"debug","mysis":"test-mysis","error":"context canceled","time":"2026-02-07T16:53:50Z","message":"Ignoring error - mysis was intentionally stopped"}
{"level":"debug","mysis_id":"7f26c6db-aed8-407d-b758-c80b095dbe3a","mysis_name":"test-mysis","stage":"context_memories","memory_count":2,"message_count":0,"content_bytes":542,"reasoning_bytes":0,"role_counts":{"system":1,"user":1},"source_counts":{"system":2},"tool_call_count":0,"time":"2026-02-07T16:53:50Z","message":"Context stats (ephemeral)"}
{"level":"debug","mysis_id":"7f26c6db-aed8-407d-b758-c80b095dbe3a","mysis_name":"test-mysis","stage":"messages_converted","memory_count":2,"message_count":3,"content_bytes":631,"reasoning_bytes":0,"role_counts":{"system":1,"user":1},"source_counts":{"system":2},"tool_call_count":0,"time":"2026-02-07T16:53:50Z","message":"Context stats (ephemeral)"}
{"level":"debug","mysis_id":"7f26c6db-aed8-407d-b758-c80b095dbe3a","mysis_name":"test-mysis","stage":"before_llm_call","memory_count":2,"message_count":3,"content_bytes":631,"reasoning_bytes":0,"role_counts":{"system":1,"user":1},"source_counts":{"system":2},"tool_call_count":0,"time":"2026-02-07T16:53:50Z","message":"Context stats (ephemeral)"}
{"level":"debug","mysis":"test-mysis","error":"context canceled","time":"2026-02-07T16:53:50Z","message":"Ignoring error - mysis was intentionally stopped"}
{"level":"debug","mysis_id":"c65569a6-655c-4aa3-ba7a-b23dfedbc95a","mysis_name":"test-mysis","stage":"context_memories","memory_count":2,"message_count":0,"content_bytes":542,"reasoning_bytes":0,"role_counts":{"system":1,"user":1},"source_counts":{"system":2},"tool_call_count":0,"time":"2026-02-07T16:53:50Z","message":"Context stats (ephemeral)"}
{"level":"debug","mysis_id":"c65569a6-655c-4aa3-ba7a-b23dfedbc95a","mysis_name":"test-mysis","stage":"messages_converted","memory_count":2,"message_count":3,"content_bytes":631,"reasoning_bytes":0,"role_counts":{"system":1,"user":1},"source_counts":{"system":2},"tool_call_count":0,"time":"2026-02-07T16:53:50Z","message":"Context stats (ephemeral)"}
{"level":"debug","mysis_id":"c65569a6-655c-4aa3-ba7a-b23dfedbc95a","mysis_name":"test-mysis","stage":"before_llm_call","memory_count":2,"message_count":3,"content_bytes":631,"reasoning_bytes":0,"role_counts":{"system":1,"user":1},"source_counts":{"system":2},"tool_call_count":0,"time":"2026-02-07T16:53:50Z","message":"Context stats (ephemeral)"}
{"level":"debug","mysis":"test-mysis","error":"context canceled","time":"2026-02-07T16:53:51Z","message":"Ignoring error - mysis was intentionally stopped"}
{"level":"debug","mysis_id":"99cddfea-696d-4282-bb65-4371a6aa6081","mysis_name":"test-mysis","stage":"context_memories","memory_count":2,"message_count":0,"content_bytes":542,"reasoning_bytes":0,"role_counts":{"system":1,"user":1},"source_counts":{"system":2},"tool_call_count":0,"time":"2026-02-07T16:53:51Z","message":"Context stats (ephemeral)"}
{"level":"debug","mysis_id":"99cddfea-696d-4282-bb65-4371a6aa6081","mysis_name":"test-mysis","stage":"messages_converted","memory_count":2,"message_count":3,"content_bytes":631,"reasoning_bytes":0,"role_counts":{"system":1,"user":1},"source_counts":{"system":2},"tool_call_count":0,"time":"2026-02-07T16:53:51Z","message":"Context stats (ephemeral)"}
{"level":"debug","mysis_id":"99cddfea-696d-4282-bb65-4371a6aa6081","mysis_name":"test-mysis","stage":"before_llm_call","memory_count":2,"message_count":3,"content_bytes":631,"reasoning_bytes":0,"role_counts":{"system":1,"user":1},"source_counts":{"system":2},"tool_call_count":0,"time":"2026-02-07T16:53:51Z","message":"Context stats (ephemeral)"}
{"level":"debug","mysis":"test-mysis","error":"context canceled","time":"2026-02-07T16:53:51Z","message":"Ignoring error - mysis was intentionally stopped"}
{"level":"debug","mysis_id":"c7fb13fa-0a70-4ea6-8085-4638d6cd707e","mysis_name":"test-mysis","stage":"context_memories","memory_count":2,"message_count":0,"content_bytes":542,"reasoning_bytes":0,"role_counts":{"system":1,"user":1},"source_counts":{"system":2},"tool_call_count":0,"time":"2026-02-07T16:53:51Z","message":"Context stats (ephemeral)"}
{"level":"debug","mysis_id":"c7fb13fa-0a70-4ea6-8085-4638d6cd707e","mysis_name":"test-mysis","stage":"messages_converted","memory_count":2,"message_count":3,"content_bytes":631,"reasoning_bytes":0,"role_counts":{"system":1,"user":1},"source_counts":{"system":2},"tool_call_count":0,"time":"2026-02-07T16:53:51Z","message":"Context stats (ephemeral)"}
{"level":"debug","mysis_id":"c7fb13fa-0a70-4ea6-8085-4638d6cd707e","mysis_name":"test-mysis","stage":"before_llm_call","memory_count":2,"message_count":3,"content_bytes":631,"reasoning_bytes":0,"role_counts":{"system":1,"user":1},"source_counts":{"system":2},"tool_call_count":0,"time":"2026-02-07T16:53:51Z","message":"Context stats (ephemeral)"}
{"level":"debug","mysis":"test-mysis","error":"context canceled","time":"2026-02-07T16:53:51Z","message":"Ignoring error - mysis was intentionally stopped"}
{"level":"debug","mysis_id":"a47d074c-30bb-434e-9df7-0b6600319cf2","mysis_name":"test-mysis","stage":"context_memories","memory_count":2,"message_count":0,"content_bytes":542,"reasoning_bytes":0,"role_counts":{"system":1,"user":1},"source_counts":{"system":2},"tool_call_count":0,"time":"2026-02-07T16:53:51Z","message":"Context stats (ephemeral)"}
{"level":"debug","mysis_id":"a47d074c-30bb-434e-9df7-0b6600319cf2","mysis_name":"test-mysis","stage":"messages_converted","memory_count":2,"message_count":3,"content_bytes":631,"reasoning_bytes":0,"role_counts":{"system":1,"user":1},"source_counts":{"system":2},"tool_call_count":0,"time":"2026-02-07T16:53:51Z","message":"Context stats (ephemeral)"}
{"level":"debug","mysis_id":"a47d074c-30bb-434e-9df7-0b6600319cf2","mysis_name":"test-mysis","stage":"before_llm_call","memory_count":2,"message_count":3,"content_bytes":631,"reasoning_bytes":0,"role_counts":{"system":1,"user":1},"source_counts":{"system":2},"tool_call_count":0,"time":"2026-02-07T16:53:51Z","message":"Context stats (ephemeral)"}
{"level":"debug","mysis":"test-mysis","error":"context canceled","time":"2026-02-07T16:53:51Z","message":"Ignoring error - mysis was intentionally stopped"}
{"level":"debug","mysis_id":"527aa204-893e-43f9-83ba-1d435d87c887","mysis_name":"test-mysis","stage":"context_memories","memory_count":2,"message_count":0,"content_bytes":542,"reasoning_bytes":0,"role_counts":{"system":1,"user":1},"source_counts":{"system":2},"tool_call_count":0,"time":"2026-02-07T16:53:51Z","message":"Context stats (ephemeral)"}
{"level":"debug","mysis_id":"527aa204-893e-43f9-83ba-1d435d87c887","mysis_name":"test-mysis","stage":"messages_converted","memory_count":2,"message_count":3,"content_bytes":631,"reasoning_bytes":0,"role_counts":{"system":1,"user":1},"source_counts":{"system":2},"tool_call_count":0,"time":"2026-02-07T16:53:51Z","message":"Context stats (ephemeral)"}
{"level":"debug","mysis_id":"527aa204-893e-43f9-83ba-1d435d87c887","mysis_name":"test-mysis","stage":"before_llm_call","memory_count":2,"message_count":3,"content_bytes":631,"reasoning_bytes":0,"role_counts":{"system":1,"user":1},"source_counts":{"system":2},"tool_call_count":0,"time":"2026-02-07T16:53:51Z","message":"Context stats (ephemeral)"}
{"level":"debug","mysis":"test-mysis","error":"context canceled","time":"2026-02-07T16:53:51Z","message":"Ignoring error - mysis was intentionally stopped"}
{"level":"debug","mysis_id":"40330830-fc77-43aa-a18b-20f764130d80","mysis_name":"test-mysis","stage":"context_memories","memory_count":2,"message_count":0,"content_bytes":542,"reasoning_bytes":0,"role_counts":{"system":1,"user":1},"source_counts":{"system":2},"tool_call_count":0,"time":"2026-02-07T16:53:51Z","message":"Context stats (ephemeral)"}
{"level":"debug","mysis_id":"40330830-fc77-43aa-a18b-20f764130d80","mysis_name":"test-mysis","stage":"messages_converted","memory_count":2,"message_count":3,"content_bytes":631,"reasoning_bytes":0,"role_counts":{"system":1,"user":1},"source_counts":{"system":2},"tool_call_count":0,"time":"2026-02-07T16:53:51Z","message":"Context stats (ephemeral)"}
{"level":"debug","mysis_id":"40330830-fc77-43aa-a18b-20f764130d80","mysis_name":"test-mysis","stage":"before_llm_call","memory_count":2,"message_count":3,"content_bytes":631,"reasoning_bytes":0,"role_counts":{"system":1,"user":1},"source_counts":{"system":2},"tool_call_count":0,"time":"2026-02-07T16:53:51Z","message":"Context stats (ephemeral)"}
{"level":"debug","mysis":"test-mysis","error":"context canceled","time":"2026-02-07T16:53:51Z","message":"Ignoring error - mysis was intentionally stopped"}
{"level":"debug","mysis_id":"c011ba29-31ca-4623-b9a1-156a5865d350","mysis_name":"test-mysis","stage":"context_memories","memory_count":2,"message_count":0,"content_bytes":542,"reasoning_bytes":0,"role_counts":{"system":1,"user":1},"source_counts":{"system":2},"tool_call_count":0,"time":"2026-02-07T16:53:51Z","message":"Context stats (ephemeral)"}
{"level":"debug","mysis_id":"c011ba29-31ca-4623-b9a1-156a5865d350","mysis_name":"test-mysis","stage":"messages_converted","memory_count":2,"message_count":3,"content_bytes":631,"reasoning_bytes":0,"role_counts":{"system":1,"user":1},"source_counts":{"system":2},"tool_call_count":0,"time":"2026-02-07T16:53:51Z","message":"Context stats (ephemeral)"}
{"level":"debug","mysis_id":"c011ba29-31ca-4623-b9a1-156a5865d350","mysis_name":"test-mysis","stage":"before_llm_call","memory_count":2,"message_count":3,"content_bytes":631,"reasoning_bytes":0,"role_counts":{"system":1,"user":1},"source_counts":{"system":2},"tool_call_count":0,"time":"2026-02-07T16:53:51Z","message":"Context stats (ephemeral)"}
{"level":"debug","mysis":"test-mysis","error":"context canceled","time":"2026-02-07T16:53:51Z","message":"Ignoring error - mysis was intentionally stopped"}
{"level":"debug","mysis_id":"4ca11731-d36d-4702-9c87-fdc4758f547a","mysis_name":"test-mysis","stage":"context_memories","memory_count":2,"message_count":0,"content_bytes":542,"reasoning_bytes":0,"role_counts":{"system":1,"user":1},"source_counts":{"system":2},"tool_call_count":0,"time":"2026-02-07T16:53:51Z","message":"Context stats (ephemeral)"}
{"level":"debug","mysis_id":"4ca11731-d36d-4702-9c87-fdc4758f547a","mysis_name":"test-mysis","stage":"messages_converted","memory_count":2,"message_count":3,"content_bytes":631,"reasoning_bytes":0,"role_counts":{"system":1,"user":1},"source_counts":{"system":2},"tool_call_count":0,"time":"2026-02-07T16:53:51Z","message":"Context stats (ephemeral)"}
{"level":"debug","mysis_id":"4ca11731-d36d-4702-9c87-fdc4758f547a","mysis_name":"test-mysis","stage":"before_llm_call","memory_count":2,"message_count":3,"content_bytes":631,"reasoning_bytes":0,"role_counts":{"system":1,"user":1},"source_counts":{"system":2},"tool_call_count":0,"time":"2026-02-07T16:53:51Z","message":"Context stats (ephemeral)"}
{"level":"debug","mysis":"test-mysis","error":"context canceled","time":"2026-02-07T16:53:51Z","message":"Ignoring error - mysis was intentionally stopped"}
{"level":"debug","mysis_id":"809152d3-be80-4325-a4e6-a2ba1f8b94d8","mysis_name":"test-mysis","stage":"context_memories","memory_count":2,"message_count":0,"content_bytes":542,"reasoning_bytes":0,"role_counts":{"system":1,"user":1},"source_counts":{"system":2},"tool_call_count":0,"time":"2026-02-07T16:53:51Z","message":"Context stats (ephemeral)"}
{"level":"debug","mysis_id":"809152d3-be80-4325-a4e6-a2ba1f8b94d8","mysis_name":"test-mysis","stage":"messages_converted","memory_count":2,"message_count":3,"content_bytes":631,"reasoning_bytes":0,"role_counts":{"system":1,"user":1},"source_counts":{"system":2},"tool_call_count":0,"time":"2026-02-07T16:53:51Z","message":"Context stats (ephemeral)"}
{"level":"debug","mysis_id":"809152d3-be80-4325-a4e6-a2ba1f8b94d8","mysis_name":"test-mysis","stage":"before_llm_call","memory_count":2,"message_count":3,"content_bytes":631,"reasoning_bytes":0,"role_counts":{"system":1,"user":1},"source_counts":{"system":2},"tool_call_count":0,"time":"2026-02-07T16:53:51Z","message":"Context stats (ephemeral)"}
{"level":"debug","mysis":"test-mysis","error":"context canceled","time":"2026-02-07T16:53:51Z","message":"Ignoring error - mysis was intentionally stopped"}
{"level":"debug","mysis_id":"ed2061f0-79d0-4081-b90f-3fde60424937","mysis_name":"test-mysis","stage":"context_memories","memory_count":2,"message_count":0,"content_bytes":542,"reasoning_bytes":0,"role_counts":{"system":1,"user":1},"source_counts":{"system":2},"tool_call_count":0,"time":"2026-02-07T16:53:51Z","message":"Context stats (ephemeral)"}
{"level":"debug","mysis_id":"ed2061f0-79d0-4081-b90f-3fde60424937","mysis_name":"test-mysis","stage":"messages_converted","memory_count":2,"message_count":3,"content_bytes":631,"reasoning_bytes":0,"role_counts":{"system":1,"user":1},"source_counts":{"system":2},"tool_call_count":0,"time":"2026-02-07T16:53:51Z","message":"Context stats (ephemeral)"}
{"level":"debug","mysis_id":"ed2061f0-79d0-4081-b90f-3fde60424937","mysis_name":"test-mysis","stage":"before_llm_call","memory_count":2,"message_count":3,"content_bytes":631,"reasoning_bytes":0,"role_counts":{"system":1,"user":1},"source_counts":{"system":2},"tool_call_count":0,"time":"2026-02-07T16:53:51Z","message":"Context stats (ephemeral)"}
{"level":"debug","mysis":"test-mysis","error":"context canceled","time":"2026-02-07T16:53:51Z","message":"Ignoring error - mysis was intentionally stopped"}
{"level":"debug","mysis_id":"060830a0-04d9-4b09-825b-a73fc4a41f30","mysis_name":"test-mysis","stage":"context_memories","memory_count":2,"message_count":0,"content_bytes":542,"reasoning_bytes":0,"role_counts":{"system":1,"user":1},"source_counts":{"system":2},"tool_call_count":0,"time":"2026-02-07T16:53:51Z","message":"Context stats (ephemeral)"}
{"level":"debug","mysis_id":"060830a0-04d9-4b09-825b-a73fc4a41f30","mysis_name":"test-mysis","stage":"messages_converted","memory_count":2,"message_count":3,"content_bytes":631,"reasoning_bytes":0,"role_counts":{"system":1,"user":1},"source_counts":{"system":2},"tool_call_count":0,"time":"2026-02-07T16:53:51Z","message":"Context stats (ephemeral)"}
{"level":"debug","mysis_id":"060830a0-04d9-4b09-825b-a73fc4a41f30","mysis_name":"test-mysis","stage":"before_llm_call","memory_count":2,"message_count":3,"content_bytes":631,"reasoning_bytes":0,"role_counts":{"system":1,"user":1},"source_counts":{"system":2},"tool_call_count":0,"time":"2026-02-07T16:53:51Z","message":"Context stats (ephemeral)"}
{"level":"debug","mysis":"test-mysis","error":"context canceled","time":"2026-02-07T16:53:51Z","message":"Ignoring error - mysis was intentionally stopped"}
{"level":"debug","mysis_id":"8119e9f8-2845-4141-8624-fddc7cd72457","mysis_name":"test-mysis","stage":"context_memories","memory_count":2,"message_count":0,"content_bytes":542,"reasoning_bytes":0,"role_counts":{"system":1,"user":1},"source_counts":{"system":2},"tool_call_count":0,"time":"2026-02-07T16:53:51Z","message":"Context stats (ephemeral)"}
{"level":"debug","mysis_id":"8119e9f8-2845-4141-8624-fddc7cd72457","mysis_name":"test-mysis","stage":"messages_converted","memory_count":2,"message_count":3,"content_bytes":631,"reasoning_bytes":0,"role_counts":{"system":1,"user":1},"source_counts":{"system":2},"tool_call_count":0,"time":"2026-02-07T16:53:51Z","message":"Context stats (ephemeral)"}
{"level":"debug","mysis_id":"8119e9f8-2845-4141-8624-fddc7cd72457","mysis_name":"test-mysis","stage":"before_llm_call","memory_count":2,"message_count":3,"content_bytes":631,"reasoning_bytes":0,"role_counts":{"system":1,"user":1},"source_counts":{"system":2},"tool_call_count":0,"time":"2026-02-07T16:53:51Z","message":"Context stats (ephemeral)"}
{"level":"debug","mysis":"test-mysis","error":"context canceled","time":"2026-02-07T16:53:51Z","message":"Ignoring error - mysis was intentionally stopped"}
{"level":"debug","mysis_id":"1b433675-6df4-4420-b474-6c852f035f84","mysis_name":"test-mysis","stage":"context_memories","memory_count":2,"message_count":0,"content_bytes":542,"reasoning_bytes":0,"role_counts":{"system":1,"user":1},"source_counts":{"system":2},"tool_call_count":0,"time":"2026-02-07T16:53:51Z","message":"Context stats (ephemeral)"}
{"level":"debug","mysis_id":"1b433675-6df4-4420-b474-6c852f035f84","mysis_name":"test-mysis","stage":"messages_converted","memory_count":2,"message_count":3,"content_bytes":631,"reasoning_bytes":0,"role_counts":{"system":1,"user":1},"source_counts":{"system":2},"tool_call_count":0,"time":"2026-02-07T16:53:51Z","message":"Context stats (ephemeral)"}
{"level":"debug","mysis_id":"1b433675-6df4-4420-b474-6c852f035f84","mysis_name":"test-mysis","stage":"before_llm_call","memory_count":2,"message_count":3,"content_bytes":631,"reasoning_bytes":0,"role_counts":{"system":1,"user":1},"source_counts":{"system":2},"tool_call_count":0,"time":"2026-02-07T16:53:51Z","message":"Context stats (ephemeral)"}
{"level":"debug","mysis":"test-mysis","error":"context canceled","time":"2026-02-07T16:53:51Z","message":"Ignoring error - mysis was intentionally stopped"}
{"level":"debug","mysis_id":"1ffd4bf9-c17a-4d80-acd3-fc7a74095e43","mysis_name":"test-mysis","stage":"context_memories","memory_count":2,"message_count":0,"content_bytes":542,"reasoning_bytes":0,"role_counts":{"system":1,"user":1},"source_counts":{"system":2},"tool_call_count":0,"time":"2026-02-07T16:53:51Z","message":"Context stats (ephemeral)"}
{"level":"debug","mysis_id":"1ffd4bf9-c17a-4d80-acd3-fc7a74095e43","mysis_name":"test-mysis","stage":"messages_converted","memory_count":2,"message_count":3,"content_bytes":631,"reasoning_bytes":0,"role_counts":{"system":1,"user":1},"source_counts":{"system":2},"tool_call_count":0,"time":"2026-02-07T16:53:51Z","message":"Context stats (ephemeral)"}
{"level":"debug","mysis_id":"1ffd4bf9-c17a-4d80-acd3-fc7a74095e43","mysis_name":"test-mysis","stage":"before_llm_call","memory_count":2,"message_count":3,"content_bytes":631,"reasoning_bytes":0,"role_counts":{"system":1,"user":1},"source_counts":{"system":2},"tool_call_count":0,"time":"2026-02-07T16:53:51Z","message":"Context stats (ephemeral)"}
{"level":"debug","mysis":"test-mysis","error":"context canceled","time":"2026-02-07T16:53:51Z","message":"Ignoring error - mysis was intentionally stopped"}
{"level":"debug","mysis_id":"a7d2e143-c11d-420c-8a52-a324740dd525","mysis_name":"test-mysis","stage":"context_memories","memory_count":2,"message_count":0,"content_bytes":542,"reasoning_bytes":0,"role_counts":{"system":1,"user":1},"source_counts":{"system":2},"tool_call_count":0,"time":"2026-02-07T16:53:51Z","message":"Context stats (ephemeral)"}
{"level":"debug","mysis_id":"a7d2e143-c11d-420c-8a52-a324740dd525","mysis_name":"test-mysis","stage":"messages_converted","memory_count":2,"message_count":3,"content_bytes":631,"reasoning_bytes":0,"role_counts":{"system":1,"user":1},"source_counts":{"system":2},"tool_call_count":0,"time":"2026-02-07T16:53:51Z","message":"Context stats (ephemeral)"}
{"level":"debug","mysis_id":"a7d2e143-c11d-420c-8a52-a324740dd525","mysis_name":"test-mysis","stage":"before_llm_call","memory_count":2,"message_count":3,"content_bytes":631,"reasoning_bytes":0,"role_counts":{"system":1,"user":1},"source_counts":{"system":2},"tool_call_count":0,"time":"2026-02-07T16:53:51Z","message":"Context stats (ephemeral)"}
{"level":"debug","mysis":"test-mysis","error":"context canceled","time":"2026-02-07T16:53:51Z","message":"Ignoring error - mysis was intentionally stopped"}
{"level":"debug","mysis_id":"533b0127-9859-4610-bb2e-9963a5f8645a","mysis_name":"test-mysis","stage":"context_memories","memory_count":2,"message_count":0,"content_bytes":542,"reasoning_bytes":0,"role_counts":{"system":1,"user":1},"source_counts":{"system":2},"tool_call_count":0,"time":"2026-02-07T16:53:51Z","message":"Context stats (ephemeral)"}
{"level":"debug","mysis_id":"533b0127-9859-4610-bb2e-9963a5f8645a","mysis_name":"test-mysis","stage":"messages_converted","memory_count":2,"message_count":3,"content_bytes":631,"reasoning_bytes":0,"role_counts":{"system":1,"user":1},"source_counts":{"system":2},"tool_call_count":0,"time":"2026-02-07T16:53:51Z","message":"Context stats (ephemeral)"}
{"level":"debug","mysis_id":"533b0127-9859-4610-bb2e-9963a5f8645a","mysis_name":"test-mysis","stage":"before_llm_call","memory_count":2,"message_count":3,"content_bytes":631,"reasoning_bytes":0,"role_counts":{"system":1,"user":1},"source_counts":{"system":2},"tool_call_count":0,"time":"2026-02-07T16:53:51Z","message":"Context stats (ephemeral)"}
{"level":"debug","mysis":"test-mysis","error":"context canceled","time":"2026-02-07T16:53:51Z","message":"Ignoring error - mysis was intentionally stopped"}
{"level":"debug","mysis_id":"2e227dee-a9d2-46e8-bd3d-0d2baab16f8d","mysis_name":"test-mysis","stage":"context_memories","memory_count":2,"message_count":0,"content_bytes":542,"reasoning_bytes":0,"role_counts":{"system":1,"user":1},"source_counts":{"system":2},"tool_call_count":0,"time":"2026-02-07T16:53:51Z","message":"Context stats (ephemeral)"}
{"level":"debug","mysis_id":"2e227dee-a9d2-46e8-bd3d-0d2baab16f8d","mysis_name":"test-mysis","stage":"messages_converted","memory_count":2,"message_count":3,"content_bytes":631,"reasoning_bytes":0,"role_counts":{"system":1,"user":1},"source_counts":{"system":2},"tool_call_count":0,"time":"2026-02-07T16:53:51Z","message":"Context stats (ephemeral)"}
{"level":"debug","mysis_id":"2e227dee-a9d2-46e8-bd3d-0d2baab16f8d","mysis_name":"test-mysis","stage":"before_llm_call","memory_count":2,"message_count":3,"content_bytes":631,"reasoning_bytes":0,"role_counts":{"system":1,"user":1},"source_counts":{"system":2},"tool_call_count":0,"time":"2026-02-07T16:53:51Z","message":"Context stats (ephemeral)"}
{"level":"debug","mysis":"test-mysis","error":"context canceled","time":"2026-02-07T16:53:51Z","message":"Ignoring error - mysis was intentionally stopped"}
{"level":"debug","mysis_id":"5bbd9ce9-1035-41ef-bed0-2dacd457a8c3","mysis_name":"test-mysis","stage":"context_memories","memory_count":2,"message_count":0,"content_bytes":542,"reasoning_bytes":0,"role_counts":{"system":1,"user":1},"source_counts":{"system":2},"tool_call_count":0,"time":"2026-02-07T16:53:51Z","message":"Context stats (ephemeral)"}
{"level":"debug","mysis_id":"5bbd9ce9-1035-41ef-bed0-2dacd457a8c3","mysis_name":"test-mysis","stage":"messages_converted","memory_count":2,"message_count":3,"content_bytes":631,"reasoning_bytes":0,"role_counts":{"system":1,"user":1},"source_counts":{"system":2},"tool_call_count":0,"time":"2026-02-07T16:53:51Z","message":"Context stats (ephemeral)"}
{"level":"debug","mysis_id":"5bbd9ce9-1035-41ef-bed0-2dacd457a8c3","mysis_name":"test-mysis","stage":"before_llm_call","memory_count":2,"message_count":3,"content_bytes":631,"reasoning_bytes":0,"role_counts":{"system":1,"user":1},"source_counts":{"system":2},"tool_call_count":0,"time":"2026-02-07T16:53:51Z","message":"Context stats (ephemeral)"}
{"level":"debug","mysis":"test-mysis","error":"context canceled","time":"2026-02-07T16:53:51Z","message":"Ignoring error - mysis was intentionally stopped"}
{"level":"debug","mysis_id":"a639459e-fac4-4ee8-aa72-ea188c1063bb","mysis_name":"test-mysis","stage":"context_memories","memory_count":2,"message_count":0,"content_bytes":542,"reasoning_bytes":0,"role_counts":{"system":1,"user":1},"source_counts":{"system":2},"tool_call_count":0,"time":"2026-02-07T16:53:51Z","message":"Context stats (ephemeral)"}
{"level":"debug","mysis_id":"a639459e-fac4-4ee8-aa72-ea188c1063bb","mysis_name":"test-mysis","stage":"messages_converted","memory_count":2,"message_count":3,"content_bytes":631,"reasoning_bytes":0,"role_counts":{"system":1,"user":1},"source_counts":{"system":2},"tool_call_count":0,"time":"2026-02-07T16:53:51Z","message":"Context stats (ephemeral)"}
{"level":"debug","mysis_id":"a639459e-fac4-4ee8-aa72-ea188c1063bb","mysis_name":"test-mysis","stage":"before_llm_call","memory_count":2,"message_count":3,"content_bytes":631,"reasoning_bytes":0,"role_counts":{"system":1,"user":1},"source_counts":{"system":2},"tool_call_count":0,"time":"2026-02-07T16:53:51Z","message":"Context stats (ephemeral)"}
{"level":"debug","mysis":"test-mysis","error":"context canceled","time":"2026-02-07T16:53:51Z","message":"Ignoring error - mysis was intentionally stopped"}
{"level":"debug","mysis_id":"552ae359-f093-46e5-b5a5-ce6f08f323f4","mysis_name":"test-mysis","stage":"context_memories","memory_count":2,"message_count":0,"content_bytes":542,"reasoning_bytes":0,"role_counts":{"system":1,"user":1},"source_counts":{"system":2},"tool_call_count":0,"time":"2026-02-07T16:53:51Z","message":"Context stats (ephemeral)"}
{"level":"debug","mysis_id":"552ae359-f093-46e5-b5a5-ce6f08f323f4","mysis_name":"test-mysis","stage":"messages_converted","memory_count":2,"message_count":3,"content_bytes":631,"reasoning_bytes":0,"role_counts":{"system":1,"user":1},"source_counts":{"system":2},"tool_call_count":0,"time":"2026-02-07T16:53:51Z","message":"Context stats (ephemeral)"}
{"level":"debug","mysis_id":"552ae359-f093-46e5-b5a5-ce6f08f323f4","mysis_name":"test-mysis","stage":"before_llm_call","memory_count":2,"message_count":3,"content_bytes":631,"reasoning_bytes":0,"role_counts":{"system":1,"user":1},"source_counts":{"system":2},"tool_call_count":0,"time":"2026-02-07T16:53:51Z","message":"Context stats (ephemeral)"}
{"level":"debug","mysis":"test-mysis","error":"context canceled","time":"2026-02-07T16:53:51Z","message":"Ignoring error - mysis was intentionally stopped"}
{"level":"debug","mysis_id":"6626ff17-6317-4c67-9a60-0f770e8f3d71","mysis_name":"test-mysis","stage":"context_memories","memory_count":2,"message_count":0,"content_bytes":542,"reasoning_bytes":0,"role_counts":{"system":1,"user":1},"source_counts":{"system":2},"tool_call_count":0,"time":"2026-02-07T16:53:51Z","message":"Context stats (ephemeral)"}
{"level":"debug","mysis_id":"6626ff17-6317-4c67-9a60-0f770e8f3d71","mysis_name":"test-mysis","stage":"messages_converted","memory_count":2,"message_count":3,"content_bytes":631,"reasoning_bytes":0,"role_counts":{"system":1,"user":1},"source_counts":{"system":2},"tool_call_count":0,"time":"2026-02-07T16:53:51Z","message":"Context stats (ephemeral)"}
{"level":"debug","mysis_id":"6626ff17-6317-4c67-9a60-0f770e8f3d71","mysis_name":"test-mysis","stage":"before_llm_call","memory_count":2,"message_count":3,"content_bytes":631,"reasoning_bytes":0,"role_counts":{"system":1,"user":1},"source_counts":{"system":2},"tool_call_count":0,"time":"2026-02-07T16:53:51Z","message":"Context stats (ephemeral)"}
{"level":"debug","mysis":"test-mysis","error":"context canceled","time":"2026-02-07T16:53:51Z","message":"Ignoring error - mysis was intentionally stopped"}
{"level":"debug","mysis_id":"cbafbad4-f3ac-40fd-a0ad-9258e6de3d52","mysis_name":"test-mysis","stage":"context_memories","memory_count":2,"message_count":0,"content_bytes":542,"reasoning_bytes":0,"role_counts":{"system":1,"user":1},"source_counts":{"system":2},"tool_call_count":0,"time":"2026-02-07T16:53:51Z","message":"Context stats (ephemeral)"}
{"level":"debug","mysis_id":"cbafbad4-f3ac-40fd-a0ad-9258e6de3d52","mysis_name":"test-mysis","stage":"messages_converted","memory_count":2,"message_count":3,"content_bytes":631,"reasoning_bytes":0,"role_counts":{"system":1,"user":1},"source_counts":{"system":2},"tool_call_count":0,"time":"2026-02-07T16:53:51Z","message":"Context stats (ephemeral)"}
{"level":"debug","mysis_id":"cbafbad4-f3ac-40fd-a0ad-9258e6de3d52","mysis_name":"test-mysis","stage":"before_llm_call","memory_count":2,"message_count":3,"content_bytes":631,"reasoning_bytes":0,"role_counts":{"system":1,"user":1},"source_counts":{"system":2},"tool_call_count":0,"time":"2026-02-07T16:53:51Z","message":"Context stats (ephemeral)"}
{"level":"debug","mysis":"test-mysis","error":"context canceled","time":"2026-02-07T16:53:51Z","message":"Ignoring error - mysis was intentionally stopped"}
{"level":"debug","mysis_id":"6a170606-932f-4b45-b77b-3a4a93cc46b9","mysis_name":"test-mysis","stage":"context_memories","memory_count":2,"message_count":0,"content_bytes":542,"reasoning_bytes":0,"role_counts":{"system":1,"user":1},"source_counts":{"system":2},"tool_call_count":0,"time":"2026-02-07T16:53:51Z","message":"Context stats (ephemeral)"}
{"level":"debug","mysis_id":"6a170606-932f-4b45-b77b-3a4a93cc46b9","mysis_name":"test-mysis","stage":"messages_converted","memory_count":2,"message_count":3,"content_bytes":631,"reasoning_bytes":0,"role_counts":{"system":1,"user":1},"source_counts":{"system":2},"tool_call_count":0,"time":"2026-02-07T16:53:51Z","message":"Context stats (ephemeral)"}
{"level":"debug","mysis_id":"6a170606-932f-4b45-b77b-3a4a93cc46b9","mysis_name":"test-mysis","stage":"before_llm_call","memory_count":2,"message_count":3,"content_bytes":631,"reasoning_bytes":0,"role_counts":{"system":1,"user":1},"source_counts":{"system":2},"tool_call_count":0,"time":"2026-02-07T16:53:51Z","message":"Context stats (ephemeral)"}
{"level":"debug","mysis":"test-mysis","error":"context canceled","time":"2026-02-07T16:53:51Z","message":"Ignoring error - mysis was intentionally stopped"}
{"level":"debug","mysis_id":"14347439-0c7c-40e3-817c-83b10e75001b","mysis_name":"test-mysis","stage":"context_memories","memory_count":2,"message_count":0,"content_bytes":542,"reasoning_bytes":0,"role_counts":{"system":1,"user":1},"source_counts":{"system":2},"tool_call_count":0,"time":"2026-02-07T16:53:51Z","message":"Context stats (ephemeral)"}
{"level":"debug","mysis_id":"14347439-0c7c-40e3-817c-83b10e75001b","mysis_name":"test-mysis","stage":"messages_converted","memory_count":2,"message_count":3,"content_bytes":631,"reasoning_bytes":0,"role_counts":{"system":1,"user":1},"source_counts":{"system":2},"tool_call_count":0,"time":"2026-02-07T16:53:51Z","message":"Context stats (ephemeral)"}
{"level":"debug","mysis_id":"14347439-0c7c-40e3-817c-83b10e75001b","mysis_name":"test-mysis","stage":"before_llm_call","memory_count":2,"message_count":3,"content_bytes":631,"reasoning_bytes":0,"role_counts":{"system":1,"user":1},"source_counts":{"system":2},"tool_call_count":0,"time":"2026-02-07T16:53:51Z","message":"Context stats (ephemeral)"}
{"level":"debug","mysis":"test-mysis","error":"context canceled","time":"2026-02-07T16:53:51Z","message":"Ignoring error - mysis was intentionally stopped"}
{"level":"debug","mysis_id":"e230936c-bfad-4e81-9f7a-8114441581d0","mysis_name":"test-mysis","stage":"context_memories","memory_count":2,"message_count":0,"content_bytes":542,"reasoning_bytes":0,"role_counts":{"system":1,"user":1},"source_counts":{"system":2},"tool_call_count":0,"time":"2026-02-07T16:53:51Z","message":"Context stats (ephemeral)"}
{"level":"debug","mysis_id":"e230936c-bfad-4e81-9f7a-8114441581d0","mysis_name":"test-mysis","stage":"messages_converted","memory_count":2,"message_count":3,"content_bytes":631,"reasoning_bytes":0,"role_counts":{"system":1,"user":1},"source_counts":{"system":2},"tool_call_count":0,"time":"2026-02-07T16:53:51Z","message":"Context stats (ephemeral)"}
{"level":"debug","mysis_id":"e230936c-bfad-4e81-9f7a-8114441581d0","mysis_name":"test-mysis","stage":"before_llm_call","memory_count":2,"message_count":3,"content_bytes":631,"reasoning_bytes":0,"role_counts":{"system":1,"user":1},"source_counts":{"system":2},"tool_call_count":0,"time":"2026-02-07T16:53:51Z","message":"Context stats (ephemeral)"}
{"level":"debug","mysis":"test-mysis","error":"context canceled","time":"2026-02-07T16:53:51Z","message":"Ignoring error - mysis was intentionally stopped"}
{"level":"debug","mysis_id":"3db747c5-db8e-4546-bb88-8a6c8fbbe659","mysis_name":"test-mysis","stage":"context_memories","memory_count":2,"message_count":0,"content_bytes":542,"reasoning_bytes":0,"role_counts":{"system":1,"user":1},"source_counts":{"system":2},"tool_call_count":0,"time":"2026-02-07T16:53:51Z","message":"Context stats (ephemeral)"}
{"level":"debug","mysis_id":"3db747c5-db8e-4546-bb88-8a6c8fbbe659","mysis_name":"test-mysis","stage":"messages_converted","memory_count":2,"message_count":3,"content_bytes":631,"reasoning_bytes":0,"role_counts":{"system":1,"user":1},"source_counts":{"system":2},"tool_call_count":0,"time":"2026-02-07T16:53:51Z","message":"Context stats (ephemeral)"}
{"level":"debug","mysis_id":"3db747c5-db8e-4546-bb88-8a6c8fbbe659","mysis_name":"test-mysis","stage":"before_llm_call","memory_count":2,"message_count":3,"content_bytes":631,"reasoning_bytes":0,"role_counts":{"system":1,"user":1},"source_counts":{"system":2},"tool_call_count":0,"time":"2026-02-07T16:53:51Z","message":"Context stats (ephemeral)"}
{"level":"debug","mysis":"test-mysis","error":"context canceled","time":"2026-02-07T16:53:51Z","message":"Ignoring error - mysis was intentionally stopped"}
{"level":"debug","mysis_id":"43e0dd43-f6bc-4407-84a7-c1ec760c82df","mysis_name":"test-mysis","stage":"context_memories","memory_count":2,"message_count":0,"content_bytes":542,"reasoning_bytes":0,"role_counts":{"system":1,"user":1},"source_counts":{"system":2},"tool_call_count":0,"time":"2026-02-07T16:53:51Z","message":"Context stats (ephemeral)"}
{"level":"debug","mysis_id":"43e0dd43-f6bc-4407-84a7-c1ec760c82df","mysis_name":"test-mysis","stage":"messages_converted","memory_count":2,"message_count":3,"content_bytes":631,"reasoning_bytes":0,"role_counts":{"system":1,"user":1},"source_counts":{"system":2},"tool_call_count":0,"time":"2026-02-07T16:53:51Z","message":"Context stats (ephemeral)"}
{"level":"debug","mysis_id":"43e0dd43-f6bc-4407-84a7-c1ec760c82df","mysis_name":"test-mysis","stage":"before_llm_call","memory_count":2,"message_count":3,"content_bytes":631,"reasoning_bytes":0,"role_counts":{"system":1,"user":1},"source_counts":{"system":2},"tool_call_count":0,"time":"2026-02-07T16:53:51Z","message":"Context stats (ephemeral)"}
{"level":"debug","mysis":"test-mysis","error":"context canceled","time":"2026-02-07T16:53:51Z","message":"Ignoring error - mysis was intentionally stopped"}
{"level":"debug","mysis_id":"627134f5-03a0-4d36-abf0-306a4817a689","mysis_name":"test-mysis","stage":"context_memories","memory_count":2,"message_count":0,"content_bytes":542,"reasoning_bytes":0,"role_counts":{"system":1,"user":1},"source_counts":{"system":2},"tool_call_count":0,"time":"2026-02-07T16:53:51Z","message":"Context stats (ephemeral)"}
{"level":"debug","mysis_id":"627134f5-03a0-4d36-abf0-306a4817a689","mysis_name":"test-mysis","stage":"messages_converted","memory_count":2,"message_count":3,"content_bytes":631,"reasoning_bytes":0,"role_counts":{"system":1,"user":1},"source_counts":{"system":2},"tool_call_count":0,"time":"2026-02-07T16:53:51Z","message":"Context stats (ephemeral)"}
{"level":"debug","mysis_id":"627134f5-03a0-4d36-abf0-306a4817a689","mysis_name":"test-mysis","stage":"before_llm_call","memory_count":2,"message_count":3,"content_bytes":631,"reasoning_bytes":0,"role_counts":{"system":1,"user":1},"source_counts":{"system":2},"tool_call_count":0,"time":"2026-02-07T16:53:51Z","message":"Context stats (ephemeral)"}
{"level":"debug","mysis":"test-mysis","error":"context canceled","time":"2026-02-07T16:53:51Z","message":"Ignoring error - mysis was intentionally stopped"}
{"level":"debug","mysis_id":"55432e2d-51a5-4ea2-bab0-e2b3082a9003","mysis_name":"test-mysis","stage":"context_memories","memory_count":2,"message_count":0,"content_bytes":542,"reasoning_bytes":0,"role_counts":{"system":1,"user":1},"source_counts":{"system":2},"tool_call_count":0,"time":"2026-02-07T16:53:51Z","message":"Context stats (ephemeral)"}
{"level":"debug","mysis_id":"55432e2d-51a5-4ea2-bab0-e2b3082a9003","mysis_name":"test-mysis","stage":"messages_converted","memory_count":2,"message_count":3,"content_bytes":631,"reasoning_bytes":0,"role_counts":{"system":1,"user":1},"source_counts":{"system":2},"tool_call_count":0,"time":"2026-02-07T16:53:51Z","message":"Context stats (ephemeral)"}
{"level":"debug","mysis_id":"55432e2d-51a5-4ea2-bab0-e2b3082a9003","mysis_name":"test-mysis","stage":"before_llm_call","memory_count":2,"message_count":3,"content_bytes":631,"reasoning_bytes":0,"role_counts":{"system":1,"user":1},"source_counts":{"system":2},"tool_call_count":0,"time":"2026-02-07T16:53:51Z","message":"Context stats (ephemeral)"}
{"level":"debug","mysis":"test-mysis","error":"context canceled","time":"2026-02-07T16:53:51Z","message":"Ignoring error - mysis was intentionally stopped"}
{"level":"debug","mysis_id":"873d20f2-8e93-4be2-aa32-44b92e480578","mysis_name":"test-mysis","stage":"context_memories","memory_count":2,"message_count":0,"content_bytes":542,"reasoning_bytes":0,"role_counts":{"system":1,"user":1},"source_counts":{"system":2},"tool_call_count":0,"time":"2026-02-07T16:53:51Z","message":"Context stats (ephemeral)"}
{"level":"debug","mysis_id":"873d20f2-8e93-4be2-aa32-44b92e480578","mysis_name":"test-mysis","stage":"messages_converted","memory_count":2,"message_count":3,"content_bytes":631,"reasoning_bytes":0,"role_counts":{"system":1,"user":1},"source_counts":{"system":2},"tool_call_count":0,"time":"2026-02-07T16:53:51Z","message":"Context stats (ephemeral)"}
{"level":"debug","mysis_id":"873d20f2-8e93-4be2-aa32-44b92e480578","mysis_name":"test-mysis","stage":"before_llm_call","memory_count":2,"message_count":3,"content_bytes":631,"reasoning_bytes":0,"role_counts":{"system":1,"user":1},"source_counts":{"system":2},"tool_call_count":0,"time":"2026-02-07T16:53:51Z","message":"Context stats (ephemeral)"}
{"level":"debug","mysis":"test-mysis","error":"context canceled","time":"2026-02-07T16:53:51Z","message":"Ignoring error - mysis was intentionally stopped"}
{"level":"debug","mysis_id":"3399d959-db04-4801-b8d2-eda390bae0f5","mysis_name":"test-mysis","stage":"context_memories","memory_count":2,"message_count":0,"content_bytes":542,"reasoning_bytes":0,"role_counts":{"system":1,"user":1},"source_counts":{"system":2},"tool_call_count":0,"time":"2026-02-07T16:53:51Z","message":"Context stats (ephemeral)"}
{"level":"debug","mysis_id":"3399d959-db04-4801-b8d2-eda390bae0f5","mysis_name":"test-mysis","stage":"messages_converted","memory_count":2,"message_count":3,"content_bytes":631,"reasoning_bytes":0,"role_counts":{"system":1,"user":1},"source_counts":{"system":2},"tool_call_count":0,"time":"2026-02-07T16:53:51Z","message":"Context stats (ephemeral)"}
{"level":"debug","mysis_id":"3399d959-db04-4801-b8d2-eda390bae0f5","mysis_name":"test-mysis","stage":"before_llm_call","memory_count":2,"message_count":3,"content_bytes":631,"reasoning_bytes":0,"role_counts":{"system":1,"user":1},"source_counts":{"system":2},"tool_call_count":0,"time":"2026-02-07T16:53:51Z","message":"Context stats (ephemeral)"}
{"level":"debug","mysis":"test-mysis","error":"context canceled","time":"2026-02-07T16:53:51Z","message":"Ignoring error - mysis was intentionally stopped"}
{"level":"debug","mysis_id":"749d3517-adfa-419d-a4aa-9e3b008e7b4a","mysis_name":"test-mysis","stage":"context_memories","memory_count":2,"message_count":0,"content_bytes":542,"reasoning_bytes":0,"role_counts":{"system":1,"user":1},"source_counts":{"system":2},"tool_call_count":0,"time":"2026-02-07T16:53:51Z","message":"Context stats (ephemeral)"}
{"level":"debug","mysis_id":"749d3517-adfa-419d-a4aa-9e3b008e7b4a","mysis_name":"test-mysis","stage":"messages_converted","memory_count":2,"message_count":3,"content_bytes":631,"reasoning_bytes":0,"role_counts":{"system":1,"user":1},"source_counts":{"system":2},"tool_call_count":0,"time":"2026-02-07T16:53:51Z","message":"Context stats (ephemeral)"}
{"level":"debug","mysis_id":"749d3517-adfa-419d-a4aa-9e3b008e7b4a","mysis_name":"test-mysis","stage":"before_llm_call","memory_count":2,"message_count":3,"content_bytes":631,"reasoning_bytes":0,"role_counts":{"system":1,"user":1},"source_counts":{"system":2},"tool_call_count":0,"time":"2026-02-07T16:53:51Z","message":"Context stats (ephemeral)"}
{"level":"debug","mysis":"test-mysis","error":"context canceled","time":"2026-02-07T16:53:51Z","message":"Ignoring error - mysis was intentionally stopped"}
{"level":"debug","mysis_id":"df44f7ef-2a31-4588-8a96-c2f87af66b2b","mysis_name":"test-mysis","stage":"context_memories","memory_count":2,"message_count":0,"content_bytes":542,"reasoning_bytes":0,"role_counts":{"system":1,"user":1},"source_counts":{"system":2},"tool_call_count":0,"time":"2026-02-07T16:53:51Z","message":"Context stats (ephemeral)"}
{"level":"debug","mysis_id":"df44f7ef-2a31-4588-8a96-c2f87af66b2b","mysis_name":"test-mysis","stage":"messages_converted","memory_count":2,"message_count":3,"content_bytes":631,"reasoning_bytes":0,"role_counts":{"system":1,"user":1},"source_counts":{"system":2},"tool_call_count":0,"time":"2026-02-07T16:53:51Z","message":"Context stats (ephemeral)"}
{"level":"debug","mysis_id":"df44f7ef-2a31-4588-8a96-c2f87af66b2b","mysis_name":"test-mysis","stage":"before_llm_call","memory_count":2,"message_count":3,"content_bytes":631,"reasoning_bytes":0,"role_counts":{"system":1,"user":1},"source_counts":{"system":2},"tool_call_count":0,"time":"2026-02-07T16:53:51Z","message":"Context stats (ephemeral)"}
{"level":"debug","mysis":"test-mysis","error":"context canceled","time":"2026-02-07T16:53:51Z","message":"Ignoring error - mysis was intentionally stopped"}
{"level":"debug","mysis_id":"96595634-ef53-4ef3-9dae-9a2656e2c7eb","mysis_name":"test-mysis","stage":"context_memories","memory_count":2,"message_count":0,"content_bytes":542,"reasoning_bytes":0,"role_counts":{"system":1,"user":1},"source_counts":{"system":2},"tool_call_count":0,"time":"2026-02-07T16:53:51Z","message":"Context stats (ephemeral)"}
{"level":"debug","mysis_id":"96595634-ef53-4ef3-9dae-9a2656e2c7eb","mysis_name":"test-mysis","stage":"messages_converted","memory_count":2,"message_count":3,"content_bytes":631,"reasoning_bytes":0,"role_counts":{"system":1,"user":1},"source_counts":{"system":2},"tool_call_count":0,"time":"2026-02-07T16:53:51Z","message":"Context stats (ephemeral)"}
{"level":"debug","mysis_id":"96595634-ef53-4ef3-9dae-9a2656e2c7eb","mysis_name":"test-mysis","stage":"before_llm_call","memory_count":2,"message_count":3,"content_bytes":631,"reasoning_bytes":0,"role_counts":{"system":1,"user":1},"source_counts":{"system":2},"tool_call_count":0,"time":"2026-02-07T16:53:51Z","message":"Context stats (ephemeral)"}
{"level":"debug","mysis":"test-mysis","error":"context canceled","time":"2026-02-07T16:53:51Z","message":"Ignoring error - mysis was intentionally stopped"}
{"level":"debug","mysis_id":"9a2dbac8-6f7c-40dd-b602-6e823a62ebc6","mysis_name":"test-mysis","stage":"context_memories","memory_count":2,"message_count":0,"content_bytes":542,"reasoning_bytes":0,"role_counts":{"system":1,"user":1},"source_counts":{"system":2},"tool_call_count":0,"time":"2026-02-07T16:53:51Z","message":"Context stats (ephemeral)"}
{"level":"debug","mysis_id":"9a2dbac8-6f7c-40dd-b602-6e823a62ebc6","mysis_name":"test-mysis","stage":"messages_converted","memory_count":2,"message_count":3,"content_bytes":631,"reasoning_bytes":0,"role_counts":{"system":1,"user":1},"source_counts":{"system":2},"tool_call_count":0,"time":"2026-02-07T16:53:51Z","message":"Context stats (ephemeral)"}
{"level":"debug","mysis_id":"9a2dbac8-6f7c-40dd-b602-6e823a62ebc6","mysis_name":"test-mysis","stage":"before_llm_call","memory_count":2,"message_count":3,"content_bytes":631,"reasoning_bytes":0,"role_counts":{"system":1,"user":1},"source_counts":{"system":2},"tool_call_count":0,"time":"2026-02-07T16:53:51Z","message":"Context stats (ephemeral)"}
{"level":"debug","mysis":"test-mysis","error":"context canceled","time":"2026-02-07T16:53:51Z","message":"Ignoring error - mysis was intentionally stopped"}
{"level":"debug","mysis_id":"e30ad726-c8fd-449e-878f-5858f166015c","mysis_name":"test-mysis","stage":"context_memories","memory_count":2,"message_count":0,"content_bytes":542,"reasoning_bytes":0,"role_counts":{"system":1,"user":1},"source_counts":{"system":2},"tool_call_count":0,"time":"2026-02-07T16:53:51Z","message":"Context stats (ephemeral)"}
{"level":"debug","mysis_id":"e30ad726-c8fd-449e-878f-5858f166015c","mysis_name":"test-mysis","stage":"messages_converted","memory_count":2,"message_count":3,"content_bytes":631,"reasoning_bytes":0,"role_counts":{"system":1,"user":1},"source_counts":{"system":2},"tool_call_count":0,"time":"2026-02-07T16:53:51Z","message":"Context stats (ephemeral)"}
{"level":"debug","mysis_id":"e30ad726-c8fd-449e-878f-5858f166015c","mysis_name":"test-mysis","stage":"before_llm_call","memory_count":2,"message_count":3,"content_bytes":631,"reasoning_bytes":0,"role_counts":{"system":1,"user":1},"source_counts":{"system":2},"tool_call_count":0,"time":"2026-02-07T16:53:51Z","message":"Context stats (ephemeral)"}
{"level":"debug","mysis":"test-mysis","error":"context canceled","time":"2026-02-07T16:53:51Z","message":"Ignoring error - mysis was intentionally stopped"}
{"level":"debug","mysis_id":"c33ad6ae-d5fa-4f69-b063-d3fa0f6b1f5b","mysis_name":"test-mysis","stage":"context_memories","memory_count":2,"message_count":0,"content_bytes":542,"reasoning_bytes":0,"role_counts":{"system":1,"user":1},"source_counts":{"system":2},"tool_call_count":0,"time":"2026-02-07T16:53:51Z","message":"Context stats (ephemeral)"}
{"level":"debug","mysis_id":"c33ad6ae-d5fa-4f69-b063-d3fa0f6b1f5b","mysis_name":"test-mysis","stage":"messages_converted","memory_count":2,"message_count":3,"content_bytes":631,"reasoning_bytes":0,"role_counts":{"system":1,"user":1},"source_counts":{"system":2},"tool_call_count":0,"time":"2026-02-07T16:53:51Z","message":"Context stats (ephemeral)"}
{"level":"debug","mysis_id":"c33ad6ae-d5fa-4f69-b063-d3fa0f6b1f5b","mysis_name":"test-mysis","stage":"before_llm_call","memory_count":2,"message_count":3,"content_bytes":631,"reasoning_bytes":0,"role_counts":{"system":1,"user":1},"source_counts":{"system":2},"tool_call_count":0,"time":"2026-02-07T16:53:51Z","message":"Context stats (ephemeral)"}
{"level":"debug","mysis":"test-mysis","error":"context canceled","time":"2026-02-07T16:53:51Z","message":"Ignoring error - mysis was intentionally stopped"}
{"level":"debug","mysis_id":"2f455d7f-829c-4cc0-b352-61f61b8d63c9","mysis_name":"test-mysis","stage":"context_memories","memory_count":2,"message_count":0,"content_bytes":542,"reasoning_bytes":0,"role_counts":{"system":1,"user":1},"source_counts":{"system":2},"tool_call_count":0,"time":"2026-02-07T16:53:51Z","message":"Context stats (ephemeral)"}
{"level":"debug","mysis_id":"2f455d7f-829c-4cc0-b352-61f61b8d63c9","mysis_name":"test-mysis","stage":"messages_converted","memory_count":2,"message_count":3,"content_bytes":631,"reasoning_bytes":0,"role_counts":{"system":1,"user":1},"source_counts":{"system":2},"tool_call_count":0,"time":"2026-02-07T16:53:51Z","message":"Context stats (ephemeral)"}
{"level":"debug","mysis_id":"2f455d7f-829c-4cc0-b352-61f61b8d63c9","mysis_name":"test-mysis","stage":"before_llm_call","memory_count":2,"message_count":3,"content_bytes":631,"reasoning_bytes":0,"role_counts":{"system":1,"user":1},"source_counts":{"system":2},"tool_call_count":0,"time":"2026-02-07T16:53:51Z","message":"Context stats (ephemeral)"}
{"level":"debug","mysis":"test-mysis","error":"context canceled","time":"2026-02-07T16:53:51Z","message":"Ignoring error - mysis was intentionally stopped"}
{"level":"debug","mysis_id":"be700a21-35cd-4bdf-9761-2b5776d15eb1","mysis_name":"test-mysis","stage":"context_memories","memory_count":2,"message_count":0,"content_bytes":542,"reasoning_bytes":0,"role_counts":{"system":1,"user":1},"source_counts":{"system":2},"tool_call_count":0,"time":"2026-02-07T16:53:51Z","message":"Context stats (ephemeral)"}
{"level":"debug","mysis_id":"be700a21-35cd-4bdf-9761-2b5776d15eb1","mysis_name":"test-mysis","stage":"messages_converted","memory_count":2,"message_count":3,"content_bytes":631,"reasoning_bytes":0,"role_counts":{"system":1,"user":1},"source_counts":{"system":2},"tool_call_count":0,"time":"2026-02-07T16:53:51Z","message":"Context stats (ephemeral)"}
{"level":"debug","mysis_id":"be700a21-35cd-4bdf-9761-2b5776d15eb1","mysis_name":"test-mysis","stage":"before_llm_call","memory_count":2,"message_count":3,"content_bytes":631,"reasoning_bytes":0,"role_counts":{"system":1,"user":1},"source_counts":{"system":2},"tool_call_count":0,"time":"2026-02-07T16:53:51Z","message":"Context stats (ephemeral)"}
{"level":"debug","mysis":"test-mysis","error":"context canceled","time":"2026-02-07T16:53:51Z","message":"Ignoring error - mysis was intentionally stopped"}
{"level":"debug","mysis_id":"7ddadfcc-d649-488f-9719-26b3147584b3","mysis_name":"test-mysis","stage":"context_memories","memory_count":2,"message_count":0,"content_bytes":542,"reasoning_bytes":0,"role_counts":{"system":1,"user":1},"source_counts":{"system":2},"tool_call_count":0,"time":"2026-02-07T16:53:51Z","message":"Context stats (ephemeral)"}
{"level":"debug","mysis_id":"7ddadfcc-d649-488f-9719-26b3147584b3","mysis_name":"test-mysis","stage":"messages_converted","memory_count":2,"message_count":3,"content_bytes":631,"reasoning_bytes":0,"role_counts":{"system":1,"user":1},"source_counts":{"system":2},"tool_call_count":0,"time":"2026-02-07T16:53:51Z","message":"Context stats (ephemeral)"}
{"level":"debug","mysis_id":"7ddadfcc-d649-488f-9719-26b3147584b3","mysis_name":"test-mysis","stage":"before_llm_call","memory_count":2,"message_count":3,"content_bytes":631,"reasoning_bytes":0,"role_counts":{"system":1,"user":1},"source_counts":{"system":2},"tool_call_count":0,"time":"2026-02-07T16:53:51Z","message":"Context stats (ephemeral)"}
{"level":"debug","mysis":"test-mysis","error":"context canceled","time":"2026-02-07T16:53:51Z","message":"Ignoring error - mysis was intentionally stopped"}
{"level":"debug","mysis_id":"f676a651-1e3f-473f-9fe6-b76cad0eabf6","mysis_name":"test-mysis","stage":"context_memories","memory_count":2,"message_count":0,"content_bytes":542,"reasoning_bytes":0,"role_counts":{"system":1,"user":1},"source_counts":{"system":2},"tool_call_count":0,"time":"2026-02-07T16:53:51Z","message":"Context stats (ephemeral)"}
{"level":"debug","mysis_id":"f676a651-1e3f-473f-9fe6-b76cad0eabf6","mysis_name":"test-mysis","stage":"messages_converted","memory_count":2,"message_count":3,"content_bytes":631,"reasoning_bytes":0,"role_counts":{"system":1,"user":1},"source_counts":{"system":2},"tool_call_count":0,"time":"2026-02-07T16:53:51Z","message":"Context stats (ephemeral)"}
{"level":"debug","mysis_id":"f676a651-1e3f-473f-9fe6-b76cad0eabf6","mysis_name":"test-mysis","stage":"before_llm_call","memory_count":2,"message_count":3,"content_bytes":631,"reasoning_bytes":0,"role_counts":{"system":1,"user":1},"source_counts":{"system":2},"tool_call_count":0,"time":"2026-02-07T16:53:51Z","message":"Context stats (ephemeral)"}
{"level":"debug","mysis":"test-mysis","error":"context canceled","time":"2026-02-07T16:53:51Z","message":"Ignoring error - mysis was intentionally stopped"}
{"level":"debug","mysis_id":"bb781ac6-80be-4ba0-a05d-6e7aaed8b6f8","mysis_name":"test-mysis","stage":"context_memories","memory_count":2,"message_count":0,"content_bytes":542,"reasoning_bytes":0,"role_counts":{"system":1,"user":1},"source_counts":{"system":2},"tool_call_count":0,"time":"2026-02-07T16:53:51Z","message":"Context stats (ephemeral)"}
{"level":"debug","mysis_id":"bb781ac6-80be-4ba0-a05d-6e7aaed8b6f8","mysis_name":"test-mysis","stage":"messages_converted","memory_count":2,"message_count":3,"content_bytes":631,"reasoning_bytes":0,"role_counts":{"system":1,"user":1},"source_counts":{"system":2},"tool_call_count":0,"time":"2026-02-07T16:53:51Z","message":"Context stats (ephemeral)"}
{"level":"debug","mysis_id":"bb781ac6-80be-4ba0-a05d-6e7aaed8b6f8","mysis_name":"test-mysis","stage":"before_llm_call","memory_count":2,"message_count":3,"content_bytes":631,"reasoning_bytes":0,"role_counts":{"system":1,"user":1},"source_counts":{"system":2},"tool_call_count":0,"time":"2026-02-07T16:53:51Z","message":"Context stats (ephemeral)"}
{"level":"debug","mysis":"test-mysis","error":"context canceled","time":"2026-02-07T16:53:51Z","message":"Ignoring error - mysis was intentionally stopped"}
{"level":"debug","mysis_id":"c5b0d084-e252-489c-9ab7-471c17694ccf","mysis_name":"test-mysis","stage":"context_memories","memory_count":2,"message_count":0,"content_bytes":542,"reasoning_bytes":0,"role_counts":{"system":1,"user":1},"source_counts":{"system":2},"tool_call_count":0,"time":"2026-02-07T16:53:51Z","message":"Context stats (ephemeral)"}
{"level":"debug","mysis_id":"c5b0d084-e252-489c-9ab7-471c17694ccf","mysis_name":"test-mysis","stage":"messages_converted","memory_count":2,"message_count":3,"content_bytes":631,"reasoning_bytes":0,"role_counts":{"system":1,"user":1},"source_counts":{"system":2},"tool_call_count":0,"time":"2026-02-07T16:53:51Z","message":"Context stats (ephemeral)"}
{"level":"debug","mysis_id":"c5b0d084-e252-489c-9ab7-471c17694ccf","mysis_name":"test-mysis","stage":"before_llm_call","memory_count":2,"message_count":3,"content_bytes":631,"reasoning_bytes":0,"role_counts":{"system":1,"user":1},"source_counts":{"system":2},"tool_call_count":0,"time":"2026-02-07T16:53:51Z","message":"Context stats (ephemeral)"}
{"level":"debug","mysis":"test-mysis","error":"context canceled","time":"2026-02-07T16:53:51Z","message":"Ignoring error - mysis was intentionally stopped"}
{"level":"debug","mysis_id":"0deef938-9662-4987-85f5-ad17627a793d","mysis_name":"test-mysis","stage":"context_memories","memory_count":2,"message_count":0,"content_bytes":542,"reasoning_bytes":0,"role_counts":{"system":1,"user":1},"source_counts":{"system":2},"tool_call_count":0,"time":"2026-02-07T16:53:51Z","message":"Context stats (ephemeral)"}
{"level":"debug","mysis_id":"0deef938-9662-4987-85f5-ad17627a793d","mysis_name":"test-mysis","stage":"messages_converted","memory_count":2,"message_count":3,"content_bytes":631,"reasoning_bytes":0,"role_counts":{"system":1,"user":1},"source_counts":{"system":2},"tool_call_count":0,"time":"2026-02-07T16:53:51Z","message":"Context stats (ephemeral)"}
{"level":"debug","mysis_id":"0deef938-9662-4987-85f5-ad17627a793d","mysis_name":"test-mysis","stage":"before_llm_call","memory_count":2,"message_count":3,"content_bytes":631,"reasoning_bytes":0,"role_counts":{"system":1,"user":1},"source_counts":{"system":2},"tool_call_count":0,"time":"2026-02-07T16:53:51Z","message":"Context stats (ephemeral)"}
{"level":"debug","mysis":"test-mysis","error":"context canceled","time":"2026-02-07T16:53:51Z","message":"Ignoring error - mysis was intentionally stopped"}
{"level":"debug","mysis_id":"7ca6881f-d4a4-487b-b472-8fc263c308e3","mysis_name":"test-mysis","stage":"context_memories","memory_count":2,"message_count":0,"content_bytes":542,"reasoning_bytes":0,"role_counts":{"system":1,"user":1},"source_counts":{"system":2},"tool_call_count":0,"time":"2026-02-07T16:53:51Z","message":"Context stats (ephemeral)"}
{"level":"debug","mysis_id":"7ca6881f-d4a4-487b-b472-8fc263c308e3","mysis_name":"test-mysis","stage":"messages_converted","memory_count":2,"message_count":3,"content_bytes":631,"reasoning_bytes":0,"role_counts":{"system":1,"user":1},"source_counts":{"system":2},"tool_call_count":0,"time":"2026-02-07T16:53:51Z","message":"Context stats (ephemeral)"}
{"level":"debug","mysis_id":"7ca6881f-d4a4-487b-b472-8fc263c308e3","mysis_name":"test-mysis","stage":"before_llm_call","memory_count":2,"message_count":3,"content_bytes":631,"reasoning_bytes":0,"role_counts":{"system":1,"user":1},"source_counts":{"system":2},"tool_call_count":0,"time":"2026-02-07T16:53:51Z","message":"Context stats (ephemeral)"}
{"level":"debug","mysis":"test-mysis","error":"context canceled","time":"2026-02-07T16:53:51Z","message":"Ignoring error - mysis was intentionally stopped"}
{"level":"debug","mysis_id":"5efe024e-9ccc-4c39-918f-c6c4e1984bfa","mysis_name":"test-mysis","stage":"context_memories","memory_count":2,"message_count":0,"content_bytes":542,"reasoning_bytes":0,"role_counts":{"system":1,"user":1},"source_counts":{"system":2},"tool_call_count":0,"time":"2026-02-07T16:53:52Z","message":"Context stats (ephemeral)"}
{"level":"debug","mysis_id":"5efe024e-9ccc-4c39-918f-c6c4e1984bfa","mysis_name":"test-mysis","stage":"messages_converted","memory_count":2,"message_count":3,"content_bytes":631,"reasoning_bytes":0,"role_counts":{"system":1,"user":1},"source_counts":{"system":2},"tool_call_count":0,"time":"2026-02-07T16:53:52Z","message":"Context stats (ephemeral)"}
{"level":"debug","mysis_id":"5efe024e-9ccc-4c39-918f-c6c4e1984bfa","mysis_name":"test-mysis","stage":"before_llm_call","memory_count":2,"message_count":3,"content_bytes":631,"reasoning_bytes":0,"role_counts":{"system":1,"user":1},"source_counts":{"system":2},"tool_call_count":0,"time":"2026-02-07T16:53:52Z","message":"Context stats (ephemeral)"}
{"level":"debug","mysis":"test-mysis","error":"context canceled","time":"2026-02-07T16:53:52Z","message":"Ignoring error - mysis was intentionally stopped"}
{"level":"debug","mysis_id":"b4685f2e-3394-49fb-bd39-f26b866af908","mysis_name":"test-mysis","stage":"context_memories","memory_count":2,"message_count":0,"content_bytes":542,"reasoning_bytes":0,"role_counts":{"system":1,"user":1},"source_counts":{"system":2},"tool_call_count":0,"time":"2026-02-07T16:53:52Z","message":"Context stats (ephemeral)"}
{"level":"debug","mysis_id":"b4685f2e-3394-49fb-bd39-f26b866af908","mysis_name":"test-mysis","stage":"messages_converted","memory_count":2,"message_count":3,"content_bytes":631,"reasoning_bytes":0,"role_counts":{"system":1,"user":1},"source_counts":{"system":2},"tool_call_count":0,"time":"2026-02-07T16:53:52Z","message":"Context stats (ephemeral)"}
{"level":"debug","mysis_id":"b4685f2e-3394-49fb-bd39-f26b866af908","mysis_name":"test-mysis","stage":"before_llm_call","memory_count":2,"message_count":3,"content_bytes":631,"reasoning_bytes":0,"role_counts":{"system":1,"user":1},"source_counts":{"system":2},"tool_call_count":0,"time":"2026-02-07T16:53:52Z","message":"Context stats (ephemeral)"}
{"level":"debug","mysis":"test-mysis","error":"context canceled","time":"2026-02-07T16:53:52Z","message":"Ignoring error - mysis was intentionally stopped"}
{"level":"debug","mysis_id":"c7a02981-267b-454c-b9c8-b8dd3f1eb9d1","mysis_name":"test-mysis","stage":"context_memories","memory_count":2,"message_count":0,"content_bytes":542,"reasoning_bytes":0,"role_counts":{"system":1,"user":1},"source_counts":{"system":2},"tool_call_count":0,"time":"2026-02-07T16:53:52Z","message":"Context stats (ephemeral)"}
{"level":"debug","mysis_id":"c7a02981-267b-454c-b9c8-b8dd3f1eb9d1","mysis_name":"test-mysis","stage":"messages_converted","memory_count":2,"message_count":3,"content_bytes":631,"reasoning_bytes":0,"role_counts":{"system":1,"user":1},"source_counts":{"system":2},"tool_call_count":0,"time":"2026-02-07T16:53:52Z","message":"Context stats (ephemeral)"}
{"level":"debug","mysis_id":"c7a02981-267b-454c-b9c8-b8dd3f1eb9d1","mysis_name":"test-mysis","stage":"before_llm_call","memory_count":2,"message_count":3,"content_bytes":631,"reasoning_bytes":0,"role_counts":{"system":1,"user":1},"source_counts":{"system":2},"tool_call_count":0,"time":"2026-02-07T16:53:52Z","message":"Context stats (ephemeral)"}
{"level":"debug","mysis":"test-mysis","error":"context canceled","time":"2026-02-07T16:53:52Z","message":"Ignoring error - mysis was intentionally stopped"}
{"level":"debug","mysis_id":"f26938b4-c20c-47ea-962b-a014f14b35c6","mysis_name":"test-mysis","stage":"context_memories","memory_count":2,"message_count":0,"content_bytes":542,"reasoning_bytes":0,"role_counts":{"system":1,"user":1},"source_counts":{"system":2},"tool_call_count":0,"time":"2026-02-07T16:53:52Z","message":"Context stats (ephemeral)"}
{"level":"debug","mysis_id":"f26938b4-c20c-47ea-962b-a014f14b35c6","mysis_name":"test-mysis","stage":"messages_converted","memory_count":2,"message_count":3,"content_bytes":631,"reasoning_bytes":0,"role_counts":{"system":1,"user":1},"source_counts":{"system":2},"tool_call_count":0,"time":"2026-02-07T16:53:52Z","message":"Context stats (ephemeral)"}
{"level":"debug","mysis_id":"f26938b4-c20c-47ea-962b-a014f14b35c6","mysis_name":"test-mysis","stage":"before_llm_call","memory_count":2,"message_count":3,"content_bytes":631,"reasoning_bytes":0,"role_counts":{"system":1,"user":1},"source_counts":{"system":2},"tool_call_count":0,"time":"2026-02-07T16:53:52Z","message":"Context stats (ephemeral)"}
{"level":"debug","mysis":"test-mysis","error":"context canceled","time":"2026-02-07T16:53:52Z","message":"Ignoring error - mysis was intentionally stopped"}
{"level":"debug","mysis_id":"f1230436-073d-4b1d-adaa-0f1af038d73d","mysis_name":"test-mysis","stage":"context_memories","memory_count":2,"message_count":0,"content_bytes":542,"reasoning_bytes":0,"role_counts":{"system":1,"user":1},"source_counts":{"system":2},"tool_call_count":0,"time":"2026-02-07T16:53:52Z","message":"Context stats (ephemeral)"}
{"level":"debug","mysis_id":"f1230436-073d-4b1d-adaa-0f1af038d73d","mysis_name":"test-mysis","stage":"messages_converted","memory_count":2,"message_count":3,"content_bytes":631,"reasoning_bytes":0,"role_counts":{"system":1,"user":1},"source_counts":{"system":2},"tool_call_count":0,"time":"2026-02-07T16:53:52Z","message":"Context stats (ephemeral)"}
{"level":"debug","mysis_id":"f1230436-073d-4b1d-adaa-0f1af038d73d","mysis_name":"test-mysis","stage":"before_llm_call","memory_count":2,"message_count":3,"content_bytes":631,"reasoning_bytes":0,"role_counts":{"system":1,"user":1},"source_counts":{"system":2},"tool_call_count":0,"time":"2026-02-07T16:53:52Z","message":"Context stats (ephemeral)"}
{"level":"debug","mysis":"test-mysis","error":"context canceled","time":"2026-02-07T16:53:52Z","message":"Ignoring error - mysis was intentionally stopped"}
{"level":"debug","mysis_id":"771a5f99-3434-409c-b3a9-0111be68428c","mysis_name":"test-mysis","stage":"context_memories","memory_count":2,"message_count":0,"content_bytes":542,"reasoning_bytes":0,"role_counts":{"system":1,"user":1},"source_counts":{"system":2},"tool_call_count":0,"time":"2026-02-07T16:53:52Z","message":"Context stats (ephemeral)"}
{"level":"debug","mysis_id":"771a5f99-3434-409c-b3a9-0111be68428c","mysis_name":"test-mysis","stage":"messages_converted","memory_count":2,"message_count":3,"content_bytes":631,"reasoning_bytes":0,"role_counts":{"system":1,"user":1},"source_counts":{"system":2},"tool_call_count":0,"time":"2026-02-07T16:53:52Z","message":"Context stats (ephemeral)"}
{"level":"debug","mysis_id":"771a5f99-3434-409c-b3a9-0111be68428c","mysis_name":"test-mysis","stage":"before_llm_call","memory_count":2,"message_count":3,"content_bytes":631,"reasoning_bytes":0,"role_counts":{"system":1,"user":1},"source_counts":{"system":2},"tool_call_count":0,"time":"2026-02-07T16:53:52Z","message":"Context stats (ephemeral)"}
{"level":"debug","mysis":"test-mysis","error":"context canceled","time":"2026-02-07T16:53:52Z","message":"Ignoring error - mysis was intentionally stopped"}
{"level":"debug","mysis_id":"a976d51b-9920-4370-beed-ae828be342f1","mysis_name":"test-mysis","stage":"context_memories","memory_count":2,"message_count":0,"content_bytes":542,"reasoning_bytes":0,"role_counts":{"system":1,"user":1},"source_counts":{"system":2},"tool_call_count":0,"time":"2026-02-07T16:53:52Z","message":"Context stats (ephemeral)"}
{"level":"debug","mysis_id":"a976d51b-9920-4370-beed-ae828be342f1","mysis_name":"test-mysis","stage":"messages_converted","memory_count":2,"message_count":3,"content_bytes":631,"reasoning_bytes":0,"role_counts":{"system":1,"user":1},"source_counts":{"system":2},"tool_call_count":0,"time":"2026-02-07T16:53:52Z","message":"Context stats (ephemeral)"}
{"level":"debug","mysis_id":"a976d51b-9920-4370-beed-ae828be342f1","mysis_name":"test-mysis","stage":"before_llm_call","memory_count":2,"message_count":3,"content_bytes":631,"reasoning_bytes":0,"role_counts":{"system":1,"user":1},"source_counts":{"system":2},"tool_call_count":0,"time":"2026-02-07T16:53:52Z","message":"Context stats (ephemeral)"}
{"level":"debug","mysis":"test-mysis","error":"context canceled","time":"2026-02-07T16:53:52Z","message":"Ignoring error - mysis was intentionally stopped"}
{"level":"debug","mysis_id":"b9d89180-bbde-463b-8dc5-08af2b848b99","mysis_name":"test-mysis","stage":"context_memories","memory_count":2,"message_count":0,"content_bytes":542,"reasoning_bytes":0,"role_counts":{"system":1,"user":1},"source_counts":{"system":2},"tool_call_count":0,"time":"2026-02-07T16:53:52Z","message":"Context stats (ephemeral)"}
{"level":"debug","mysis_id":"b9d89180-bbde-463b-8dc5-08af2b848b99","mysis_name":"test-mysis","stage":"messages_converted","memory_count":2,"message_count":3,"content_bytes":631,"reasoning_bytes":0,"role_counts":{"system":1,"user":1},"source_counts":{"system":2},"tool_call_count":0,"time":"2026-02-07T16:53:52Z","message":"Context stats (ephemeral)"}
{"level":"debug","mysis_id":"b9d89180-bbde-463b-8dc5-08af2b848b99","mysis_name":"test-mysis","stage":"before_llm_call","memory_count":2,"message_count":3,"content_bytes":631,"reasoning_bytes":0,"role_counts":{"system":1,"user":1},"source_counts":{"system":2},"tool_call_count":0,"time":"2026-02-07T16:53:52Z","message":"Context stats (ephemeral)"}
{"level":"debug","mysis":"test-mysis","error":"context canceled","time":"2026-02-07T16:53:52Z","message":"Ignoring error - mysis was intentionally stopped"}
{"level":"debug","mysis_id":"455d3904-f28e-47fe-b1e8-9b04e9bf94fb","mysis_name":"test-mysis","stage":"context_memories","memory_count":2,"message_count":0,"content_bytes":542,"reasoning_bytes":0,"role_counts":{"system":1,"user":1},"source_counts":{"system":2},"tool_call_count":0,"time":"2026-02-07T16:53:52Z","message":"Context stats (ephemeral)"}
{"level":"debug","mysis_id":"455d3904-f28e-47fe-b1e8-9b04e9bf94fb","mysis_name":"test-mysis","stage":"messages_converted","memory_count":2,"message_count":3,"content_bytes":631,"reasoning_bytes":0,"role_counts":{"system":1,"user":1},"source_counts":{"system":2},"tool_call_count":0,"time":"2026-02-07T16:53:52Z","message":"Context stats (ephemeral)"}
{"level":"debug","mysis_id":"455d3904-f28e-47fe-b1e8-9b04e9bf94fb","mysis_name":"test-mysis","stage":"before_llm_call","memory_count":2,"message_count":3,"content_bytes":631,"reasoning_bytes":0,"role_counts":{"system":1,"user":1},"source_counts":{"system":2},"tool_call_count":0,"time":"2026-02-07T16:53:52Z","message":"Context stats (ephemeral)"}
{"level":"debug","mysis":"test-mysis","error":"context canceled","time":"2026-02-07T16:53:52Z","message":"Ignoring error - mysis was intentionally stopped"}
{"level":"debug","mysis_id":"e9a0597a-42ed-4ca2-aa95-712f71d4a622","mysis_name":"test-mysis","stage":"context_memories","memory_count":2,"message_count":0,"content_bytes":542,"reasoning_bytes":0,"role_counts":{"system":1,"user":1},"source_counts":{"system":2},"tool_call_count":0,"time":"2026-02-07T16:53:52Z","message":"Context stats (ephemeral)"}
{"level":"debug","mysis_id":"e9a0597a-42ed-4ca2-aa95-712f71d4a622","mysis_name":"test-mysis","stage":"messages_converted","memory_count":2,"message_count":3,"content_bytes":631,"reasoning_bytes":0,"role_counts":{"system":1,"user":1},"source_counts":{"system":2},"tool_call_count":0,"time":"2026-02-07T16:53:52Z","message":"Context stats (ephemeral)"}
{"level":"debug","mysis_id":"e9a0597a-42ed-4ca2-aa95-712f71d4a622","mysis_name":"test-mysis","stage":"before_llm_call","memory_count":2,"message_count":3,"content_bytes":631,"reasoning_bytes":0,"role_counts":{"system":1,"user":1},"source_counts":{"system":2},"tool_call_count":0,"time":"2026-02-07T16:53:52Z","message":"Context stats (ephemeral)"}
{"level":"debug","mysis":"test-mysis","error":"context canceled","time":"2026-02-07T16:53:52Z","message":"Ignoring error - mysis was intentionally stopped"}
{"level":"debug","mysis_id":"04ccb6e0-f427-4836-9a97-1f839455b71a","mysis_name":"test-mysis","stage":"context_memories","memory_count":2,"message_count":0,"content_bytes":542,"reasoning_bytes":0,"role_counts":{"system":1,"user":1},"source_counts":{"system":2},"tool_call_count":0,"time":"2026-02-07T16:53:52Z","message":"Context stats (ephemeral)"}
{"level":"debug","mysis_id":"04ccb6e0-f427-4836-9a97-1f839455b71a","mysis_name":"test-mysis","stage":"messages_converted","memory_count":2,"message_count":3,"content_bytes":631,"reasoning_bytes":0,"role_counts":{"system":1,"user":1},"source_counts":{"system":2},"tool_call_count":0,"time":"2026-02-07T16:53:52Z","message":"Context stats (ephemeral)"}
{"level":"debug","mysis_id":"04ccb6e0-f427-4836-9a97-1f839455b71a","mysis_name":"test-mysis","stage":"before_llm_call","memory_count":2,"message_count":3,"content_bytes":631,"reasoning_bytes":0,"role_counts":{"system":1,"user":1},"source_counts":{"system":2},"tool_call_count":0,"time":"2026-02-07T16:53:52Z","message":"Context stats (ephemeral)"}
{"level":"debug","mysis":"test-mysis","error":"context canceled","time":"2026-02-07T16:53:52Z","message":"Ignoring error - mysis was intentionally stopped"}
{"level":"debug","mysis_id":"43aafd8f-ff87-4553-a275-aa9ed26eb193","mysis_name":"test-mysis","stage":"context_memories","memory_count":2,"message_count":0,"content_bytes":542,"reasoning_bytes":0,"role_counts":{"system":1,"user":1},"source_counts":{"system":2},"tool_call_count":0,"time":"2026-02-07T16:53:52Z","message":"Context stats (ephemeral)"}
{"level":"debug","mysis_id":"43aafd8f-ff87-4553-a275-aa9ed26eb193","mysis_name":"test-mysis","stage":"messages_converted","memory_count":2,"message_count":3,"content_bytes":631,"reasoning_bytes":0,"role_counts":{"system":1,"user":1},"source_counts":{"system":2},"tool_call_count":0,"time":"2026-02-07T16:53:52Z","message":"Context stats (ephemeral)"}
{"level":"debug","mysis_id":"43aafd8f-ff87-4553-a275-aa9ed26eb193","mysis_name":"test-mysis","stage":"before_llm_call","memory_count":2,"message_count":3,"content_bytes":631,"reasoning_bytes":0,"role_counts":{"system":1,"user":1},"source_counts":{"system":2},"tool_call_count":0,"time":"2026-02-07T16:53:52Z","message":"Context stats (ephemeral)"}
{"level":"debug","mysis":"test-mysis","error":"context canceled","time":"2026-02-07T16:53:52Z","message":"Ignoring error - mysis was intentionally stopped"}
{"level":"debug","mysis_id":"7c11fc3b-11c2-487a-addd-54003c3c69e7","mysis_name":"test-mysis","stage":"context_memories","memory_count":2,"message_count":0,"content_bytes":542,"reasoning_bytes":0,"role_counts":{"system":1,"user":1},"source_counts":{"system":2},"tool_call_count":0,"time":"2026-02-07T16:53:52Z","message":"Context stats (ephemeral)"}
{"level":"debug","mysis_id":"7c11fc3b-11c2-487a-addd-54003c3c69e7","mysis_name":"test-mysis","stage":"messages_converted","memory_count":2,"message_count":3,"content_bytes":631,"reasoning_bytes":0,"role_counts":{"system":1,"user":1},"source_counts":{"system":2},"tool_call_count":0,"time":"2026-02-07T16:53:52Z","message":"Context stats (ephemeral)"}
{"level":"debug","mysis_id":"7c11fc3b-11c2-487a-addd-54003c3c69e7","mysis_name":"test-mysis","stage":"before_llm_call","memory_count":2,"message_count":3,"content_bytes":631,"reasoning_bytes":0,"role_counts":{"system":1,"user":1},"source_counts":{"system":2},"tool_call_count":0,"time":"2026-02-07T16:53:52Z","message":"Context stats (ephemeral)"}
{"level":"debug","mysis":"test-mysis","error":"context canceled","time":"2026-02-07T16:53:52Z","message":"Ignoring error - mysis was intentionally stopped"}
{"level":"debug","mysis_id":"20f7b362-1c26-42d2-aee0-7f9cf1ccc974","mysis_name":"test-mysis","stage":"context_memories","memory_count":2,"message_count":0,"content_bytes":542,"reasoning_bytes":0,"role_counts":{"system":1,"user":1},"source_counts":{"system":2},"tool_call_count":0,"time":"2026-02-07T16:53:52Z","message":"Context stats (ephemeral)"}
{"level":"debug","mysis_id":"20f7b362-1c26-42d2-aee0-7f9cf1ccc974","mysis_name":"test-mysis","stage":"messages_converted","memory_count":2,"message_count":3,"content_bytes":631,"reasoning_bytes":0,"role_counts":{"system":1,"user":1},"source_counts":{"system":2},"tool_call_count":0,"time":"2026-02-07T16:53:52Z","message":"Context stats (ephemeral)"}
{"level":"debug","mysis_id":"20f7b362-1c26-42d2-aee0-7f9cf1ccc974","mysis_name":"test-mysis","stage":"before_llm_call","memory_count":2,"message_count":3,"content_bytes":631,"reasoning_bytes":0,"role_counts":{"system":1,"user":1},"source_counts":{"system":2},"tool_call_count":0,"time":"2026-02-07T16:53:52Z","message":"Context stats (ephemeral)"}
{"level":"debug","mysis":"test-mysis","error":"context canceled","time":"2026-02-07T16:53:52Z","message":"Ignoring error - mysis was intentionally stopped"}
{"level":"debug","mysis_id":"65125fa6-7391-4d04-b71a-0a906bbd8f31","mysis_name":"test-mysis","stage":"context_memories","memory_count":2,"message_count":0,"content_bytes":542,"reasoning_bytes":0,"role_counts":{"system":1,"user":1},"source_counts":{"system":2},"tool_call_count":0,"time":"2026-02-07T16:53:52Z","message":"Context stats (ephemeral)"}
{"level":"debug","mysis_id":"65125fa6-7391-4d04-b71a-0a906bbd8f31","mysis_name":"test-mysis","stage":"messages_converted","memory_count":2,"message_count":3,"content_bytes":631,"reasoning_bytes":0,"role_counts":{"system":1,"user":1},"source_counts":{"system":2},"tool_call_count":0,"time":"2026-02-07T16:53:52Z","message":"Context stats (ephemeral)"}
{"level":"debug","mysis_id":"65125fa6-7391-4d04-b71a-0a906bbd8f31","mysis_name":"test-mysis","stage":"before_llm_call","memory_count":2,"message_count":3,"content_bytes":631,"reasoning_bytes":0,"role_counts":{"system":1,"user":1},"source_counts":{"system":2},"tool_call_count":0,"time":"2026-02-07T16:53:52Z","message":"Context stats (ephemeral)"}
{"level":"debug","mysis":"test-mysis","error":"context canceled","time":"2026-02-07T16:53:52Z","message":"Ignoring error - mysis was intentionally stopped"}
{"level":"debug","mysis_id":"f45c0d98-d256-4529-a657-84fb3acd7e3d","mysis_name":"test-mysis","stage":"context_memories","memory_count":2,"message_count":0,"content_bytes":542,"reasoning_bytes":0,"role_counts":{"system":1,"user":1},"source_counts":{"system":2},"tool_call_count":0,"time":"2026-02-07T16:53:52Z","message":"Context stats (ephemeral)"}
{"level":"debug","mysis_id":"f45c0d98-d256-4529-a657-84fb3acd7e3d","mysis_name":"test-mysis","stage":"messages_converted","memory_count":2,"message_count":3,"content_bytes":631,"reasoning_bytes":0,"role_counts":{"system":1,"user":1},"source_counts":{"system":2},"tool_call_count":0,"time":"2026-02-07T16:53:52Z","message":"Context stats (ephemeral)"}
{"level":"debug","mysis_id":"f45c0d98-d256-4529-a657-84fb3acd7e3d","mysis_name":"test-mysis","stage":"before_llm_call","memory_count":2,"message_count":3,"content_bytes":631,"reasoning_bytes":0,"role_counts":{"system":1,"user":1},"source_counts":{"system":2},"tool_call_count":0,"time":"2026-02-07T16:53:52Z","message":"Context stats (ephemeral)"}
{"level":"debug","mysis":"test-mysis","error":"context canceled","time":"2026-02-07T16:53:52Z","message":"Ignoring error - mysis was intentionally stopped"}
{"level":"debug","mysis_id":"b4125037-295d-4d77-ad93-6543fae9ea13","mysis_name":"test-mysis","stage":"context_memories","memory_count":2,"message_count":0,"content_bytes":542,"reasoning_bytes":0,"role_counts":{"system":1,"user":1},"source_counts":{"system":2},"tool_call_count":0,"time":"2026-02-07T16:53:52Z","message":"Context stats (ephemeral)"}
{"level":"debug","mysis_id":"b4125037-295d-4d77-ad93-6543fae9ea13","mysis_name":"test-mysis","stage":"messages_converted","memory_count":2,"message_count":3,"content_bytes":631,"reasoning_bytes":0,"role_counts":{"system":1,"user":1},"source_counts":{"system":2},"tool_call_count":0,"time":"2026-02-07T16:53:52Z","message":"Context stats (ephemeral)"}
{"level":"debug","mysis_id":"b4125037-295d-4d77-ad93-6543fae9ea13","mysis_name":"test-mysis","stage":"before_llm_call","memory_count":2,"message_count":3,"content_bytes":631,"reasoning_bytes":0,"role_counts":{"system":1,"user":1},"source_counts":{"system":2},"tool_call_count":0,"time":"2026-02-07T16:53:52Z","message":"Context stats (ephemeral)"}
{"level":"debug","mysis":"test-mysis","error":"context canceled","time":"2026-02-07T16:53:52Z","message":"Ignoring error - mysis was intentionally stopped"}
{"level":"debug","mysis_id":"ddcf525b-65d0-4c65-aa26-b7cc8022702a","mysis_name":"test-mysis","stage":"context_memories","memory_count":2,"message_count":0,"content_bytes":542,"reasoning_bytes":0,"role_counts":{"system":1,"user":1},"source_counts":{"system":2},"tool_call_count":0,"time":"2026-02-07T16:53:52Z","message":"Context stats (ephemeral)"}
{"level":"debug","mysis_id":"ddcf525b-65d0-4c65-aa26-b7cc8022702a","mysis_name":"test-mysis","stage":"messages_converted","memory_count":2,"message_count":3,"content_bytes":631,"reasoning_bytes":0,"role_counts":{"system":1,"user":1},"source_counts":{"system":2},"tool_call_count":0,"time":"2026-02-07T16:53:52Z","message":"Context stats (ephemeral)"}
{"level":"debug","mysis_id":"ddcf525b-65d0-4c65-aa26-b7cc8022702a","mysis_name":"test-mysis","stage":"before_llm_call","memory_count":2,"message_count":3,"content_bytes":631,"reasoning_bytes":0,"role_counts":{"system":1,"user":1},"source_counts":{"system":2},"tool_call_count":0,"time":"2026-02-07T16:53:52Z","message":"Context stats (ephemeral)"}
{"level":"debug","mysis":"test-mysis","error":"context canceled","time":"2026-02-07T16:53:52Z","message":"Ignoring error - mysis was intentionally stopped"}
{"level":"debug","mysis_id":"5a913641-2c38-4cd3-bc4d-2eac3870f333","mysis_name":"test-mysis","stage":"context_memories","memory_count":2,"message_count":0,"content_bytes":542,"reasoning_bytes":0,"role_counts":{"system":1,"user":1},"source_counts":{"system":2},"tool_call_count":0,"time":"2026-02-07T16:53:52Z","message":"Context stats (ephemeral)"}
{"level":"debug","mysis_id":"5a913641-2c38-4cd3-bc4d-2eac3870f333","mysis_name":"test-mysis","stage":"messages_converted","memory_count":2,"message_count":3,"content_bytes":631,"reasoning_bytes":0,"role_counts":{"system":1,"user":1},"source_counts":{"system":2},"tool_call_count":0,"time":"2026-02-07T16:53:52Z","message":"Context stats (ephemeral)"}
{"level":"debug","mysis_id":"5a913641-2c38-4cd3-bc4d-2eac3870f333","mysis_name":"test-mysis","stage":"before_llm_call","memory_count":2,"message_count":3,"content_bytes":631,"reasoning_bytes":0,"role_counts":{"system":1,"user":1},"source_counts":{"system":2},"tool_call_count":0,"time":"2026-02-07T16:53:52Z","message":"Context stats (ephemeral)"}
{"level":"debug","mysis":"test-mysis","error":"context canceled","time":"2026-02-07T16:53:52Z","message":"Ignoring error - mysis was intentionally stopped"}
{"level":"debug","mysis_id":"98242723-85dd-4111-b190-9eeb6cb0b58d","mysis_name":"test-mysis","stage":"context_memories","memory_count":2,"message_count":0,"content_bytes":542,"reasoning_bytes":0,"role_counts":{"system":1,"user":1},"source_counts":{"system":2},"tool_call_count":0,"time":"2026-02-07T16:53:52Z","message":"Context stats (ephemeral)"}
{"level":"debug","mysis_id":"98242723-85dd-4111-b190-9eeb6cb0b58d","mysis_name":"test-mysis","stage":"messages_converted","memory_count":2,"message_count":3,"content_bytes":631,"reasoning_bytes":0,"role_counts":{"system":1,"user":1},"source_counts":{"system":2},"tool_call_count":0,"time":"2026-02-07T16:53:52Z","message":"Context stats (ephemeral)"}
{"level":"debug","mysis_id":"98242723-85dd-4111-b190-9eeb6cb0b58d","mysis_name":"test-mysis","stage":"before_llm_call","memory_count":2,"message_count":3,"content_bytes":631,"reasoning_bytes":0,"role_counts":{"system":1,"user":1},"source_counts":{"system":2},"tool_call_count":0,"time":"2026-02-07T16:53:52Z","message":"Context stats (ephemeral)"}
{"level":"debug","mysis":"test-mysis","error":"context canceled","time":"2026-02-07T16:53:52Z","message":"Ignoring error - mysis was intentionally stopped"}
{"level":"debug","mysis_id":"226aba3d-909d-4012-b629-2ddb378e3f66","mysis_name":"test-mysis","stage":"context_memories","memory_count":2,"message_count":0,"content_bytes":542,"reasoning_bytes":0,"role_counts":{"system":1,"user":1},"source_counts":{"system":2},"tool_call_count":0,"time":"2026-02-07T16:53:52Z","message":"Context stats (ephemeral)"}
{"level":"debug","mysis_id":"226aba3d-909d-4012-b629-2ddb378e3f66","mysis_name":"test-mysis","stage":"messages_converted","memory_count":2,"message_count":3,"content_bytes":631,"reasoning_bytes":0,"role_counts":{"system":1,"user":1},"source_counts":{"system":2},"tool_call_count":0,"time":"2026-02-07T16:53:52Z","message":"Context stats (ephemeral)"}
{"level":"debug","mysis_id":"226aba3d-909d-4012-b629-2ddb378e3f66","mysis_name":"test-mysis","stage":"before_llm_call","memory_count":2,"message_count":3,"content_bytes":631,"reasoning_bytes":0,"role_counts":{"system":1,"user":1},"source_counts":{"system":2},"tool_call_count":0,"time":"2026-02-07T16:53:52Z","message":"Context stats (ephemeral)"}
{"level":"debug","mysis":"test-mysis","error":"context canceled","time":"2026-02-07T16:53:52Z","message":"Ignoring error - mysis was intentionally stopped"}
{"level":"debug","mysis_id":"8966c814-b040-4cec-9bbf-c8bd57802849","mysis_name":"test-mysis","stage":"context_memories","memory_count":2,"message_count":0,"content_bytes":542,"reasoning_bytes":0,"role_counts":{"system":1,"user":1},"source_counts":{"system":2},"tool_call_count":0,"time":"2026-02-07T16:53:52Z","message":"Context stats (ephemeral)"}
{"level":"debug","mysis_id":"8966c814-b040-4cec-9bbf-c8bd57802849","mysis_name":"test-mysis","stage":"messages_converted","memory_count":2,"message_count":3,"content_bytes":631,"reasoning_bytes":0,"role_counts":{"system":1,"user":1},"source_counts":{"system":2},"tool_call_count":0,"time":"2026-02-07T16:53:52Z","message":"Context stats (ephemeral)"}
{"level":"debug","mysis_id":"8966c814-b040-4cec-9bbf-c8bd57802849","mysis_name":"test-mysis","stage":"before_llm_call","memory_count":2,"message_count":3,"content_bytes":631,"reasoning_bytes":0,"role_counts":{"system":1,"user":1},"source_counts":{"system":2},"tool_call_count":0,"time":"2026-02-07T16:53:52Z","message":"Context stats (ephemeral)"}
{"level":"debug","mysis":"test-mysis","error":"context canceled","time":"2026-02-07T16:53:52Z","message":"Ignoring error - mysis was intentionally stopped"}
{"level":"debug","mysis_id":"3ab3c036-a0e7-427d-874e-71fda74d7a68","mysis_name":"test-mysis","stage":"context_memories","memory_count":2,"message_count":0,"content_bytes":542,"reasoning_bytes":0,"role_counts":{"system":1,"user":1},"source_counts":{"system":2},"tool_call_count":0,"time":"2026-02-07T16:53:52Z","message":"Context stats (ephemeral)"}
{"level":"debug","mysis_id":"3ab3c036-a0e7-427d-874e-71fda74d7a68","mysis_name":"test-mysis","stage":"messages_converted","memory_count":2,"message_count":3,"content_bytes":631,"reasoning_bytes":0,"role_counts":{"system":1,"user":1},"source_counts":{"system":2},"tool_call_count":0,"time":"2026-02-07T16:53:52Z","message":"Context stats (ephemeral)"}
{"level":"debug","mysis_id":"3ab3c036-a0e7-427d-874e-71fda74d7a68","mysis_name":"test-mysis","stage":"before_llm_call","memory_count":2,"message_count":3,"content_bytes":631,"reasoning_bytes":0,"role_counts":{"system":1,"user":1},"source_counts":{"system":2},"tool_call_count":0,"time":"2026-02-07T16:53:52Z","message":"Context stats (ephemeral)"}
{"level":"debug","mysis":"test-mysis","error":"context canceled","time":"2026-02-07T16:53:52Z","message":"Ignoring error - mysis was intentionally stopped"}
{"level":"debug","mysis_id":"d0e59f3f-1504-49bd-bede-ba31075fc91f","mysis_name":"test-mysis","stage":"context_memories","memory_count":2,"message_count":0,"content_bytes":542,"reasoning_bytes":0,"role_counts":{"system":1,"user":1},"source_counts":{"system":2},"tool_call_count":0,"time":"2026-02-07T16:53:52Z","message":"Context stats (ephemeral)"}
{"level":"debug","mysis_id":"d0e59f3f-1504-49bd-bede-ba31075fc91f","mysis_name":"test-mysis","stage":"messages_converted","memory_count":2,"message_count":3,"content_bytes":631,"reasoning_bytes":0,"role_counts":{"system":1,"user":1},"source_counts":{"system":2},"tool_call_count":0,"time":"2026-02-07T16:53:52Z","message":"Context stats (ephemeral)"}
{"level":"debug","mysis_id":"d0e59f3f-1504-49bd-bede-ba31075fc91f","mysis_name":"test-mysis","stage":"before_llm_call","memory_count":2,"message_count":3,"content_bytes":631,"reasoning_bytes":0,"role_counts":{"system":1,"user":1},"source_counts":{"system":2},"tool_call_count":0,"time":"2026-02-07T16:53:52Z","message":"Context stats (ephemeral)"}
{"level":"debug","mysis":"test-mysis","error":"context canceled","time":"2026-02-07T16:53:52Z","message":"Ignoring error - mysis was intentionally stopped"}
{"level":"debug","mysis_id":"b8eadaff-993b-471d-a87c-f4739ef84085","mysis_name":"test-mysis","stage":"context_memories","memory_count":2,"message_count":0,"content_bytes":542,"reasoning_bytes":0,"role_counts":{"system":1,"user":1},"source_counts":{"system":2},"tool_call_count":0,"time":"2026-02-07T16:53:52Z","message":"Context stats (ephemeral)"}
{"level":"debug","mysis_id":"b8eadaff-993b-471d-a87c-f4739ef84085","mysis_name":"test-mysis","stage":"messages_converted","memory_count":2,"message_count":3,"content_bytes":631,"reasoning_bytes":0,"role_counts":{"system":1,"user":1},"source_counts":{"system":2},"tool_call_count":0,"time":"2026-02-07T16:53:52Z","message":"Context stats (ephemeral)"}
{"level":"debug","mysis_id":"b8eadaff-993b-471d-a87c-f4739ef84085","mysis_name":"test-mysis","stage":"before_llm_call","memory_count":2,"message_count":3,"content_bytes":631,"reasoning_bytes":0,"role_counts":{"system":1,"user":1},"source_counts":{"system":2},"tool_call_count":0,"time":"2026-02-07T16:53:52Z","message":"Context stats (ephemeral)"}
{"level":"debug","mysis":"test-mysis","error":"context canceled","time":"2026-02-07T16:53:52Z","message":"Ignoring error - mysis was intentionally stopped"}
{"level":"debug","mysis_id":"1b4ff91b-885d-4b70-988c-5c1db5979b82","mysis_name":"test-mysis","stage":"context_memories","memory_count":2,"message_count":0,"content_bytes":542,"reasoning_bytes":0,"role_counts":{"system":1,"user":1},"source_counts":{"system":2},"tool_call_count":0,"time":"2026-02-07T16:53:52Z","message":"Context stats (ephemeral)"}
{"level":"debug","mysis_id":"1b4ff91b-885d-4b70-988c-5c1db5979b82","mysis_name":"test-mysis","stage":"messages_converted","memory_count":2,"message_count":3,"content_bytes":631,"reasoning_bytes":0,"role_counts":{"system":1,"user":1},"source_counts":{"system":2},"tool_call_count":0,"time":"2026-02-07T16:53:52Z","message":"Context stats (ephemeral)"}
{"level":"debug","mysis_id":"1b4ff91b-885d-4b70-988c-5c1db5979b82","mysis_name":"test-mysis","stage":"before_llm_call","memory_count":2,"message_count":3,"content_bytes":631,"reasoning_bytes":0,"role_counts":{"system":1,"user":1},"source_counts":{"system":2},"tool_call_count":0,"time":"2026-02-07T16:53:52Z","message":"Context stats (ephemeral)"}
{"level":"debug","mysis":"test-mysis","error":"context canceled","time":"2026-02-07T16:53:52Z","message":"Ignoring error - mysis was intentionally stopped"}
{"level":"debug","mysis_id":"4d500839-d8b5-4c20-be7e-76025f7175a7","mysis_name":"test-mysis","stage":"context_memories","memory_count":2,"message_count":0,"content_bytes":542,"reasoning_bytes":0,"role_counts":{"system":1,"user":1},"source_counts":{"system":2},"tool_call_count":0,"time":"2026-02-07T16:53:52Z","message":"Context stats (ephemeral)"}
{"level":"debug","mysis_id":"4d500839-d8b5-4c20-be7e-76025f7175a7","mysis_name":"test-mysis","stage":"messages_converted","memory_count":2,"message_count":3,"content_bytes":631,"reasoning_bytes":0,"role_counts":{"system":1,"user":1},"source_counts":{"system":2},"tool_call_count":0,"time":"2026-02-07T16:53:52Z","message":"Context stats (ephemeral)"}
{"level":"debug","mysis_id":"4d500839-d8b5-4c20-be7e-76025f7175a7","mysis_name":"test-mysis","stage":"before_llm_call","memory_count":2,"message_count":3,"content_bytes":631,"reasoning_bytes":0,"role_counts":{"system":1,"user":1},"source_counts":{"system":2},"tool_call_count":0,"time":"2026-02-07T16:53:52Z","message":"Context stats (ephemeral)"}
{"level":"debug","mysis":"test-mysis","error":"context canceled","time":"2026-02-07T16:53:52Z","message":"Ignoring error - mysis was intentionally stopped"}
{"level":"debug","mysis_id":"d138b7e6-369d-4c97-951d-123b52355f52","mysis_name":"test-mysis","stage":"context_memories","memory_count":2,"message_count":0,"content_bytes":542,"reasoning_bytes":0,"role_counts":{"system":1,"user":1},"source_counts":{"system":2},"tool_call_count":0,"time":"2026-02-07T16:53:52Z","message":"Context stats (ephemeral)"}
{"level":"debug","mysis_id":"d138b7e6-369d-4c97-951d-123b52355f52","mysis_name":"test-mysis","stage":"messages_converted","memory_count":2,"message_count":3,"content_bytes":631,"reasoning_bytes":0,"role_counts":{"system":1,"user":1},"source_counts":{"system":2},"tool_call_count":0,"time":"2026-02-07T16:53:52Z","message":"Context stats (ephemeral)"}
{"level":"debug","mysis_id":"d138b7e6-369d-4c97-951d-123b52355f52","mysis_name":"test-mysis","stage":"before_llm_call","memory_count":2,"message_count":3,"content_bytes":631,"reasoning_bytes":0,"role_counts":{"system":1,"user":1},"source_counts":{"system":2},"tool_call_count":0,"time":"2026-02-07T16:53:52Z","message":"Context stats (ephemeral)"}
{"level":"debug","mysis":"test-mysis","error":"context canceled","time":"2026-02-07T16:53:52Z","message":"Ignoring error - mysis was intentionally stopped"}
{"level":"debug","mysis_id":"69e5caac-17e0-41f4-a81a-04272619b70a","mysis_name":"test-mysis","stage":"context_memories","memory_count":2,"message_count":0,"content_bytes":542,"reasoning_bytes":0,"role_counts":{"system":1,"user":1},"source_counts":{"system":2},"tool_call_count":0,"time":"2026-02-07T16:53:52Z","message":"Context stats (ephemeral)"}
{"level":"debug","mysis_id":"69e5caac-17e0-41f4-a81a-04272619b70a","mysis_name":"test-mysis","stage":"messages_converted","memory_count":2,"message_count":3,"content_bytes":631,"reasoning_bytes":0,"role_counts":{"system":1,"user":1},"source_counts":{"system":2},"tool_call_count":0,"time":"2026-02-07T16:53:52Z","message":"Context stats (ephemeral)"}
{"level":"debug","mysis_id":"69e5caac-17e0-41f4-a81a-04272619b70a","mysis_name":"test-mysis","stage":"before_llm_call","memory_count":2,"message_count":3,"content_bytes":631,"reasoning_bytes":0,"role_counts":{"system":1,"user":1},"source_counts":{"system":2},"tool_call_count":0,"time":"2026-02-07T16:53:52Z","message":"Context stats (ephemeral)"}
{"level":"debug","mysis":"test-mysis","error":"context canceled","time":"2026-02-07T16:53:52Z","message":"Ignoring error - mysis was intentionally stopped"}
{"level":"debug","mysis_id":"1ed658b3-7cf9-4431-b5bc-e00b000f6037","mysis_name":"test-mysis","stage":"context_memories","memory_count":2,"message_count":0,"content_bytes":542,"reasoning_bytes":0,"role_counts":{"system":1,"user":1},"source_counts":{"system":2},"tool_call_count":0,"time":"2026-02-07T16:53:52Z","message":"Context stats (ephemeral)"}
{"level":"debug","mysis_id":"1ed658b3-7cf9-4431-b5bc-e00b000f6037","mysis_name":"test-mysis","stage":"messages_converted","memory_count":2,"message_count":3,"content_bytes":631,"reasoning_bytes":0,"role_counts":{"system":1,"user":1},"source_counts":{"system":2},"tool_call_count":0,"time":"2026-02-07T16:53:52Z","message":"Context stats (ephemeral)"}
{"level":"debug","mysis_id":"1ed658b3-7cf9-4431-b5bc-e00b000f6037","mysis_name":"test-mysis","stage":"before_llm_call","memory_count":2,"message_count":3,"content_bytes":631,"reasoning_bytes":0,"role_counts":{"system":1,"user":1},"source_counts":{"system":2},"tool_call_count":0,"time":"2026-02-07T16:53:52Z","message":"Context stats (ephemeral)"}
{"level":"debug","mysis":"test-mysis","error":"context canceled","time":"2026-02-07T16:53:52Z","message":"Ignoring error - mysis was intentionally stopped"}
{"level":"debug","mysis_id":"2cffaeeb-afb2-4374-9758-4a4ea79de78d","mysis_name":"test-mysis","stage":"context_memories","memory_count":2,"message_count":0,"content_bytes":542,"reasoning_bytes":0,"role_counts":{"system":1,"user":1},"source_counts":{"system":2},"tool_call_count":0,"time":"2026-02-07T16:53:52Z","message":"Context stats (ephemeral)"}
{"level":"debug","mysis_id":"2cffaeeb-afb2-4374-9758-4a4ea79de78d","mysis_name":"test-mysis","stage":"messages_converted","memory_count":2,"message_count":3,"content_bytes":631,"reasoning_bytes":0,"role_counts":{"system":1,"user":1},"source_counts":{"system":2},"tool_call_count":0,"time":"2026-02-07T16:53:52Z","message":"Context stats (ephemeral)"}
{"level":"debug","mysis_id":"2cffaeeb-afb2-4374-9758-4a4ea79de78d","mysis_name":"test-mysis","stage":"before_llm_call","memory_count":2,"message_count":3,"content_bytes":631,"reasoning_bytes":0,"role_counts":{"system":1,"user":1},"source_counts":{"system":2},"tool_call_count":0,"time":"2026-02-07T16:53:52Z","message":"Context stats (ephemeral)"}
{"level":"debug","mysis":"test-mysis","error":"context canceled","time":"2026-02-07T16:53:52Z","message":"Ignoring error - mysis was intentionally stopped"}
{"level":"debug","mysis_id":"df86ec33-01de-49ae-a52d-e8c8df161bca","mysis_name":"test-mysis","stage":"context_memories","memory_count":2,"message_count":0,"content_bytes":542,"reasoning_bytes":0,"role_counts":{"system":1,"user":1},"source_counts":{"system":2},"tool_call_count":0,"time":"2026-02-07T16:53:52Z","message":"Context stats (ephemeral)"}
{"level":"debug","mysis_id":"df86ec33-01de-49ae-a52d-e8c8df161bca","mysis_name":"test-mysis","stage":"messages_converted","memory_count":2,"message_count":3,"content_bytes":631,"reasoning_bytes":0,"role_counts":{"system":1,"user":1},"source_counts":{"system":2},"tool_call_count":0,"time":"2026-02-07T16:53:52Z","message":"Context stats (ephemeral)"}
{"level":"debug","mysis_id":"df86ec33-01de-49ae-a52d-e8c8df161bca","mysis_name":"test-mysis","stage":"before_llm_call","memory_count":2,"message_count":3,"content_bytes":631,"reasoning_bytes":0,"role_counts":{"system":1,"user":1},"source_counts":{"system":2},"tool_call_count":0,"time":"2026-02-07T16:53:52Z","message":"Context stats (ephemeral)"}
{"level":"debug","mysis":"test-mysis","error":"context canceled","time":"2026-02-07T16:53:52Z","message":"Ignoring error - mysis was intentionally stopped"}
{"level":"debug","mysis_id":"b21daec9-c15c-4354-a51b-139e4910b21c","mysis_name":"test-mysis","stage":"context_memories","memory_count":2,"message_count":0,"content_bytes":542,"reasoning_bytes":0,"role_counts":{"system":1,"user":1},"source_counts":{"system":2},"tool_call_count":0,"time":"2026-02-07T16:53:52Z","message":"Context stats (ephemeral)"}
{"level":"debug","mysis_id":"b21daec9-c15c-4354-a51b-139e4910b21c","mysis_name":"test-mysis","stage":"messages_converted","memory_count":2,"message_count":3,"content_bytes":631,"reasoning_bytes":0,"role_counts":{"system":1,"user":1},"source_counts":{"system":2},"tool_call_count":0,"time":"2026-02-07T16:53:52Z","message":"Context stats (ephemeral)"}
{"level":"debug","mysis_id":"b21daec9-c15c-4354-a51b-139e4910b21c","mysis_name":"test-mysis","stage":"before_llm_call","memory_count":2,"message_count":3,"content_bytes":631,"reasoning_bytes":0,"role_counts":{"system":1,"user":1},"source_counts":{"system":2},"tool_call_count":0,"time":"2026-02-07T16:53:52Z","message":"Context stats (ephemeral)"}
{"level":"debug","mysis":"test-mysis","error":"context canceled","time":"2026-02-07T16:53:52Z","message":"Ignoring error - mysis was intentionally stopped"}
{"level":"debug","mysis_id":"f1c504b0-93d8-42c9-ad4f-06116e126166","mysis_name":"test-mysis","stage":"context_memories","memory_count":2,"message_count":0,"content_bytes":542,"reasoning_bytes":0,"role_counts":{"system":1,"user":1},"source_counts":{"system":2},"tool_call_count":0,"time":"2026-02-07T16:53:52Z","message":"Context stats (ephemeral)"}
{"level":"debug","mysis_id":"f1c504b0-93d8-42c9-ad4f-06116e126166","mysis_name":"test-mysis","stage":"messages_converted","memory_count":2,"message_count":3,"content_bytes":631,"reasoning_bytes":0,"role_counts":{"system":1,"user":1},"source_counts":{"system":2},"tool_call_count":0,"time":"2026-02-07T16:53:52Z","message":"Context stats (ephemeral)"}
{"level":"debug","mysis_id":"f1c504b0-93d8-42c9-ad4f-06116e126166","mysis_name":"test-mysis","stage":"before_llm_call","memory_count":2,"message_count":3,"content_bytes":631,"reasoning_bytes":0,"role_counts":{"system":1,"user":1},"source_counts":{"system":2},"tool_call_count":0,"time":"2026-02-07T16:53:52Z","message":"Context stats (ephemeral)"}
{"level":"debug","mysis":"test-mysis","error":"context canceled","time":"2026-02-07T16:53:52Z","message":"Ignoring error - mysis was intentionally stopped"}
{"level":"debug","mysis_id":"166e2571-7d5b-4b37-927f-57fd3f1f0726","mysis_name":"test-mysis","stage":"context_memories","memory_count":2,"message_count":0,"content_bytes":542,"reasoning_bytes":0,"role_counts":{"system":1,"user":1},"source_counts":{"system":2},"tool_call_count":0,"time":"2026-02-07T16:53:52Z","message":"Context stats (ephemeral)"}
{"level":"debug","mysis_id":"166e2571-7d5b-4b37-927f-57fd3f1f0726","mysis_name":"test-mysis","stage":"messages_converted","memory_count":2,"message_count":3,"content_bytes":631,"reasoning_bytes":0,"role_counts":{"system":1,"user":1},"source_counts":{"system":2},"tool_call_count":0,"time":"2026-02-07T16:53:52Z","message":"Context stats (ephemeral)"}
{"level":"debug","mysis_id":"166e2571-7d5b-4b37-927f-57fd3f1f0726","mysis_name":"test-mysis","stage":"before_llm_call","memory_count":2,"message_count":3,"content_bytes":631,"reasoning_bytes":0,"role_counts":{"system":1,"user":1},"source_counts":{"system":2},"tool_call_count":0,"time":"2026-02-07T16:53:52Z","message":"Context stats (ephemeral)"}
{"level":"debug","mysis":"test-mysis","error":"context canceled","time":"2026-02-07T16:53:52Z","message":"Ignoring error - mysis was intentionally stopped"}
{"level":"debug","mysis_id":"d8edefb7-3798-4885-bf4d-c7b4bb09f594","mysis_name":"test-mysis","stage":"context_memories","memory_count":2,"message_count":0,"content_bytes":542,"reasoning_bytes":0,"role_counts":{"system":1,"user":1},"source_counts":{"system":2},"tool_call_count":0,"time":"2026-02-07T16:53:52Z","message":"Context stats (ephemeral)"}
{"level":"debug","mysis_id":"d8edefb7-3798-4885-bf4d-c7b4bb09f594","mysis_name":"test-mysis","stage":"messages_converted","memory_count":2,"message_count":3,"content_bytes":631,"reasoning_bytes":0,"role_counts":{"system":1,"user":1},"source_counts":{"system":2},"tool_call_count":0,"time":"2026-02-07T16:53:52Z","message":"Context stats (ephemeral)"}
{"level":"debug","mysis_id":"d8edefb7-3798-4885-bf4d-c7b4bb09f594","mysis_name":"test-mysis","stage":"before_llm_call","memory_count":2,"message_count":3,"content_bytes":631,"reasoning_bytes":0,"role_counts":{"system":1,"user":1},"source_counts":{"system":2},"tool_call_count":0,"time":"2026-02-07T16:53:52Z","message":"Context stats (ephemeral)"}
{"level":"debug","mysis":"test-mysis","error":"context canceled","time":"2026-02-07T16:53:52Z","message":"Ignoring error - mysis was intentionally stopped"}
{"level":"debug","mysis_id":"53cae14d-a602-488b-ac44-52aa5ff89298","mysis_name":"test-mysis","stage":"context_memories","memory_count":2,"message_count":0,"content_bytes":542,"reasoning_bytes":0,"role_counts":{"system":1,"user":1},"source_counts":{"system":2},"tool_call_count":0,"time":"2026-02-07T16:53:52Z","message":"Context stats (ephemeral)"}
{"level":"debug","mysis_id":"53cae14d-a602-488b-ac44-52aa5ff89298","mysis_name":"test-mysis","stage":"messages_converted","memory_count":2,"message_count":3,"content_bytes":631,"reasoning_bytes":0,"role_counts":{"system":1,"user":1},"source_counts":{"system":2},"tool_call_count":0,"time":"2026-02-07T16:53:52Z","message":"Context stats (ephemeral)"}
{"level":"debug","mysis_id":"53cae14d-a602-488b-ac44-52aa5ff89298","mysis_name":"test-mysis","stage":"before_llm_call","memory_count":2,"message_count":3,"content_bytes":631,"reasoning_bytes":0,"role_counts":{"system":1,"user":1},"source_counts":{"system":2},"tool_call_count":0,"time":"2026-02-07T16:53:52Z","message":"Context stats (ephemeral)"}
{"level":"debug","mysis":"test-mysis","error":"context canceled","time":"2026-02-07T16:53:52Z","message":"Ignoring error - mysis was intentionally stopped"}
{"level":"debug","mysis_id":"b026deb5-b27f-4530-a19c-a6c7d8d30530","mysis_name":"test-mysis","stage":"context_memories","memory_count":2,"message_count":0,"content_bytes":542,"reasoning_bytes":0,"role_counts":{"system":1,"user":1},"source_counts":{"system":2},"tool_call_count":0,"time":"2026-02-07T16:53:52Z","message":"Context stats (ephemeral)"}
{"level":"debug","mysis_id":"b026deb5-b27f-4530-a19c-a6c7d8d30530","mysis_name":"test-mysis","stage":"messages_converted","memory_count":2,"message_count":3,"content_bytes":631,"reasoning_bytes":0,"role_counts":{"system":1,"user":1},"source_counts":{"system":2},"tool_call_count":0,"time":"2026-02-07T16:53:52Z","message":"Context stats (ephemeral)"}
{"level":"debug","mysis_id":"b026deb5-b27f-4530-a19c-a6c7d8d30530","mysis_name":"test-mysis","stage":"before_llm_call","memory_count":2,"message_count":3,"content_bytes":631,"reasoning_bytes":0,"role_counts":{"system":1,"user":1},"source_counts":{"system":2},"tool_call_count":0,"time":"2026-02-07T16:53:52Z","message":"Context stats (ephemeral)"}
{"level":"debug","mysis":"test-mysis","error":"context canceled","time":"2026-02-07T16:53:52Z","message":"Ignoring error - mysis was intentionally stopped"}
{"level":"debug","mysis_id":"a8278aec-59d1-4603-ba03-4b52262bb834","mysis_name":"test-mysis","stage":"context_memories","memory_count":2,"message_count":0,"content_bytes":542,"reasoning_bytes":0,"role_counts":{"system":1,"user":1},"source_counts":{"system":2},"tool_call_count":0,"time":"2026-02-07T16:53:52Z","message":"Context stats (ephemeral)"}
{"level":"debug","mysis_id":"a8278aec-59d1-4603-ba03-4b52262bb834","mysis_name":"test-mysis","stage":"messages_converted","memory_count":2,"message_count":3,"content_bytes":631,"reasoning_bytes":0,"role_counts":{"system":1,"user":1},"source_counts":{"system":2},"tool_call_count":0,"time":"2026-02-07T16:53:52Z","message":"Context stats (ephemeral)"}
{"level":"debug","mysis_id":"a8278aec-59d1-4603-ba03-4b52262bb834","mysis_name":"test-mysis","stage":"before_llm_call","memory_count":2,"message_count":3,"content_bytes":631,"reasoning_bytes":0,"role_counts":{"system":1,"user":1},"source_counts":{"system":2},"tool_call_count":0,"time":"2026-02-07T16:53:52Z","message":"Context stats (ephemeral)"}
{"level":"debug","mysis_id":"4389f1b5-6f4d-49d5-ad13-e118bdefe3f8","mysis_name":"test-mysis","stage":"context_memories","memory_count":2,"message_count":0,"content_bytes":542,"reasoning_bytes":0,"role_counts":{"system":1,"user":1},"source_counts":{"system":2},"tool_call_count":0,"time":"2026-02-07T16:53:52Z","message":"Context stats (ephemeral)"}
{"level":"debug","mysis_id":"4389f1b5-6f4d-49d5-ad13-e118bdefe3f8","mysis_name":"test-mysis","stage":"messages_converted","memory_count":2,"message_count":3,"content_bytes":631,"reasoning_bytes":0,"role_counts":{"system":1,"user":1},"source_counts":{"system":2},"tool_call_count":0,"time":"2026-02-07T16:53:52Z","message":"Context stats (ephemeral)"}
{"level":"debug","mysis_id":"4389f1b5-6f4d-49d5-ad13-e118bdefe3f8","mysis_name":"test-mysis","stage":"before_llm_call","memory_count":2,"message_count":3,"content_bytes":631,"reasoning_bytes":0,"role_counts":{"system":1,"user":1},"source_counts":{"system":2},"tool_call_count":0,"time":"2026-02-07T16:53:52Z","message":"Context stats (ephemeral)"}
{"level":"debug","mysis_id":"1499f8b4-a719-404c-85ec-31074ebcfc21","mysis_name":"test-mysis","stage":"context_memories","memory_count":2,"message_count":0,"content_bytes":542,"reasoning_bytes":0,"role_counts":{"system":1,"user":1},"source_counts":{"system":2},"tool_call_count":0,"time":"2026-02-07T16:53:52Z","message":"Context stats (ephemeral)"}
{"level":"debug","mysis_id":"1499f8b4-a719-404c-85ec-31074ebcfc21","mysis_name":"test-mysis","stage":"messages_converted","memory_count":2,"message_count":3,"content_bytes":631,"reasoning_bytes":0,"role_counts":{"system":1,"user":1},"source_counts":{"system":2},"tool_call_count":0,"time":"2026-02-07T16:53:52Z","message":"Context stats (ephemeral)"}
{"level":"debug","mysis_id":"1499f8b4-a719-404c-85ec-31074ebcfc21","mysis_name":"test-mysis","stage":"before_llm_call","memory_count":2,"message_count":3,"content_bytes":631,"reasoning_bytes":0,"role_counts":{"system":1,"user":1},"source_counts":{"system":2},"tool_call_count":0,"time":"2026-02-07T16:53:52Z","message":"Context stats (ephemeral)"}
{"level":"debug","mysis_id":"efa7326a-110d-4fd8-80d0-8f9c25813d7b","mysis_name":"test-mysis","stage":"context_memories","memory_count":2,"message_count":0,"content_bytes":542,"reasoning_bytes":0,"role_counts":{"system":1,"user":1},"source_counts":{"system":2},"tool_call_count":0,"time":"2026-02-07T16:53:53Z","message":"Context stats (ephemeral)"}
{"level":"debug","mysis_id":"efa7326a-110d-4fd8-80d0-8f9c25813d7b","mysis_name":"test-mysis","stage":"messages_converted","memory_count":2,"message_count":3,"content_bytes":631,"reasoning_bytes":0,"role_counts":{"system":1,"user":1},"source_counts":{"system":2},"tool_call_count":0,"time":"2026-02-07T16:53:53Z","message":"Context stats (ephemeral)"}
{"level":"debug","mysis_id":"efa7326a-110d-4fd8-80d0-8f9c25813d7b","mysis_name":"test-mysis","stage":"before_llm_call","memory_count":2,"message_count":3,"content_bytes":631,"reasoning_bytes":0,"role_counts":{"system":1,"user":1},"source_counts":{"system":2},"tool_call_count":0,"time":"2026-02-07T16:53:53Z","message":"Context stats (ephemeral)"}
{"level":"debug","mysis_id":"1b59c9ae-dd0c-4a18-ac6d-4bd327ee9ca7","mysis_name":"test-mysis","stage":"context_memories","memory_count":2,"message_count":0,"content_bytes":542,"reasoning_bytes":0,"role_counts":{"system":1,"user":1},"source_counts":{"system":2},"tool_call_count":0,"time":"2026-02-07T16:53:53Z","message":"Context stats (ephemeral)"}
{"level":"debug","mysis_id":"1b59c9ae-dd0c-4a18-ac6d-4bd327ee9ca7","mysis_name":"test-mysis","stage":"messages_converted","memory_count":2,"message_count":3,"content_bytes":631,"reasoning_bytes":0,"role_counts":{"system":1,"user":1},"source_counts":{"system":2},"tool_call_count":0,"time":"2026-02-07T16:53:53Z","message":"Context stats (ephemeral)"}
{"level":"debug","mysis_id":"1b59c9ae-dd0c-4a18-ac6d-4bd327ee9ca7","mysis_name":"test-mysis","stage":"before_llm_call","memory_count":2,"message_count":3,"content_bytes":631,"reasoning_bytes":0,"role_counts":{"system":1,"user":1},"source_counts":{"system":2},"tool_call_count":0,"time":"2026-02-07T16:53:53Z","message":"Context stats (ephemeral)"}
{"level":"debug","mysis_id":"f6cccd37-a95f-4f16-89e6-aadd801e211f","mysis_name":"test-mysis","stage":"context_memories","memory_count":2,"message_count":0,"content_bytes":542,"reasoning_bytes":0,"role_counts":{"system":1,"user":1},"source_counts":{"system":2},"tool_call_count":0,"time":"2026-02-07T16:53:53Z","message":"Context stats (ephemeral)"}
{"level":"debug","mysis_id":"f6cccd37-a95f-4f16-89e6-aadd801e211f","mysis_name":"test-mysis","stage":"messages_converted","memory_count":2,"message_count":3,"content_bytes":631,"reasoning_bytes":0,"role_counts":{"system":1,"user":1},"source_counts":{"system":2},"tool_call_count":0,"time":"2026-02-07T16:53:53Z","message":"Context stats (ephemeral)"}
{"level":"debug","mysis_id":"f6cccd37-a95f-4f16-89e6-aadd801e211f","mysis_name":"test-mysis","stage":"before_llm_call","memory_count":2,"message_count":3,"content_bytes":631,"reasoning_bytes":0,"role_counts":{"system":1,"user":1},"source_counts":{"system":2},"tool_call_count":0,"time":"2026-02-07T16:53:53Z","message":"Context stats (ephemeral)"}
{"level":"debug","mysis_id":"e63216bf-d01e-4bde-81b6-49d7b473b573","mysis_name":"test-mysis","stage":"context_memories","memory_count":2,"message_count":0,"content_bytes":542,"reasoning_bytes":0,"role_counts":{"system":1,"user":1},"source_counts":{"system":2},"tool_call_count":0,"time":"2026-02-07T16:53:53Z","message":"Context stats (ephemeral)"}
{"level":"debug","mysis_id":"e63216bf-d01e-4bde-81b6-49d7b473b573","mysis_name":"test-mysis","stage":"messages_converted","memory_count":2,"message_count":3,"content_bytes":631,"reasoning_bytes":0,"role_counts":{"system":1,"user":1},"source_counts":{"system":2},"tool_call_count":0,"time":"2026-02-07T16:53:53Z","message":"Context stats (ephemeral)"}
{"level":"debug","mysis_id":"e63216bf-d01e-4bde-81b6-49d7b473b573","mysis_name":"test-mysis","stage":"before_llm_call","memory_count":2,"message_count":3,"content_bytes":631,"reasoning_bytes":0,"role_counts":{"system":1,"user":1},"source_counts":{"system":2},"tool_call_count":0,"time":"2026-02-07T16:53:53Z","message":"Context stats (ephemeral)"}
{"level":"debug","mysis_id":"06b7c54d-fb3b-423c-bd16-4a35bc93ca99","mysis_name":"test-mysis","stage":"context_memories","memory_count":2,"message_count":0,"content_bytes":542,"reasoning_bytes":0,"role_counts":{"system":1,"user":1},"source_counts":{"system":2},"tool_call_count":0,"time":"2026-02-07T16:53:53Z","message":"Context stats (ephemeral)"}
{"level":"debug","mysis_id":"06b7c54d-fb3b-423c-bd16-4a35bc93ca99","mysis_name":"test-mysis","stage":"messages_converted","memory_count":2,"message_count":3,"content_bytes":631,"reasoning_bytes":0,"role_counts":{"system":1,"user":1},"source_counts":{"system":2},"tool_call_count":0,"time":"2026-02-07T16:53:53Z","message":"Context stats (ephemeral)"}
{"level":"debug","mysis_id":"06b7c54d-fb3b-423c-bd16-4a35bc93ca99","mysis_name":"test-mysis","stage":"before_llm_call","memory_count":2,"message_count":3,"content_bytes":631,"reasoning_bytes":0,"role_counts":{"system":1,"user":1},"source_counts":{"system":2},"tool_call_count":0,"time":"2026-02-07T16:53:53Z","message":"Context stats (ephemeral)"}
{"level":"debug","mysis_id":"d1fb5115-e619-4b53-9a23-0d5f37194b29","mysis_name":"test-mysis","stage":"context_memories","memory_count":2,"message_count":0,"content_bytes":542,"reasoning_bytes":0,"role_counts":{"system":1,"user":1},"source_counts":{"system":2},"tool_call_count":0,"time":"2026-02-07T16:53:53Z","message":"Context stats (ephemeral)"}
{"level":"debug","mysis_id":"d1fb5115-e619-4b53-9a23-0d5f37194b29","mysis_name":"test-mysis","stage":"messages_converted","memory_count":2,"message_count":3,"content_bytes":631,"reasoning_bytes":0,"role_counts":{"system":1,"user":1},"source_counts":{"system":2},"tool_call_count":0,"time":"2026-02-07T16:53:53Z","message":"Context stats (ephemeral)"}
{"level":"debug","mysis_id":"d1fb5115-e619-4b53-9a23-0d5f37194b29","mysis_name":"test-mysis","stage":"before_llm_call","memory_count":2,"message_count":3,"content_bytes":631,"reasoning_bytes":0,"role_counts":{"system":1,"user":1},"source_counts":{"system":2},"tool_call_count":0,"time":"2026-02-07T16:53:53Z","message":"Context stats (ephemeral)"}
{"level":"debug","mysis_id":"3f5057b2-8863-494d-b9de-1161cf047cd4","mysis_name":"test-mysis","stage":"context_memories","memory_count":2,"message_count":0,"content_bytes":542,"reasoning_bytes":0,"role_counts":{"system":1,"user":1},"source_counts":{"system":2},"tool_call_count":0,"time":"2026-02-07T16:53:53Z","message":"Context stats (ephemeral)"}
{"level":"debug","mysis_id":"3f5057b2-8863-494d-b9de-1161cf047cd4","mysis_name":"test-mysis","stage":"messages_converted","memory_count":2,"message_count":3,"content_bytes":631,"reasoning_bytes":0,"role_counts":{"system":1,"user":1},"source_counts":{"system":2},"tool_call_count":0,"time":"2026-02-07T16:53:53Z","message":"Context stats (ephemeral)"}
{"level":"debug","mysis_id":"3f5057b2-8863-494d-b9de-1161cf047cd4","mysis_name":"test-mysis","stage":"before_llm_call","memory_count":2,"message_count":3,"content_bytes":631,"reasoning_bytes":0,"role_counts":{"system":1,"user":1},"source_counts":{"system":2},"tool_call_count":0,"time":"2026-02-07T16:53:53Z","message":"Context stats (ephemeral)"}
{"level":"debug","mysis_id":"9fbd5201-0e9b-4fe7-aff9-8aa568740173","mysis_name":"test-mysis","stage":"context_memories","memory_count":2,"message_count":0,"content_bytes":542,"reasoning_bytes":0,"role_counts":{"system":1,"user":1},"source_counts":{"system":2},"tool_call_count":0,"time":"2026-02-07T16:53:53Z","message":"Context stats (ephemeral)"}
{"level":"debug","mysis_id":"9fbd5201-0e9b-4fe7-aff9-8aa568740173","mysis_name":"test-mysis","stage":"messages_converted","memory_count":2,"message_count":3,"content_bytes":631,"reasoning_bytes":0,"role_counts":{"system":1,"user":1},"source_counts":{"system":2},"tool_call_count":0,"time":"2026-02-07T16:53:53Z","message":"Context stats (ephemeral)"}
{"level":"debug","mysis_id":"9fbd5201-0e9b-4fe7-aff9-8aa568740173","mysis_name":"test-mysis","stage":"before_llm_call","memory_count":2,"message_count":3,"content_bytes":631,"reasoning_bytes":0,"role_counts":{"system":1,"user":1},"source_counts":{"system":2},"tool_call_count":0,"time":"2026-02-07T16:53:53Z","message":"Context stats (ephemeral)"}
{"level":"debug","mysis_id":"a7017616-4804-426f-9e1d-cc31605e0252","mysis_name":"test-mysis","stage":"context_memories","memory_count":2,"message_count":0,"content_bytes":542,"reasoning_bytes":0,"role_counts":{"system":1,"user":1},"source_counts":{"system":2},"tool_call_count":0,"time":"2026-02-07T16:53:53Z","message":"Context stats (ephemeral)"}
{"level":"debug","mysis_id":"a7017616-4804-426f-9e1d-cc31605e0252","mysis_name":"test-mysis","stage":"messages_converted","memory_count":2,"message_count":3,"content_bytes":631,"reasoning_bytes":0,"role_counts":{"system":1,"user":1},"source_counts":{"system":2},"tool_call_count":0,"time":"2026-02-07T16:53:53Z","message":"Context stats (ephemeral)"}
{"level":"debug","mysis_id":"a7017616-4804-426f-9e1d-cc31605e0252","mysis_name":"test-mysis","stage":"before_llm_call","memory_count":2,"message_count":3,"content_bytes":631,"reasoning_bytes":0,"role_counts":{"system":1,"user":1},"source_counts":{"system":2},"tool_call_count":0,"time":"2026-02-07T16:53:53Z","message":"Context stats (ephemeral)"}
{"level":"debug","mysis_id":"25e9cf2f-164e-4db0-b640-37aa81853f3a","mysis_name":"test-mysis","stage":"context_memories","memory_count":2,"message_count":0,"content_bytes":542,"reasoning_bytes":0,"role_counts":{"system":1,"user":1},"source_counts":{"system":2},"tool_call_count":0,"time":"2026-02-07T16:53:53Z","message":"Context stats (ephemeral)"}
{"level":"debug","mysis_id":"25e9cf2f-164e-4db0-b640-37aa81853f3a","mysis_name":"test-mysis","stage":"messages_converted","memory_count":2,"message_count":3,"content_bytes":631,"reasoning_bytes":0,"role_counts":{"system":1,"user":1},"source_counts":{"system":2},"tool_call_count":0,"time":"2026-02-07T16:53:53Z","message":"Context stats (ephemeral)"}
{"level":"debug","mysis_id":"25e9cf2f-164e-4db0-b640-37aa81853f3a","mysis_name":"test-mysis","stage":"before_llm_call","memory_count":2,"message_count":3,"content_bytes":631,"reasoning_bytes":0,"role_counts":{"system":1,"user":1},"source_counts":{"system":2},"tool_call_count":0,"time":"2026-02-07T16:53:53Z","message":"Context stats (ephemeral)"}
{"level":"debug","mysis_id":"3f500ee5-53c6-4b71-8247-756f5aa8fdb7","mysis_name":"test-mysis","stage":"context_memories","memory_count":2,"message_count":0,"content_bytes":542,"reasoning_bytes":0,"role_counts":{"system":1,"user":1},"source_counts":{"system":2},"tool_call_count":0,"time":"2026-02-07T16:53:53Z","message":"Context stats (ephemeral)"}
{"level":"debug","mysis_id":"3f500ee5-53c6-4b71-8247-756f5aa8fdb7","mysis_name":"test-mysis","stage":"messages_converted","memory_count":2,"message_count":3,"content_bytes":631,"reasoning_bytes":0,"role_counts":{"system":1,"user":1},"source_counts":{"system":2},"tool_call_count":0,"time":"2026-02-07T16:53:53Z","message":"Context stats (ephemeral)"}
{"level":"debug","mysis_id":"3f500ee5-53c6-4b71-8247-756f5aa8fdb7","mysis_name":"test-mysis","stage":"before_llm_call","memory_count":2,"message_count":3,"content_bytes":631,"reasoning_bytes":0,"role_counts":{"system":1,"user":1},"source_counts":{"system":2},"tool_call_count":0,"time":"2026-02-07T16:53:53Z","message":"Context stats (ephemeral)"}
{"level":"debug","mysis_id":"c2a15942-0a04-4d08-8cf0-92c3ab460dfa","mysis_name":"test-mysis","stage":"context_memories","memory_count":2,"message_count":0,"content_bytes":542,"reasoning_bytes":0,"role_counts":{"system":1,"user":1},"source_counts":{"system":2},"tool_call_count":0,"time":"2026-02-07T16:53:53Z","message":"Context stats (ephemeral)"}
{"level":"debug","mysis_id":"c2a15942-0a04-4d08-8cf0-92c3ab460dfa","mysis_name":"test-mysis","stage":"messages_converted","memory_count":2,"message_count":3,"content_bytes":631,"reasoning_bytes":0,"role_counts":{"system":1,"user":1},"source_counts":{"system":2},"tool_call_count":0,"time":"2026-02-07T16:53:53Z","message":"Context stats (ephemeral)"}
{"level":"debug","mysis_id":"c2a15942-0a04-4d08-8cf0-92c3ab460dfa","mysis_name":"test-mysis","stage":"before_llm_call","memory_count":2,"message_count":3,"content_bytes":631,"reasoning_bytes":0,"role_counts":{"system":1,"user":1},"source_counts":{"system":2},"tool_call_count":0,"time":"2026-02-07T16:53:53Z","message":"Context stats (ephemeral)"}
{"level":"debug","mysis_id":"f6b0d758-7ab9-491b-82c2-8ec36cf51336","mysis_name":"test-mysis","stage":"context_memories","memory_count":2,"message_count":0,"content_bytes":542,"reasoning_bytes":0,"role_counts":{"system":1,"user":1},"source_counts":{"system":2},"tool_call_count":0,"time":"2026-02-07T16:53:53Z","message":"Context stats (ephemeral)"}
{"level":"debug","mysis_id":"f6b0d758-7ab9-491b-82c2-8ec36cf51336","mysis_name":"test-mysis","stage":"messages_converted","memory_count":2,"message_count":3,"content_bytes":631,"reasoning_bytes":0,"role_counts":{"system":1,"user":1},"source_counts":{"system":2},"tool_call_count":0,"time":"2026-02-07T16:53:53Z","message":"Context stats (ephemeral)"}
{"level":"debug","mysis_id":"f6b0d758-7ab9-491b-82c2-8ec36cf51336","mysis_name":"test-mysis","stage":"before_llm_call","memory_count":2,"message_count":3,"content_bytes":631,"reasoning_bytes":0,"role_counts":{"system":1,"user":1},"source_counts":{"system":2},"tool_call_count":0,"time":"2026-02-07T16:53:53Z","message":"Context stats (ephemeral)"}
{"level":"debug","mysis_id":"9596edc7-35c3-469c-afca-efafa4a554a2","mysis_name":"test-mysis","stage":"context_memories","memory_count":2,"message_count":0,"content_bytes":542,"reasoning_bytes":0,"role_counts":{"system":1,"user":1},"source_counts":{"system":2},"tool_call_count":0,"time":"2026-02-07T16:53:53Z","message":"Context stats (ephemeral)"}
{"level":"debug","mysis_id":"9596edc7-35c3-469c-afca-efafa4a554a2","mysis_name":"test-mysis","stage":"messages_converted","memory_count":2,"message_count":3,"content_bytes":631,"reasoning_bytes":0,"role_counts":{"system":1,"user":1},"source_counts":{"system":2},"tool_call_count":0,"time":"2026-02-07T16:53:53Z","message":"Context stats (ephemeral)"}
{"level":"debug","mysis_id":"9596edc7-35c3-469c-afca-efafa4a554a2","mysis_name":"test-mysis","stage":"before_llm_call","memory_count":2,"message_count":3,"content_bytes":631,"reasoning_bytes":0,"role_counts":{"system":1,"user":1},"source_counts":{"system":2},"tool_call_count":0,"time":"2026-02-07T16:53:53Z","message":"Context stats (ephemeral)"}
{"level":"debug","mysis_id":"bbff91ab-d23e-48ad-b86e-1b49be962b35","mysis_name":"test-mysis","stage":"context_memories","memory_count":2,"message_count":0,"content_bytes":542,"reasoning_bytes":0,"role_counts":{"system":1,"user":1},"source_counts":{"system":2},"tool_call_count":0,"time":"2026-02-07T16:53:53Z","message":"Context stats (ephemeral)"}
{"level":"debug","mysis_id":"bbff91ab-d23e-48ad-b86e-1b49be962b35","mysis_name":"test-mysis","stage":"messages_converted","memory_count":2,"message_count":3,"content_bytes":631,"reasoning_bytes":0,"role_counts":{"system":1,"user":1},"source_counts":{"system":2},"tool_call_count":0,"time":"2026-02-07T16:53:53Z","message":"Context stats (ephemeral)"}
{"level":"debug","mysis_id":"bbff91ab-d23e-48ad-b86e-1b49be962b35","mysis_name":"test-mysis","stage":"before_llm_call","memory_count":2,"message_count":3,"content_bytes":631,"reasoning_bytes":0,"role_counts":{"system":1,"user":1},"source_counts":{"system":2},"tool_call_count":0,"time":"2026-02-07T16:53:53Z","message":"Context stats (ephemeral)"}
{"level":"debug","mysis_id":"8992ff53-6fbf-434f-8ecc-a53e293931a2","mysis_name":"test-mysis","stage":"context_memories","memory_count":2,"message_count":0,"content_bytes":542,"reasoning_bytes":0,"role_counts":{"system":1,"user":1},"source_counts":{"system":2},"tool_call_count":0,"time":"2026-02-07T16:53:53Z","message":"Context stats (ephemeral)"}
{"level":"debug","mysis_id":"8992ff53-6fbf-434f-8ecc-a53e293931a2","mysis_name":"test-mysis","stage":"messages_converted","memory_count":2,"message_count":3,"content_bytes":631,"reasoning_bytes":0,"role_counts":{"system":1,"user":1},"source_counts":{"system":2},"tool_call_count":0,"time":"2026-02-07T16:53:53Z","message":"Context stats (ephemeral)"}
{"level":"debug","mysis_id":"8992ff53-6fbf-434f-8ecc-a53e293931a2","mysis_name":"test-mysis","stage":"before_llm_call","memory_count":2,"message_count":3,"content_bytes":631,"reasoning_bytes":0,"role_counts":{"system":1,"user":1},"source_counts":{"system":2},"tool_call_count":0,"time":"2026-02-07T16:53:53Z","message":"Context stats (ephemeral)"}
{"level":"debug","mysis_id":"e561d39d-2ae4-4412-b5d7-7cd1db9cb2dd","mysis_name":"test-mysis","stage":"context_memories","memory_count":2,"message_count":0,"content_bytes":542,"reasoning_bytes":0,"role_counts":{"system":1,"user":1},"source_counts":{"system":2},"tool_call_count":0,"time":"2026-02-07T16:53:54Z","message":"Context stats (ephemeral)"}
{"level":"debug","mysis_id":"e561d39d-2ae4-4412-b5d7-7cd1db9cb2dd","mysis_name":"test-mysis","stage":"messages_converted","memory_count":2,"message_count":3,"content_bytes":631,"reasoning_bytes":0,"role_counts":{"system":1,"user":1},"source_counts":{"system":2},"tool_call_count":0,"time":"2026-02-07T16:53:54Z","message":"Context stats (ephemeral)"}
{"level":"debug","mysis_id":"e561d39d-2ae4-4412-b5d7-7cd1db9cb2dd","mysis_name":"test-mysis","stage":"before_llm_call","memory_count":2,"message_count":3,"content_bytes":631,"reasoning_bytes":0,"role_counts":{"system":1,"user":1},"source_counts":{"system":2},"tool_call_count":0,"time":"2026-02-07T16:53:54Z","message":"Context stats (ephemeral)"}
{"level":"debug","mysis_id":"b31d0937-d8f0-4d82-baca-023196d530e3","mysis_name":"test-mysis","stage":"context_memories","memory_count":2,"message_count":0,"content_bytes":542,"reasoning_bytes":0,"role_counts":{"system":1,"user":1},"source_counts":{"system":2},"tool_call_count":0,"time":"2026-02-07T16:53:54Z","message":"Context stats (ephemeral)"}
{"level":"debug","mysis_id":"b31d0937-d8f0-4d82-baca-023196d530e3","mysis_name":"test-mysis","stage":"messages_converted","memory_count":2,"message_count":3,"content_bytes":631,"reasoning_bytes":0,"role_counts":{"system":1,"user":1},"source_counts":{"system":2},"tool_call_count":0,"time":"2026-02-07T16:53:54Z","message":"Context stats (ephemeral)"}
{"level":"debug","mysis_id":"b31d0937-d8f0-4d82-baca-023196d530e3","mysis_name":"test-mysis","stage":"before_llm_call","memory_count":2,"message_count":3,"content_bytes":631,"reasoning_bytes":0,"role_counts":{"system":1,"user":1},"source_counts":{"system":2},"tool_call_count":0,"time":"2026-02-07T16:53:54Z","message":"Context stats (ephemeral)"}
{"level":"debug","mysis_id":"b4e159f3-de67-48e8-8d50-c1c72ad7548d","mysis_name":"test-mysis","stage":"context_memories","memory_count":2,"message_count":0,"content_bytes":542,"reasoning_bytes":0,"role_counts":{"system":1,"user":1},"source_counts":{"system":2},"tool_call_count":0,"time":"2026-02-07T16:53:54Z","message":"Context stats (ephemeral)"}
{"level":"debug","mysis_id":"b4e159f3-de67-48e8-8d50-c1c72ad7548d","mysis_name":"test-mysis","stage":"messages_converted","memory_count":2,"message_count":3,"content_bytes":631,"reasoning_bytes":0,"role_counts":{"system":1,"user":1},"source_counts":{"system":2},"tool_call_count":0,"time":"2026-02-07T16:53:54Z","message":"Context stats (ephemeral)"}
{"level":"debug","mysis_id":"b4e159f3-de67-48e8-8d50-c1c72ad7548d","mysis_name":"test-mysis","stage":"before_llm_call","memory_count":2,"message_count":3,"content_bytes":631,"reasoning_bytes":0,"role_counts":{"system":1,"user":1},"source_counts":{"system":2},"tool_call_count":0,"time":"2026-02-07T16:53:54Z","message":"Context stats (ephemeral)"}
{"level":"debug","mysis_id":"f08aa158-b9fc-4b52-8af6-6fa14b087a83","mysis_name":"test-mysis","stage":"context_memories","memory_count":2,"message_count":0,"content_bytes":542,"reasoning_bytes":0,"role_counts":{"system":1,"user":1},"source_counts":{"system":2},"tool_call_count":0,"time":"2026-02-07T16:53:54Z","message":"Context stats (ephemeral)"}
{"level":"debug","mysis_id":"f08aa158-b9fc-4b52-8af6-6fa14b087a83","mysis_name":"test-mysis","stage":"messages_converted","memory_count":2,"message_count":3,"content_bytes":631,"reasoning_bytes":0,"role_counts":{"system":1,"user":1},"source_counts":{"system":2},"tool_call_count":0,"time":"2026-02-07T16:53:54Z","message":"Context stats (ephemeral)"}
{"level":"debug","mysis_id":"f08aa158-b9fc-4b52-8af6-6fa14b087a83","mysis_name":"test-mysis","stage":"before_llm_call","memory_count":2,"message_count":3,"content_bytes":631,"reasoning_bytes":0,"role_counts":{"system":1,"user":1},"source_counts":{"system":2},"tool_call_count":0,"time":"2026-02-07T16:53:54Z","message":"Context stats (ephemeral)"}
{"level":"debug","mysis_id":"ba13b14d-76a0-42ee-a157-018966c04da6","mysis_name":"test-mysis","stage":"context_memories","memory_count":2,"message_count":0,"content_bytes":542,"reasoning_bytes":0,"role_counts":{"system":1,"user":1},"source_counts":{"system":2},"tool_call_count":0,"time":"2026-02-07T16:53:54Z","message":"Context stats (ephemeral)"}
{"level":"debug","mysis_id":"ba13b14d-76a0-42ee-a157-018966c04da6","mysis_name":"test-mysis","stage":"messages_converted","memory_count":2,"message_count":3,"content_bytes":631,"reasoning_bytes":0,"role_counts":{"system":1,"user":1},"source_counts":{"system":2},"tool_call_count":0,"time":"2026-02-07T16:53:54Z","message":"Context stats (ephemeral)"}
{"level":"debug","mysis_id":"ba13b14d-76a0-42ee-a157-018966c04da6","mysis_name":"test-mysis","stage":"before_llm_call","memory_count":2,"message_count":3,"content_bytes":631,"reasoning_bytes":0,"role_counts":{"system":1,"user":1},"source_counts":{"system":2},"tool_call_count":0,"time":"2026-02-07T16:53:54Z","message":"Context stats (ephemeral)"}
{"level":"debug","mysis_id":"27241eb3-6b89-41f6-bdfc-7832bd7ea3c4","mysis_name":"test-mysis","stage":"context_memories","memory_count":2,"message_count":0,"content_bytes":542,"reasoning_bytes":0,"role_counts":{"system":1,"user":1},"source_counts":{"system":2},"tool_call_count":0,"time":"2026-02-07T16:53:54Z","message":"Context stats (ephemeral)"}
{"level":"debug","mysis_id":"27241eb3-6b89-41f6-bdfc-7832bd7ea3c4","mysis_name":"test-mysis","stage":"messages_converted","memory_count":2,"message_count":3,"content_bytes":631,"reasoning_bytes":0,"role_counts":{"system":1,"user":1},"source_counts":{"system":2},"tool_call_count":0,"time":"2026-02-07T16:53:54Z","message":"Context stats (ephemeral)"}
{"level":"debug","mysis_id":"27241eb3-6b89-41f6-bdfc-7832bd7ea3c4","mysis_name":"test-mysis","stage":"before_llm_call","memory_count":2,"message_count":3,"content_bytes":631,"reasoning_bytes":0,"role_counts":{"system":1,"user":1},"source_counts":{"system":2},"tool_call_count":0,"time":"2026-02-07T16:53:54Z","message":"Context stats (ephemeral)"}
{"level":"debug","mysis_id":"47f360f5-1557-4313-ac3c-562a8609bf18","mysis_name":"test-mysis","stage":"context_memories","memory_count":2,"message_count":0,"content_bytes":542,"reasoning_bytes":0,"role_counts":{"system":1,"user":1},"source_counts":{"system":2},"tool_call_count":0,"time":"2026-02-07T16:53:54Z","message":"Context stats (ephemeral)"}
{"level":"debug","mysis_id":"47f360f5-1557-4313-ac3c-562a8609bf18","mysis_name":"test-mysis","stage":"messages_converted","memory_count":2,"message_count":3,"content_bytes":631,"reasoning_bytes":0,"role_counts":{"system":1,"user":1},"source_counts":{"system":2},"tool_call_count":0,"time":"2026-02-07T16:53:54Z","message":"Context stats (ephemeral)"}
{"level":"debug","mysis_id":"47f360f5-1557-4313-ac3c-562a8609bf18","mysis_name":"test-mysis","stage":"before_llm_call","memory_count":2,"message_count":3,"content_bytes":631,"reasoning_bytes":0,"role_counts":{"system":1,"user":1},"source_counts":{"system":2},"tool_call_count":0,"time":"2026-02-07T16:53:54Z","message":"Context stats (ephemeral)"}
{"level":"debug","mysis_id":"77fa2650-cca9-48b8-9ea8-ce2f8f3b3bbb","mysis_name":"test-mysis","stage":"context_memories","memory_count":2,"message_count":0,"content_bytes":542,"reasoning_bytes":0,"role_counts":{"system":1,"user":1},"source_counts":{"system":2},"tool_call_count":0,"time":"2026-02-07T16:53:54Z","message":"Context stats (ephemeral)"}
{"level":"debug","mysis_id":"77fa2650-cca9-48b8-9ea8-ce2f8f3b3bbb","mysis_name":"test-mysis","stage":"messages_converted","memory_count":2,"message_count":3,"content_bytes":631,"reasoning_bytes":0,"role_counts":{"system":1,"user":1},"source_counts":{"system":2},"tool_call_count":0,"time":"2026-02-07T16:53:54Z","message":"Context stats (ephemeral)"}
{"level":"debug","mysis_id":"77fa2650-cca9-48b8-9ea8-ce2f8f3b3bbb","mysis_name":"test-mysis","stage":"before_llm_call","memory_count":2,"message_count":3,"content_bytes":631,"reasoning_bytes":0,"role_counts":{"system":1,"user":1},"source_counts":{"system":2},"tool_call_count":0,"time":"2026-02-07T16:53:54Z","message":"Context stats (ephemeral)"}
{"level":"debug","mysis_id":"4dfa3940-1ea4-4503-b886-bf00d5d57334","mysis_name":"test-mysis","stage":"context_memories","memory_count":2,"message_count":0,"content_bytes":542,"reasoning_bytes":0,"role_counts":{"system":1,"user":1},"source_counts":{"system":2},"tool_call_count":0,"time":"2026-02-07T16:53:54Z","message":"Context stats (ephemeral)"}
{"level":"debug","mysis_id":"4dfa3940-1ea4-4503-b886-bf00d5d57334","mysis_name":"test-mysis","stage":"messages_converted","memory_count":2,"message_count":3,"content_bytes":631,"reasoning_bytes":0,"role_counts":{"system":1,"user":1},"source_counts":{"system":2},"tool_call_count":0,"time":"2026-02-07T16:53:54Z","message":"Context stats (ephemeral)"}
{"level":"debug","mysis_id":"4dfa3940-1ea4-4503-b886-bf00d5d57334","mysis_name":"test-mysis","stage":"before_llm_call","memory_count":2,"message_count":3,"content_bytes":631,"reasoning_bytes":0,"role_counts":{"system":1,"user":1},"source_counts":{"system":2},"tool_call_count":0,"time":"2026-02-07T16:53:54Z","message":"Context stats (ephemeral)"}
{"level":"debug","mysis_id":"783f43bb-c55d-4d5f-9020-ae5df3eb1778","mysis_name":"test-mysis","stage":"context_memories","memory_count":2,"message_count":0,"content_bytes":542,"reasoning_bytes":0,"role_counts":{"system":1,"user":1},"source_counts":{"system":2},"tool_call_count":0,"time":"2026-02-07T16:53:54Z","message":"Context stats (ephemeral)"}
{"level":"debug","mysis_id":"783f43bb-c55d-4d5f-9020-ae5df3eb1778","mysis_name":"test-mysis","stage":"messages_converted","memory_count":2,"message_count":3,"content_bytes":631,"reasoning_bytes":0,"role_counts":{"system":1,"user":1},"source_counts":{"system":2},"tool_call_count":0,"time":"2026-02-07T16:53:54Z","message":"Context stats (ephemeral)"}
{"level":"debug","mysis_id":"783f43bb-c55d-4d5f-9020-ae5df3eb1778","mysis_name":"test-mysis","stage":"before_llm_call","memory_count":2,"message_count":3,"content_bytes":631,"reasoning_bytes":0,"role_counts":{"system":1,"user":1},"source_counts":{"system":2},"tool_call_count":0,"time":"2026-02-07T16:53:54Z","message":"Context stats (ephemeral)"}
{"level":"debug","mysis_id":"d480082f-b2c7-411b-867f-277444c4ec40","mysis_name":"test-mysis","stage":"context_memories","memory_count":2,"message_count":0,"content_bytes":542,"reasoning_bytes":0,"role_counts":{"system":1,"user":1},"source_counts":{"system":2},"tool_call_count":0,"time":"2026-02-07T16:53:54Z","message":"Context stats (ephemeral)"}
{"level":"debug","mysis_id":"d480082f-b2c7-411b-867f-277444c4ec40","mysis_name":"test-mysis","stage":"messages_converted","memory_count":2,"message_count":3,"content_bytes":631,"reasoning_bytes":0,"role_counts":{"system":1,"user":1},"source_counts":{"system":2},"tool_call_count":0,"time":"2026-02-07T16:53:54Z","message":"Context stats (ephemeral)"}
{"level":"debug","mysis_id":"d480082f-b2c7-411b-867f-277444c4ec40","mysis_name":"test-mysis","stage":"before_llm_call","memory_count":2,"message_count":3,"content_bytes":631,"reasoning_bytes":0,"role_counts":{"system":1,"user":1},"source_counts":{"system":2},"tool_call_count":0,"time":"2026-02-07T16:53:54Z","message":"Context stats (ephemeral)"}
{"level":"debug","mysis_id":"a998289b-9308-4ac1-acfa-7a4f3563bd47","mysis_name":"test-mysis","stage":"context_memories","memory_count":2,"message_count":0,"content_bytes":542,"reasoning_bytes":0,"role_counts":{"system":1,"user":1},"source_counts":{"system":2},"tool_call_count":0,"time":"2026-02-07T16:53:54Z","message":"Context stats (ephemeral)"}
{"level":"debug","mysis_id":"a998289b-9308-4ac1-acfa-7a4f3563bd47","mysis_name":"test-mysis","stage":"messages_converted","memory_count":2,"message_count":3,"content_bytes":631,"reasoning_bytes":0,"role_counts":{"system":1,"user":1},"source_counts":{"system":2},"tool_call_count":0,"time":"2026-02-07T16:53:54Z","message":"Context stats (ephemeral)"}
{"level":"debug","mysis_id":"a998289b-9308-4ac1-acfa-7a4f3563bd47","mysis_name":"test-mysis","stage":"before_llm_call","memory_count":2,"message_count":3,"content_bytes":631,"reasoning_bytes":0,"role_counts":{"system":1,"user":1},"source_counts":{"system":2},"tool_call_count":0,"time":"2026-02-07T16:53:54Z","message":"Context stats (ephemeral)"}
{"level":"debug","mysis_id":"8f14e120-aaae-446b-aa88-d671c6849d44","mysis_name":"test-mysis","stage":"context_memories","memory_count":2,"message_count":0,"content_bytes":542,"reasoning_bytes":0,"role_counts":{"system":1,"user":1},"source_counts":{"system":2},"tool_call_count":0,"time":"2026-02-07T16:53:54Z","message":"Context stats (ephemeral)"}
{"level":"debug","mysis_id":"8f14e120-aaae-446b-aa88-d671c6849d44","mysis_name":"test-mysis","stage":"messages_converted","memory_count":2,"message_count":3,"content_bytes":631,"reasoning_bytes":0,"role_counts":{"system":1,"user":1},"source_counts":{"system":2},"tool_call_count":0,"time":"2026-02-07T16:53:54Z","message":"Context stats (ephemeral)"}
{"level":"debug","mysis_id":"8f14e120-aaae-446b-aa88-d671c6849d44","mysis_name":"test-mysis","stage":"before_llm_call","memory_count":2,"message_count":3,"content_bytes":631,"reasoning_bytes":0,"role_counts":{"system":1,"user":1},"source_counts":{"system":2},"tool_call_count":0,"time":"2026-02-07T16:53:54Z","message":"Context stats (ephemeral)"}
{"level":"debug","mysis_id":"ef455504-0651-4f7a-86c6-5a011e1fe929","mysis_name":"test-mysis","stage":"context_memories","memory_count":2,"message_count":0,"content_bytes":542,"reasoning_bytes":0,"role_counts":{"system":1,"user":1},"source_counts":{"system":2},"tool_call_count":0,"time":"2026-02-07T16:53:54Z","message":"Context stats (ephemeral)"}
{"level":"debug","mysis_id":"ef455504-0651-4f7a-86c6-5a011e1fe929","mysis_name":"test-mysis","stage":"messages_converted","memory_count":2,"message_count":3,"content_bytes":631,"reasoning_bytes":0,"role_counts":{"system":1,"user":1},"source_counts":{"system":2},"tool_call_count":0,"time":"2026-02-07T16:53:54Z","message":"Context stats (ephemeral)"}
{"level":"debug","mysis_id":"ef455504-0651-4f7a-86c6-5a011e1fe929","mysis_name":"test-mysis","stage":"before_llm_call","memory_count":2,"message_count":3,"content_bytes":631,"reasoning_bytes":0,"role_counts":{"system":1,"user":1},"source_counts":{"system":2},"tool_call_count":0,"time":"2026-02-07T16:53:54Z","message":"Context stats (ephemeral)"}
{"level":"debug","mysis_id":"0fde1cb6-277b-451a-9003-d47889989961","mysis_name":"test-mysis","stage":"context_memories","memory_count":2,"message_count":0,"content_bytes":542,"reasoning_bytes":0,"role_counts":{"system":1,"user":1},"source_counts":{"system":2},"tool_call_count":0,"time":"2026-02-07T16:53:54Z","message":"Context stats (ephemeral)"}
{"level":"debug","mysis_id":"0fde1cb6-277b-451a-9003-d47889989961","mysis_name":"test-mysis","stage":"messages_converted","memory_count":2,"message_count":3,"content_bytes":631,"reasoning_bytes":0,"role_counts":{"system":1,"user":1},"source_counts":{"system":2},"tool_call_count":0,"time":"2026-02-07T16:53:54Z","message":"Context stats (ephemeral)"}
{"level":"debug","mysis_id":"0fde1cb6-277b-451a-9003-d47889989961","mysis_name":"test-mysis","stage":"before_llm_call","memory_count":2,"message_count":3,"content_bytes":631,"reasoning_bytes":0,"role_counts":{"system":1,"user":1},"source_counts":{"system":2},"tool_call_count":0,"time":"2026-02-07T16:53:54Z","message":"Context stats (ephemeral)"}
{"level":"debug","mysis_id":"e80e6ee7-0833-488b-8593-813af50d57b4","mysis_name":"test-mysis","stage":"context_memories","memory_count":2,"message_count":0,"content_bytes":542,"reasoning_bytes":0,"role_counts":{"system":1,"user":1},"source_counts":{"system":2},"tool_call_count":0,"time":"2026-02-07T16:53:54Z","message":"Context stats (ephemeral)"}
{"level":"debug","mysis_id":"e80e6ee7-0833-488b-8593-813af50d57b4","mysis_name":"test-mysis","stage":"messages_converted","memory_count":2,"message_count":3,"content_bytes":631,"reasoning_bytes":0,"role_counts":{"system":1,"user":1},"source_counts":{"system":2},"tool_call_count":0,"time":"2026-02-07T16:53:54Z","message":"Context stats (ephemeral)"}
{"level":"debug","mysis_id":"e80e6ee7-0833-488b-8593-813af50d57b4","mysis_name":"test-mysis","stage":"before_llm_call","memory_count":2,"message_count":3,"content_bytes":631,"reasoning_bytes":0,"role_counts":{"system":1,"user":1},"source_counts":{"system":2},"tool_call_count":0,"time":"2026-02-07T16:53:54Z","message":"Context stats (ephemeral)"}
{"level":"debug","mysis_id":"c4edb6a7-53df-4fbc-bf61-ba4613929240","mysis_name":"test-mysis","stage":"context_memories","memory_count":2,"message_count":0,"content_bytes":542,"reasoning_bytes":0,"role_counts":{"system":1,"user":1},"source_counts":{"system":2},"tool_call_count":0,"time":"2026-02-07T16:53:55Z","message":"Context stats (ephemeral)"}
{"level":"debug","mysis_id":"c4edb6a7-53df-4fbc-bf61-ba4613929240","mysis_name":"test-mysis","stage":"messages_converted","memory_count":2,"message_count":3,"content_bytes":631,"reasoning_bytes":0,"role_counts":{"system":1,"user":1},"source_counts":{"system":2},"tool_call_count":0,"time":"2026-02-07T16:53:55Z","message":"Context stats (ephemeral)"}
{"level":"debug","mysis_id":"c4edb6a7-53df-4fbc-bf61-ba4613929240","mysis_name":"test-mysis","stage":"before_llm_call","memory_count":2,"message_count":3,"content_bytes":631,"reasoning_bytes":0,"role_counts":{"system":1,"user":1},"source_counts":{"system":2},"tool_call_count":0,"time":"2026-02-07T16:53:55Z","message":"Context stats (ephemeral)"}
{"level":"debug","mysis_id":"f298b550-ab5e-4ae8-a867-43de40e8ce65","mysis_name":"test-mysis","stage":"context_memories","memory_count":2,"message_count":0,"content_bytes":542,"reasoning_bytes":0,"role_counts":{"system":1,"user":1},"source_counts":{"system":2},"tool_call_count":0,"time":"2026-02-07T16:53:55Z","message":"Context stats (ephemeral)"}
{"level":"debug","mysis_id":"f298b550-ab5e-4ae8-a867-43de40e8ce65","mysis_name":"test-mysis","stage":"messages_converted","memory_count":2,"message_count":3,"content_bytes":631,"reasoning_bytes":0,"role_counts":{"system":1,"user":1},"source_counts":{"system":2},"tool_call_count":0,"time":"2026-02-07T16:53:55Z","message":"Context stats (ephemeral)"}
{"level":"debug","mysis_id":"f298b550-ab5e-4ae8-a867-43de40e8ce65","mysis_name":"test-mysis","stage":"before_llm_call","memory_count":2,"message_count":3,"content_bytes":631,"reasoning_bytes":0,"role_counts":{"system":1,"user":1},"source_counts":{"system":2},"tool_call_count":0,"time":"2026-02-07T16:53:55Z","message":"Context stats (ephemeral)"}
{"level":"debug","mysis_id":"a181e183-76c9-4a55-92f9-f36c5d6ae1c0","mysis_name":"test-mysis","stage":"context_memories","memory_count":2,"message_count":0,"content_bytes":542,"reasoning_bytes":0,"role_counts":{"system":1,"user":1},"source_counts":{"system":2},"tool_call_count":0,"time":"2026-02-07T16:53:55Z","message":"Context stats (ephemeral)"}
{"level":"debug","mysis_id":"a181e183-76c9-4a55-92f9-f36c5d6ae1c0","mysis_name":"test-mysis","stage":"messages_converted","memory_count":2,"message_count":3,"content_bytes":631,"reasoning_bytes":0,"role_counts":{"system":1,"user":1},"source_counts":{"system":2},"tool_call_count":0,"time":"2026-02-07T16:53:55Z","message":"Context stats (ephemeral)"}
{"level":"debug","mysis_id":"a181e183-76c9-4a55-92f9-f36c5d6ae1c0","mysis_name":"test-mysis","stage":"before_llm_call","memory_count":2,"message_count":3,"content_bytes":631,"reasoning_bytes":0,"role_counts":{"system":1,"user":1},"source_counts":{"system":2},"tool_call_count":0,"time":"2026-02-07T16:53:55Z","message":"Context stats (ephemeral)"}
{"level":"debug","mysis_id":"a75e9134-f203-4746-b4bd-6972d43b6387","mysis_name":"test-mysis","stage":"context_memories","memory_count":2,"message_count":0,"content_bytes":542,"reasoning_bytes":0,"role_counts":{"system":1,"user":1},"source_counts":{"system":2},"tool_call_count":0,"time":"2026-02-07T16:53:55Z","message":"Context stats (ephemeral)"}
{"level":"debug","mysis_id":"a75e9134-f203-4746-b4bd-6972d43b6387","mysis_name":"test-mysis","stage":"messages_converted","memory_count":2,"message_count":3,"content_bytes":631,"reasoning_bytes":0,"role_counts":{"system":1,"user":1},"source_counts":{"system":2},"tool_call_count":0,"time":"2026-02-07T16:53:55Z","message":"Context stats (ephemeral)"}
{"level":"debug","mysis_id":"a75e9134-f203-4746-b4bd-6972d43b6387","mysis_name":"test-mysis","stage":"before_llm_call","memory_count":2,"message_count":3,"content_bytes":631,"reasoning_bytes":0,"role_counts":{"system":1,"user":1},"source_counts":{"system":2},"tool_call_count":0,"time":"2026-02-07T16:53:55Z","message":"Context stats (ephemeral)"}
{"level":"debug","mysis_id":"3ae2f28c-4bee-485c-8899-4eb61f352b22","mysis_name":"test-mysis","stage":"context_memories","memory_count":2,"message_count":0,"content_bytes":542,"reasoning_bytes":0,"role_counts":{"system":1,"user":1},"source_counts":{"system":2},"tool_call_count":0,"time":"2026-02-07T16:53:55Z","message":"Context stats (ephemeral)"}
{"level":"debug","mysis_id":"3ae2f28c-4bee-485c-8899-4eb61f352b22","mysis_name":"test-mysis","stage":"messages_converted","memory_count":2,"message_count":3,"content_bytes":631,"reasoning_bytes":0,"role_counts":{"system":1,"user":1},"source_counts":{"system":2},"tool_call_count":0,"time":"2026-02-07T16:53:55Z","message":"Context stats (ephemeral)"}
{"level":"debug","mysis_id":"3ae2f28c-4bee-485c-8899-4eb61f352b22","mysis_name":"test-mysis","stage":"before_llm_call","memory_count":2,"message_count":3,"content_bytes":631,"reasoning_bytes":0,"role_counts":{"system":1,"user":1},"source_counts":{"system":2},"tool_call_count":0,"time":"2026-02-07T16:53:55Z","message":"Context stats (ephemeral)"}
{"level":"debug","mysis_id":"d1f4ac8b-fce8-43a8-9bd1-699a547f58ea","mysis_name":"test-mysis","stage":"context_memories","memory_count":2,"message_count":0,"content_bytes":542,"reasoning_bytes":0,"role_counts":{"system":1,"user":1},"source_counts":{"system":2},"tool_call_count":0,"time":"2026-02-07T16:53:55Z","message":"Context stats (ephemeral)"}
{"level":"debug","mysis_id":"d1f4ac8b-fce8-43a8-9bd1-699a547f58ea","mysis_name":"test-mysis","stage":"messages_converted","memory_count":2,"message_count":3,"content_bytes":631,"reasoning_bytes":0,"role_counts":{"system":1,"user":1},"source_counts":{"system":2},"tool_call_count":0,"time":"2026-02-07T16:53:55Z","message":"Context stats (ephemeral)"}
{"level":"debug","mysis_id":"d1f4ac8b-fce8-43a8-9bd1-699a547f58ea","mysis_name":"test-mysis","stage":"before_llm_call","memory_count":2,"message_count":3,"content_bytes":631,"reasoning_bytes":0,"role_counts":{"system":1,"user":1},"source_counts":{"system":2},"tool_call_count":0,"time":"2026-02-07T16:53:55Z","message":"Context stats (ephemeral)"}
{"level":"debug","mysis_id":"7f08a04c-8f7f-41b3-b7eb-3a754c5eb0a6","mysis_name":"test-mysis","stage":"context_memories","memory_count":2,"message_count":0,"content_bytes":542,"reasoning_bytes":0,"role_counts":{"system":1,"user":1},"source_counts":{"system":2},"tool_call_count":0,"time":"2026-02-07T16:53:55Z","message":"Context stats (ephemeral)"}
{"level":"debug","mysis_id":"7f08a04c-8f7f-41b3-b7eb-3a754c5eb0a6","mysis_name":"test-mysis","stage":"messages_converted","memory_count":2,"message_count":3,"content_bytes":631,"reasoning_bytes":0,"role_counts":{"system":1,"user":1},"source_counts":{"system":2},"tool_call_count":0,"time":"2026-02-07T16:53:55Z","message":"Context stats (ephemeral)"}
{"level":"debug","mysis_id":"7f08a04c-8f7f-41b3-b7eb-3a754c5eb0a6","mysis_name":"test-mysis","stage":"before_llm_call","memory_count":2,"message_count":3,"content_bytes":631,"reasoning_bytes":0,"role_counts":{"system":1,"user":1},"source_counts":{"system":2},"tool_call_count":0,"time":"2026-02-07T16:53:55Z","message":"Context stats (ephemeral)"}
{"level":"debug","mysis_id":"8b208ca1-b5e0-4e7f-b2b1-3d57bfee02a0","mysis_name":"test-mysis","stage":"context_memories","memory_count":2,"message_count":0,"content_bytes":542,"reasoning_bytes":0,"role_counts":{"system":1,"user":1},"source_counts":{"system":2},"tool_call_count":0,"time":"2026-02-07T16:53:55Z","message":"Context stats (ephemeral)"}
{"level":"debug","mysis_id":"8b208ca1-b5e0-4e7f-b2b1-3d57bfee02a0","mysis_name":"test-mysis","stage":"messages_converted","memory_count":2,"message_count":3,"content_bytes":631,"reasoning_bytes":0,"role_counts":{"system":1,"user":1},"source_counts":{"system":2},"tool_call_count":0,"time":"2026-02-07T16:53:55Z","message":"Context stats (ephemeral)"}
{"level":"debug","mysis_id":"8b208ca1-b5e0-4e7f-b2b1-3d57bfee02a0","mysis_name":"test-mysis","stage":"before_llm_call","memory_count":2,"message_count":3,"content_bytes":631,"reasoning_bytes":0,"role_counts":{"system":1,"user":1},"source_counts":{"system":2},"tool_call_count":0,"time":"2026-02-07T16:53:55Z","message":"Context stats (ephemeral)"}
{"level":"debug","mysis_id":"69069a2d-2e3d-4864-9aea-2254d437ab0b","mysis_name":"test-mysis","stage":"context_memories","memory_count":2,"message_count":0,"content_bytes":542,"reasoning_bytes":0,"role_counts":{"system":1,"user":1},"source_counts":{"system":2},"tool_call_count":0,"time":"2026-02-07T16:53:55Z","message":"Context stats (ephemeral)"}
{"level":"debug","mysis_id":"69069a2d-2e3d-4864-9aea-2254d437ab0b","mysis_name":"test-mysis","stage":"messages_converted","memory_count":2,"message_count":3,"content_bytes":631,"reasoning_bytes":0,"role_counts":{"system":1,"user":1},"source_counts":{"system":2},"tool_call_count":0,"time":"2026-02-07T16:53:55Z","message":"Context stats (ephemeral)"}
{"level":"debug","mysis_id":"69069a2d-2e3d-4864-9aea-2254d437ab0b","mysis_name":"test-mysis","stage":"before_llm_call","memory_count":2,"message_count":3,"content_bytes":631,"reasoning_bytes":0,"role_counts":{"system":1,"user":1},"source_counts":{"system":2},"tool_call_count":0,"time":"2026-02-07T16:53:55Z","message":"Context stats (ephemeral)"}
{"level":"debug","mysis_id":"554584ae-c2f1-41d7-bbe3-9f9fc1c851a0","mysis_name":"test-mysis","stage":"context_memories","memory_count":2,"message_count":0,"content_bytes":542,"reasoning_bytes":0,"role_counts":{"system":1,"user":1},"source_counts":{"system":2},"tool_call_count":0,"time":"2026-02-07T16:53:55Z","message":"Context stats (ephemeral)"}
{"level":"debug","mysis_id":"554584ae-c2f1-41d7-bbe3-9f9fc1c851a0","mysis_name":"test-mysis","stage":"messages_converted","memory_count":2,"message_count":3,"content_bytes":631,"reasoning_bytes":0,"role_counts":{"system":1,"user":1},"source_counts":{"system":2},"tool_call_count":0,"time":"2026-02-07T16:53:55Z","message":"Context stats (ephemeral)"}
{"level":"debug","mysis_id":"554584ae-c2f1-41d7-bbe3-9f9fc1c851a0","mysis_name":"test-mysis","stage":"before_llm_call","memory_count":2,"message_count":3,"content_bytes":631,"reasoning_bytes":0,"role_counts":{"system":1,"user":1},"source_counts":{"system":2},"tool_call_count":0,"time":"2026-02-07T16:53:55Z","message":"Context stats (ephemeral)"}
{"level":"debug","mysis_id":"021b4bf8-142a-4bff-9e4f-c13cf47b9765","mysis_name":"test-mysis","stage":"context_memories","memory_count":2,"message_count":0,"content_bytes":542,"reasoning_bytes":0,"role_counts":{"system":1,"user":1},"source_counts":{"system":2},"tool_call_count":0,"time":"2026-02-07T16:53:55Z","message":"Context stats (ephemeral)"}
{"level":"debug","mysis_id":"021b4bf8-142a-4bff-9e4f-c13cf47b9765","mysis_name":"test-mysis","stage":"messages_converted","memory_count":2,"message_count":3,"content_bytes":631,"reasoning_bytes":0,"role_counts":{"system":1,"user":1},"source_counts":{"system":2},"tool_call_count":0,"time":"2026-02-07T16:53:55Z","message":"Context stats (ephemeral)"}
{"level":"debug","mysis_id":"021b4bf8-142a-4bff-9e4f-c13cf47b9765","mysis_name":"test-mysis","stage":"before_llm_call","memory_count":2,"message_count":3,"content_bytes":631,"reasoning_bytes":0,"role_counts":{"system":1,"user":1},"source_counts":{"system":2},"tool_call_count":0,"time":"2026-02-07T16:53:55Z","message":"Context stats (ephemeral)"}
{"level":"debug","mysis_id":"a01b9b67-857a-4d59-b7e0-f3ff6b4b132b","mysis_name":"test-mysis","stage":"context_memories","memory_count":2,"message_count":0,"content_bytes":542,"reasoning_bytes":0,"role_counts":{"system":1,"user":1},"source_counts":{"system":2},"tool_call_count":0,"time":"2026-02-07T16:53:55Z","message":"Context stats (ephemeral)"}
{"level":"debug","mysis_id":"a01b9b67-857a-4d59-b7e0-f3ff6b4b132b","mysis_name":"test-mysis","stage":"messages_converted","memory_count":2,"message_count":3,"content_bytes":631,"reasoning_bytes":0,"role_counts":{"system":1,"user":1},"source_counts":{"system":2},"tool_call_count":0,"time":"2026-02-07T16:53:55Z","message":"Context stats (ephemeral)"}
{"level":"debug","mysis_id":"a01b9b67-857a-4d59-b7e0-f3ff6b4b132b","mysis_name":"test-mysis","stage":"before_llm_call","memory_count":2,"message_count":3,"content_bytes":631,"reasoning_bytes":0,"role_counts":{"system":1,"user":1},"source_counts":{"system":2},"tool_call_count":0,"time":"2026-02-07T16:53:55Z","message":"Context stats (ephemeral)"}
{"level":"debug","mysis_id":"1894cb45-31da-43fd-8623-565736ea120e","mysis_name":"test-mysis","stage":"context_memories","memory_count":2,"message_count":0,"content_bytes":542,"reasoning_bytes":0,"role_counts":{"system":1,"user":1},"source_counts":{"system":2},"tool_call_count":0,"time":"2026-02-07T16:53:55Z","message":"Context stats (ephemeral)"}
{"level":"debug","mysis_id":"1894cb45-31da-43fd-8623-565736ea120e","mysis_name":"test-mysis","stage":"messages_converted","memory_count":2,"message_count":3,"content_bytes":631,"reasoning_bytes":0,"role_counts":{"system":1,"user":1},"source_counts":{"system":2},"tool_call_count":0,"time":"2026-02-07T16:53:55Z","message":"Context stats (ephemeral)"}
{"level":"debug","mysis_id":"1894cb45-31da-43fd-8623-565736ea120e","mysis_name":"test-mysis","stage":"before_llm_call","memory_count":2,"message_count":3,"content_bytes":631,"reasoning_bytes":0,"role_counts":{"system":1,"user":1},"source_counts":{"system":2},"tool_call_count":0,"time":"2026-02-07T16:53:55Z","message":"Context stats (ephemeral)"}
{"level":"debug","mysis_id":"63c0c340-81ca-4874-a087-410a45dc7b09","mysis_name":"test-mysis","stage":"context_memories","memory_count":2,"message_count":0,"content_bytes":542,"reasoning_bytes":0,"role_counts":{"system":1,"user":1},"source_counts":{"system":2},"tool_call_count":0,"time":"2026-02-07T16:53:55Z","message":"Context stats (ephemeral)"}
{"level":"debug","mysis_id":"63c0c340-81ca-4874-a087-410a45dc7b09","mysis_name":"test-mysis","stage":"messages_converted","memory_count":2,"message_count":3,"content_bytes":631,"reasoning_bytes":0,"role_counts":{"system":1,"user":1},"source_counts":{"system":2},"tool_call_count":0,"time":"2026-02-07T16:53:55Z","message":"Context stats (ephemeral)"}
{"level":"debug","mysis_id":"63c0c340-81ca-4874-a087-410a45dc7b09","mysis_name":"test-mysis","stage":"before_llm_call","memory_count":2,"message_count":3,"content_bytes":631,"reasoning_bytes":0,"role_counts":{"system":1,"user":1},"source_counts":{"system":2},"tool_call_count":0,"time":"2026-02-07T16:53:55Z","message":"Context stats (ephemeral)"}
{"level":"debug","mysis_id":"4d1eb8e9-8bdd-403a-9aee-bd62ff0804d3","mysis_name":"test-mysis","stage":"context_memories","memory_count":2,"message_count":0,"content_bytes":542,"reasoning_bytes":0,"role_counts":{"system":1,"user":1},"source_counts":{"system":2},"tool_call_count":0,"time":"2026-02-07T16:53:55Z","message":"Context stats (ephemeral)"}
{"level":"debug","mysis_id":"4d1eb8e9-8bdd-403a-9aee-bd62ff0804d3","mysis_name":"test-mysis","stage":"messages_converted","memory_count":2,"message_count":3,"content_bytes":631,"reasoning_bytes":0,"role_counts":{"system":1,"user":1},"source_counts":{"system":2},"tool_call_count":0,"time":"2026-02-07T16:53:55Z","message":"Context stats (ephemeral)"}
{"level":"debug","mysis_id":"4d1eb8e9-8bdd-403a-9aee-bd62ff0804d3","mysis_name":"test-mysis","stage":"before_llm_call","memory_count":2,"message_count":3,"content_bytes":631,"reasoning_bytes":0,"role_counts":{"system":1,"user":1},"source_counts":{"system":2},"tool_call_count":0,"time":"2026-02-07T16:53:55Z","message":"Context stats (ephemeral)"}
{"level":"debug","mysis_id":"c1a906db-06d5-4af2-8e14-44a0ba059f0b","mysis_name":"test-mysis","stage":"context_memories","memory_count":2,"message_count":0,"content_bytes":542,"reasoning_bytes":0,"role_counts":{"system":1,"user":1},"source_counts":{"system":2},"tool_call_count":0,"time":"2026-02-07T16:53:55Z","message":"Context stats (ephemeral)"}
{"level":"debug","mysis_id":"c1a906db-06d5-4af2-8e14-44a0ba059f0b","mysis_name":"test-mysis","stage":"messages_converted","memory_count":2,"message_count":3,"content_bytes":631,"reasoning_bytes":0,"role_counts":{"system":1,"user":1},"source_counts":{"system":2},"tool_call_count":0,"time":"2026-02-07T16:53:55Z","message":"Context stats (ephemeral)"}
{"level":"debug","mysis_id":"c1a906db-06d5-4af2-8e14-44a0ba059f0b","mysis_name":"test-mysis","stage":"before_llm_call","memory_count":2,"message_count":3,"content_bytes":631,"reasoning_bytes":0,"role_counts":{"system":1,"user":1},"source_counts":{"system":2},"tool_call_count":0,"time":"2026-02-07T16:53:55Z","message":"Context stats (ephemeral)"}
{"level":"debug","mysis_id":"2c23b235-3f1a-4592-a532-4fb5a5472874","mysis_name":"test-mysis","stage":"context_memories","memory_count":2,"message_count":0,"content_bytes":542,"reasoning_bytes":0,"role_counts":{"system":1,"user":1},"source_counts":{"system":2},"tool_call_count":0,"time":"2026-02-07T16:53:56Z","message":"Context stats (ephemeral)"}
{"level":"debug","mysis_id":"2c23b235-3f1a-4592-a532-4fb5a5472874","mysis_name":"test-mysis","stage":"messages_converted","memory_count":2,"message_count":3,"content_bytes":631,"reasoning_bytes":0,"role_counts":{"system":1,"user":1},"source_counts":{"system":2},"tool_call_count":0,"time":"2026-02-07T16:53:56Z","message":"Context stats (ephemeral)"}
{"level":"debug","mysis_id":"2c23b235-3f1a-4592-a532-4fb5a5472874","mysis_name":"test-mysis","stage":"before_llm_call","memory_count":2,"message_count":3,"content_bytes":631,"reasoning_bytes":0,"role_counts":{"system":1,"user":1},"source_counts":{"system":2},"tool_call_count":0,"time":"2026-02-07T16:53:56Z","message":"Context stats (ephemeral)"}
{"level":"debug","mysis_id":"09040d4a-e7ee-4f73-b7f8-1c5413334b4f","mysis_name":"test-mysis","stage":"context_memories","memory_count":2,"message_count":0,"content_bytes":542,"reasoning_bytes":0,"role_counts":{"system":1,"user":1},"source_counts":{"system":2},"tool_call_count":0,"time":"2026-02-07T16:53:56Z","message":"Context stats (ephemeral)"}
{"level":"debug","mysis_id":"09040d4a-e7ee-4f73-b7f8-1c5413334b4f","mysis_name":"test-mysis","stage":"messages_converted","memory_count":2,"message_count":3,"content_bytes":631,"reasoning_bytes":0,"role_counts":{"system":1,"user":1},"source_counts":{"system":2},"tool_call_count":0,"time":"2026-02-07T16:53:56Z","message":"Context stats (ephemeral)"}
{"level":"debug","mysis_id":"09040d4a-e7ee-4f73-b7f8-1c5413334b4f","mysis_name":"test-mysis","stage":"before_llm_call","memory_count":2,"message_count":3,"content_bytes":631,"reasoning_bytes":0,"role_counts":{"system":1,"user":1},"source_counts":{"system":2},"tool_call_count":0,"time":"2026-02-07T16:53:56Z","message":"Context stats (ephemeral)"}
{"level":"debug","mysis_id":"d044c5cc-2b83-493d-94fc-432968629f7b","mysis_name":"test-mysis","stage":"context_memories","memory_count":2,"message_count":0,"content_bytes":542,"reasoning_bytes":0,"role_counts":{"system":1,"user":1},"source_counts":{"system":2},"tool_call_count":0,"time":"2026-02-07T16:53:56Z","message":"Context stats (ephemeral)"}
{"level":"debug","mysis_id":"d044c5cc-2b83-493d-94fc-432968629f7b","mysis_name":"test-mysis","stage":"messages_converted","memory_count":2,"message_count":3,"content_bytes":631,"reasoning_bytes":0,"role_counts":{"system":1,"user":1},"source_counts":{"system":2},"tool_call_count":0,"time":"2026-02-07T16:53:56Z","message":"Context stats (ephemeral)"}
{"level":"debug","mysis_id":"d044c5cc-2b83-493d-94fc-432968629f7b","mysis_name":"test-mysis","stage":"before_llm_call","memory_count":2,"message_count":3,"content_bytes":631,"reasoning_bytes":0,"role_counts":{"system":1,"user":1},"source_counts":{"system":2},"tool_call_count":0,"time":"2026-02-07T16:53:56Z","message":"Context stats (ephemeral)"}
{"level":"debug","mysis_id":"333fdd87-4003-451e-8372-e6db25f2615a","mysis_name":"test-mysis","stage":"context_memories","memory_count":2,"message_count":0,"content_bytes":542,"reasoning_bytes":0,"role_counts":{"system":1,"user":1},"source_counts":{"system":2},"tool_call_count":0,"time":"2026-02-07T16:53:56Z","message":"Context stats (ephemeral)"}
{"level":"debug","mysis_id":"333fdd87-4003-451e-8372-e6db25f2615a","mysis_name":"test-mysis","stage":"messages_converted","memory_count":2,"message_count":3,"content_bytes":631,"reasoning_bytes":0,"role_counts":{"system":1,"user":1},"source_counts":{"system":2},"tool_call_count":0,"time":"2026-02-07T16:53:56Z","message":"Context stats (ephemeral)"}
{"level":"debug","mysis_id":"333fdd87-4003-451e-8372-e6db25f2615a","mysis_name":"test-mysis","stage":"before_llm_call","memory_count":2,"message_count":3,"content_bytes":631,"reasoning_bytes":0,"role_counts":{"system":1,"user":1},"source_counts":{"system":2},"tool_call_count":0,"time":"2026-02-07T16:53:56Z","message":"Context stats (ephemeral)"}
{"level":"debug","mysis_id":"984d5a5e-0888-4493-be0f-aea99f4e8574","mysis_name":"test-mysis","stage":"context_memories","memory_count":2,"message_count":0,"content_bytes":542,"reasoning_bytes":0,"role_counts":{"system":1,"user":1},"source_counts":{"system":2},"tool_call_count":0,"time":"2026-02-07T16:53:56Z","message":"Context stats (ephemeral)"}
{"level":"debug","mysis_id":"984d5a5e-0888-4493-be0f-aea99f4e8574","mysis_name":"test-mysis","stage":"messages_converted","memory_count":2,"message_count":3,"content_bytes":631,"reasoning_bytes":0,"role_counts":{"system":1,"user":1},"source_counts":{"system":2},"tool_call_count":0,"time":"2026-02-07T16:53:56Z","message":"Context stats (ephemeral)"}
{"level":"debug","mysis_id":"984d5a5e-0888-4493-be0f-aea99f4e8574","mysis_name":"test-mysis","stage":"before_llm_call","memory_count":2,"message_count":3,"content_bytes":631,"reasoning_bytes":0,"role_counts":{"system":1,"user":1},"source_counts":{"system":2},"tool_call_count":0,"time":"2026-02-07T16:53:56Z","message":"Context stats (ephemeral)"}
{"level":"debug","mysis_id":"78f0e17d-7350-46ba-9bb1-1c1f8ba1f4e5","mysis_name":"test-mysis","stage":"context_memories","memory_count":2,"message_count":0,"content_bytes":542,"reasoning_bytes":0,"role_counts":{"system":1,"user":1},"source_counts":{"system":2},"tool_call_count":0,"time":"2026-02-07T16:53:56Z","message":"Context stats (ephemeral)"}
{"level":"debug","mysis_id":"78f0e17d-7350-46ba-9bb1-1c1f8ba1f4e5","mysis_name":"test-mysis","stage":"messages_converted","memory_count":2,"message_count":3,"content_bytes":631,"reasoning_bytes":0,"role_counts":{"system":1,"user":1},"source_counts":{"system":2},"tool_call_count":0,"time":"2026-02-07T16:53:56Z","message":"Context stats (ephemeral)"}
{"level":"debug","mysis_id":"78f0e17d-7350-46ba-9bb1-1c1f8ba1f4e5","mysis_name":"test-mysis","stage":"before_llm_call","memory_count":2,"message_count":3,"content_bytes":631,"reasoning_bytes":0,"role_counts":{"system":1,"user":1},"source_counts":{"system":2},"tool_call_count":0,"time":"2026-02-07T16:53:56Z","message":"Context stats (ephemeral)"}
{"level":"debug","mysis_id":"ea49d060-d03f-41c1-9b1f-5a85761c1a8d","mysis_name":"test-mysis","stage":"context_memories","memory_count":2,"message_count":0,"content_bytes":542,"reasoning_bytes":0,"role_counts":{"system":1,"user":1},"source_counts":{"system":2},"tool_call_count":0,"time":"2026-02-07T16:53:56Z","message":"Context stats (ephemeral)"}
{"level":"debug","mysis_id":"ea49d060-d03f-41c1-9b1f-5a85761c1a8d","mysis_name":"test-mysis","stage":"messages_converted","memory_count":2,"message_count":3,"content_bytes":631,"reasoning_bytes":0,"role_counts":{"system":1,"user":1},"source_counts":{"system":2},"tool_call_count":0,"time":"2026-02-07T16:53:56Z","message":"Context stats (ephemeral)"}
{"level":"debug","mysis_id":"ea49d060-d03f-41c1-9b1f-5a85761c1a8d","mysis_name":"test-mysis","stage":"before_llm_call","memory_count":2,"message_count":3,"content_bytes":631,"reasoning_bytes":0,"role_counts":{"system":1,"user":1},"source_counts":{"system":2},"tool_call_count":0,"time":"2026-02-07T16:53:56Z","message":"Context stats (ephemeral)"}
{"level":"debug","mysis_id":"d32d9ee6-3105-4299-9443-471d0921e065","mysis_name":"test-mysis","stage":"context_memories","memory_count":2,"message_count":0,"content_bytes":542,"reasoning_bytes":0,"role_counts":{"system":1,"user":1},"source_counts":{"system":2},"tool_call_count":0,"time":"2026-02-07T16:53:56Z","message":"Context stats (ephemeral)"}
{"level":"debug","mysis_id":"d32d9ee6-3105-4299-9443-471d0921e065","mysis_name":"test-mysis","stage":"messages_converted","memory_count":2,"message_count":3,"content_bytes":631,"reasoning_bytes":0,"role_counts":{"system":1,"user":1},"source_counts":{"system":2},"tool_call_count":0,"time":"2026-02-07T16:53:56Z","message":"Context stats (ephemeral)"}
{"level":"debug","mysis_id":"d32d9ee6-3105-4299-9443-471d0921e065","mysis_name":"test-mysis","stage":"before_llm_call","memory_count":2,"message_count":3,"content_bytes":631,"reasoning_bytes":0,"role_counts":{"system":1,"user":1},"source_counts":{"system":2},"tool_call_count":0,"time":"2026-02-07T16:53:56Z","message":"Context stats (ephemeral)"}
{"level":"debug","mysis_id":"019d4b02-794a-4f68-a9d5-8b813c12c405","mysis_name":"test-mysis","stage":"context_memories","memory_count":2,"message_count":0,"content_bytes":542,"reasoning_bytes":0,"role_counts":{"system":1,"user":1},"source_counts":{"system":2},"tool_call_count":0,"time":"2026-02-07T16:53:56Z","message":"Context stats (ephemeral)"}
{"level":"debug","mysis_id":"019d4b02-794a-4f68-a9d5-8b813c12c405","mysis_name":"test-mysis","stage":"messages_converted","memory_count":2,"message_count":3,"content_bytes":631,"reasoning_bytes":0,"role_counts":{"system":1,"user":1},"source_counts":{"system":2},"tool_call_count":0,"time":"2026-02-07T16:53:56Z","message":"Context stats (ephemeral)"}
{"level":"debug","mysis_id":"019d4b02-794a-4f68-a9d5-8b813c12c405","mysis_name":"test-mysis","stage":"before_llm_call","memory_count":2,"message_count":3,"content_bytes":631,"reasoning_bytes":0,"role_counts":{"system":1,"user":1},"source_counts":{"system":2},"tool_call_count":0,"time":"2026-02-07T16:53:56Z","message":"Context stats (ephemeral)"}
{"level":"debug","mysis_id":"ccf9120c-1cfb-4c2c-969a-746923da77e1","mysis_name":"test-mysis","stage":"context_memories","memory_count":2,"message_count":0,"content_bytes":542,"reasoning_bytes":0,"role_counts":{"system":1,"user":1},"source_counts":{"system":2},"tool_call_count":0,"time":"2026-02-07T16:53:56Z","message":"Context stats (ephemeral)"}
{"level":"debug","mysis_id":"ccf9120c-1cfb-4c2c-969a-746923da77e1","mysis_name":"test-mysis","stage":"messages_converted","memory_count":2,"message_count":3,"content_bytes":631,"reasoning_bytes":0,"role_counts":{"system":1,"user":1},"source_counts":{"system":2},"tool_call_count":0,"time":"2026-02-07T16:53:56Z","message":"Context stats (ephemeral)"}
{"level":"debug","mysis_id":"ccf9120c-1cfb-4c2c-969a-746923da77e1","mysis_name":"test-mysis","stage":"before_llm_call","memory_count":2,"message_count":3,"content_bytes":631,"reasoning_bytes":0,"role_counts":{"system":1,"user":1},"source_counts":{"system":2},"tool_call_count":0,"time":"2026-02-07T16:53:56Z","message":"Context stats (ephemeral)"}
{"level":"debug","mysis_id":"58ef2b55-388e-45f8-b0e4-c8b06850fc1b","mysis_name":"test-mysis","stage":"context_memories","memory_count":2,"message_count":0,"content_bytes":542,"reasoning_bytes":0,"role_counts":{"system":1,"user":1},"source_counts":{"system":2},"tool_call_count":0,"time":"2026-02-07T16:53:56Z","message":"Context stats (ephemeral)"}
{"level":"debug","mysis_id":"58ef2b55-388e-45f8-b0e4-c8b06850fc1b","mysis_name":"test-mysis","stage":"messages_converted","memory_count":2,"message_count":3,"content_bytes":631,"reasoning_bytes":0,"role_counts":{"system":1,"user":1},"source_counts":{"system":2},"tool_call_count":0,"time":"2026-02-07T16:53:56Z","message":"Context stats (ephemeral)"}
{"level":"debug","mysis_id":"58ef2b55-388e-45f8-b0e4-c8b06850fc1b","mysis_name":"test-mysis","stage":"before_llm_call","memory_count":2,"message_count":3,"content_bytes":631,"reasoning_bytes":0,"role_counts":{"system":1,"user":1},"source_counts":{"system":2},"tool_call_count":0,"time":"2026-02-07T16:53:56Z","message":"Context stats (ephemeral)"}
{"level":"debug","mysis_id":"1f1a1f25-8f3d-4d8a-ba0b-9d7256a65b00","mysis_name":"test-mysis","stage":"context_memories","memory_count":2,"message_count":0,"content_bytes":542,"reasoning_bytes":0,"role_counts":{"system":1,"user":1},"source_counts":{"system":2},"tool_call_count":0,"time":"2026-02-07T16:53:56Z","message":"Context stats (ephemeral)"}
{"level":"debug","mysis_id":"1f1a1f25-8f3d-4d8a-ba0b-9d7256a65b00","mysis_name":"test-mysis","stage":"messages_converted","memory_count":2,"message_count":3,"content_bytes":631,"reasoning_bytes":0,"role_counts":{"system":1,"user":1},"source_counts":{"system":2},"tool_call_count":0,"time":"2026-02-07T16:53:56Z","message":"Context stats (ephemeral)"}
{"level":"debug","mysis_id":"1f1a1f25-8f3d-4d8a-ba0b-9d7256a65b00","mysis_name":"test-mysis","stage":"before_llm_call","memory_count":2,"message_count":3,"content_bytes":631,"reasoning_bytes":0,"role_counts":{"system":1,"user":1},"source_counts":{"system":2},"tool_call_count":0,"time":"2026-02-07T16:53:56Z","message":"Context stats (ephemeral)"}
{"level":"debug","mysis_id":"4ff35cad-9a3a-4deb-b3ae-30caae7b7d26","mysis_name":"test-mysis","stage":"context_memories","memory_count":2,"message_count":0,"content_bytes":542,"reasoning_bytes":0,"role_counts":{"system":1,"user":1},"source_counts":{"system":2},"tool_call_count":0,"time":"2026-02-07T16:53:56Z","message":"Context stats (ephemeral)"}
{"level":"debug","mysis_id":"4ff35cad-9a3a-4deb-b3ae-30caae7b7d26","mysis_name":"test-mysis","stage":"messages_converted","memory_count":2,"message_count":3,"content_bytes":631,"reasoning_bytes":0,"role_counts":{"system":1,"user":1},"source_counts":{"system":2},"tool_call_count":0,"time":"2026-02-07T16:53:56Z","message":"Context stats (ephemeral)"}
{"level":"debug","mysis_id":"4ff35cad-9a3a-4deb-b3ae-30caae7b7d26","mysis_name":"test-mysis","stage":"before_llm_call","memory_count":2,"message_count":3,"content_bytes":631,"reasoning_bytes":0,"role_counts":{"system":1,"user":1},"source_counts":{"system":2},"tool_call_count":0,"time":"2026-02-07T16:53:56Z","message":"Context stats (ephemeral)"}
{"level":"debug","mysis_id":"6451bc8f-a610-4aa9-82b7-8614ecefa31b","mysis_name":"test-mysis","stage":"context_memories","memory_count":2,"message_count":0,"content_bytes":542,"reasoning_bytes":0,"role_counts":{"system":1,"user":1},"source_counts":{"system":2},"tool_call_count":0,"time":"2026-02-07T16:53:56Z","message":"Context stats (ephemeral)"}
{"level":"debug","mysis_id":"6451bc8f-a610-4aa9-82b7-8614ecefa31b","mysis_name":"test-mysis","stage":"messages_converted","memory_count":2,"message_count":3,"content_bytes":631,"reasoning_bytes":0,"role_counts":{"system":1,"user":1},"source_counts":{"system":2},"tool_call_count":0,"time":"2026-02-07T16:53:56Z","message":"Context stats (ephemeral)"}
{"level":"debug","mysis_id":"6451bc8f-a610-4aa9-82b7-8614ecefa31b","mysis_name":"test-mysis","stage":"before_llm_call","memory_count":2,"message_count":3,"content_bytes":631,"reasoning_bytes":0,"role_counts":{"system":1,"user":1},"source_counts":{"system":2},"tool_call_count":0,"time":"2026-02-07T16:53:56Z","message":"Context stats (ephemeral)"}
{"level":"debug","mysis_id":"7d59044a-7461-43cb-b6a8-962c747f7046","mysis_name":"test-mysis","stage":"context_memories","memory_count":2,"message_count":0,"content_bytes":542,"reasoning_bytes":0,"role_counts":{"system":1,"user":1},"source_counts":{"system":2},"tool_call_count":0,"time":"2026-02-07T16:53:56Z","message":"Context stats (ephemeral)"}
{"level":"debug","mysis_id":"7d59044a-7461-43cb-b6a8-962c747f7046","mysis_name":"test-mysis","stage":"messages_converted","memory_count":2,"message_count":3,"content_bytes":631,"reasoning_bytes":0,"role_counts":{"system":1,"user":1},"source_counts":{"system":2},"tool_call_count":0,"time":"2026-02-07T16:53:56Z","message":"Context stats (ephemeral)"}
{"level":"debug","mysis_id":"7d59044a-7461-43cb-b6a8-962c747f7046","mysis_name":"test-mysis","stage":"before_llm_call","memory_count":2,"message_count":3,"content_bytes":631,"reasoning_bytes":0,"role_counts":{"system":1,"user":1},"source_counts":{"system":2},"tool_call_count":0,"time":"2026-02-07T16:53:56Z","message":"Context stats (ephemeral)"}
{"level":"debug","mysis_id":"26a660cb-7f97-41c9-add5-3988e8eb7402","mysis_name":"test-mysis","stage":"context_memories","memory_count":2,"message_count":0,"content_bytes":542,"reasoning_bytes":0,"role_counts":{"system":1,"user":1},"source_counts":{"system":2},"tool_call_count":0,"time":"2026-02-07T16:53:57Z","message":"Context stats (ephemeral)"}
{"level":"debug","mysis_id":"26a660cb-7f97-41c9-add5-3988e8eb7402","mysis_name":"test-mysis","stage":"messages_converted","memory_count":2,"message_count":3,"content_bytes":631,"reasoning_bytes":0,"role_counts":{"system":1,"user":1},"source_counts":{"system":2},"tool_call_count":0,"time":"2026-02-07T16:53:57Z","message":"Context stats (ephemeral)"}
{"level":"debug","mysis_id":"26a660cb-7f97-41c9-add5-3988e8eb7402","mysis_name":"test-mysis","stage":"before_llm_call","memory_count":2,"message_count":3,"content_bytes":631,"reasoning_bytes":0,"role_counts":{"system":1,"user":1},"source_counts":{"system":2},"tool_call_count":0,"time":"2026-02-07T16:53:57Z","message":"Context stats (ephemeral)"}
{"level":"debug","mysis_id":"d6d222e8-3647-4010-bfad-b2528f8e3cff","mysis_name":"test-mysis","stage":"context_memories","memory_count":2,"message_count":0,"content_bytes":542,"reasoning_bytes":0,"role_counts":{"system":1,"user":1},"source_counts":{"system":2},"tool_call_count":0,"time":"2026-02-07T16:53:57Z","message":"Context stats (ephemeral)"}
{"level":"debug","mysis_id":"d6d222e8-3647-4010-bfad-b2528f8e3cff","mysis_name":"test-mysis","stage":"messages_converted","memory_count":2,"message_count":3,"content_bytes":631,"reasoning_bytes":0,"role_counts":{"system":1,"user":1},"source_counts":{"system":2},"tool_call_count":0,"time":"2026-02-07T16:53:57Z","message":"Context stats (ephemeral)"}
{"level":"debug","mysis_id":"d6d222e8-3647-4010-bfad-b2528f8e3cff","mysis_name":"test-mysis","stage":"before_llm_call","memory_count":2,"message_count":3,"content_bytes":631,"reasoning_bytes":0,"role_counts":{"system":1,"user":1},"source_counts":{"system":2},"tool_call_count":0,"time":"2026-02-07T16:53:57Z","message":"Context stats (ephemeral)"}
{"level":"debug","mysis_id":"82f10329-ef6a-42dc-99a7-a6c8628f8ad1","mysis_name":"test-mysis","stage":"context_memories","memory_count":2,"message_count":0,"content_bytes":542,"reasoning_bytes":0,"role_counts":{"system":1,"user":1},"source_counts":{"system":2},"tool_call_count":0,"time":"2026-02-07T16:53:57Z","message":"Context stats (ephemeral)"}
{"level":"debug","mysis_id":"82f10329-ef6a-42dc-99a7-a6c8628f8ad1","mysis_name":"test-mysis","stage":"messages_converted","memory_count":2,"message_count":3,"content_bytes":631,"reasoning_bytes":0,"role_counts":{"system":1,"user":1},"source_counts":{"system":2},"tool_call_count":0,"time":"2026-02-07T16:53:57Z","message":"Context stats (ephemeral)"}
{"level":"debug","mysis_id":"82f10329-ef6a-42dc-99a7-a6c8628f8ad1","mysis_name":"test-mysis","stage":"before_llm_call","memory_count":2,"message_count":3,"content_bytes":631,"reasoning_bytes":0,"role_counts":{"system":1,"user":1},"source_counts":{"system":2},"tool_call_count":0,"time":"2026-02-07T16:53:57Z","message":"Context stats (ephemeral)"}
{"level":"debug","mysis_id":"e9c799a7-e52a-4117-8c00-30c2700b1c62","mysis_name":"test-mysis","stage":"context_memories","memory_count":2,"message_count":0,"content_bytes":542,"reasoning_bytes":0,"role_counts":{"system":1,"user":1},"source_counts":{"system":2},"tool_call_count":0,"time":"2026-02-07T16:53:57Z","message":"Context stats (ephemeral)"}
{"level":"debug","mysis_id":"e9c799a7-e52a-4117-8c00-30c2700b1c62","mysis_name":"test-mysis","stage":"messages_converted","memory_count":2,"message_count":3,"content_bytes":631,"reasoning_bytes":0,"role_counts":{"system":1,"user":1},"source_counts":{"system":2},"tool_call_count":0,"time":"2026-02-07T16:53:57Z","message":"Context stats (ephemeral)"}
{"level":"debug","mysis_id":"e9c799a7-e52a-4117-8c00-30c2700b1c62","mysis_name":"test-mysis","stage":"before_llm_call","memory_count":2,"message_count":3,"content_bytes":631,"reasoning_bytes":0,"role_counts":{"system":1,"user":1},"source_counts":{"system":2},"tool_call_count":0,"time":"2026-02-07T16:53:57Z","message":"Context stats (ephemeral)"}
{"level":"debug","mysis_id":"c83001b6-b21b-4059-8875-6194b6d0d94a","mysis_name":"test-mysis","stage":"context_memories","memory_count":2,"message_count":0,"content_bytes":542,"reasoning_bytes":0,"role_counts":{"system":1,"user":1},"source_counts":{"system":2},"tool_call_count":0,"time":"2026-02-07T16:53:57Z","message":"Context stats (ephemeral)"}
{"level":"debug","mysis_id":"c83001b6-b21b-4059-8875-6194b6d0d94a","mysis_name":"test-mysis","stage":"messages_converted","memory_count":2,"message_count":3,"content_bytes":631,"reasoning_bytes":0,"role_counts":{"system":1,"user":1},"source_counts":{"system":2},"tool_call_count":0,"time":"2026-02-07T16:53:57Z","message":"Context stats (ephemeral)"}
{"level":"debug","mysis_id":"c83001b6-b21b-4059-8875-6194b6d0d94a","mysis_name":"test-mysis","stage":"before_llm_call","memory_count":2,"message_count":3,"content_bytes":631,"reasoning_bytes":0,"role_counts":{"system":1,"user":1},"source_counts":{"system":2},"tool_call_count":0,"time":"2026-02-07T16:53:57Z","message":"Context stats (ephemeral)"}
{"level":"debug","mysis_id":"bdb40ea3-4184-4cff-93a8-0c4e0d74ed3a","mysis_name":"test-mysis","stage":"context_memories","memory_count":2,"message_count":0,"content_bytes":542,"reasoning_bytes":0,"role_counts":{"system":1,"user":1},"source_counts":{"system":2},"tool_call_count":0,"time":"2026-02-07T16:53:57Z","message":"Context stats (ephemeral)"}
{"level":"debug","mysis_id":"bdb40ea3-4184-4cff-93a8-0c4e0d74ed3a","mysis_name":"test-mysis","stage":"messages_converted","memory_count":2,"message_count":3,"content_bytes":631,"reasoning_bytes":0,"role_counts":{"system":1,"user":1},"source_counts":{"system":2},"tool_call_count":0,"time":"2026-02-07T16:53:57Z","message":"Context stats (ephemeral)"}
{"level":"debug","mysis_id":"bdb40ea3-4184-4cff-93a8-0c4e0d74ed3a","mysis_name":"test-mysis","stage":"before_llm_call","memory_count":2,"message_count":3,"content_bytes":631,"reasoning_bytes":0,"role_counts":{"system":1,"user":1},"source_counts":{"system":2},"tool_call_count":0,"time":"2026-02-07T16:53:57Z","message":"Context stats (ephemeral)"}
{"level":"debug","mysis_id":"45811778-e511-4476-84ba-697439b7e096","mysis_name":"test-mysis","stage":"context_memories","memory_count":2,"message_count":0,"content_bytes":542,"reasoning_bytes":0,"role_counts":{"system":1,"user":1},"source_counts":{"system":2},"tool_call_count":0,"time":"2026-02-07T16:53:57Z","message":"Context stats (ephemeral)"}
{"level":"debug","mysis_id":"45811778-e511-4476-84ba-697439b7e096","mysis_name":"test-mysis","stage":"messages_converted","memory_count":2,"message_count":3,"content_bytes":631,"reasoning_bytes":0,"role_counts":{"system":1,"user":1},"source_counts":{"system":2},"tool_call_count":0,"time":"2026-02-07T16:53:57Z","message":"Context stats (ephemeral)"}
{"level":"debug","mysis_id":"45811778-e511-4476-84ba-697439b7e096","mysis_name":"test-mysis","stage":"before_llm_call","memory_count":2,"message_count":3,"content_bytes":631,"reasoning_bytes":0,"role_counts":{"system":1,"user":1},"source_counts":{"system":2},"tool_call_count":0,"time":"2026-02-07T16:53:57Z","message":"Context stats (ephemeral)"}
{"level":"debug","mysis_id":"be6c3468-2613-4af5-b04c-c2ecb7ee8118","mysis_name":"test-mysis","stage":"context_memories","memory_count":2,"message_count":0,"content_bytes":542,"reasoning_bytes":0,"role_counts":{"system":1,"user":1},"source_counts":{"system":2},"tool_call_count":0,"time":"2026-02-07T16:53:57Z","message":"Context stats (ephemeral)"}
{"level":"debug","mysis_id":"be6c3468-2613-4af5-b04c-c2ecb7ee8118","mysis_name":"test-mysis","stage":"messages_converted","memory_count":2,"message_count":3,"content_bytes":631,"reasoning_bytes":0,"role_counts":{"system":1,"user":1},"source_counts":{"system":2},"tool_call_count":0,"time":"2026-02-07T16:53:57Z","message":"Context stats (ephemeral)"}
{"level":"debug","mysis_id":"be6c3468-2613-4af5-b04c-c2ecb7ee8118","mysis_name":"test-mysis","stage":"before_llm_call","memory_count":2,"message_count":3,"content_bytes":631,"reasoning_bytes":0,"role_counts":{"system":1,"user":1},"source_counts":{"system":2},"tool_call_count":0,"time":"2026-02-07T16:53:57Z","message":"Context stats (ephemeral)"}
{"level":"debug","mysis_id":"8f9c1e1f-221b-40fc-9742-fcdceb923281","mysis_name":"test-mysis","stage":"context_memories","memory_count":2,"message_count":0,"content_bytes":542,"reasoning_bytes":0,"role_counts":{"system":1,"user":1},"source_counts":{"system":2},"tool_call_count":0,"time":"2026-02-07T16:53:57Z","message":"Context stats (ephemeral)"}
{"level":"debug","mysis_id":"8f9c1e1f-221b-40fc-9742-fcdceb923281","mysis_name":"test-mysis","stage":"messages_converted","memory_count":2,"message_count":3,"content_bytes":631,"reasoning_bytes":0,"role_counts":{"system":1,"user":1},"source_counts":{"system":2},"tool_call_count":0,"time":"2026-02-07T16:53:57Z","message":"Context stats (ephemeral)"}
{"level":"debug","mysis_id":"8f9c1e1f-221b-40fc-9742-fcdceb923281","mysis_name":"test-mysis","stage":"before_llm_call","memory_count":2,"message_count":3,"content_bytes":631,"reasoning_bytes":0,"role_counts":{"system":1,"user":1},"source_counts":{"system":2},"tool_call_count":0,"time":"2026-02-07T16:53:57Z","message":"Context stats (ephemeral)"}
{"level":"debug","mysis_id":"3c15aab6-af36-4418-9710-73dea11335cf","mysis_name":"test-mysis","stage":"context_memories","memory_count":2,"message_count":0,"content_bytes":542,"reasoning_bytes":0,"role_counts":{"system":1,"user":1},"source_counts":{"system":2},"tool_call_count":0,"time":"2026-02-07T16:53:57Z","message":"Context stats (ephemeral)"}
{"level":"debug","mysis_id":"3c15aab6-af36-4418-9710-73dea11335cf","mysis_name":"test-mysis","stage":"messages_converted","memory_count":2,"message_count":3,"content_bytes":631,"reasoning_bytes":0,"role_counts":{"system":1,"user":1},"source_counts":{"system":2},"tool_call_count":0,"time":"2026-02-07T16:53:57Z","message":"Context stats (ephemeral)"}
{"level":"debug","mysis_id":"3c15aab6-af36-4418-9710-73dea11335cf","mysis_name":"test-mysis","stage":"before_llm_call","memory_count":2,"message_count":3,"content_bytes":631,"reasoning_bytes":0,"role_counts":{"system":1,"user":1},"source_counts":{"system":2},"tool_call_count":0,"time":"2026-02-07T16:53:57Z","message":"Context stats (ephemeral)"}
{"level":"debug","mysis_id":"9a9687e2-b086-4496-a20d-e313670520ce","mysis_name":"test-mysis","stage":"context_memories","memory_count":2,"message_count":0,"content_bytes":542,"reasoning_bytes":0,"role_counts":{"system":1,"user":1},"source_counts":{"system":2},"tool_call_count":0,"time":"2026-02-07T16:53:57Z","message":"Context stats (ephemeral)"}
{"level":"debug","mysis_id":"9a9687e2-b086-4496-a20d-e313670520ce","mysis_name":"test-mysis","stage":"messages_converted","memory_count":2,"message_count":3,"content_bytes":631,"reasoning_bytes":0,"role_counts":{"system":1,"user":1},"source_counts":{"system":2},"tool_call_count":0,"time":"2026-02-07T16:53:57Z","message":"Context stats (ephemeral)"}
{"level":"debug","mysis_id":"9a9687e2-b086-4496-a20d-e313670520ce","mysis_name":"test-mysis","stage":"before_llm_call","memory_count":2,"message_count":3,"content_bytes":631,"reasoning_bytes":0,"role_counts":{"system":1,"user":1},"source_counts":{"system":2},"tool_call_count":0,"time":"2026-02-07T16:53:57Z","message":"Context stats (ephemeral)"}
{"level":"debug","mysis_id":"0e28eb86-2cf5-4574-a6cc-65ef011740f1","mysis_name":"test-mysis","stage":"context_memories","memory_count":2,"message_count":0,"content_bytes":542,"reasoning_bytes":0,"role_counts":{"system":1,"user":1},"source_counts":{"system":2},"tool_call_count":0,"time":"2026-02-07T16:53:57Z","message":"Context stats (ephemeral)"}
{"level":"debug","mysis_id":"0e28eb86-2cf5-4574-a6cc-65ef011740f1","mysis_name":"test-mysis","stage":"messages_converted","memory_count":2,"message_count":3,"content_bytes":631,"reasoning_bytes":0,"role_counts":{"system":1,"user":1},"source_counts":{"system":2},"tool_call_count":0,"time":"2026-02-07T16:53:57Z","message":"Context stats (ephemeral)"}
{"level":"debug","mysis_id":"0e28eb86-2cf5-4574-a6cc-65ef011740f1","mysis_name":"test-mysis","stage":"before_llm_call","memory_count":2,"message_count":3,"content_bytes":631,"reasoning_bytes":0,"role_counts":{"system":1,"user":1},"source_counts":{"system":2},"tool_call_count":0,"time":"2026-02-07T16:53:57Z","message":"Context stats (ephemeral)"}
{"level":"debug","mysis_id":"ae465aab-85ba-4764-8514-7219d08f04fc","mysis_name":"test-mysis","stage":"context_memories","memory_count":2,"message_count":0,"content_bytes":542,"reasoning_bytes":0,"role_counts":{"system":1,"user":1},"source_counts":{"system":2},"tool_call_count":0,"time":"2026-02-07T16:53:57Z","message":"Context stats (ephemeral)"}
{"level":"debug","mysis_id":"ae465aab-85ba-4764-8514-7219d08f04fc","mysis_name":"test-mysis","stage":"messages_converted","memory_count":2,"message_count":3,"content_bytes":631,"reasoning_bytes":0,"role_counts":{"system":1,"user":1},"source_counts":{"system":2},"tool_call_count":0,"time":"2026-02-07T16:53:57Z","message":"Context stats (ephemeral)"}
{"level":"debug","mysis_id":"ae465aab-85ba-4764-8514-7219d08f04fc","mysis_name":"test-mysis","stage":"before_llm_call","memory_count":2,"message_count":3,"content_bytes":631,"reasoning_bytes":0,"role_counts":{"system":1,"user":1},"source_counts":{"system":2},"tool_call_count":0,"time":"2026-02-07T16:53:57Z","message":"Context stats (ephemeral)"}
{"level":"debug","mysis_id":"4ed0a17d-acdc-46c2-aa3a-f0ddc627ead7","mysis_name":"test-mysis","stage":"context_memories","memory_count":2,"message_count":0,"content_bytes":542,"reasoning_bytes":0,"role_counts":{"system":1,"user":1},"source_counts":{"system":2},"tool_call_count":0,"time":"2026-02-07T16:53:57Z","message":"Context stats (ephemeral)"}
{"level":"debug","mysis_id":"4ed0a17d-acdc-46c2-aa3a-f0ddc627ead7","mysis_name":"test-mysis","stage":"messages_converted","memory_count":2,"message_count":3,"content_bytes":631,"reasoning_bytes":0,"role_counts":{"system":1,"user":1},"source_counts":{"system":2},"tool_call_count":0,"time":"2026-02-07T16:53:57Z","message":"Context stats (ephemeral)"}
{"level":"debug","mysis_id":"4ed0a17d-acdc-46c2-aa3a-f0ddc627ead7","mysis_name":"test-mysis","stage":"before_llm_call","memory_count":2,"message_count":3,"content_bytes":631,"reasoning_bytes":0,"role_counts":{"system":1,"user":1},"source_counts":{"system":2},"tool_call_count":0,"time":"2026-02-07T16:53:57Z","message":"Context stats (ephemeral)"}
{"level":"debug","mysis_id":"99ebea66-8299-49fe-9379-01ae72ddea33","mysis_name":"test-mysis","stage":"context_memories","memory_count":2,"message_count":0,"content_bytes":542,"reasoning_bytes":0,"role_counts":{"system":1,"user":1},"source_counts":{"system":2},"tool_call_count":0,"time":"2026-02-07T16:53:57Z","message":"Context stats (ephemeral)"}
{"level":"debug","mysis_id":"99ebea66-8299-49fe-9379-01ae72ddea33","mysis_name":"test-mysis","stage":"messages_converted","memory_count":2,"message_count":3,"content_bytes":631,"reasoning_bytes":0,"role_counts":{"system":1,"user":1},"source_counts":{"system":2},"tool_call_count":0,"time":"2026-02-07T16:53:57Z","message":"Context stats (ephemeral)"}
{"level":"debug","mysis_id":"99ebea66-8299-49fe-9379-01ae72ddea33","mysis_name":"test-mysis","stage":"before_llm_call","memory_count":2,"message_count":3,"content_bytes":631,"reasoning_bytes":0,"role_counts":{"system":1,"user":1},"source_counts":{"system":2},"tool_call_count":0,"time":"2026-02-07T16:53:57Z","message":"Context stats (ephemeral)"}
{"level":"debug","mysis_id":"a9018284-8efe-49a1-bb2b-77dbd80df618","mysis_name":"test-mysis","stage":"context_memories","memory_count":2,"message_count":0,"content_bytes":542,"reasoning_bytes":0,"role_counts":{"system":1,"user":1},"source_counts":{"system":2},"tool_call_count":0,"time":"2026-02-07T16:53:57Z","message":"Context stats (ephemeral)"}
{"level":"debug","mysis_id":"a9018284-8efe-49a1-bb2b-77dbd80df618","mysis_name":"test-mysis","stage":"messages_converted","memory_count":2,"message_count":3,"content_bytes":631,"reasoning_bytes":0,"role_counts":{"system":1,"user":1},"source_counts":{"system":2},"tool_call_count":0,"time":"2026-02-07T16:53:57Z","message":"Context stats (ephemeral)"}
{"level":"debug","mysis_id":"a9018284-8efe-49a1-bb2b-77dbd80df618","mysis_name":"test-mysis","stage":"before_llm_call","memory_count":2,"message_count":3,"content_bytes":631,"reasoning_bytes":0,"role_counts":{"system":1,"user":1},"source_counts":{"system":2},"tool_call_count":0,"time":"2026-02-07T16:53:57Z","message":"Context stats (ephemeral)"}
{"level":"debug","mysis_id":"4b823fa0-f492-4ab4-8c54-8cf56123b283","mysis_name":"test-mysis","stage":"context_memories","memory_count":2,"message_count":0,"content_bytes":542,"reasoning_bytes":0,"role_counts":{"system":1,"user":1},"source_counts":{"system":2},"tool_call_count":0,"time":"2026-02-07T16:53:58Z","message":"Context stats (ephemeral)"}
{"level":"debug","mysis_id":"4b823fa0-f492-4ab4-8c54-8cf56123b283","mysis_name":"test-mysis","stage":"messages_converted","memory_count":2,"message_count":3,"content_bytes":631,"reasoning_bytes":0,"role_counts":{"system":1,"user":1},"source_counts":{"system":2},"tool_call_count":0,"time":"2026-02-07T16:53:58Z","message":"Context stats (ephemeral)"}
{"level":"debug","mysis_id":"4b823fa0-f492-4ab4-8c54-8cf56123b283","mysis_name":"test-mysis","stage":"before_llm_call","memory_count":2,"message_count":3,"content_bytes":631,"reasoning_bytes":0,"role_counts":{"system":1,"user":1},"source_counts":{"system":2},"tool_call_count":0,"time":"2026-02-07T16:53:58Z","message":"Context stats (ephemeral)"}
{"level":"debug","mysis_id":"88c36bda-80c5-4cb9-b5a8-91df76b2d484","mysis_name":"test-mysis","stage":"context_memories","memory_count":2,"message_count":0,"content_bytes":542,"reasoning_bytes":0,"role_counts":{"system":1,"user":1},"source_counts":{"system":2},"tool_call_count":0,"time":"2026-02-07T16:53:58Z","message":"Context stats (ephemeral)"}
{"level":"debug","mysis_id":"88c36bda-80c5-4cb9-b5a8-91df76b2d484","mysis_name":"test-mysis","stage":"messages_converted","memory_count":2,"message_count":3,"content_bytes":631,"reasoning_bytes":0,"role_counts":{"system":1,"user":1},"source_counts":{"system":2},"tool_call_count":0,"time":"2026-02-07T16:53:58Z","message":"Context stats (ephemeral)"}
{"level":"debug","mysis_id":"88c36bda-80c5-4cb9-b5a8-91df76b2d484","mysis_name":"test-mysis","stage":"before_llm_call","memory_count":2,"message_count":3,"content_bytes":631,"reasoning_bytes":0,"role_counts":{"system":1,"user":1},"source_counts":{"system":2},"tool_call_count":0,"time":"2026-02-07T16:53:58Z","message":"Context stats (ephemeral)"}
{"level":"debug","mysis_id":"85d0eaa5-9b60-4501-939f-2112c88e6405","mysis_name":"test-mysis","stage":"context_memories","memory_count":2,"message_count":0,"content_bytes":542,"reasoning_bytes":0,"role_counts":{"system":1,"user":1},"source_counts":{"system":2},"tool_call_count":0,"time":"2026-02-07T16:53:58Z","message":"Context stats (ephemeral)"}
{"level":"debug","mysis_id":"85d0eaa5-9b60-4501-939f-2112c88e6405","mysis_name":"test-mysis","stage":"messages_converted","memory_count":2,"message_count":3,"content_bytes":631,"reasoning_bytes":0,"role_counts":{"system":1,"user":1},"source_counts":{"system":2},"tool_call_count":0,"time":"2026-02-07T16:53:58Z","message":"Context stats (ephemeral)"}
{"level":"debug","mysis_id":"85d0eaa5-9b60-4501-939f-2112c88e6405","mysis_name":"test-mysis","stage":"before_llm_call","memory_count":2,"message_count":3,"content_bytes":631,"reasoning_bytes":0,"role_counts":{"system":1,"user":1},"source_counts":{"system":2},"tool_call_count":0,"time":"2026-02-07T16:53:58Z","message":"Context stats (ephemeral)"}
{"level":"debug","mysis_id":"f08b098f-382b-4624-ae98-ec1bdb96a78f","mysis_name":"test-mysis","stage":"context_memories","memory_count":2,"message_count":0,"content_bytes":542,"reasoning_bytes":0,"role_counts":{"system":1,"user":1},"source_counts":{"system":2},"tool_call_count":0,"time":"2026-02-07T16:53:58Z","message":"Context stats (ephemeral)"}
{"level":"debug","mysis_id":"f08b098f-382b-4624-ae98-ec1bdb96a78f","mysis_name":"test-mysis","stage":"messages_converted","memory_count":2,"message_count":3,"content_bytes":631,"reasoning_bytes":0,"role_counts":{"system":1,"user":1},"source_counts":{"system":2},"tool_call_count":0,"time":"2026-02-07T16:53:58Z","message":"Context stats (ephemeral)"}
{"level":"debug","mysis_id":"f08b098f-382b-4624-ae98-ec1bdb96a78f","mysis_name":"test-mysis","stage":"before_llm_call","memory_count":2,"message_count":3,"content_bytes":631,"reasoning_bytes":0,"role_counts":{"system":1,"user":1},"source_counts":{"system":2},"tool_call_count":0,"time":"2026-02-07T16:53:58Z","message":"Context stats (ephemeral)"}
{"level":"debug","mysis_id":"e980ed3e-10d6-409f-bae7-d85d53a40021","mysis_name":"test-mysis","stage":"context_memories","memory_count":2,"message_count":0,"content_bytes":542,"reasoning_bytes":0,"role_counts":{"system":1,"user":1},"source_counts":{"system":2},"tool_call_count":0,"time":"2026-02-07T16:53:58Z","message":"Context stats (ephemeral)"}
{"level":"debug","mysis_id":"e980ed3e-10d6-409f-bae7-d85d53a40021","mysis_name":"test-mysis","stage":"messages_converted","memory_count":2,"message_count":3,"content_bytes":631,"reasoning_bytes":0,"role_counts":{"system":1,"user":1},"source_counts":{"system":2},"tool_call_count":0,"time":"2026-02-07T16:53:58Z","message":"Context stats (ephemeral)"}
{"level":"debug","mysis_id":"e980ed3e-10d6-409f-bae7-d85d53a40021","mysis_name":"test-mysis","stage":"before_llm_call","memory_count":2,"message_count":3,"content_bytes":631,"reasoning_bytes":0,"role_counts":{"system":1,"user":1},"source_counts":{"system":2},"tool_call_count":0,"time":"2026-02-07T16:53:58Z","message":"Context stats (ephemeral)"}
{"level":"debug","mysis_id":"d7ff839a-7ee8-4800-aa65-fc039ed44d77","mysis_name":"test-mysis","stage":"context_memories","memory_count":2,"message_count":0,"content_bytes":542,"reasoning_bytes":0,"role_counts":{"system":1,"user":1},"source_counts":{"system":2},"tool_call_count":0,"time":"2026-02-07T16:53:58Z","message":"Context stats (ephemeral)"}
{"level":"debug","mysis_id":"d7ff839a-7ee8-4800-aa65-fc039ed44d77","mysis_name":"test-mysis","stage":"messages_converted","memory_count":2,"message_count":3,"content_bytes":631,"reasoning_bytes":0,"role_counts":{"system":1,"user":1},"source_counts":{"system":2},"tool_call_count":0,"time":"2026-02-07T16:53:58Z","message":"Context stats (ephemeral)"}
{"level":"debug","mysis_id":"d7ff839a-7ee8-4800-aa65-fc039ed44d77","mysis_name":"test-mysis","stage":"before_llm_call","memory_count":2,"message_count":3,"content_bytes":631,"reasoning_bytes":0,"role_counts":{"system":1,"user":1},"source_counts":{"system":2},"tool_call_count":0,"time":"2026-02-07T16:53:58Z","message":"Context stats (ephemeral)"}
{"level":"debug","mysis_id":"15e0ad0a-1af7-4686-84f2-fbf2d20a4097","mysis_name":"test-mysis","stage":"context_memories","memory_count":2,"message_count":0,"content_bytes":542,"reasoning_bytes":0,"role_counts":{"system":1,"user":1},"source_counts":{"system":2},"tool_call_count":0,"time":"2026-02-07T16:53:58Z","message":"Context stats (ephemeral)"}
{"level":"debug","mysis_id":"15e0ad0a-1af7-4686-84f2-fbf2d20a4097","mysis_name":"test-mysis","stage":"messages_converted","memory_count":2,"message_count":3,"content_bytes":631,"reasoning_bytes":0,"role_counts":{"system":1,"user":1},"source_counts":{"system":2},"tool_call_count":0,"time":"2026-02-07T16:53:58Z","message":"Context stats (ephemeral)"}
{"level":"debug","mysis_id":"15e0ad0a-1af7-4686-84f2-fbf2d20a4097","mysis_name":"test-mysis","stage":"before_llm_call","memory_count":2,"message_count":3,"content_bytes":631,"reasoning_bytes":0,"role_counts":{"system":1,"user":1},"source_counts":{"system":2},"tool_call_count":0,"time":"2026-02-07T16:53:58Z","message":"Context stats (ephemeral)"}
{"level":"debug","mysis_id":"4777aa9f-2456-494e-b1a2-7e47d275e4de","mysis_name":"test-mysis","stage":"context_memories","memory_count":2,"message_count":0,"content_bytes":542,"reasoning_bytes":0,"role_counts":{"system":1,"user":1},"source_counts":{"system":2},"tool_call_count":0,"time":"2026-02-07T16:53:58Z","message":"Context stats (ephemeral)"}
{"level":"debug","mysis_id":"4777aa9f-2456-494e-b1a2-7e47d275e4de","mysis_name":"test-mysis","stage":"messages_converted","memory_count":2,"message_count":3,"content_bytes":631,"reasoning_bytes":0,"role_counts":{"system":1,"user":1},"source_counts":{"system":2},"tool_call_count":0,"time":"2026-02-07T16:53:58Z","message":"Context stats (ephemeral)"}
{"level":"debug","mysis_id":"4777aa9f-2456-494e-b1a2-7e47d275e4de","mysis_name":"test-mysis","stage":"before_llm_call","memory_count":2,"message_count":3,"content_bytes":631,"reasoning_bytes":0,"role_counts":{"system":1,"user":1},"source_counts":{"system":2},"tool_call_count":0,"time":"2026-02-07T16:53:58Z","message":"Context stats (ephemeral)"}
{"level":"debug","mysis_id":"519637e6-f94c-448a-82bc-3c9a40cecde8","mysis_name":"test-mysis","stage":"context_memories","memory_count":2,"message_count":0,"content_bytes":542,"reasoning_bytes":0,"role_counts":{"system":1,"user":1},"source_counts":{"system":2},"tool_call_count":0,"time":"2026-02-07T16:53:58Z","message":"Context stats (ephemeral)"}
{"level":"debug","mysis_id":"519637e6-f94c-448a-82bc-3c9a40cecde8","mysis_name":"test-mysis","stage":"messages_converted","memory_count":2,"message_count":3,"content_bytes":631,"reasoning_bytes":0,"role_counts":{"system":1,"user":1},"source_counts":{"system":2},"tool_call_count":0,"time":"2026-02-07T16:53:58Z","message":"Context stats (ephemeral)"}
{"level":"debug","mysis_id":"519637e6-f94c-448a-82bc-3c9a40cecde8","mysis_name":"test-mysis","stage":"before_llm_call","memory_count":2,"message_count":3,"content_bytes":631,"reasoning_bytes":0,"role_counts":{"system":1,"user":1},"source_counts":{"system":2},"tool_call_count":0,"time":"2026-02-07T16:53:58Z","message":"Context stats (ephemeral)"}
{"level":"debug","mysis_id":"ab51308c-b521-4d24-b898-74278c8ad51f","mysis_name":"test-mysis","stage":"context_memories","memory_count":2,"message_count":0,"content_bytes":542,"reasoning_bytes":0,"role_counts":{"system":1,"user":1},"source_counts":{"system":2},"tool_call_count":0,"time":"2026-02-07T16:53:58Z","message":"Context stats (ephemeral)"}
{"level":"debug","mysis_id":"ab51308c-b521-4d24-b898-74278c8ad51f","mysis_name":"test-mysis","stage":"messages_converted","memory_count":2,"message_count":3,"content_bytes":631,"reasoning_bytes":0,"role_counts":{"system":1,"user":1},"source_counts":{"system":2},"tool_call_count":0,"time":"2026-02-07T16:53:58Z","message":"Context stats (ephemeral)"}
{"level":"debug","mysis_id":"ab51308c-b521-4d24-b898-74278c8ad51f","mysis_name":"test-mysis","stage":"before_llm_call","memory_count":2,"message_count":3,"content_bytes":631,"reasoning_bytes":0,"role_counts":{"system":1,"user":1},"source_counts":{"system":2},"tool_call_count":0,"time":"2026-02-07T16:53:58Z","message":"Context stats (ephemeral)"}
{"level":"debug","mysis_id":"c1239756-ca31-4dc0-8609-421ebd816d48","mysis_name":"test-mysis","stage":"context_memories","memory_count":2,"message_count":0,"content_bytes":542,"reasoning_bytes":0,"role_counts":{"system":1,"user":1},"source_counts":{"system":2},"tool_call_count":0,"time":"2026-02-07T16:53:58Z","message":"Context stats (ephemeral)"}
{"level":"debug","mysis_id":"c1239756-ca31-4dc0-8609-421ebd816d48","mysis_name":"test-mysis","stage":"messages_converted","memory_count":2,"message_count":3,"content_bytes":631,"reasoning_bytes":0,"role_counts":{"system":1,"user":1},"source_counts":{"system":2},"tool_call_count":0,"time":"2026-02-07T16:53:58Z","message":"Context stats (ephemeral)"}
{"level":"debug","mysis_id":"c1239756-ca31-4dc0-8609-421ebd816d48","mysis_name":"test-mysis","stage":"before_llm_call","memory_count":2,"message_count":3,"content_bytes":631,"reasoning_bytes":0,"role_counts":{"system":1,"user":1},"source_counts":{"system":2},"tool_call_count":0,"time":"2026-02-07T16:53:58Z","message":"Context stats (ephemeral)"}
{"level":"debug","mysis_id":"2962a6cd-9455-4c8a-a37e-e92d3f42aded","mysis_name":"test-mysis","stage":"context_memories","memory_count":2,"message_count":0,"content_bytes":542,"reasoning_bytes":0,"role_counts":{"system":1,"user":1},"source_counts":{"system":2},"tool_call_count":0,"time":"2026-02-07T16:53:58Z","message":"Context stats (ephemeral)"}
{"level":"debug","mysis_id":"2962a6cd-9455-4c8a-a37e-e92d3f42aded","mysis_name":"test-mysis","stage":"messages_converted","memory_count":2,"message_count":3,"content_bytes":631,"reasoning_bytes":0,"role_counts":{"system":1,"user":1},"source_counts":{"system":2},"tool_call_count":0,"time":"2026-02-07T16:53:58Z","message":"Context stats (ephemeral)"}
{"level":"debug","mysis_id":"2962a6cd-9455-4c8a-a37e-e92d3f42aded","mysis_name":"test-mysis","stage":"before_llm_call","memory_count":2,"message_count":3,"content_bytes":631,"reasoning_bytes":0,"role_counts":{"system":1,"user":1},"source_counts":{"system":2},"tool_call_count":0,"time":"2026-02-07T16:53:58Z","message":"Context stats (ephemeral)"}
{"level":"debug","mysis_id":"5e69d223-df2e-4082-ad0c-7316ae0f7d40","mysis_name":"test-mysis","stage":"context_memories","memory_count":2,"message_count":0,"content_bytes":542,"reasoning_bytes":0,"role_counts":{"system":1,"user":1},"source_counts":{"system":2},"tool_call_count":0,"time":"2026-02-07T16:53:58Z","message":"Context stats (ephemeral)"}
{"level":"debug","mysis_id":"5e69d223-df2e-4082-ad0c-7316ae0f7d40","mysis_name":"test-mysis","stage":"messages_converted","memory_count":2,"message_count":3,"content_bytes":631,"reasoning_bytes":0,"role_counts":{"system":1,"user":1},"source_counts":{"system":2},"tool_call_count":0,"time":"2026-02-07T16:53:58Z","message":"Context stats (ephemeral)"}
{"level":"debug","mysis_id":"5e69d223-df2e-4082-ad0c-7316ae0f7d40","mysis_name":"test-mysis","stage":"before_llm_call","memory_count":2,"message_count":3,"content_bytes":631,"reasoning_bytes":0,"role_counts":{"system":1,"user":1},"source_counts":{"system":2},"tool_call_count":0,"time":"2026-02-07T16:53:58Z","message":"Context stats (ephemeral)"}
{"level":"debug","mysis_id":"a6ef2c29-d737-4166-beb8-fd86fea0fea3","mysis_name":"test-mysis","stage":"context_memories","memory_count":2,"message_count":0,"content_bytes":542,"reasoning_bytes":0,"role_counts":{"system":1,"user":1},"source_counts":{"system":2},"tool_call_count":0,"time":"2026-02-07T16:53:58Z","message":"Context stats (ephemeral)"}
{"level":"debug","mysis_id":"a6ef2c29-d737-4166-beb8-fd86fea0fea3","mysis_name":"test-mysis","stage":"messages_converted","memory_count":2,"message_count":3,"content_bytes":631,"reasoning_bytes":0,"role_counts":{"system":1,"user":1},"source_counts":{"system":2},"tool_call_count":0,"time":"2026-02-07T16:53:58Z","message":"Context stats (ephemeral)"}
{"level":"debug","mysis_id":"a6ef2c29-d737-4166-beb8-fd86fea0fea3","mysis_name":"test-mysis","stage":"before_llm_call","memory_count":2,"message_count":3,"content_bytes":631,"reasoning_bytes":0,"role_counts":{"system":1,"user":1},"source_counts":{"system":2},"tool_call_count":0,"time":"2026-02-07T16:53:58Z","message":"Context stats (ephemeral)"}
{"level":"debug","mysis_id":"b0779065-b341-43d7-be87-81d4b2fec6a7","mysis_name":"test-mysis","stage":"context_memories","memory_count":2,"message_count":0,"content_bytes":542,"reasoning_bytes":0,"role_counts":{"system":1,"user":1},"source_counts":{"system":2},"tool_call_count":0,"time":"2026-02-07T16:53:58Z","message":"Context stats (ephemeral)"}
{"level":"debug","mysis_id":"b0779065-b341-43d7-be87-81d4b2fec6a7","mysis_name":"test-mysis","stage":"messages_converted","memory_count":2,"message_count":3,"content_bytes":631,"reasoning_bytes":0,"role_counts":{"system":1,"user":1},"source_counts":{"system":2},"tool_call_count":0,"time":"2026-02-07T16:53:58Z","message":"Context stats (ephemeral)"}
{"level":"debug","mysis_id":"b0779065-b341-43d7-be87-81d4b2fec6a7","mysis_name":"test-mysis","stage":"before_llm_call","memory_count":2,"message_count":3,"content_bytes":631,"reasoning_bytes":0,"role_counts":{"system":1,"user":1},"source_counts":{"system":2},"tool_call_count":0,"time":"2026-02-07T16:53:58Z","message":"Context stats (ephemeral)"}
{"level":"debug","mysis_id":"8cf5d8ef-db63-41ec-a812-f7b48b516942","mysis_name":"test-mysis","stage":"context_memories","memory_count":2,"message_count":0,"content_bytes":542,"reasoning_bytes":0,"role_counts":{"system":1,"user":1},"source_counts":{"system":2},"tool_call_count":0,"time":"2026-02-07T16:53:58Z","message":"Context stats (ephemeral)"}
{"level":"debug","mysis_id":"8cf5d8ef-db63-41ec-a812-f7b48b516942","mysis_name":"test-mysis","stage":"messages_converted","memory_count":2,"message_count":3,"content_bytes":631,"reasoning_bytes":0,"role_counts":{"system":1,"user":1},"source_counts":{"system":2},"tool_call_count":0,"time":"2026-02-07T16:53:58Z","message":"Context stats (ephemeral)"}
{"level":"debug","mysis_id":"8cf5d8ef-db63-41ec-a812-f7b48b516942","mysis_name":"test-mysis","stage":"before_llm_call","memory_count":2,"message_count":3,"content_bytes":631,"reasoning_bytes":0,"role_counts":{"system":1,"user":1},"source_counts":{"system":2},"tool_call_count":0,"time":"2026-02-07T16:53:58Z","message":"Context stats (ephemeral)"}
{"level":"debug","mysis_id":"bbf5e85e-7765-41f8-8750-361c9fe8844b","mysis_name":"test-mysis","stage":"context_memories","memory_count":2,"message_count":0,"content_bytes":542,"reasoning_bytes":0,"role_counts":{"system":1,"user":1},"source_counts":{"system":2},"tool_call_count":0,"time":"2026-02-07T16:53:59Z","message":"Context stats (ephemeral)"}
{"level":"debug","mysis_id":"bbf5e85e-7765-41f8-8750-361c9fe8844b","mysis_name":"test-mysis","stage":"messages_converted","memory_count":2,"message_count":3,"content_bytes":631,"reasoning_bytes":0,"role_counts":{"system":1,"user":1},"source_counts":{"system":2},"tool_call_count":0,"time":"2026-02-07T16:53:59Z","message":"Context stats (ephemeral)"}
{"level":"debug","mysis_id":"bbf5e85e-7765-41f8-8750-361c9fe8844b","mysis_name":"test-mysis","stage":"before_llm_call","memory_count":2,"message_count":3,"content_bytes":631,"reasoning_bytes":0,"role_counts":{"system":1,"user":1},"source_counts":{"system":2},"tool_call_count":0,"time":"2026-02-07T16:53:59Z","message":"Context stats (ephemeral)"}
{"level":"debug","mysis_id":"65421027-ef0e-4f2f-9815-2f25012d91b9","mysis_name":"test-mysis","stage":"context_memories","memory_count":2,"message_count":0,"content_bytes":542,"reasoning_bytes":0,"role_counts":{"system":1,"user":1},"source_counts":{"system":2},"tool_call_count":0,"time":"2026-02-07T16:53:59Z","message":"Context stats (ephemeral)"}
{"level":"debug","mysis_id":"65421027-ef0e-4f2f-9815-2f25012d91b9","mysis_name":"test-mysis","stage":"messages_converted","memory_count":2,"message_count":3,"content_bytes":631,"reasoning_bytes":0,"role_counts":{"system":1,"user":1},"source_counts":{"system":2},"tool_call_count":0,"time":"2026-02-07T16:53:59Z","message":"Context stats (ephemeral)"}
{"level":"debug","mysis_id":"65421027-ef0e-4f2f-9815-2f25012d91b9","mysis_name":"test-mysis","stage":"before_llm_call","memory_count":2,"message_count":3,"content_bytes":631,"reasoning_bytes":0,"role_counts":{"system":1,"user":1},"source_counts":{"system":2},"tool_call_count":0,"time":"2026-02-07T16:53:59Z","message":"Context stats (ephemeral)"}
{"level":"debug","mysis_id":"29374c56-52a5-49f8-8116-5fc01168d619","mysis_name":"test-mysis","stage":"context_memories","memory_count":2,"message_count":0,"content_bytes":542,"reasoning_bytes":0,"role_counts":{"system":1,"user":1},"source_counts":{"system":2},"tool_call_count":0,"time":"2026-02-07T16:53:59Z","message":"Context stats (ephemeral)"}
{"level":"debug","mysis_id":"29374c56-52a5-49f8-8116-5fc01168d619","mysis_name":"test-mysis","stage":"messages_converted","memory_count":2,"message_count":3,"content_bytes":631,"reasoning_bytes":0,"role_counts":{"system":1,"user":1},"source_counts":{"system":2},"tool_call_count":0,"time":"2026-02-07T16:53:59Z","message":"Context stats (ephemeral)"}
{"level":"debug","mysis_id":"29374c56-52a5-49f8-8116-5fc01168d619","mysis_name":"test-mysis","stage":"before_llm_call","memory_count":2,"message_count":3,"content_bytes":631,"reasoning_bytes":0,"role_counts":{"system":1,"user":1},"source_counts":{"system":2},"tool_call_count":0,"time":"2026-02-07T16:53:59Z","message":"Context stats (ephemeral)"}
{"level":"debug","mysis_id":"2429e28f-91ac-486c-a280-aa2664a05091","mysis_name":"concurrent","stage":"context_memories","memory_count":2,"message_count":0,"content_bytes":473,"reasoning_bytes":0,"role_counts":{"system":1,"user":1},"source_counts":{"direct":1,"system":1},"tool_call_count":0,"time":"2026-02-07T16:53:59Z","message":"Context stats"}
{"level":"debug","mysis_id":"2429e28f-91ac-486c-a280-aa2664a05091","mysis_name":"concurrent","stage":"messages_converted","memory_count":2,"message_count":2,"content_bytes":473,"reasoning_bytes":0,"role_counts":{"system":1,"user":1},"source_counts":{"direct":1,"system":1},"tool_call_count":0,"time":"2026-02-07T16:53:59Z","message":"Context stats"}
{"level":"debug","mysis_id":"2429e28f-91ac-486c-a280-aa2664a05091","mysis_name":"concurrent","stage":"before_llm_call","memory_count":2,"message_count":2,"content_bytes":473,"reasoning_bytes":0,"role_counts":{"system":1,"user":1},"source_counts":{"direct":1,"system":1},"tool_call_count":0,"time":"2026-02-07T16:53:59Z","message":"Context stats"}
{"level":"error","mysis":"concurrent","provider":"mock","error":"context canceled","time":"2026-02-07T16:53:59Z","message":"Provider returned error"}
{"level":"debug","mysis":"concurrent","error":"context canceled","time":"2026-02-07T16:53:59Z","message":"Ignoring error - mysis was intentionally stopped"}
{"level":"debug","mysis_id":"1741d497-de34-4e86-a1ca-58850a3195c2","mysis_name":"msg-mysis","stage":"context_memories","memory_count":1,"message_count":0,"content_bytes":5,"reasoning_bytes":0,"role_counts":{"user":1},"source_counts":{"direct":1},"tool_call_count":0,"time":"2026-02-07T16:53:59Z","message":"Context stats"}
{"level":"debug","mysis_id":"1741d497-de34-4e86-a1ca-58850a3195c2","mysis_name":"msg-mysis","stage":"messages_converted","memory_count":1,"message_count":1,"content_bytes":5,"reasoning_bytes":0,"role_counts":{"user":1},"source_counts":{"direct":1},"tool_call_count":0,"time":"2026-02-07T16:53:59Z","message":"Context stats"}
{"level":"debug","mysis_id":"1741d497-de34-4e86-a1ca-58850a3195c2","mysis_name":"msg-mysis","stage":"before_llm_call","memory_count":1,"message_count":1,"content_bytes":5,"reasoning_bytes":0,"role_counts":{"user":1},"source_counts":{"direct":1},"tool_call_count":0,"time":"2026-02-07T16:53:59Z","message":"Context stats"}
{"level":"debug","mysis_id":"1741d497-de34-4e86-a1ca-58850a3195c2","mysis_name":"msg-mysis","stage":"context_memories","memory_count":2,"message_count":0,"content_bytes":29,"reasoning_bytes":0,"role_counts":{"assistant":1,"user":1},"source_counts":{"direct":1,"llm":1},"tool_call_count":0,"time":"2026-02-07T16:53:59Z","message":"Context stats (ephemeral)"}
{"level":"debug","mysis_id":"1741d497-de34-4e86-a1ca-58850a3195c2","mysis_name":"msg-mysis","stage":"messages_converted","memory_count":2,"message_count":3,"content_bytes":118,"reasoning_bytes":0,"role_counts":{"assistant":1,"user":1},"source_counts":{"direct":1,"llm":1},"tool_call_count":0,"time":"2026-02-07T16:53:59Z","message":"Context stats (ephemeral)"}
{"level":"debug","mysis_id":"1741d497-de34-4e86-a1ca-58850a3195c2","mysis_name":"msg-mysis","stage":"before_llm_call","memory_count":2,"message_count":3,"content_bytes":118,"reasoning_bytes":0,"role_counts":{"assistant":1,"user":1},"source_counts":{"direct":1,"llm":1},"tool_call_count":0,"time":"2026-02-07T16:53:59Z","message":"Context stats (ephemeral)"}
{"level":"debug","mysis_id":"1741d497-de34-4e86-a1ca-58850a3195c2","mysis_name":"msg-mysis","stage":"context_memories","memory_count":1,"message_count":0,"content_bytes":13,"reasoning_bytes":0,"role_counts":{"user":1},"source_counts":{"direct":1},"tool_call_count":0,"time":"2026-02-07T16:53:59Z","message":"Context stats"}
{"level":"debug","mysis_id":"1741d497-de34-4e86-a1ca-58850a3195c2","mysis_name":"msg-mysis","stage":"messages_converted","memory_count":1,"message_count":1,"content_bytes":13,"reasoning_bytes":0,"role_counts":{"user":1},"source_counts":{"direct":1},"tool_call_count":0,"time":"2026-02-07T16:53:59Z","message":"Context stats"}
{"level":"debug","mysis_id":"1741d497-de34-4e86-a1ca-58850a3195c2","mysis_name":"msg-mysis","stage":"before_llm_call","memory_count":1,"message_count":1,"content_bytes":13,"reasoning_bytes":0,"role_counts":{"user":1},"source_counts":{"direct":1},"tool_call_count":0,"time":"2026-02-07T16:53:59Z","message":"Context stats"}
{"level":"debug","mysis_id":"486ebca5-b383-4291-8609-c7a817c1b420","mysis_name":"receiver","stage":"context_memories","memory_count":2,"message_count":0,"content_bytes":483,"reasoning_bytes":0,"role_counts":{"system":1,"user":1},"source_counts":{"broadcast":1,"system":1},"tool_call_count":0,"time":"2026-02-07T16:53:59Z","message":"Context stats"}
{"level":"debug","mysis_id":"486ebca5-b383-4291-8609-c7a817c1b420","mysis_name":"receiver","stage":"messages_converted","memory_count":2,"message_count":2,"content_bytes":483,"reasoning_bytes":0,"role_counts":{"system":1,"user":1},"source_counts":{"broadcast":1,"system":1},"tool_call_count":0,"time":"2026-02-07T16:53:59Z","message":"Context stats"}
{"level":"debug","mysis_id":"486ebca5-b383-4291-8609-c7a817c1b420","mysis_name":"receiver","stage":"before_llm_call","memory_count":2,"message_count":2,"content_bytes":483,"reasoning_bytes":0,"role_counts":{"system":1,"user":1},"source_counts":{"broadcast":1,"system":1},"tool_call_count":0,"time":"2026-02-07T16:53:59Z","message":"Context stats"}
--- FAIL: TestSystemPromptContainsCaptainsLogExamples (0.00s)
    mysis_test.go:426: SystemPrompt missing non-empty entry reminder
--- FAIL: TestSystemPromptContainsSearchGuidance (0.00s)
    mysis_test.go:583: SystemPrompt missing zoea_search_messages reference
{"level":"debug","mysis_id":"101fe008-a8b4-4401-bcb4-54b56386b83b","mysis_name":"stop-test","stage":"context_memories","memory_count":2,"message_count":0,"content_bytes":542,"reasoning_bytes":0,"role_counts":{"system":1,"user":1},"source_counts":{"system":2},"tool_call_count":0,"time":"2026-02-07T16:53:59Z","message":"Context stats (ephemeral)"}
{"level":"debug","mysis_id":"101fe008-a8b4-4401-bcb4-54b56386b83b","mysis_name":"stop-test","stage":"messages_converted","memory_count":2,"message_count":3,"content_bytes":631,"reasoning_bytes":0,"role_counts":{"system":1,"user":1},"source_counts":{"system":2},"tool_call_count":0,"time":"2026-02-07T16:53:59Z","message":"Context stats (ephemeral)"}
{"level":"debug","mysis_id":"101fe008-a8b4-4401-bcb4-54b56386b83b","mysis_name":"stop-test","stage":"before_llm_call","memory_count":2,"message_count":3,"content_bytes":631,"reasoning_bytes":0,"role_counts":{"system":1,"user":1},"source_counts":{"system":2},"tool_call_count":0,"time":"2026-02-07T16:53:59Z","message":"Context stats (ephemeral)"}
{"level":"debug","mysis_id":"970dfd60-0764-4b48-b5a8-714211574e4f","mysis_name":"nudge-race-test","stage":"context_memories","memory_count":2,"message_count":0,"content_bytes":542,"reasoning_bytes":0,"role_counts":{"system":1,"user":1},"source_counts":{"system":2},"tool_call_count":0,"time":"2026-02-07T16:53:59Z","message":"Context stats (ephemeral)"}
{"level":"debug","mysis_id":"970dfd60-0764-4b48-b5a8-714211574e4f","mysis_name":"nudge-race-test","stage":"messages_converted","memory_count":2,"message_count":3,"content_bytes":631,"reasoning_bytes":0,"role_counts":{"system":1,"user":1},"source_counts":{"system":2},"tool_call_count":0,"time":"2026-02-07T16:53:59Z","message":"Context stats (ephemeral)"}
{"level":"debug","mysis_id":"970dfd60-0764-4b48-b5a8-714211574e4f","mysis_name":"nudge-race-test","stage":"before_llm_call","memory_count":2,"message_count":3,"content_bytes":631,"reasoning_bytes":0,"role_counts":{"system":1,"user":1},"source_counts":{"system":2},"tool_call_count":0,"time":"2026-02-07T16:53:59Z","message":"Context stats (ephemeral)"}
{"level":"debug","mysis_id":"970dfd60-0764-4b48-b5a8-714211574e4f","mysis_name":"nudge-race-test","stage":"context_memories","memory_count":2,"message_count":0,"content_bytes":542,"reasoning_bytes":0,"role_counts":{"system":1,"user":1},"source_counts":{"system":2},"tool_call_count":0,"time":"2026-02-07T16:53:59Z","message":"Context stats (ephemeral)"}
{"level":"debug","mysis_id":"970dfd60-0764-4b48-b5a8-714211574e4f","mysis_name":"nudge-race-test","stage":"messages_converted","memory_count":2,"message_count":3,"content_bytes":631,"reasoning_bytes":0,"role_counts":{"system":1,"user":1},"source_counts":{"system":2},"tool_call_count":0,"time":"2026-02-07T16:53:59Z","message":"Context stats (ephemeral)"}
{"level":"debug","mysis_id":"970dfd60-0764-4b48-b5a8-714211574e4f","mysis_name":"nudge-race-test","stage":"before_llm_call","memory_count":2,"message_count":3,"content_bytes":631,"reasoning_bytes":0,"role_counts":{"system":1,"user":1},"source_counts":{"system":2},"tool_call_count":0,"time":"2026-02-07T16:53:59Z","message":"Context stats (ephemeral)"}
{"level":"error","mysis":"nudge-race-test","provider":"mock","error":"context canceled","time":"2026-02-07T16:53:59Z","message":"Provider returned error (ephemeral)"}
{"level":"debug","mysis":"nudge-race-test","error":"context canceled","time":"2026-02-07T16:53:59Z","message":"Ignoring error - mysis was intentionally stopped"}
{"level":"debug","mysis_id":"f9313caf-d602-48a5-9ed7-fe9cf1ab7f24","mysis_name":"timing-test-10ms","stage":"context_memories","memory_count":2,"message_count":0,"content_bytes":542,"reasoning_bytes":0,"role_counts":{"system":1,"user":1},"source_counts":{"system":2},"tool_call_count":0,"time":"2026-02-07T16:53:59Z","message":"Context stats (ephemeral)"}
{"level":"debug","mysis_id":"f9313caf-d602-48a5-9ed7-fe9cf1ab7f24","mysis_name":"timing-test-10ms","stage":"messages_converted","memory_count":2,"message_count":3,"content_bytes":631,"reasoning_bytes":0,"role_counts":{"system":1,"user":1},"source_counts":{"system":2},"tool_call_count":0,"time":"2026-02-07T16:53:59Z","message":"Context stats (ephemeral)"}
{"level":"debug","mysis_id":"f9313caf-d602-48a5-9ed7-fe9cf1ab7f24","mysis_name":"timing-test-10ms","stage":"before_llm_call","memory_count":2,"message_count":3,"content_bytes":631,"reasoning_bytes":0,"role_counts":{"system":1,"user":1},"source_counts":{"system":2},"tool_call_count":0,"time":"2026-02-07T16:53:59Z","message":"Context stats (ephemeral)"}
{"level":"error","mysis":"timing-test-10ms","provider":"mock","error":"context canceled","time":"2026-02-07T16:53:59Z","message":"Provider returned error (ephemeral)"}
{"level":"debug","mysis":"timing-test-10ms","error":"context canceled","time":"2026-02-07T16:53:59Z","message":"Ignoring error - mysis was intentionally stopped"}
{"level":"debug","mysis_id":"4c42369e-f4a7-4f53-8a51-5aa113a333c5","mysis_name":"timing-test-50ms","stage":"context_memories","memory_count":2,"message_count":0,"content_bytes":542,"reasoning_bytes":0,"role_counts":{"system":1,"user":1},"source_counts":{"system":2},"tool_call_count":0,"time":"2026-02-07T16:53:59Z","message":"Context stats (ephemeral)"}
{"level":"debug","mysis_id":"4c42369e-f4a7-4f53-8a51-5aa113a333c5","mysis_name":"timing-test-50ms","stage":"messages_converted","memory_count":2,"message_count":3,"content_bytes":631,"reasoning_bytes":0,"role_counts":{"system":1,"user":1},"source_counts":{"system":2},"tool_call_count":0,"time":"2026-02-07T16:53:59Z","message":"Context stats (ephemeral)"}
{"level":"debug","mysis_id":"4c42369e-f4a7-4f53-8a51-5aa113a333c5","mysis_name":"timing-test-50ms","stage":"before_llm_call","memory_count":2,"message_count":3,"content_bytes":631,"reasoning_bytes":0,"role_counts":{"system":1,"user":1},"source_counts":{"system":2},"tool_call_count":0,"time":"2026-02-07T16:53:59Z","message":"Context stats (ephemeral)"}
{"level":"debug","mysis_id":"d5024dc6-1d47-456c-95e7-2f3fcda98045","mysis_name":"timing-test-100ms","stage":"context_memories","memory_count":2,"message_count":0,"content_bytes":542,"reasoning_bytes":0,"role_counts":{"system":1,"user":1},"source_counts":{"system":2},"tool_call_count":0,"time":"2026-02-07T16:53:59Z","message":"Context stats (ephemeral)"}
{"level":"debug","mysis_id":"d5024dc6-1d47-456c-95e7-2f3fcda98045","mysis_name":"timing-test-100ms","stage":"messages_converted","memory_count":2,"message_count":3,"content_bytes":631,"reasoning_bytes":0,"role_counts":{"system":1,"user":1},"source_counts":{"system":2},"tool_call_count":0,"time":"2026-02-07T16:53:59Z","message":"Context stats (ephemeral)"}
{"level":"debug","mysis_id":"d5024dc6-1d47-456c-95e7-2f3fcda98045","mysis_name":"timing-test-100ms","stage":"before_llm_call","memory_count":2,"message_count":3,"content_bytes":631,"reasoning_bytes":0,"role_counts":{"system":1,"user":1},"source_counts":{"system":2},"tool_call_count":0,"time":"2026-02-07T16:53:59Z","message":"Context stats (ephemeral)"}
{"level":"debug","mysis_id":"22d054e3-2e43-4618-ac6d-09bc90c06417","mysis_name":"timing-test-500ms","stage":"context_memories","memory_count":2,"message_count":0,"content_bytes":542,"reasoning_bytes":0,"role_counts":{"system":1,"user":1},"source_counts":{"system":2},"tool_call_count":0,"time":"2026-02-07T16:53:59Z","message":"Context stats (ephemeral)"}
{"level":"debug","mysis_id":"22d054e3-2e43-4618-ac6d-09bc90c06417","mysis_name":"timing-test-500ms","stage":"messages_converted","memory_count":2,"message_count":3,"content_bytes":631,"reasoning_bytes":0,"role_counts":{"system":1,"user":1},"source_counts":{"system":2},"tool_call_count":0,"time":"2026-02-07T16:53:59Z","message":"Context stats (ephemeral)"}
{"level":"debug","mysis_id":"22d054e3-2e43-4618-ac6d-09bc90c06417","mysis_name":"timing-test-500ms","stage":"before_llm_call","memory_count":2,"message_count":3,"content_bytes":631,"reasoning_bytes":0,"role_counts":{"system":1,"user":1},"source_counts":{"system":2},"tool_call_count":0,"time":"2026-02-07T16:53:59Z","message":"Context stats (ephemeral)"}
{"level":"error","mysis":"stuck-mysis","old_state":"running","error":"Failed to respond after 3 nudges","time":"2026-02-07T16:54:00Z","message":"Mysis transitioning to errored state"}
{"level":"debug","mysis_id":"ce6c2e13-b468-4359-83c8-e2d8f1a4ed14","mysis_name":"responsive-mysis","stage":"context_memories","memory_count":2,"message_count":0,"content_bytes":481,"reasoning_bytes":0,"role_counts":{"system":1,"user":1},"source_counts":{"direct":1,"system":1},"tool_call_count":0,"time":"2026-02-07T16:54:00Z","message":"Context stats"}
{"level":"debug","mysis_id":"ce6c2e13-b468-4359-83c8-e2d8f1a4ed14","mysis_name":"responsive-mysis","stage":"messages_converted","memory_count":2,"message_count":2,"content_bytes":481,"reasoning_bytes":0,"role_counts":{"system":1,"user":1},"source_counts":{"direct":1,"system":1},"tool_call_count":0,"time":"2026-02-07T16:54:00Z","message":"Context stats"}
{"level":"debug","mysis_id":"ce6c2e13-b468-4359-83c8-e2d8f1a4ed14","mysis_name":"responsive-mysis","stage":"before_llm_call","memory_count":2,"message_count":2,"content_bytes":481,"reasoning_bytes":0,"role_counts":{"system":1,"user":1},"source_counts":{"direct":1,"system":1},"tool_call_count":0,"time":"2026-02-07T16:54:00Z","message":"Context stats"}
{"level":"debug","mysis_id":"72630a4f-41e9-4582-8d7b-fac012944b0f","mysis_name":"ephemeral-idle-test","stage":"context_memories","memory_count":1,"message_count":0,"content_bytes":73,"reasoning_bytes":0,"role_counts":{"user":1},"source_counts":{"system":1},"tool_call_count":0,"time":"2026-02-07T16:54:00Z","message":"Context stats (ephemeral)"}
{"level":"debug","mysis_id":"72630a4f-41e9-4582-8d7b-fac012944b0f","mysis_name":"ephemeral-idle-test","stage":"messages_converted","memory_count":1,"message_count":2,"content_bytes":87,"reasoning_bytes":0,"role_counts":{"user":1},"source_counts":{"system":1},"tool_call_count":0,"time":"2026-02-07T16:54:00Z","message":"Context stats (ephemeral)"}
{"level":"debug","mysis_id":"72630a4f-41e9-4582-8d7b-fac012944b0f","mysis_name":"ephemeral-idle-test","stage":"before_llm_call","memory_count":1,"message_count":2,"content_bytes":87,"reasoning_bytes":0,"role_counts":{"user":1},"source_counts":{"system":1},"tool_call_count":0,"time":"2026-02-07T16:54:00Z","message":"Context stats (ephemeral)"}
{"level":"debug","mysis_id":"b4289bfa-de42-4b56-b418-f4af97f91e12","mysis_name":"test-mysis","stage":"context_memories","memory_count":1,"message_count":0,"content_bytes":12,"reasoning_bytes":0,"role_counts":{"user":1},"source_counts":{"direct":1},"tool_call_count":0,"time":"2026-02-07T16:54:00Z","message":"Context stats"}
{"level":"debug","mysis_id":"b4289bfa-de42-4b56-b418-f4af97f91e12","mysis_name":"test-mysis","stage":"messages_converted","memory_count":1,"message_count":1,"content_bytes":12,"reasoning_bytes":0,"role_counts":{"user":1},"source_counts":{"direct":1},"tool_call_count":0,"time":"2026-02-07T16:54:00Z","message":"Context stats"}
{"level":"debug","mysis_id":"b4289bfa-de42-4b56-b418-f4af97f91e12","mysis_name":"test-mysis","stage":"before_llm_call","memory_count":1,"message_count":1,"content_bytes":12,"reasoning_bytes":0,"role_counts":{"user":1},"source_counts":{"direct":1},"tool_call_count":0,"time":"2026-02-07T16:54:00Z","message":"Context stats"}
{"level":"debug","mysis_id":"29e0b2f2-7390-44b4-b1ca-024d28a33613","mysis_name":"error-mysis","stage":"context_memories","memory_count":2,"message_count":0,"content_bytes":482,"reasoning_bytes":0,"role_counts":{"system":1,"user":1},"source_counts":{"direct":1,"system":1},"tool_call_count":0,"time":"2026-02-07T16:54:00Z","message":"Context stats"}
{"level":"debug","mysis_id":"29e0b2f2-7390-44b4-b1ca-024d28a33613","mysis_name":"error-mysis","stage":"messages_converted","memory_count":2,"message_count":2,"content_bytes":482,"reasoning_bytes":0,"role_counts":{"system":1,"user":1},"source_counts":{"direct":1,"system":1},"tool_call_count":0,"time":"2026-02-07T16:54:00Z","message":"Context stats"}
{"level":"debug","mysis_id":"29e0b2f2-7390-44b4-b1ca-024d28a33613","mysis_name":"error-mysis","stage":"before_llm_call","memory_count":2,"message_count":2,"content_bytes":482,"reasoning_bytes":0,"role_counts":{"system":1,"user":1},"source_counts":{"direct":1,"system":1},"tool_call_count":0,"time":"2026-02-07T16:54:00Z","message":"Context stats"}
{"level":"error","mysis":"error-mysis","provider":"mock","error":"provider error","time":"2026-02-07T16:54:00Z","message":"Provider returned error"}
{"level":"error","mysis":"error-mysis","old_state":"running","error":"provider error","time":"2026-02-07T16:54:00Z","message":"Mysis transitioning to errored state"}
{"level":"debug","mysis_id":"b91bec67-d458-4f11-bef2-4b01686d83db","mysis_name":"tool-mysis","stage":"context_memories","memory_count":2,"message_count":0,"content_bytes":542,"reasoning_bytes":0,"role_counts":{"system":1,"user":1},"source_counts":{"system":2},"tool_call_count":0,"time":"2026-02-07T16:54:00Z","message":"Context stats (ephemeral)"}
{"level":"debug","mysis_id":"b91bec67-d458-4f11-bef2-4b01686d83db","mysis_name":"tool-mysis","stage":"messages_converted","memory_count":2,"message_count":3,"content_bytes":631,"reasoning_bytes":0,"role_counts":{"system":1,"user":1},"source_counts":{"system":2},"tool_call_count":0,"time":"2026-02-07T16:54:00Z","message":"Context stats (ephemeral)"}
{"level":"debug","mysis_id":"b91bec67-d458-4f11-bef2-4b01686d83db","mysis_name":"tool-mysis","stage":"before_llm_call","memory_count":2,"message_count":3,"content_bytes":631,"reasoning_bytes":0,"role_counts":{"system":1,"user":1},"source_counts":{"system":2},"tool_call_count":0,"time":"2026-02-07T16:54:00Z","message":"Context stats (ephemeral)"}
{"level":"debug","mysis_id":"b91bec67-d458-4f11-bef2-4b01686d83db","mysis_name":"tool-mysis","stage":"context_memories","memory_count":2,"message_count":0,"content_bytes":481,"reasoning_bytes":0,"role_counts":{"system":1,"user":1},"source_counts":{"direct":1,"system":1},"tool_call_count":0,"time":"2026-02-07T16:54:00Z","message":"Context stats"}
{"level":"debug","mysis_id":"b91bec67-d458-4f11-bef2-4b01686d83db","mysis_name":"tool-mysis","stage":"messages_converted","memory_count":2,"message_count":2,"content_bytes":481,"reasoning_bytes":0,"role_counts":{"system":1,"user":1},"source_counts":{"direct":1,"system":1},"tool_call_count":0,"time":"2026-02-07T16:54:00Z","message":"Context stats"}
{"level":"debug","mysis_id":"b91bec67-d458-4f11-bef2-4b01686d83db","mysis_name":"tool-mysis","stage":"before_llm_call","memory_count":2,"message_count":2,"content_bytes":481,"reasoning_bytes":0,"role_counts":{"system":1,"user":1},"source_counts":{"direct":1,"system":1},"tool_call_count":0,"time":"2026-02-07T16:54:00Z","message":"Context stats"}
{"level":"debug","mysis_id":"b91bec67-d458-4f11-bef2-4b01686d83db","mysis_name":"tool-mysis","stage":"context_memories","memory_count":4,"message_count":0,"content_bytes":550,"reasoning_bytes":0,"role_counts":{"assistant":1,"system":1,"tool":1,"user":1},"source_counts":{"direct":1,"llm":1,"system":1,"tool":1},"tool_call_count":0,"time":"2026-02-07T16:54:00Z","message":"Context stats"}
{"level":"debug","mysis_id":"b91bec67-d458-4f11-bef2-4b01686d83db","mysis_name":"tool-mysis","stage":"messages_converted","memory_count":4,"message_count":4,"content_bytes":500,"reasoning_bytes":0,"role_counts":{"assistant":1,"system":1,"tool":1,"user":1},"source_counts":{"direct":1,"llm":1,"system":1,"tool":1},"tool_call_count":1,"time":"2026-02-07T16:54:00Z","message":"Context stats"}
{"level":"debug","mysis_id":"b91bec67-d458-4f11-bef2-4b01686d83db","mysis_name":"tool-mysis","stage":"before_llm_call","memory_count":4,"message_count":4,"content_bytes":500,"reasoning_bytes":0,"role_counts":{"assistant":1,"system":1,"tool":1,"user":1},"source_counts":{"direct":1,"llm":1,"system":1,"tool":1},"tool_call_count":1,"time":"2026-02-07T16:54:00Z","message":"Context stats"}
{"level":"debug","mysis_id":"22c09997-724d-4816-81a4-0d779148e797","mysis_name":"tool-err-mysis","stage":"context_memories","memory_count":2,"message_count":0,"content_bytes":542,"reasoning_bytes":0,"role_counts":{"system":1,"user":1},"source_counts":{"system":2},"tool_call_count":0,"time":"2026-02-07T16:54:00Z","message":"Context stats (ephemeral)"}
{"level":"debug","mysis_id":"22c09997-724d-4816-81a4-0d779148e797","mysis_name":"tool-err-mysis","stage":"messages_converted","memory_count":2,"message_count":3,"content_bytes":631,"reasoning_bytes":0,"role_counts":{"system":1,"user":1},"source_counts":{"system":2},"tool_call_count":0,"time":"2026-02-07T16:54:00Z","message":"Context stats (ephemeral)"}
{"level":"debug","mysis_id":"22c09997-724d-4816-81a4-0d779148e797","mysis_name":"tool-err-mysis","stage":"before_llm_call","memory_count":2,"message_count":3,"content_bytes":631,"reasoning_bytes":0,"role_counts":{"system":1,"user":1},"source_counts":{"system":2},"tool_call_count":0,"time":"2026-02-07T16:54:00Z","message":"Context stats (ephemeral)"}
{"level":"debug","mysis_id":"22c09997-724d-4816-81a4-0d779148e797","mysis_name":"tool-err-mysis","stage":"context_memories","memory_count":2,"message_count":0,"content_bytes":482,"reasoning_bytes":0,"role_counts":{"system":1,"user":1},"source_counts":{"direct":1,"system":1},"tool_call_count":0,"time":"2026-02-07T16:54:00Z","message":"Context stats"}
{"level":"debug","mysis_id":"22c09997-724d-4816-81a4-0d779148e797","mysis_name":"tool-err-mysis","stage":"messages_converted","memory_count":2,"message_count":2,"content_bytes":482,"reasoning_bytes":0,"role_counts":{"system":1,"user":1},"source_counts":{"direct":1,"system":1},"tool_call_count":0,"time":"2026-02-07T16:54:00Z","message":"Context stats"}
{"level":"debug","mysis_id":"22c09997-724d-4816-81a4-0d779148e797","mysis_name":"tool-err-mysis","stage":"before_llm_call","memory_count":2,"message_count":2,"content_bytes":482,"reasoning_bytes":0,"role_counts":{"system":1,"user":1},"source_counts":{"direct":1,"system":1},"tool_call_count":0,"time":"2026-02-07T16:54:00Z","message":"Context stats"}
{"level":"debug","mysis_id":"22c09997-724d-4816-81a4-0d779148e797","mysis_name":"tool-err-mysis","stage":"context_memories","memory_count":4,"message_count":0,"content_bytes":615,"reasoning_bytes":0,"role_counts":{"assistant":1,"system":1,"tool":1,"user":1},"source_counts":{"direct":1,"llm":1,"system":1,"tool":1},"tool_call_count":0,"time":"2026-02-07T16:54:00Z","message":"Context stats"}
{"level":"debug","mysis_id":"22c09997-724d-4816-81a4-0d779148e797","mysis_name":"tool-err-mysis","stage":"messages_converted","memory_count":4,"message_count":4,"content_bytes":572,"reasoning_bytes":0,"role_counts":{"assistant":1,"system":1,"tool":1,"user":1},"source_counts":{"direct":1,"llm":1,"system":1,"tool":1},"tool_call_count":1,"time":"2026-02-07T16:54:00Z","message":"Context stats"}
{"level":"debug","mysis_id":"22c09997-724d-4816-81a4-0d779148e797","mysis_name":"tool-err-mysis","stage":"before_llm_call","memory_count":4,"message_count":4,"content_bytes":572,"reasoning_bytes":0,"role_counts":{"assistant":1,"system":1,"tool":1,"user":1},"source_counts":{"direct":1,"llm":1,"system":1,"tool":1},"tool_call_count":1,"time":"2026-02-07T16:54:00Z","message":"Context stats"}
{"level":"debug","mysis_id":"22c09997-724d-4816-81a4-0d779148e797","mysis_name":"tool-err-mysis","stage":"context_memories","memory_count":6,"message_count":0,"content_bytes":748,"reasoning_bytes":0,"role_counts":{"assistant":2,"system":1,"tool":2,"user":1},"source_counts":{"direct":1,"llm":2,"system":1,"tool":2},"tool_call_count":0,"time":"2026-02-07T16:54:00Z","message":"Context stats"}
{"level":"debug","mysis_id":"22c09997-724d-4816-81a4-0d779148e797","mysis_name":"tool-err-mysis","stage":"messages_converted","memory_count":6,"message_count":6,"content_bytes":662,"reasoning_bytes":0,"role_counts":{"assistant":2,"system":1,"tool":2,"user":1},"source_counts":{"direct":1,"llm":2,"system":1,"tool":2},"tool_call_count":2,"time":"2026-02-07T16:54:00Z","message":"Context stats"}
{"level":"debug","mysis_id":"22c09997-724d-4816-81a4-0d779148e797","mysis_name":"tool-err-mysis","stage":"before_llm_call","memory_count":6,"message_count":6,"content_bytes":662,"reasoning_bytes":0,"role_counts":{"assistant":2,"system":1,"tool":2,"user":1},"source_counts":{"direct":1,"llm":2,"system":1,"tool":2},"tool_call_count":2,"time":"2026-02-07T16:54:00Z","message":"Context stats"}
{"level":"debug","mysis_id":"22c09997-724d-4816-81a4-0d779148e797","mysis_name":"tool-err-mysis","stage":"context_memories","memory_count":8,"message_count":0,"content_bytes":881,"reasoning_bytes":0,"role_counts":{"assistant":3,"system":1,"tool":3,"user":1},"source_counts":{"direct":1,"llm":3,"system":1,"tool":3},"tool_call_count":0,"time":"2026-02-07T16:54:00Z","message":"Context stats"}
{"level":"debug","mysis_id":"22c09997-724d-4816-81a4-0d779148e797","mysis_name":"tool-err-mysis","stage":"messages_converted","memory_count":8,"message_count":8,"content_bytes":752,"reasoning_bytes":0,"role_counts":{"assistant":3,"system":1,"tool":3,"user":1},"source_counts":{"direct":1,"llm":3,"system":1,"tool":3},"tool_call_count":3,"time":"2026-02-07T16:54:00Z","message":"Context stats"}
{"level":"debug","mysis_id":"22c09997-724d-4816-81a4-0d779148e797","mysis_name":"tool-err-mysis","stage":"before_llm_call","memory_count":8,"message_count":8,"content_bytes":752,"reasoning_bytes":0,"role_counts":{"assistant":3,"system":1,"tool":3,"user":1},"source_counts":{"direct":1,"llm":3,"system":1,"tool":3},"tool_call_count":3,"time":"2026-02-07T16:54:00Z","message":"Context stats"}
{"level":"debug","mysis_id":"22c09997-724d-4816-81a4-0d779148e797","mysis_name":"tool-err-mysis","stage":"context_memories","memory_count":10,"message_count":0,"content_bytes":1014,"reasoning_bytes":0,"role_counts":{"assistant":4,"system":1,"tool":4,"user":1},"source_counts":{"direct":1,"llm":4,"system":1,"tool":4},"tool_call_count":0,"time":"2026-02-07T16:54:00Z","message":"Context stats"}
{"level":"debug","mysis_id":"22c09997-724d-4816-81a4-0d779148e797","mysis_name":"tool-err-mysis","stage":"messages_converted","memory_count":10,"message_count":10,"content_bytes":842,"reasoning_bytes":0,"role_counts":{"assistant":4,"system":1,"tool":4,"user":1},"source_counts":{"direct":1,"llm":4,"system":1,"tool":4},"tool_call_count":4,"time":"2026-02-07T16:54:00Z","message":"Context stats"}
{"level":"debug","mysis_id":"22c09997-724d-4816-81a4-0d779148e797","mysis_name":"tool-err-mysis","stage":"before_llm_call","memory_count":10,"message_count":10,"content_bytes":842,"reasoning_bytes":0,"role_counts":{"assistant":4,"system":1,"tool":4,"user":1},"source_counts":{"direct":1,"llm":4,"system":1,"tool":4},"tool_call_count":4,"time":"2026-02-07T16:54:00Z","message":"Context stats"}
{"level":"debug","mysis_id":"22c09997-724d-4816-81a4-0d779148e797","mysis_name":"tool-err-mysis","stage":"context_memories","memory_count":12,"message_count":0,"content_bytes":1147,"reasoning_bytes":0,"role_counts":{"assistant":5,"system":1,"tool":5,"user":1},"source_counts":{"direct":1,"llm":5,"system":1,"tool":5},"tool_call_count":0,"time":"2026-02-07T16:54:00Z","message":"Context stats"}
{"level":"debug","mysis_id":"22c09997-724d-4816-81a4-0d779148e797","mysis_name":"tool-err-mysis","stage":"messages_converted","memory_count":12,"message_count":12,"content_bytes":932,"reasoning_bytes":0,"role_counts":{"assistant":5,"system":1,"tool":5,"user":1},"source_counts":{"direct":1,"llm":5,"system":1,"tool":5},"tool_call_count":5,"time":"2026-02-07T16:54:00Z","message":"Context stats"}
{"level":"debug","mysis_id":"22c09997-724d-4816-81a4-0d779148e797","mysis_name":"tool-err-mysis","stage":"before_llm_call","memory_count":12,"message_count":12,"content_bytes":932,"reasoning_bytes":0,"role_counts":{"assistant":5,"system":1,"tool":5,"user":1},"source_counts":{"direct":1,"llm":5,"system":1,"tool":5},"tool_call_count":5,"time":"2026-02-07T16:54:00Z","message":"Context stats"}
{"level":"debug","mysis_id":"22c09997-724d-4816-81a4-0d779148e797","mysis_name":"tool-err-mysis","stage":"context_memories","memory_count":14,"message_count":0,"content_bytes":1280,"reasoning_bytes":0,"role_counts":{"assistant":6,"system":1,"tool":6,"user":1},"source_counts":{"direct":1,"llm":6,"system":1,"tool":6},"tool_call_count":0,"time":"2026-02-07T16:54:00Z","message":"Context stats"}
{"level":"debug","mysis_id":"22c09997-724d-4816-81a4-0d779148e797","mysis_name":"tool-err-mysis","stage":"messages_converted","memory_count":14,"message_count":14,"content_bytes":1022,"reasoning_bytes":0,"role_counts":{"assistant":6,"system":1,"tool":6,"user":1},"source_counts":{"direct":1,"llm":6,"system":1,"tool":6},"tool_call_count":6,"time":"2026-02-07T16:54:00Z","message":"Context stats"}
{"level":"debug","mysis_id":"22c09997-724d-4816-81a4-0d779148e797","mysis_name":"tool-err-mysis","stage":"before_llm_call","memory_count":14,"message_count":14,"content_bytes":1022,"reasoning_bytes":0,"role_counts":{"assistant":6,"system":1,"tool":6,"user":1},"source_counts":{"direct":1,"llm":6,"system":1,"tool":6},"tool_call_count":6,"time":"2026-02-07T16:54:00Z","message":"Context stats"}
{"level":"debug","mysis_id":"22c09997-724d-4816-81a4-0d779148e797","mysis_name":"tool-err-mysis","stage":"context_memories","memory_count":16,"message_count":0,"content_bytes":1413,"reasoning_bytes":0,"role_counts":{"assistant":7,"system":1,"tool":7,"user":1},"source_counts":{"direct":1,"llm":7,"system":1,"tool":7},"tool_call_count":0,"time":"2026-02-07T16:54:00Z","message":"Context stats"}
{"level":"debug","mysis_id":"22c09997-724d-4816-81a4-0d779148e797","mysis_name":"tool-err-mysis","stage":"messages_converted","memory_count":16,"message_count":16,"content_bytes":1112,"reasoning_bytes":0,"role_counts":{"assistant":7,"system":1,"tool":7,"user":1},"source_counts":{"direct":1,"llm":7,"system":1,"tool":7},"tool_call_count":7,"time":"2026-02-07T16:54:00Z","message":"Context stats"}
{"level":"debug","mysis_id":"22c09997-724d-4816-81a4-0d779148e797","mysis_name":"tool-err-mysis","stage":"before_llm_call","memory_count":16,"message_count":16,"content_bytes":1112,"reasoning_bytes":0,"role_counts":{"assistant":7,"system":1,"tool":7,"user":1},"source_counts":{"direct":1,"llm":7,"system":1,"tool":7},"tool_call_count":7,"time":"2026-02-07T16:54:00Z","message":"Context stats"}
{"level":"debug","mysis_id":"22c09997-724d-4816-81a4-0d779148e797","mysis_name":"tool-err-mysis","stage":"context_memories","memory_count":18,"message_count":0,"content_bytes":1546,"reasoning_bytes":0,"role_counts":{"assistant":8,"system":1,"tool":8,"user":1},"source_counts":{"direct":1,"llm":8,"system":1,"tool":8},"tool_call_count":0,"time":"2026-02-07T16:54:00Z","message":"Context stats"}
{"level":"debug","mysis_id":"22c09997-724d-4816-81a4-0d779148e797","mysis_name":"tool-err-mysis","stage":"messages_converted","memory_count":18,"message_count":18,"content_bytes":1202,"reasoning_bytes":0,"role_counts":{"assistant":8,"system":1,"tool":8,"user":1},"source_counts":{"direct":1,"llm":8,"system":1,"tool":8},"tool_call_count":8,"time":"2026-02-07T16:54:00Z","message":"Context stats"}
{"level":"debug","mysis_id":"22c09997-724d-4816-81a4-0d779148e797","mysis_name":"tool-err-mysis","stage":"before_llm_call","memory_count":18,"message_count":18,"content_bytes":1202,"reasoning_bytes":0,"role_counts":{"assistant":8,"system":1,"tool":8,"user":1},"source_counts":{"direct":1,"llm":8,"system":1,"tool":8},"tool_call_count":8,"time":"2026-02-07T16:54:00Z","message":"Context stats"}
{"level":"debug","mysis_id":"22c09997-724d-4816-81a4-0d779148e797","mysis_name":"tool-err-mysis","stage":"context_memories","memory_count":20,"message_count":0,"content_bytes":1679,"reasoning_bytes":0,"role_counts":{"assistant":9,"system":1,"tool":9,"user":1},"source_counts":{"direct":1,"llm":9,"system":1,"tool":9},"tool_call_count":0,"time":"2026-02-07T16:54:00Z","message":"Context stats"}
{"level":"debug","mysis_id":"22c09997-724d-4816-81a4-0d779148e797","mysis_name":"tool-err-mysis","stage":"messages_converted","memory_count":20,"message_count":20,"content_bytes":1292,"reasoning_bytes":0,"role_counts":{"assistant":9,"system":1,"tool":9,"user":1},"source_counts":{"direct":1,"llm":9,"system":1,"tool":9},"tool_call_count":9,"time":"2026-02-07T16:54:00Z","message":"Context stats"}
{"level":"debug","mysis_id":"22c09997-724d-4816-81a4-0d779148e797","mysis_name":"tool-err-mysis","stage":"before_llm_call","memory_count":20,"message_count":20,"content_bytes":1292,"reasoning_bytes":0,"role_counts":{"assistant":9,"system":1,"tool":9,"user":1},"source_counts":{"direct":1,"llm":9,"system":1,"tool":9},"tool_call_count":9,"time":"2026-02-07T16:54:00Z","message":"Context stats"}
{"level":"debug","mysis_id":"33a12aca-ef61-46be-b047-deb0c36afe3e","mysis_name":"tool-timeout-mysis","stage":"context_memories","memory_count":2,"message_count":0,"content_bytes":542,"reasoning_bytes":0,"role_counts":{"system":1,"user":1},"source_counts":{"system":2},"tool_call_count":0,"time":"2026-02-07T16:54:00Z","message":"Context stats (ephemeral)"}
{"level":"debug","mysis_id":"33a12aca-ef61-46be-b047-deb0c36afe3e","mysis_name":"tool-timeout-mysis","stage":"messages_converted","memory_count":2,"message_count":3,"content_bytes":631,"reasoning_bytes":0,"role_counts":{"system":1,"user":1},"source_counts":{"system":2},"tool_call_count":0,"time":"2026-02-07T16:54:00Z","message":"Context stats (ephemeral)"}
{"level":"debug","mysis_id":"33a12aca-ef61-46be-b047-deb0c36afe3e","mysis_name":"tool-timeout-mysis","stage":"before_llm_call","memory_count":2,"message_count":3,"content_bytes":631,"reasoning_bytes":0,"role_counts":{"system":1,"user":1},"source_counts":{"system":2},"tool_call_count":0,"time":"2026-02-07T16:54:00Z","message":"Context stats (ephemeral)"}
{"level":"debug","mysis_id":"33a12aca-ef61-46be-b047-deb0c36afe3e","mysis_name":"tool-timeout-mysis","stage":"context_memories","memory_count":2,"message_count":0,"content_bytes":484,"reasoning_bytes":0,"role_counts":{"system":1,"user":1},"source_counts":{"direct":1,"system":1},"tool_call_count":0,"time":"2026-02-07T16:54:00Z","message":"Context stats"}
{"level":"debug","mysis_id":"33a12aca-ef61-46be-b047-deb0c36afe3e","mysis_name":"tool-timeout-mysis","stage":"messages_converted","memory_count":2,"message_count":2,"content_bytes":484,"reasoning_bytes":0,"role_counts":{"system":1,"user":1},"source_counts":{"direct":1,"system":1},"tool_call_count":0,"time":"2026-02-07T16:54:00Z","message":"Context stats"}
{"level":"debug","mysis_id":"33a12aca-ef61-46be-b047-deb0c36afe3e","mysis_name":"tool-timeout-mysis","stage":"before_llm_call","memory_count":2,"message_count":2,"content_bytes":484,"reasoning_bytes":0,"role_counts":{"system":1,"user":1},"source_counts":{"direct":1,"system":1},"tool_call_count":0,"time":"2026-02-07T16:54:00Z","message":"Context stats"}
{"level":"error","mysis":"tool-timeout-mysis","old_state":"running","error":"context deadline exceeded","time":"2026-02-07T16:54:00Z","message":"Mysis transitioning to errored state"}
{"level":"debug","mysis_id":"4fcc2f52-de48-4c20-bb3f-9eaa964596b4","mysis_name":"tool-retry-mysis","stage":"context_memories","memory_count":2,"message_count":0,"content_bytes":542,"reasoning_bytes":0,"role_counts":{"system":1,"user":1},"source_counts":{"system":2},"tool_call_count":0,"time":"2026-02-07T16:54:00Z","message":"Context stats (ephemeral)"}
{"level":"debug","mysis_id":"4fcc2f52-de48-4c20-bb3f-9eaa964596b4","mysis_name":"tool-retry-mysis","stage":"messages_converted","memory_count":2,"message_count":3,"content_bytes":631,"reasoning_bytes":0,"role_counts":{"system":1,"user":1},"source_counts":{"system":2},"tool_call_count":0,"time":"2026-02-07T16:54:00Z","message":"Context stats (ephemeral)"}
{"level":"debug","mysis_id":"4fcc2f52-de48-4c20-bb3f-9eaa964596b4","mysis_name":"tool-retry-mysis","stage":"before_llm_call","memory_count":2,"message_count":3,"content_bytes":631,"reasoning_bytes":0,"role_counts":{"system":1,"user":1},"source_counts":{"system":2},"tool_call_count":0,"time":"2026-02-07T16:54:00Z","message":"Context stats (ephemeral)"}
{"level":"debug","mysis_id":"4fcc2f52-de48-4c20-bb3f-9eaa964596b4","mysis_name":"tool-retry-mysis","stage":"context_memories","memory_count":2,"message_count":0,"content_bytes":491,"reasoning_bytes":0,"role_counts":{"system":1,"user":1},"source_counts":{"direct":1,"system":1},"tool_call_count":0,"time":"2026-02-07T16:54:00Z","message":"Context stats"}
{"level":"debug","mysis_id":"4fcc2f52-de48-4c20-bb3f-9eaa964596b4","mysis_name":"tool-retry-mysis","stage":"messages_converted","memory_count":2,"message_count":2,"content_bytes":491,"reasoning_bytes":0,"role_counts":{"system":1,"user":1},"source_counts":{"direct":1,"system":1},"tool_call_count":0,"time":"2026-02-07T16:54:00Z","message":"Context stats"}
{"level":"debug","mysis_id":"4fcc2f52-de48-4c20-bb3f-9eaa964596b4","mysis_name":"tool-retry-mysis","stage":"before_llm_call","memory_count":2,"message_count":2,"content_bytes":491,"reasoning_bytes":0,"role_counts":{"system":1,"user":1},"source_counts":{"direct":1,"system":1},"tool_call_count":0,"time":"2026-02-07T16:54:00Z","message":"Context stats"}
{"level":"warn","tool":"upstream_tool","attempt":1,"delay":200,"time":"2026-02-07T16:54:00Z","message":"Retrying MCP tool call after error"}
{"level":"warn","tool":"upstream_tool","attempt":2,"delay":400,"time":"2026-02-07T16:54:00Z","message":"Retrying MCP tool call after error"}
{"level":"warn","tool":"upstream_tool","attempt":3,"delay":800,"time":"2026-02-07T16:54:01Z","message":"Retrying MCP tool call after error"}
{"level":"error","mysis":"tool-retry-mysis","old_state":"running","error":"mcp tool call failed after retries: upstream unavailable","time":"2026-02-07T16:54:02Z","message":"Mysis transitioning to errored state"}
{"level":"info","count":0,"time":"2026-02-07T16:54:02Z","message":"All myses stopped"}
{"level":"info","count":0,"time":"2026-02-07T16:54:02Z","message":"All myses stopped"}
{"level":"info","count":0,"time":"2026-02-07T16:54:02Z","message":"All myses stopped"}
{"level":"info","count":0,"time":"2026-02-07T16:54:02Z","message":"All myses stopped"}
{"level":"info","count":0,"time":"2026-02-07T16:54:02Z","message":"All myses stopped"}
{"level":"info","count":0,"time":"2026-02-07T16:54:02Z","message":"All myses stopped"}
{"level":"info","count":1,"time":"2026-02-07T16:54:02Z","message":"All myses stopped"}
{"level":"info","count":0,"time":"2026-02-07T16:54:02Z","message":"All myses stopped"}
{"level":"info","count":0,"time":"2026-02-07T16:54:02Z","message":"All myses stopped"}
{"level":"info","count":0,"time":"2026-02-07T16:54:02Z","message":"All myses stopped"}
{"level":"info","count":0,"time":"2026-02-07T16:54:02Z","message":"All myses stopped"}
{"level":"info","count":0,"time":"2026-02-07T16:54:02Z","message":"All myses stopped"}
{"level":"info","count":0,"time":"2026-02-07T16:54:02Z","message":"All myses stopped"}
{"level":"info","count":0,"time":"2026-02-07T16:54:02Z","message":"All myses stopped"}
{"level":"info","count":0,"time":"2026-02-07T16:54:02Z","message":"All myses stopped"}
{"level":"info","count":0,"time":"2026-02-07T16:54:02Z","message":"All myses stopped"}
{"level":"debug","mysis_id":"0c376479-48c0-42df-8337-6d69991b7143","mysis_name":"test-mysis","stage":"context_memories","memory_count":2,"message_count":0,"content_bytes":542,"reasoning_bytes":0,"role_counts":{"system":1,"user":1},"source_counts":{"system":2},"tool_call_count":0,"time":"2026-02-07T16:54:02Z","message":"Context stats (ephemeral)"}
{"level":"debug","mysis_id":"0c376479-48c0-42df-8337-6d69991b7143","mysis_name":"test-mysis","stage":"messages_converted","memory_count":2,"message_count":3,"content_bytes":561,"reasoning_bytes":0,"role_counts":{"system":1,"user":1},"source_counts":{"system":2},"tool_call_count":0,"time":"2026-02-07T16:54:02Z","message":"Context stats (ephemeral)"}
{"level":"debug","mysis_id":"0c376479-48c0-42df-8337-6d69991b7143","mysis_name":"test-mysis","stage":"before_llm_call","memory_count":2,"message_count":3,"content_bytes":561,"reasoning_bytes":0,"role_counts":{"system":1,"user":1},"source_counts":{"system":2},"tool_call_count":0,"time":"2026-02-07T16:54:02Z","message":"Context stats (ephemeral)"}
{"level":"debug","mysis_id":"ed245f56-99e6-4a05-81cf-ff4f4428a306","mysis_name":"ephemeral-mysis","stage":"context_memories","memory_count":2,"message_count":0,"content_bytes":542,"reasoning_bytes":0,"role_counts":{"system":1,"user":1},"source_counts":{"system":2},"tool_call_count":0,"time":"2026-02-07T16:54:02Z","message":"Context stats (ephemeral)"}
{"level":"debug","mysis_id":"ed245f56-99e6-4a05-81cf-ff4f4428a306","mysis_name":"ephemeral-mysis","stage":"messages_converted","memory_count":2,"message_count":3,"content_bytes":554,"reasoning_bytes":0,"role_counts":{"system":1,"user":1},"source_counts":{"system":2},"tool_call_count":0,"time":"2026-02-07T16:54:02Z","message":"Context stats (ephemeral)"}
{"level":"debug","mysis_id":"ed245f56-99e6-4a05-81cf-ff4f4428a306","mysis_name":"ephemeral-mysis","stage":"before_llm_call","memory_count":2,"message_count":3,"content_bytes":554,"reasoning_bytes":0,"role_counts":{"system":1,"user":1},"source_counts":{"system":2},"tool_call_count":0,"time":"2026-02-07T16:54:02Z","message":"Context stats (ephemeral)"}
{"level":"debug","mysis_id":"a03932ef-ccc1-4f0e-936a-30bc5c1cb500","mysis_name":"normal-mysis","stage":"context_memories","memory_count":2,"message_count":0,"content_bytes":481,"reasoning_bytes":0,"role_counts":{"system":1,"user":1},"source_counts":{"direct":1,"system":1},"tool_call_count":0,"time":"2026-02-07T16:54:02Z","message":"Context stats"}
{"level":"debug","mysis_id":"a03932ef-ccc1-4f0e-936a-30bc5c1cb500","mysis_name":"normal-mysis","stage":"messages_converted","memory_count":2,"message_count":2,"content_bytes":481,"reasoning_bytes":0,"role_counts":{"system":1,"user":1},"source_counts":{"direct":1,"system":1},"tool_call_count":0,"time":"2026-02-07T16:54:02Z","message":"Context stats"}
{"level":"debug","mysis_id":"a03932ef-ccc1-4f0e-936a-30bc5c1cb500","mysis_name":"normal-mysis","stage":"before_llm_call","memory_count":2,"message_count":2,"content_bytes":481,"reasoning_bytes":0,"role_counts":{"system":1,"user":1},"source_counts":{"direct":1,"system":1},"tool_call_count":0,"time":"2026-02-07T16:54:02Z","message":"Context stats"}
{"level":"debug","mysis_id":"3aad347e-9902-440a-917a-bcfcae5067de","mysis_name":"nudge-role-test","stage":"context_memories","memory_count":1,"message_count":0,"content_bytes":89,"reasoning_bytes":0,"role_counts":{"user":1},"source_counts":{"direct":1},"tool_call_count":0,"time":"2026-02-07T16:54:02Z","message":"Context stats"}
{"level":"debug","mysis_id":"3aad347e-9902-440a-917a-bcfcae5067de","mysis_name":"nudge-role-test","stage":"messages_converted","memory_count":1,"message_count":1,"content_bytes":89,"reasoning_bytes":0,"role_counts":{"user":1},"source_counts":{"direct":1},"tool_call_count":0,"time":"2026-02-07T16:54:02Z","message":"Context stats"}
{"level":"debug","mysis_id":"3aad347e-9902-440a-917a-bcfcae5067de","mysis_name":"nudge-role-test","stage":"before_llm_call","memory_count":1,"message_count":1,"content_bytes":89,"reasoning_bytes":0,"role_counts":{"user":1},"source_counts":{"direct":1},"tool_call_count":0,"time":"2026-02-07T16:54:02Z","message":"Context stats"}
{"level":"debug","tool_call_id":"call_-7908546686739502338","time":"2026-02-07T16:54:02Z","message":"Removing orphaned tool result - no matching tool call"}
{"level":"debug","tool_call_id":"call_-7908546686739502336","time":"2026-02-07T16:54:02Z","message":"Removing orphaned tool result - no matching tool call"}
{"level":"debug","removed":2,"original":7,"final":5,"time":"2026-02-07T16:54:02Z","message":"Removed orphaned tool messages for OpenAI compliance"}
{"level":"debug","tool_call_id":"call_orphan","tool_name":"orphan_tool","time":"2026-02-07T16:54:02Z","message":"Removing orphaned assistant tool call - no matching tool result"}
{"level":"debug","removed":1,"original":6,"final":5,"time":"2026-02-07T16:54:02Z","message":"Removed orphaned assistant tool calls for OpenAI compliance"}
{"level":"info","count":1,"time":"2026-02-07T16:54:02Z","message":"All myses stopped"}
{"level":"info","count":1,"time":"2026-02-07T16:54:02Z","message":"All myses stopped"}
{"level":"debug","mysis_id":"3ad4097a-86a3-4603-be8c-c35aa18ba867","mysis_name":"stress-0","stage":"context_memories","memory_count":2,"message_count":0,"content_bytes":542,"reasoning_bytes":0,"role_counts":{"system":1,"user":1},"source_counts":{"system":2},"tool_call_count":0,"time":"2026-02-07T16:54:02Z","message":"Context stats (ephemeral)"}
{"level":"debug","mysis_id":"3ad4097a-86a3-4603-be8c-c35aa18ba867","mysis_name":"stress-0","stage":"messages_converted","memory_count":2,"message_count":3,"content_bytes":631,"reasoning_bytes":0,"role_counts":{"system":1,"user":1},"source_counts":{"system":2},"tool_call_count":0,"time":"2026-02-07T16:54:02Z","message":"Context stats (ephemeral)"}
{"level":"debug","mysis_id":"3ad4097a-86a3-4603-be8c-c35aa18ba867","mysis_name":"stress-0","stage":"before_llm_call","memory_count":2,"message_count":3,"content_bytes":631,"reasoning_bytes":0,"role_counts":{"system":1,"user":1},"source_counts":{"system":2},"tool_call_count":0,"time":"2026-02-07T16:54:02Z","message":"Context stats (ephemeral)"}
{"level":"info","count":1,"time":"2026-02-07T16:54:02Z","message":"All myses stopped"}
{"level":"debug","mysis_id":"13a6274d-88d2-42c4-ad8c-cb85887e6e77","mysis_name":"stress-1","stage":"context_memories","memory_count":2,"message_count":0,"content_bytes":542,"reasoning_bytes":0,"role_counts":{"system":1,"user":1},"source_counts":{"system":2},"tool_call_count":0,"time":"2026-02-07T16:54:02Z","message":"Context stats (ephemeral)"}
{"level":"debug","mysis_id":"13a6274d-88d2-42c4-ad8c-cb85887e6e77","mysis_name":"stress-1","stage":"messages_converted","memory_count":2,"message_count":3,"content_bytes":631,"reasoning_bytes":0,"role_counts":{"system":1,"user":1},"source_counts":{"system":2},"tool_call_count":0,"time":"2026-02-07T16:54:02Z","message":"Context stats (ephemeral)"}
{"level":"debug","mysis_id":"13a6274d-88d2-42c4-ad8c-cb85887e6e77","mysis_name":"stress-1","stage":"before_llm_call","memory_count":2,"message_count":3,"content_bytes":631,"reasoning_bytes":0,"role_counts":{"system":1,"user":1},"source_counts":{"system":2},"tool_call_count":0,"time":"2026-02-07T16:54:02Z","message":"Context stats (ephemeral)"}
{"level":"info","count":1,"time":"2026-02-07T16:54:02Z","message":"All myses stopped"}
{"level":"debug","mysis_id":"69c6874c-8924-4b3d-a55f-0e799f6ccd6a","mysis_name":"stress-2","stage":"context_memories","memory_count":2,"message_count":0,"content_bytes":542,"reasoning_bytes":0,"role_counts":{"system":1,"user":1},"source_counts":{"system":2},"tool_call_count":0,"time":"2026-02-07T16:54:02Z","message":"Context stats (ephemeral)"}
{"level":"debug","mysis_id":"69c6874c-8924-4b3d-a55f-0e799f6ccd6a","mysis_name":"stress-2","stage":"messages_converted","memory_count":2,"message_count":3,"content_bytes":631,"reasoning_bytes":0,"role_counts":{"system":1,"user":1},"source_counts":{"system":2},"tool_call_count":0,"time":"2026-02-07T16:54:02Z","message":"Context stats (ephemeral)"}
{"level":"debug","mysis_id":"69c6874c-8924-4b3d-a55f-0e799f6ccd6a","mysis_name":"stress-2","stage":"before_llm_call","memory_count":2,"message_count":3,"content_bytes":631,"reasoning_bytes":0,"role_counts":{"system":1,"user":1},"source_counts":{"system":2},"tool_call_count":0,"time":"2026-02-07T16:54:02Z","message":"Context stats (ephemeral)"}
{"level":"info","count":1,"time":"2026-02-07T16:54:02Z","message":"All myses stopped"}
{"level":"debug","mysis_id":"bfdac292-3b8f-43c4-a1ee-a4846666d7f7","mysis_name":"stress-3","stage":"context_memories","memory_count":2,"message_count":0,"content_bytes":542,"reasoning_bytes":0,"role_counts":{"system":1,"user":1},"source_counts":{"system":2},"tool_call_count":0,"time":"2026-02-07T16:54:02Z","message":"Context stats (ephemeral)"}
{"level":"debug","mysis_id":"bfdac292-3b8f-43c4-a1ee-a4846666d7f7","mysis_name":"stress-3","stage":"messages_converted","memory_count":2,"message_count":3,"content_bytes":631,"reasoning_bytes":0,"role_counts":{"system":1,"user":1},"source_counts":{"system":2},"tool_call_count":0,"time":"2026-02-07T16:54:02Z","message":"Context stats (ephemeral)"}
{"level":"debug","mysis_id":"bfdac292-3b8f-43c4-a1ee-a4846666d7f7","mysis_name":"stress-3","stage":"before_llm_call","memory_count":2,"message_count":3,"content_bytes":631,"reasoning_bytes":0,"role_counts":{"system":1,"user":1},"source_counts":{"system":2},"tool_call_count":0,"time":"2026-02-07T16:54:02Z","message":"Context stats (ephemeral)"}
{"level":"info","count":1,"time":"2026-02-07T16:54:02Z","message":"All myses stopped"}
{"level":"debug","mysis_id":"d642e1ef-c3a5-4b8c-9286-5797467ae3c9","mysis_name":"stress-4","stage":"context_memories","memory_count":2,"message_count":0,"content_bytes":542,"reasoning_bytes":0,"role_counts":{"system":1,"user":1},"source_counts":{"system":2},"tool_call_count":0,"time":"2026-02-07T16:54:02Z","message":"Context stats (ephemeral)"}
{"level":"debug","mysis_id":"d642e1ef-c3a5-4b8c-9286-5797467ae3c9","mysis_name":"stress-4","stage":"messages_converted","memory_count":2,"message_count":3,"content_bytes":631,"reasoning_bytes":0,"role_counts":{"system":1,"user":1},"source_counts":{"system":2},"tool_call_count":0,"time":"2026-02-07T16:54:02Z","message":"Context stats (ephemeral)"}
{"level":"debug","mysis_id":"d642e1ef-c3a5-4b8c-9286-5797467ae3c9","mysis_name":"stress-4","stage":"before_llm_call","memory_count":2,"message_count":3,"content_bytes":631,"reasoning_bytes":0,"role_counts":{"system":1,"user":1},"source_counts":{"system":2},"tool_call_count":0,"time":"2026-02-07T16:54:02Z","message":"Context stats (ephemeral)"}
{"level":"info","count":1,"time":"2026-02-07T16:54:02Z","message":"All myses stopped"}
{"level":"debug","mysis_id":"2f7ee0db-4c2c-4727-85f0-068149a40a2e","mysis_name":"stress-5","stage":"context_memories","memory_count":2,"message_count":0,"content_bytes":542,"reasoning_bytes":0,"role_counts":{"system":1,"user":1},"source_counts":{"system":2},"tool_call_count":0,"time":"2026-02-07T16:54:02Z","message":"Context stats (ephemeral)"}
{"level":"debug","mysis_id":"2f7ee0db-4c2c-4727-85f0-068149a40a2e","mysis_name":"stress-5","stage":"messages_converted","memory_count":2,"message_count":3,"content_bytes":631,"reasoning_bytes":0,"role_counts":{"system":1,"user":1},"source_counts":{"system":2},"tool_call_count":0,"time":"2026-02-07T16:54:02Z","message":"Context stats (ephemeral)"}
{"level":"debug","mysis_id":"2f7ee0db-4c2c-4727-85f0-068149a40a2e","mysis_name":"stress-5","stage":"before_llm_call","memory_count":2,"message_count":3,"content_bytes":631,"reasoning_bytes":0,"role_counts":{"system":1,"user":1},"source_counts":{"system":2},"tool_call_count":0,"time":"2026-02-07T16:54:02Z","message":"Context stats (ephemeral)"}
{"level":"info","count":1,"time":"2026-02-07T16:54:02Z","message":"All myses stopped"}
{"level":"debug","mysis_id":"0e324d3f-bf6e-470f-aa83-89db2be2fa85","mysis_name":"stress-6","stage":"context_memories","memory_count":2,"message_count":0,"content_bytes":542,"reasoning_bytes":0,"role_counts":{"system":1,"user":1},"source_counts":{"system":2},"tool_call_count":0,"time":"2026-02-07T16:54:02Z","message":"Context stats (ephemeral)"}
{"level":"debug","mysis_id":"0e324d3f-bf6e-470f-aa83-89db2be2fa85","mysis_name":"stress-6","stage":"messages_converted","memory_count":2,"message_count":3,"content_bytes":631,"reasoning_bytes":0,"role_counts":{"system":1,"user":1},"source_counts":{"system":2},"tool_call_count":0,"time":"2026-02-07T16:54:02Z","message":"Context stats (ephemeral)"}
{"level":"debug","mysis_id":"0e324d3f-bf6e-470f-aa83-89db2be2fa85","mysis_name":"stress-6","stage":"before_llm_call","memory_count":2,"message_count":3,"content_bytes":631,"reasoning_bytes":0,"role_counts":{"system":1,"user":1},"source_counts":{"system":2},"tool_call_count":0,"time":"2026-02-07T16:54:02Z","message":"Context stats (ephemeral)"}
{"level":"info","count":1,"time":"2026-02-07T16:54:02Z","message":"All myses stopped"}
{"level":"debug","mysis_id":"576c89de-26a4-4ebd-a021-97f37e9cbe6a","mysis_name":"stress-7","stage":"context_memories","memory_count":2,"message_count":0,"content_bytes":542,"reasoning_bytes":0,"role_counts":{"system":1,"user":1},"source_counts":{"system":2},"tool_call_count":0,"time":"2026-02-07T16:54:02Z","message":"Context stats (ephemeral)"}
{"level":"debug","mysis_id":"576c89de-26a4-4ebd-a021-97f37e9cbe6a","mysis_name":"stress-7","stage":"messages_converted","memory_count":2,"message_count":3,"content_bytes":631,"reasoning_bytes":0,"role_counts":{"system":1,"user":1},"source_counts":{"system":2},"tool_call_count":0,"time":"2026-02-07T16:54:02Z","message":"Context stats (ephemeral)"}
{"level":"debug","mysis_id":"576c89de-26a4-4ebd-a021-97f37e9cbe6a","mysis_name":"stress-7","stage":"before_llm_call","memory_count":2,"message_count":3,"content_bytes":631,"reasoning_bytes":0,"role_counts":{"system":1,"user":1},"source_counts":{"system":2},"tool_call_count":0,"time":"2026-02-07T16:54:02Z","message":"Context stats (ephemeral)"}
{"level":"info","count":1,"time":"2026-02-07T16:54:02Z","message":"All myses stopped"}
{"level":"debug","mysis_id":"211051e5-51b6-48cc-9ff7-1fcf3d04ba4a","mysis_name":"stress-8","stage":"context_memories","memory_count":2,"message_count":0,"content_bytes":542,"reasoning_bytes":0,"role_counts":{"system":1,"user":1},"source_counts":{"system":2},"tool_call_count":0,"time":"2026-02-07T16:54:02Z","message":"Context stats (ephemeral)"}
{"level":"debug","mysis_id":"211051e5-51b6-48cc-9ff7-1fcf3d04ba4a","mysis_name":"stress-8","stage":"messages_converted","memory_count":2,"message_count":3,"content_bytes":631,"reasoning_bytes":0,"role_counts":{"system":1,"user":1},"source_counts":{"system":2},"tool_call_count":0,"time":"2026-02-07T16:54:02Z","message":"Context stats (ephemeral)"}
{"level":"debug","mysis_id":"211051e5-51b6-48cc-9ff7-1fcf3d04ba4a","mysis_name":"stress-8","stage":"before_llm_call","memory_count":2,"message_count":3,"content_bytes":631,"reasoning_bytes":0,"role_counts":{"system":1,"user":1},"source_counts":{"system":2},"tool_call_count":0,"time":"2026-02-07T16:54:02Z","message":"Context stats (ephemeral)"}
{"level":"info","count":1,"time":"2026-02-07T16:54:02Z","message":"All myses stopped"}
{"level":"debug","mysis_id":"ea7ad09b-6b6b-4347-b6d8-e9727d4f57a7","mysis_name":"stress-9","stage":"context_memories","memory_count":2,"message_count":0,"content_bytes":542,"reasoning_bytes":0,"role_counts":{"system":1,"user":1},"source_counts":{"system":2},"tool_call_count":0,"time":"2026-02-07T16:54:02Z","message":"Context stats (ephemeral)"}
{"level":"debug","mysis_id":"ea7ad09b-6b6b-4347-b6d8-e9727d4f57a7","mysis_name":"stress-9","stage":"messages_converted","memory_count":2,"message_count":3,"content_bytes":631,"reasoning_bytes":0,"role_counts":{"system":1,"user":1},"source_counts":{"system":2},"tool_call_count":0,"time":"2026-02-07T16:54:02Z","message":"Context stats (ephemeral)"}
{"level":"debug","mysis_id":"ea7ad09b-6b6b-4347-b6d8-e9727d4f57a7","mysis_name":"stress-9","stage":"before_llm_call","memory_count":2,"message_count":3,"content_bytes":631,"reasoning_bytes":0,"role_counts":{"system":1,"user":1},"source_counts":{"system":2},"tool_call_count":0,"time":"2026-02-07T16:54:02Z","message":"Context stats (ephemeral)"}
{"level":"info","count":1,"time":"2026-02-07T16:54:02Z","message":"All myses stopped"}
{"level":"debug","mysis_id":"f30729a9-3595-473a-a5ee-c86744692df5","mysis_name":"stress-10","stage":"context_memories","memory_count":2,"message_count":0,"content_bytes":542,"reasoning_bytes":0,"role_counts":{"system":1,"user":1},"source_counts":{"system":2},"tool_call_count":0,"time":"2026-02-07T16:54:02Z","message":"Context stats (ephemeral)"}
{"level":"debug","mysis_id":"f30729a9-3595-473a-a5ee-c86744692df5","mysis_name":"stress-10","stage":"messages_converted","memory_count":2,"message_count":3,"content_bytes":631,"reasoning_bytes":0,"role_counts":{"system":1,"user":1},"source_counts":{"system":2},"tool_call_count":0,"time":"2026-02-07T16:54:02Z","message":"Context stats (ephemeral)"}
{"level":"debug","mysis_id":"f30729a9-3595-473a-a5ee-c86744692df5","mysis_name":"stress-10","stage":"before_llm_call","memory_count":2,"message_count":3,"content_bytes":631,"reasoning_bytes":0,"role_counts":{"system":1,"user":1},"source_counts":{"system":2},"tool_call_count":0,"time":"2026-02-07T16:54:02Z","message":"Context stats (ephemeral)"}
{"level":"info","count":1,"time":"2026-02-07T16:54:02Z","message":"All myses stopped"}
{"level":"debug","mysis_id":"37a85ec0-28f1-4ac3-9682-e3a2631db8d8","mysis_name":"stress-11","stage":"context_memories","memory_count":2,"message_count":0,"content_bytes":542,"reasoning_bytes":0,"role_counts":{"system":1,"user":1},"source_counts":{"system":2},"tool_call_count":0,"time":"2026-02-07T16:54:02Z","message":"Context stats (ephemeral)"}
{"level":"debug","mysis_id":"37a85ec0-28f1-4ac3-9682-e3a2631db8d8","mysis_name":"stress-11","stage":"messages_converted","memory_count":2,"message_count":3,"content_bytes":631,"reasoning_bytes":0,"role_counts":{"system":1,"user":1},"source_counts":{"system":2},"tool_call_count":0,"time":"2026-02-07T16:54:02Z","message":"Context stats (ephemeral)"}
{"level":"debug","mysis_id":"37a85ec0-28f1-4ac3-9682-e3a2631db8d8","mysis_name":"stress-11","stage":"before_llm_call","memory_count":2,"message_count":3,"content_bytes":631,"reasoning_bytes":0,"role_counts":{"system":1,"user":1},"source_counts":{"system":2},"tool_call_count":0,"time":"2026-02-07T16:54:02Z","message":"Context stats (ephemeral)"}
{"level":"info","count":1,"time":"2026-02-07T16:54:02Z","message":"All myses stopped"}
{"level":"debug","mysis_id":"f4e77fa8-8789-455e-ba2a-877792d2d931","mysis_name":"stress-12","stage":"context_memories","memory_count":2,"message_count":0,"content_bytes":542,"reasoning_bytes":0,"role_counts":{"system":1,"user":1},"source_counts":{"system":2},"tool_call_count":0,"time":"2026-02-07T16:54:02Z","message":"Context stats (ephemeral)"}
{"level":"debug","mysis_id":"f4e77fa8-8789-455e-ba2a-877792d2d931","mysis_name":"stress-12","stage":"messages_converted","memory_count":2,"message_count":3,"content_bytes":631,"reasoning_bytes":0,"role_counts":{"system":1,"user":1},"source_counts":{"system":2},"tool_call_count":0,"time":"2026-02-07T16:54:02Z","message":"Context stats (ephemeral)"}
{"level":"debug","mysis_id":"f4e77fa8-8789-455e-ba2a-877792d2d931","mysis_name":"stress-12","stage":"before_llm_call","memory_count":2,"message_count":3,"content_bytes":631,"reasoning_bytes":0,"role_counts":{"system":1,"user":1},"source_counts":{"system":2},"tool_call_count":0,"time":"2026-02-07T16:54:02Z","message":"Context stats (ephemeral)"}
{"level":"info","count":1,"time":"2026-02-07T16:54:02Z","message":"All myses stopped"}
{"level":"debug","mysis_id":"6ca1ad53-7e3e-45fa-bed0-bba1abaafeb1","mysis_name":"stress-13","stage":"context_memories","memory_count":2,"message_count":0,"content_bytes":542,"reasoning_bytes":0,"role_counts":{"system":1,"user":1},"source_counts":{"system":2},"tool_call_count":0,"time":"2026-02-07T16:54:02Z","message":"Context stats (ephemeral)"}
{"level":"debug","mysis_id":"6ca1ad53-7e3e-45fa-bed0-bba1abaafeb1","mysis_name":"stress-13","stage":"messages_converted","memory_count":2,"message_count":3,"content_bytes":631,"reasoning_bytes":0,"role_counts":{"system":1,"user":1},"source_counts":{"system":2},"tool_call_count":0,"time":"2026-02-07T16:54:02Z","message":"Context stats (ephemeral)"}
{"level":"debug","mysis_id":"6ca1ad53-7e3e-45fa-bed0-bba1abaafeb1","mysis_name":"stress-13","stage":"before_llm_call","memory_count":2,"message_count":3,"content_bytes":631,"reasoning_bytes":0,"role_counts":{"system":1,"user":1},"source_counts":{"system":2},"tool_call_count":0,"time":"2026-02-07T16:54:02Z","message":"Context stats (ephemeral)"}
{"level":"info","count":1,"time":"2026-02-07T16:54:02Z","message":"All myses stopped"}
{"level":"debug","mysis_id":"e16fd372-bbce-4063-85c7-53c2f47e00c4","mysis_name":"stress-14","stage":"context_memories","memory_count":2,"message_count":0,"content_bytes":542,"reasoning_bytes":0,"role_counts":{"system":1,"user":1},"source_counts":{"system":2},"tool_call_count":0,"time":"2026-02-07T16:54:02Z","message":"Context stats (ephemeral)"}
{"level":"debug","mysis_id":"e16fd372-bbce-4063-85c7-53c2f47e00c4","mysis_name":"stress-14","stage":"messages_converted","memory_count":2,"message_count":3,"content_bytes":631,"reasoning_bytes":0,"role_counts":{"system":1,"user":1},"source_counts":{"system":2},"tool_call_count":0,"time":"2026-02-07T16:54:02Z","message":"Context stats (ephemeral)"}
{"level":"debug","mysis_id":"e16fd372-bbce-4063-85c7-53c2f47e00c4","mysis_name":"stress-14","stage":"before_llm_call","memory_count":2,"message_count":3,"content_bytes":631,"reasoning_bytes":0,"role_counts":{"system":1,"user":1},"source_counts":{"system":2},"tool_call_count":0,"time":"2026-02-07T16:54:02Z","message":"Context stats (ephemeral)"}
{"level":"info","count":1,"time":"2026-02-07T16:54:02Z","message":"All myses stopped"}
{"level":"debug","mysis_id":"bdee2535-2cec-4a30-a91f-540b2eb83e33","mysis_name":"stress-15","stage":"context_memories","memory_count":2,"message_count":0,"content_bytes":542,"reasoning_bytes":0,"role_counts":{"system":1,"user":1},"source_counts":{"system":2},"tool_call_count":0,"time":"2026-02-07T16:54:02Z","message":"Context stats (ephemeral)"}
{"level":"debug","mysis_id":"bdee2535-2cec-4a30-a91f-540b2eb83e33","mysis_name":"stress-15","stage":"messages_converted","memory_count":2,"message_count":3,"content_bytes":631,"reasoning_bytes":0,"role_counts":{"system":1,"user":1},"source_counts":{"system":2},"tool_call_count":0,"time":"2026-02-07T16:54:02Z","message":"Context stats (ephemeral)"}
{"level":"debug","mysis_id":"bdee2535-2cec-4a30-a91f-540b2eb83e33","mysis_name":"stress-15","stage":"before_llm_call","memory_count":2,"message_count":3,"content_bytes":631,"reasoning_bytes":0,"role_counts":{"system":1,"user":1},"source_counts":{"system":2},"tool_call_count":0,"time":"2026-02-07T16:54:02Z","message":"Context stats (ephemeral)"}
{"level":"info","count":1,"time":"2026-02-07T16:54:02Z","message":"All myses stopped"}
{"level":"debug","mysis_id":"00696e8b-6c7f-4a3a-8389-135fd005788b","mysis_name":"stress-16","stage":"context_memories","memory_count":2,"message_count":0,"content_bytes":542,"reasoning_bytes":0,"role_counts":{"system":1,"user":1},"source_counts":{"system":2},"tool_call_count":0,"time":"2026-02-07T16:54:02Z","message":"Context stats (ephemeral)"}
{"level":"debug","mysis_id":"00696e8b-6c7f-4a3a-8389-135fd005788b","mysis_name":"stress-16","stage":"messages_converted","memory_count":2,"message_count":3,"content_bytes":631,"reasoning_bytes":0,"role_counts":{"system":1,"user":1},"source_counts":{"system":2},"tool_call_count":0,"time":"2026-02-07T16:54:02Z","message":"Context stats (ephemeral)"}
{"level":"debug","mysis_id":"00696e8b-6c7f-4a3a-8389-135fd005788b","mysis_name":"stress-16","stage":"before_llm_call","memory_count":2,"message_count":3,"content_bytes":631,"reasoning_bytes":0,"role_counts":{"system":1,"user":1},"source_counts":{"system":2},"tool_call_count":0,"time":"2026-02-07T16:54:02Z","message":"Context stats (ephemeral)"}
{"level":"info","count":1,"time":"2026-02-07T16:54:02Z","message":"All myses stopped"}
{"level":"debug","mysis_id":"cdd6e1cc-dbbe-4da2-a80f-4f803d02c0b9","mysis_name":"stress-17","stage":"context_memories","memory_count":2,"message_count":0,"content_bytes":542,"reasoning_bytes":0,"role_counts":{"system":1,"user":1},"source_counts":{"system":2},"tool_call_count":0,"time":"2026-02-07T16:54:02Z","message":"Context stats (ephemeral)"}
{"level":"debug","mysis_id":"cdd6e1cc-dbbe-4da2-a80f-4f803d02c0b9","mysis_name":"stress-17","stage":"messages_converted","memory_count":2,"message_count":3,"content_bytes":631,"reasoning_bytes":0,"role_counts":{"system":1,"user":1},"source_counts":{"system":2},"tool_call_count":0,"time":"2026-02-07T16:54:02Z","message":"Context stats (ephemeral)"}
{"level":"debug","mysis_id":"cdd6e1cc-dbbe-4da2-a80f-4f803d02c0b9","mysis_name":"stress-17","stage":"before_llm_call","memory_count":2,"message_count":3,"content_bytes":631,"reasoning_bytes":0,"role_counts":{"system":1,"user":1},"source_counts":{"system":2},"tool_call_count":0,"time":"2026-02-07T16:54:02Z","message":"Context stats (ephemeral)"}
{"level":"info","count":1,"time":"2026-02-07T16:54:02Z","message":"All myses stopped"}
{"level":"debug","mysis_id":"ecfe31ab-7dca-41b8-8e1e-0786b3f80c83","mysis_name":"stress-18","stage":"context_memories","memory_count":2,"message_count":0,"content_bytes":542,"reasoning_bytes":0,"role_counts":{"system":1,"user":1},"source_counts":{"system":2},"tool_call_count":0,"time":"2026-02-07T16:54:02Z","message":"Context stats (ephemeral)"}
{"level":"debug","mysis_id":"ecfe31ab-7dca-41b8-8e1e-0786b3f80c83","mysis_name":"stress-18","stage":"messages_converted","memory_count":2,"message_count":3,"content_bytes":631,"reasoning_bytes":0,"role_counts":{"system":1,"user":1},"source_counts":{"system":2},"tool_call_count":0,"time":"2026-02-07T16:54:02Z","message":"Context stats (ephemeral)"}
{"level":"debug","mysis_id":"ecfe31ab-7dca-41b8-8e1e-0786b3f80c83","mysis_name":"stress-18","stage":"before_llm_call","memory_count":2,"message_count":3,"content_bytes":631,"reasoning_bytes":0,"role_counts":{"system":1,"user":1},"source_counts":{"system":2},"tool_call_count":0,"time":"2026-02-07T16:54:02Z","message":"Context stats (ephemeral)"}
{"level":"info","count":1,"time":"2026-02-07T16:54:02Z","message":"All myses stopped"}
{"level":"debug","mysis_id":"fa1ad78d-587a-4d5d-aedd-aaa56afef63b","mysis_name":"stress-19","stage":"context_memories","memory_count":2,"message_count":0,"content_bytes":542,"reasoning_bytes":0,"role_counts":{"system":1,"user":1},"source_counts":{"system":2},"tool_call_count":0,"time":"2026-02-07T16:54:02Z","message":"Context stats (ephemeral)"}
{"level":"debug","mysis_id":"fa1ad78d-587a-4d5d-aedd-aaa56afef63b","mysis_name":"stress-19","stage":"messages_converted","memory_count":2,"message_count":3,"content_bytes":631,"reasoning_bytes":0,"role_counts":{"system":1,"user":1},"source_counts":{"system":2},"tool_call_count":0,"time":"2026-02-07T16:54:02Z","message":"Context stats (ephemeral)"}
{"level":"debug","mysis_id":"fa1ad78d-587a-4d5d-aedd-aaa56afef63b","mysis_name":"stress-19","stage":"before_llm_call","memory_count":2,"message_count":3,"content_bytes":631,"reasoning_bytes":0,"role_counts":{"system":1,"user":1},"source_counts":{"system":2},"tool_call_count":0,"time":"2026-02-07T16:54:02Z","message":"Context stats (ephemeral)"}
{"level":"info","count":1,"time":"2026-02-07T16:54:02Z","message":"All myses stopped"}
{"level":"debug","mysis_id":"d2f930ac-d198-4504-a60f-819c93523e1d","mysis_name":"stress-20","stage":"context_memories","memory_count":2,"message_count":0,"content_bytes":542,"reasoning_bytes":0,"role_counts":{"system":1,"user":1},"source_counts":{"system":2},"tool_call_count":0,"time":"2026-02-07T16:54:02Z","message":"Context stats (ephemeral)"}
{"level":"debug","mysis_id":"d2f930ac-d198-4504-a60f-819c93523e1d","mysis_name":"stress-20","stage":"messages_converted","memory_count":2,"message_count":3,"content_bytes":631,"reasoning_bytes":0,"role_counts":{"system":1,"user":1},"source_counts":{"system":2},"tool_call_count":0,"time":"2026-02-07T16:54:02Z","message":"Context stats (ephemeral)"}
{"level":"debug","mysis_id":"d2f930ac-d198-4504-a60f-819c93523e1d","mysis_name":"stress-20","stage":"before_llm_call","memory_count":2,"message_count":3,"content_bytes":631,"reasoning_bytes":0,"role_counts":{"system":1,"user":1},"source_counts":{"system":2},"tool_call_count":0,"time":"2026-02-07T16:54:02Z","message":"Context stats (ephemeral)"}
{"level":"info","count":1,"time":"2026-02-07T16:54:02Z","message":"All myses stopped"}
{"level":"debug","mysis_id":"395f5c4b-5def-407e-b4a4-db48e7407f68","mysis_name":"stress-21","stage":"context_memories","memory_count":2,"message_count":0,"content_bytes":542,"reasoning_bytes":0,"role_counts":{"system":1,"user":1},"source_counts":{"system":2},"tool_call_count":0,"time":"2026-02-07T16:54:02Z","message":"Context stats (ephemeral)"}
{"level":"debug","mysis_id":"395f5c4b-5def-407e-b4a4-db48e7407f68","mysis_name":"stress-21","stage":"messages_converted","memory_count":2,"message_count":3,"content_bytes":631,"reasoning_bytes":0,"role_counts":{"system":1,"user":1},"source_counts":{"system":2},"tool_call_count":0,"time":"2026-02-07T16:54:02Z","message":"Context stats (ephemeral)"}
{"level":"debug","mysis_id":"395f5c4b-5def-407e-b4a4-db48e7407f68","mysis_name":"stress-21","stage":"before_llm_call","memory_count":2,"message_count":3,"content_bytes":631,"reasoning_bytes":0,"role_counts":{"system":1,"user":1},"source_counts":{"system":2},"tool_call_count":0,"time":"2026-02-07T16:54:02Z","message":"Context stats (ephemeral)"}
{"level":"info","count":1,"time":"2026-02-07T16:54:02Z","message":"All myses stopped"}
{"level":"debug","mysis_id":"226ff031-0d39-4374-bdc6-d9eef4e0dfb8","mysis_name":"stress-22","stage":"context_memories","memory_count":2,"message_count":0,"content_bytes":542,"reasoning_bytes":0,"role_counts":{"system":1,"user":1},"source_counts":{"system":2},"tool_call_count":0,"time":"2026-02-07T16:54:02Z","message":"Context stats (ephemeral)"}
{"level":"debug","mysis_id":"226ff031-0d39-4374-bdc6-d9eef4e0dfb8","mysis_name":"stress-22","stage":"messages_converted","memory_count":2,"message_count":3,"content_bytes":631,"reasoning_bytes":0,"role_counts":{"system":1,"user":1},"source_counts":{"system":2},"tool_call_count":0,"time":"2026-02-07T16:54:02Z","message":"Context stats (ephemeral)"}
{"level":"debug","mysis_id":"226ff031-0d39-4374-bdc6-d9eef4e0dfb8","mysis_name":"stress-22","stage":"before_llm_call","memory_count":2,"message_count":3,"content_bytes":631,"reasoning_bytes":0,"role_counts":{"system":1,"user":1},"source_counts":{"system":2},"tool_call_count":0,"time":"2026-02-07T16:54:02Z","message":"Context stats (ephemeral)"}
{"level":"info","count":1,"time":"2026-02-07T16:54:02Z","message":"All myses stopped"}
{"level":"debug","mysis_id":"98b8c634-bbf8-4a97-80e0-d57d219517b1","mysis_name":"stress-23","stage":"context_memories","memory_count":2,"message_count":0,"content_bytes":542,"reasoning_bytes":0,"role_counts":{"system":1,"user":1},"source_counts":{"system":2},"tool_call_count":0,"time":"2026-02-07T16:54:02Z","message":"Context stats (ephemeral)"}
{"level":"debug","mysis_id":"98b8c634-bbf8-4a97-80e0-d57d219517b1","mysis_name":"stress-23","stage":"messages_converted","memory_count":2,"message_count":3,"content_bytes":631,"reasoning_bytes":0,"role_counts":{"system":1,"user":1},"source_counts":{"system":2},"tool_call_count":0,"time":"2026-02-07T16:54:02Z","message":"Context stats (ephemeral)"}
{"level":"debug","mysis_id":"98b8c634-bbf8-4a97-80e0-d57d219517b1","mysis_name":"stress-23","stage":"before_llm_call","memory_count":2,"message_count":3,"content_bytes":631,"reasoning_bytes":0,"role_counts":{"system":1,"user":1},"source_counts":{"system":2},"tool_call_count":0,"time":"2026-02-07T16:54:02Z","message":"Context stats (ephemeral)"}
{"level":"info","count":1,"time":"2026-02-07T16:54:02Z","message":"All myses stopped"}
{"level":"debug","mysis_id":"923a0fde-e502-4fa4-bab1-10589c288c08","mysis_name":"stress-24","stage":"context_memories","memory_count":2,"message_count":0,"content_bytes":542,"reasoning_bytes":0,"role_counts":{"system":1,"user":1},"source_counts":{"system":2},"tool_call_count":0,"time":"2026-02-07T16:54:02Z","message":"Context stats (ephemeral)"}
{"level":"debug","mysis_id":"923a0fde-e502-4fa4-bab1-10589c288c08","mysis_name":"stress-24","stage":"messages_converted","memory_count":2,"message_count":3,"content_bytes":631,"reasoning_bytes":0,"role_counts":{"system":1,"user":1},"source_counts":{"system":2},"tool_call_count":0,"time":"2026-02-07T16:54:02Z","message":"Context stats (ephemeral)"}
{"level":"debug","mysis_id":"923a0fde-e502-4fa4-bab1-10589c288c08","mysis_name":"stress-24","stage":"before_llm_call","memory_count":2,"message_count":3,"content_bytes":631,"reasoning_bytes":0,"role_counts":{"system":1,"user":1},"source_counts":{"system":2},"tool_call_count":0,"time":"2026-02-07T16:54:02Z","message":"Context stats (ephemeral)"}
{"level":"info","count":1,"time":"2026-02-07T16:54:02Z","message":"All myses stopped"}
{"level":"debug","mysis_id":"63a632ea-11da-45b1-8255-6a2b1c676073","mysis_name":"stress-25","stage":"context_memories","memory_count":2,"message_count":0,"content_bytes":542,"reasoning_bytes":0,"role_counts":{"system":1,"user":1},"source_counts":{"system":2},"tool_call_count":0,"time":"2026-02-07T16:54:02Z","message":"Context stats (ephemeral)"}
{"level":"debug","mysis_id":"63a632ea-11da-45b1-8255-6a2b1c676073","mysis_name":"stress-25","stage":"messages_converted","memory_count":2,"message_count":3,"content_bytes":631,"reasoning_bytes":0,"role_counts":{"system":1,"user":1},"source_counts":{"system":2},"tool_call_count":0,"time":"2026-02-07T16:54:02Z","message":"Context stats (ephemeral)"}
{"level":"debug","mysis_id":"63a632ea-11da-45b1-8255-6a2b1c676073","mysis_name":"stress-25","stage":"before_llm_call","memory_count":2,"message_count":3,"content_bytes":631,"reasoning_bytes":0,"role_counts":{"system":1,"user":1},"source_counts":{"system":2},"tool_call_count":0,"time":"2026-02-07T16:54:02Z","message":"Context stats (ephemeral)"}
{"level":"info","count":1,"time":"2026-02-07T16:54:02Z","message":"All myses stopped"}
{"level":"debug","mysis_id":"b16b0951-028a-4a67-9955-ec128142261e","mysis_name":"stress-26","stage":"context_memories","memory_count":2,"message_count":0,"content_bytes":542,"reasoning_bytes":0,"role_counts":{"system":1,"user":1},"source_counts":{"system":2},"tool_call_count":0,"time":"2026-02-07T16:54:02Z","message":"Context stats (ephemeral)"}
{"level":"debug","mysis_id":"b16b0951-028a-4a67-9955-ec128142261e","mysis_name":"stress-26","stage":"messages_converted","memory_count":2,"message_count":3,"content_bytes":631,"reasoning_bytes":0,"role_counts":{"system":1,"user":1},"source_counts":{"system":2},"tool_call_count":0,"time":"2026-02-07T16:54:02Z","message":"Context stats (ephemeral)"}
{"level":"debug","mysis_id":"b16b0951-028a-4a67-9955-ec128142261e","mysis_name":"stress-26","stage":"before_llm_call","memory_count":2,"message_count":3,"content_bytes":631,"reasoning_bytes":0,"role_counts":{"system":1,"user":1},"source_counts":{"system":2},"tool_call_count":0,"time":"2026-02-07T16:54:02Z","message":"Context stats (ephemeral)"}
{"level":"info","count":1,"time":"2026-02-07T16:54:02Z","message":"All myses stopped"}
{"level":"debug","mysis_id":"01d61880-7644-4458-90b7-2bb206e3bbf5","mysis_name":"stress-27","stage":"context_memories","memory_count":2,"message_count":0,"content_bytes":542,"reasoning_bytes":0,"role_counts":{"system":1,"user":1},"source_counts":{"system":2},"tool_call_count":0,"time":"2026-02-07T16:54:02Z","message":"Context stats (ephemeral)"}
{"level":"debug","mysis_id":"01d61880-7644-4458-90b7-2bb206e3bbf5","mysis_name":"stress-27","stage":"messages_converted","memory_count":2,"message_count":3,"content_bytes":631,"reasoning_bytes":0,"role_counts":{"system":1,"user":1},"source_counts":{"system":2},"tool_call_count":0,"time":"2026-02-07T16:54:02Z","message":"Context stats (ephemeral)"}
{"level":"debug","mysis_id":"01d61880-7644-4458-90b7-2bb206e3bbf5","mysis_name":"stress-27","stage":"before_llm_call","memory_count":2,"message_count":3,"content_bytes":631,"reasoning_bytes":0,"role_counts":{"system":1,"user":1},"source_counts":{"system":2},"tool_call_count":0,"time":"2026-02-07T16:54:02Z","message":"Context stats (ephemeral)"}
{"level":"info","count":1,"time":"2026-02-07T16:54:02Z","message":"All myses stopped"}
{"level":"debug","mysis_id":"990ba732-a254-4968-aa60-146453e25dfa","mysis_name":"stress-28","stage":"context_memories","memory_count":2,"message_count":0,"content_bytes":542,"reasoning_bytes":0,"role_counts":{"system":1,"user":1},"source_counts":{"system":2},"tool_call_count":0,"time":"2026-02-07T16:54:02Z","message":"Context stats (ephemeral)"}
{"level":"debug","mysis_id":"990ba732-a254-4968-aa60-146453e25dfa","mysis_name":"stress-28","stage":"messages_converted","memory_count":2,"message_count":3,"content_bytes":631,"reasoning_bytes":0,"role_counts":{"system":1,"user":1},"source_counts":{"system":2},"tool_call_count":0,"time":"2026-02-07T16:54:02Z","message":"Context stats (ephemeral)"}
{"level":"debug","mysis_id":"990ba732-a254-4968-aa60-146453e25dfa","mysis_name":"stress-28","stage":"before_llm_call","memory_count":2,"message_count":3,"content_bytes":631,"reasoning_bytes":0,"role_counts":{"system":1,"user":1},"source_counts":{"system":2},"tool_call_count":0,"time":"2026-02-07T16:54:02Z","message":"Context stats (ephemeral)"}
{"level":"info","count":1,"time":"2026-02-07T16:54:02Z","message":"All myses stopped"}
{"level":"debug","mysis_id":"85d638f6-8537-4e5a-a94b-430b6bafb0ff","mysis_name":"stress-29","stage":"context_memories","memory_count":2,"message_count":0,"content_bytes":542,"reasoning_bytes":0,"role_counts":{"system":1,"user":1},"source_counts":{"system":2},"tool_call_count":0,"time":"2026-02-07T16:54:02Z","message":"Context stats (ephemeral)"}
{"level":"debug","mysis_id":"85d638f6-8537-4e5a-a94b-430b6bafb0ff","mysis_name":"stress-29","stage":"messages_converted","memory_count":2,"message_count":3,"content_bytes":631,"reasoning_bytes":0,"role_counts":{"system":1,"user":1},"source_counts":{"system":2},"tool_call_count":0,"time":"2026-02-07T16:54:02Z","message":"Context stats (ephemeral)"}
{"level":"debug","mysis_id":"85d638f6-8537-4e5a-a94b-430b6bafb0ff","mysis_name":"stress-29","stage":"before_llm_call","memory_count":2,"message_count":3,"content_bytes":631,"reasoning_bytes":0,"role_counts":{"system":1,"user":1},"source_counts":{"system":2},"tool_call_count":0,"time":"2026-02-07T16:54:02Z","message":"Context stats (ephemeral)"}
{"level":"info","count":1,"time":"2026-02-07T16:54:02Z","message":"All myses stopped"}
{"level":"debug","mysis_id":"3f9e3244-8c9d-4f9b-a3ab-86725771ac21","mysis_name":"stress-30","stage":"context_memories","memory_count":2,"message_count":0,"content_bytes":542,"reasoning_bytes":0,"role_counts":{"system":1,"user":1},"source_counts":{"system":2},"tool_call_count":0,"time":"2026-02-07T16:54:02Z","message":"Context stats (ephemeral)"}
{"level":"debug","mysis_id":"3f9e3244-8c9d-4f9b-a3ab-86725771ac21","mysis_name":"stress-30","stage":"messages_converted","memory_count":2,"message_count":3,"content_bytes":631,"reasoning_bytes":0,"role_counts":{"system":1,"user":1},"source_counts":{"system":2},"tool_call_count":0,"time":"2026-02-07T16:54:02Z","message":"Context stats (ephemeral)"}
{"level":"debug","mysis_id":"3f9e3244-8c9d-4f9b-a3ab-86725771ac21","mysis_name":"stress-30","stage":"before_llm_call","memory_count":2,"message_count":3,"content_bytes":631,"reasoning_bytes":0,"role_counts":{"system":1,"user":1},"source_counts":{"system":2},"tool_call_count":0,"time":"2026-02-07T16:54:02Z","message":"Context stats (ephemeral)"}
{"level":"info","count":1,"time":"2026-02-07T16:54:02Z","message":"All myses stopped"}
{"level":"debug","mysis_id":"feda4bc7-ce4a-497b-ad48-a0fdbe65d6e7","mysis_name":"stress-31","stage":"context_memories","memory_count":2,"message_count":0,"content_bytes":542,"reasoning_bytes":0,"role_counts":{"system":1,"user":1},"source_counts":{"system":2},"tool_call_count":0,"time":"2026-02-07T16:54:02Z","message":"Context stats (ephemeral)"}
{"level":"debug","mysis_id":"feda4bc7-ce4a-497b-ad48-a0fdbe65d6e7","mysis_name":"stress-31","stage":"messages_converted","memory_count":2,"message_count":3,"content_bytes":631,"reasoning_bytes":0,"role_counts":{"system":1,"user":1},"source_counts":{"system":2},"tool_call_count":0,"time":"2026-02-07T16:54:02Z","message":"Context stats (ephemeral)"}
{"level":"debug","mysis_id":"feda4bc7-ce4a-497b-ad48-a0fdbe65d6e7","mysis_name":"stress-31","stage":"before_llm_call","memory_count":2,"message_count":3,"content_bytes":631,"reasoning_bytes":0,"role_counts":{"system":1,"user":1},"source_counts":{"system":2},"tool_call_count":0,"time":"2026-02-07T16:54:02Z","message":"Context stats (ephemeral)"}
{"level":"info","count":1,"time":"2026-02-07T16:54:02Z","message":"All myses stopped"}
{"level":"debug","mysis_id":"bae7b0f9-be3d-4e0e-ad40-afa881af89fe","mysis_name":"stress-32","stage":"context_memories","memory_count":2,"message_count":0,"content_bytes":542,"reasoning_bytes":0,"role_counts":{"system":1,"user":1},"source_counts":{"system":2},"tool_call_count":0,"time":"2026-02-07T16:54:02Z","message":"Context stats (ephemeral)"}
{"level":"debug","mysis_id":"bae7b0f9-be3d-4e0e-ad40-afa881af89fe","mysis_name":"stress-32","stage":"messages_converted","memory_count":2,"message_count":3,"content_bytes":631,"reasoning_bytes":0,"role_counts":{"system":1,"user":1},"source_counts":{"system":2},"tool_call_count":0,"time":"2026-02-07T16:54:02Z","message":"Context stats (ephemeral)"}
{"level":"debug","mysis_id":"bae7b0f9-be3d-4e0e-ad40-afa881af89fe","mysis_name":"stress-32","stage":"before_llm_call","memory_count":2,"message_count":3,"content_bytes":631,"reasoning_bytes":0,"role_counts":{"system":1,"user":1},"source_counts":{"system":2},"tool_call_count":0,"time":"2026-02-07T16:54:02Z","message":"Context stats (ephemeral)"}
{"level":"info","count":1,"time":"2026-02-07T16:54:02Z","message":"All myses stopped"}
{"level":"debug","mysis_id":"70527c94-5bbb-43a5-a2fc-950c6cf2c87b","mysis_name":"stress-33","stage":"context_memories","memory_count":2,"message_count":0,"content_bytes":542,"reasoning_bytes":0,"role_counts":{"system":1,"user":1},"source_counts":{"system":2},"tool_call_count":0,"time":"2026-02-07T16:54:02Z","message":"Context stats (ephemeral)"}
{"level":"debug","mysis_id":"70527c94-5bbb-43a5-a2fc-950c6cf2c87b","mysis_name":"stress-33","stage":"messages_converted","memory_count":2,"message_count":3,"content_bytes":631,"reasoning_bytes":0,"role_counts":{"system":1,"user":1},"source_counts":{"system":2},"tool_call_count":0,"time":"2026-02-07T16:54:02Z","message":"Context stats (ephemeral)"}
{"level":"debug","mysis_id":"70527c94-5bbb-43a5-a2fc-950c6cf2c87b","mysis_name":"stress-33","stage":"before_llm_call","memory_count":2,"message_count":3,"content_bytes":631,"reasoning_bytes":0,"role_counts":{"system":1,"user":1},"source_counts":{"system":2},"tool_call_count":0,"time":"2026-02-07T16:54:02Z","message":"Context stats (ephemeral)"}
{"level":"info","count":1,"time":"2026-02-07T16:54:02Z","message":"All myses stopped"}
{"level":"debug","mysis_id":"af2ade91-5aa9-45be-8a26-3b7027270576","mysis_name":"stress-34","stage":"context_memories","memory_count":2,"message_count":0,"content_bytes":542,"reasoning_bytes":0,"role_counts":{"system":1,"user":1},"source_counts":{"system":2},"tool_call_count":0,"time":"2026-02-07T16:54:02Z","message":"Context stats (ephemeral)"}
{"level":"debug","mysis_id":"af2ade91-5aa9-45be-8a26-3b7027270576","mysis_name":"stress-34","stage":"messages_converted","memory_count":2,"message_count":3,"content_bytes":631,"reasoning_bytes":0,"role_counts":{"system":1,"user":1},"source_counts":{"system":2},"tool_call_count":0,"time":"2026-02-07T16:54:02Z","message":"Context stats (ephemeral)"}
{"level":"debug","mysis_id":"af2ade91-5aa9-45be-8a26-3b7027270576","mysis_name":"stress-34","stage":"before_llm_call","memory_count":2,"message_count":3,"content_bytes":631,"reasoning_bytes":0,"role_counts":{"system":1,"user":1},"source_counts":{"system":2},"tool_call_count":0,"time":"2026-02-07T16:54:02Z","message":"Context stats (ephemeral)"}
{"level":"info","count":1,"time":"2026-02-07T16:54:02Z","message":"All myses stopped"}
{"level":"debug","mysis_id":"3f093be2-8b82-4220-9582-a9c474352191","mysis_name":"stress-35","stage":"context_memories","memory_count":2,"message_count":0,"content_bytes":542,"reasoning_bytes":0,"role_counts":{"system":1,"user":1},"source_counts":{"system":2},"tool_call_count":0,"time":"2026-02-07T16:54:02Z","message":"Context stats (ephemeral)"}
{"level":"debug","mysis_id":"3f093be2-8b82-4220-9582-a9c474352191","mysis_name":"stress-35","stage":"messages_converted","memory_count":2,"message_count":3,"content_bytes":631,"reasoning_bytes":0,"role_counts":{"system":1,"user":1},"source_counts":{"system":2},"tool_call_count":0,"time":"2026-02-07T16:54:02Z","message":"Context stats (ephemeral)"}
{"level":"debug","mysis_id":"3f093be2-8b82-4220-9582-a9c474352191","mysis_name":"stress-35","stage":"before_llm_call","memory_count":2,"message_count":3,"content_bytes":631,"reasoning_bytes":0,"role_counts":{"system":1,"user":1},"source_counts":{"system":2},"tool_call_count":0,"time":"2026-02-07T16:54:02Z","message":"Context stats (ephemeral)"}
{"level":"info","count":1,"time":"2026-02-07T16:54:02Z","message":"All myses stopped"}
{"level":"debug","mysis_id":"a1e98ebd-cc68-4ca5-bebe-65ecfd2ecf8f","mysis_name":"stress-36","stage":"context_memories","memory_count":2,"message_count":0,"content_bytes":542,"reasoning_bytes":0,"role_counts":{"system":1,"user":1},"source_counts":{"system":2},"tool_call_count":0,"time":"2026-02-07T16:54:02Z","message":"Context stats (ephemeral)"}
{"level":"debug","mysis_id":"a1e98ebd-cc68-4ca5-bebe-65ecfd2ecf8f","mysis_name":"stress-36","stage":"messages_converted","memory_count":2,"message_count":3,"content_bytes":631,"reasoning_bytes":0,"role_counts":{"system":1,"user":1},"source_counts":{"system":2},"tool_call_count":0,"time":"2026-02-07T16:54:02Z","message":"Context stats (ephemeral)"}
{"level":"debug","mysis_id":"a1e98ebd-cc68-4ca5-bebe-65ecfd2ecf8f","mysis_name":"stress-36","stage":"before_llm_call","memory_count":2,"message_count":3,"content_bytes":631,"reasoning_bytes":0,"role_counts":{"system":1,"user":1},"source_counts":{"system":2},"tool_call_count":0,"time":"2026-02-07T16:54:02Z","message":"Context stats (ephemeral)"}
{"level":"error","mysis":"async-mysis","old_state":"running","error":"query recent memories: sql: database is closed","time":"2026-02-07T16:54:02Z","message":"Mysis transitioning to errored state"}
{"level":"warn","error":"update mysis state: sql: database is closed","mysis":"6ee765b9-c2d9-41b2-a85d-f1c43ea4032d","time":"2026-02-07T16:54:02Z","message":"Failed to update state in store"}
{"level":"error","mysis":"m1","old_state":"running","error":"query recent memories: sql: database is closed","time":"2026-02-07T16:54:02Z","message":"Mysis transitioning to errored state"}
{"level":"warn","error":"update mysis state: sql: database is closed","mysis":"54cc74a6-613a-450f-9ecb-1d1d465c3985","time":"2026-02-07T16:54:02Z","message":"Failed to update state in store"}
{"level":"error","mysis":"m2","old_state":"running","error":"query recent memories: sql: database is closed","time":"2026-02-07T16:54:02Z","message":"Mysis transitioning to errored state"}
{"level":"warn","error":"update mysis state: sql: database is closed","mysis":"6cadaa2e-5734-421a-bda0-bada90332082","time":"2026-02-07T16:54:02Z","message":"Failed to update state in store"}
{"level":"info","count":1,"time":"2026-02-07T16:54:02Z","message":"All myses stopped"}
{"level":"debug","mysis_id":"5980c806-af93-421a-838c-761ecee691a0","mysis_name":"stress-37","stage":"context_memories","memory_count":2,"message_count":0,"content_bytes":542,"reasoning_bytes":0,"role_counts":{"system":1,"user":1},"source_counts":{"system":2},"tool_call_count":0,"time":"2026-02-07T16:54:02Z","message":"Context stats (ephemeral)"}
{"level":"debug","mysis_id":"5980c806-af93-421a-838c-761ecee691a0","mysis_name":"stress-37","stage":"messages_converted","memory_count":2,"message_count":3,"content_bytes":631,"reasoning_bytes":0,"role_counts":{"system":1,"user":1},"source_counts":{"system":2},"tool_call_count":0,"time":"2026-02-07T16:54:02Z","message":"Context stats (ephemeral)"}
{"level":"debug","mysis_id":"5980c806-af93-421a-838c-761ecee691a0","mysis_name":"stress-37","stage":"before_llm_call","memory_count":2,"message_count":3,"content_bytes":631,"reasoning_bytes":0,"role_counts":{"system":1,"user":1},"source_counts":{"system":2},"tool_call_count":0,"time":"2026-02-07T16:54:02Z","message":"Context stats (ephemeral)"}
{"level":"info","count":1,"time":"2026-02-07T16:54:02Z","message":"All myses stopped"}
{"level":"debug","mysis_id":"a5f6f985-bed9-4705-84a8-578b6de4551d","mysis_name":"stress-38","stage":"context_memories","memory_count":2,"message_count":0,"content_bytes":542,"reasoning_bytes":0,"role_counts":{"system":1,"user":1},"source_counts":{"system":2},"tool_call_count":0,"time":"2026-02-07T16:54:02Z","message":"Context stats (ephemeral)"}
{"level":"debug","mysis_id":"a5f6f985-bed9-4705-84a8-578b6de4551d","mysis_name":"stress-38","stage":"messages_converted","memory_count":2,"message_count":3,"content_bytes":631,"reasoning_bytes":0,"role_counts":{"system":1,"user":1},"source_counts":{"system":2},"tool_call_count":0,"time":"2026-02-07T16:54:02Z","message":"Context stats (ephemeral)"}
{"level":"debug","mysis_id":"a5f6f985-bed9-4705-84a8-578b6de4551d","mysis_name":"stress-38","stage":"before_llm_call","memory_count":2,"message_count":3,"content_bytes":631,"reasoning_bytes":0,"role_counts":{"system":1,"user":1},"source_counts":{"system":2},"tool_call_count":0,"time":"2026-02-07T16:54:02Z","message":"Context stats (ephemeral)"}
{"level":"info","count":1,"time":"2026-02-07T16:54:02Z","message":"All myses stopped"}
{"level":"debug","mysis_id":"c12d1329-41ca-40d6-882d-81bdef16759a","mysis_name":"stress-39","stage":"context_memories","memory_count":2,"message_count":0,"content_bytes":542,"reasoning_bytes":0,"role_counts":{"system":1,"user":1},"source_counts":{"system":2},"tool_call_count":0,"time":"2026-02-07T16:54:02Z","message":"Context stats (ephemeral)"}
{"level":"debug","mysis_id":"c12d1329-41ca-40d6-882d-81bdef16759a","mysis_name":"stress-39","stage":"messages_converted","memory_count":2,"message_count":3,"content_bytes":631,"reasoning_bytes":0,"role_counts":{"system":1,"user":1},"source_counts":{"system":2},"tool_call_count":0,"time":"2026-02-07T16:54:02Z","message":"Context stats (ephemeral)"}
{"level":"debug","mysis_id":"c12d1329-41ca-40d6-882d-81bdef16759a","mysis_name":"stress-39","stage":"before_llm_call","memory_count":2,"message_count":3,"content_bytes":631,"reasoning_bytes":0,"role_counts":{"system":1,"user":1},"source_counts":{"system":2},"tool_call_count":0,"time":"2026-02-07T16:54:02Z","message":"Context stats (ephemeral)"}
{"level":"info","count":1,"time":"2026-02-07T16:54:02Z","message":"All myses stopped"}
{"level":"debug","mysis_id":"1551c0dd-1b03-47be-9244-c2ba94dcfdaf","mysis_name":"stress-40","stage":"context_memories","memory_count":2,"message_count":0,"content_bytes":542,"reasoning_bytes":0,"role_counts":{"system":1,"user":1},"source_counts":{"system":2},"tool_call_count":0,"time":"2026-02-07T16:54:02Z","message":"Context stats (ephemeral)"}
{"level":"debug","mysis_id":"1551c0dd-1b03-47be-9244-c2ba94dcfdaf","mysis_name":"stress-40","stage":"messages_converted","memory_count":2,"message_count":3,"content_bytes":631,"reasoning_bytes":0,"role_counts":{"system":1,"user":1},"source_counts":{"system":2},"tool_call_count":0,"time":"2026-02-07T16:54:02Z","message":"Context stats (ephemeral)"}
{"level":"debug","mysis_id":"1551c0dd-1b03-47be-9244-c2ba94dcfdaf","mysis_name":"stress-40","stage":"before_llm_call","memory_count":2,"message_count":3,"content_bytes":631,"reasoning_bytes":0,"role_counts":{"system":1,"user":1},"source_counts":{"system":2},"tool_call_count":0,"time":"2026-02-07T16:54:02Z","message":"Context stats (ephemeral)"}
{"level":"info","count":1,"time":"2026-02-07T16:54:02Z","message":"All myses stopped"}
{"level":"debug","mysis_id":"0d3232ba-415d-44fd-be08-c4d99ea4bb57","mysis_name":"stress-41","stage":"context_memories","memory_count":2,"message_count":0,"content_bytes":542,"reasoning_bytes":0,"role_counts":{"system":1,"user":1},"source_counts":{"system":2},"tool_call_count":0,"time":"2026-02-07T16:54:02Z","message":"Context stats (ephemeral)"}
{"level":"debug","mysis_id":"0d3232ba-415d-44fd-be08-c4d99ea4bb57","mysis_name":"stress-41","stage":"messages_converted","memory_count":2,"message_count":3,"content_bytes":631,"reasoning_bytes":0,"role_counts":{"system":1,"user":1},"source_counts":{"system":2},"tool_call_count":0,"time":"2026-02-07T16:54:02Z","message":"Context stats (ephemeral)"}
{"level":"debug","mysis_id":"0d3232ba-415d-44fd-be08-c4d99ea4bb57","mysis_name":"stress-41","stage":"before_llm_call","memory_count":2,"message_count":3,"content_bytes":631,"reasoning_bytes":0,"role_counts":{"system":1,"user":1},"source_counts":{"system":2},"tool_call_count":0,"time":"2026-02-07T16:54:02Z","message":"Context stats (ephemeral)"}
{"level":"info","count":1,"time":"2026-02-07T16:54:02Z","message":"All myses stopped"}
{"level":"debug","mysis_id":"5f119350-2343-44b9-8331-599a43ea4e4f","mysis_name":"stress-42","stage":"context_memories","memory_count":2,"message_count":0,"content_bytes":542,"reasoning_bytes":0,"role_counts":{"system":1,"user":1},"source_counts":{"system":2},"tool_call_count":0,"time":"2026-02-07T16:54:02Z","message":"Context stats (ephemeral)"}
{"level":"debug","mysis_id":"5f119350-2343-44b9-8331-599a43ea4e4f","mysis_name":"stress-42","stage":"messages_converted","memory_count":2,"message_count":3,"content_bytes":631,"reasoning_bytes":0,"role_counts":{"system":1,"user":1},"source_counts":{"system":2},"tool_call_count":0,"time":"2026-02-07T16:54:02Z","message":"Context stats (ephemeral)"}
{"level":"debug","mysis_id":"5f119350-2343-44b9-8331-599a43ea4e4f","mysis_name":"stress-42","stage":"before_llm_call","memory_count":2,"message_count":3,"content_bytes":631,"reasoning_bytes":0,"role_counts":{"system":1,"user":1},"source_counts":{"system":2},"tool_call_count":0,"time":"2026-02-07T16:54:02Z","message":"Context stats (ephemeral)"}
{"level":"info","count":1,"time":"2026-02-07T16:54:02Z","message":"All myses stopped"}
{"level":"debug","mysis_id":"07a77415-93fd-42ce-82b8-fd4d924e3c85","mysis_name":"stress-43","stage":"context_memories","memory_count":2,"message_count":0,"content_bytes":542,"reasoning_bytes":0,"role_counts":{"system":1,"user":1},"source_counts":{"system":2},"tool_call_count":0,"time":"2026-02-07T16:54:02Z","message":"Context stats (ephemeral)"}
{"level":"debug","mysis_id":"07a77415-93fd-42ce-82b8-fd4d924e3c85","mysis_name":"stress-43","stage":"messages_converted","memory_count":2,"message_count":3,"content_bytes":631,"reasoning_bytes":0,"role_counts":{"system":1,"user":1},"source_counts":{"system":2},"tool_call_count":0,"time":"2026-02-07T16:54:02Z","message":"Context stats (ephemeral)"}
{"level":"debug","mysis_id":"07a77415-93fd-42ce-82b8-fd4d924e3c85","mysis_name":"stress-43","stage":"before_llm_call","memory_count":2,"message_count":3,"content_bytes":631,"reasoning_bytes":0,"role_counts":{"system":1,"user":1},"source_counts":{"system":2},"tool_call_count":0,"time":"2026-02-07T16:54:02Z","message":"Context stats (ephemeral)"}
{"level":"info","count":1,"time":"2026-02-07T16:54:02Z","message":"All myses stopped"}
{"level":"debug","mysis_id":"7fe8bbc9-e005-4ab7-b3ff-7f441e18b467","mysis_name":"stress-44","stage":"context_memories","memory_count":2,"message_count":0,"content_bytes":542,"reasoning_bytes":0,"role_counts":{"system":1,"user":1},"source_counts":{"system":2},"tool_call_count":0,"time":"2026-02-07T16:54:02Z","message":"Context stats (ephemeral)"}
{"level":"debug","mysis_id":"7fe8bbc9-e005-4ab7-b3ff-7f441e18b467","mysis_name":"stress-44","stage":"messages_converted","memory_count":2,"message_count":3,"content_bytes":631,"reasoning_bytes":0,"role_counts":{"system":1,"user":1},"source_counts":{"system":2},"tool_call_count":0,"time":"2026-02-07T16:54:02Z","message":"Context stats (ephemeral)"}
{"level":"debug","mysis_id":"7fe8bbc9-e005-4ab7-b3ff-7f441e18b467","mysis_name":"stress-44","stage":"before_llm_call","memory_count":2,"message_count":3,"content_bytes":631,"reasoning_bytes":0,"role_counts":{"system":1,"user":1},"source_counts":{"system":2},"tool_call_count":0,"time":"2026-02-07T16:54:02Z","message":"Context stats (ephemeral)"}
{"level":"info","count":1,"time":"2026-02-07T16:54:02Z","message":"All myses stopped"}
{"level":"debug","mysis_id":"ece359ce-1d3c-4087-adf0-a7816c45ca6b","mysis_name":"stress-45","stage":"context_memories","memory_count":2,"message_count":0,"content_bytes":542,"reasoning_bytes":0,"role_counts":{"system":1,"user":1},"source_counts":{"system":2},"tool_call_count":0,"time":"2026-02-07T16:54:02Z","message":"Context stats (ephemeral)"}
{"level":"debug","mysis_id":"ece359ce-1d3c-4087-adf0-a7816c45ca6b","mysis_name":"stress-45","stage":"messages_converted","memory_count":2,"message_count":3,"content_bytes":631,"reasoning_bytes":0,"role_counts":{"system":1,"user":1},"source_counts":{"system":2},"tool_call_count":0,"time":"2026-02-07T16:54:02Z","message":"Context stats (ephemeral)"}
{"level":"debug","mysis_id":"ece359ce-1d3c-4087-adf0-a7816c45ca6b","mysis_name":"stress-45","stage":"before_llm_call","memory_count":2,"message_count":3,"content_bytes":631,"reasoning_bytes":0,"role_counts":{"system":1,"user":1},"source_counts":{"system":2},"tool_call_count":0,"time":"2026-02-07T16:54:02Z","message":"Context stats (ephemeral)"}
{"level":"info","count":1,"time":"2026-02-07T16:54:02Z","message":"All myses stopped"}
{"level":"debug","mysis_id":"094f508d-a599-4e40-bea4-4c67e425a13e","mysis_name":"stress-46","stage":"context_memories","memory_count":2,"message_count":0,"content_bytes":542,"reasoning_bytes":0,"role_counts":{"system":1,"user":1},"source_counts":{"system":2},"tool_call_count":0,"time":"2026-02-07T16:54:02Z","message":"Context stats (ephemeral)"}
{"level":"debug","mysis_id":"094f508d-a599-4e40-bea4-4c67e425a13e","mysis_name":"stress-46","stage":"messages_converted","memory_count":2,"message_count":3,"content_bytes":631,"reasoning_bytes":0,"role_counts":{"system":1,"user":1},"source_counts":{"system":2},"tool_call_count":0,"time":"2026-02-07T16:54:02Z","message":"Context stats (ephemeral)"}
{"level":"debug","mysis_id":"094f508d-a599-4e40-bea4-4c67e425a13e","mysis_name":"stress-46","stage":"before_llm_call","memory_count":2,"message_count":3,"content_bytes":631,"reasoning_bytes":0,"role_counts":{"system":1,"user":1},"source_counts":{"system":2},"tool_call_count":0,"time":"2026-02-07T16:54:02Z","message":"Context stats (ephemeral)"}
{"level":"info","count":1,"time":"2026-02-07T16:54:02Z","message":"All myses stopped"}
{"level":"debug","mysis_id":"c0ca6ba7-9760-4c0a-8036-82eed4a42438","mysis_name":"stress-47","stage":"context_memories","memory_count":2,"message_count":0,"content_bytes":542,"reasoning_bytes":0,"role_counts":{"system":1,"user":1},"source_counts":{"system":2},"tool_call_count":0,"time":"2026-02-07T16:54:02Z","message":"Context stats (ephemeral)"}
{"level":"debug","mysis_id":"c0ca6ba7-9760-4c0a-8036-82eed4a42438","mysis_name":"stress-47","stage":"messages_converted","memory_count":2,"message_count":3,"content_bytes":631,"reasoning_bytes":0,"role_counts":{"system":1,"user":1},"source_counts":{"system":2},"tool_call_count":0,"time":"2026-02-07T16:54:02Z","message":"Context stats (ephemeral)"}
{"level":"debug","mysis_id":"c0ca6ba7-9760-4c0a-8036-82eed4a42438","mysis_name":"stress-47","stage":"before_llm_call","memory_count":2,"message_count":3,"content_bytes":631,"reasoning_bytes":0,"role_counts":{"system":1,"user":1},"source_counts":{"system":2},"tool_call_count":0,"time":"2026-02-07T16:54:02Z","message":"Context stats (ephemeral)"}
{"level":"info","count":1,"time":"2026-02-07T16:54:02Z","message":"All myses stopped"}
{"level":"debug","mysis_id":"0dd3cd7a-3cf7-4249-b9ed-1255558e5775","mysis_name":"stress-48","stage":"context_memories","memory_count":2,"message_count":0,"content_bytes":542,"reasoning_bytes":0,"role_counts":{"system":1,"user":1},"source_counts":{"system":2},"tool_call_count":0,"time":"2026-02-07T16:54:02Z","message":"Context stats (ephemeral)"}
{"level":"debug","mysis_id":"0dd3cd7a-3cf7-4249-b9ed-1255558e5775","mysis_name":"stress-48","stage":"messages_converted","memory_count":2,"message_count":3,"content_bytes":631,"reasoning_bytes":0,"role_counts":{"system":1,"user":1},"source_counts":{"system":2},"tool_call_count":0,"time":"2026-02-07T16:54:02Z","message":"Context stats (ephemeral)"}
{"level":"debug","mysis_id":"0dd3cd7a-3cf7-4249-b9ed-1255558e5775","mysis_name":"stress-48","stage":"before_llm_call","memory_count":2,"message_count":3,"content_bytes":631,"reasoning_bytes":0,"role_counts":{"system":1,"user":1},"source_counts":{"system":2},"tool_call_count":0,"time":"2026-02-07T16:54:02Z","message":"Context stats (ephemeral)"}
{"level":"info","count":1,"time":"2026-02-07T16:54:02Z","message":"All myses stopped"}
{"level":"debug","mysis_id":"4d2604ab-71f1-441e-90ab-71231d30faaf","mysis_name":"stress-49","stage":"context_memories","memory_count":2,"message_count":0,"content_bytes":542,"reasoning_bytes":0,"role_counts":{"system":1,"user":1},"source_counts":{"system":2},"tool_call_count":0,"time":"2026-02-07T16:54:02Z","message":"Context stats (ephemeral)"}
{"level":"debug","mysis_id":"4d2604ab-71f1-441e-90ab-71231d30faaf","mysis_name":"stress-49","stage":"messages_converted","memory_count":2,"message_count":3,"content_bytes":631,"reasoning_bytes":0,"role_counts":{"system":1,"user":1},"source_counts":{"system":2},"tool_call_count":0,"time":"2026-02-07T16:54:02Z","message":"Context stats (ephemeral)"}
{"level":"debug","mysis_id":"4d2604ab-71f1-441e-90ab-71231d30faaf","mysis_name":"stress-49","stage":"before_llm_call","memory_count":2,"message_count":3,"content_bytes":631,"reasoning_bytes":0,"role_counts":{"system":1,"user":1},"source_counts":{"system":2},"tool_call_count":0,"time":"2026-02-07T16:54:02Z","message":"Context stats (ephemeral)"}
{"level":"info","count":1,"time":"2026-02-07T16:54:02Z","message":"All myses stopped"}
{"level":"debug","mysis_id":"001c2bf9-0231-4382-b030-d910676bdeba","mysis_name":"stress-50","stage":"context_memories","memory_count":2,"message_count":0,"content_bytes":542,"reasoning_bytes":0,"role_counts":{"system":1,"user":1},"source_counts":{"system":2},"tool_call_count":0,"time":"2026-02-07T16:54:02Z","message":"Context stats (ephemeral)"}
{"level":"debug","mysis_id":"001c2bf9-0231-4382-b030-d910676bdeba","mysis_name":"stress-50","stage":"messages_converted","memory_count":2,"message_count":3,"content_bytes":631,"reasoning_bytes":0,"role_counts":{"system":1,"user":1},"source_counts":{"system":2},"tool_call_count":0,"time":"2026-02-07T16:54:02Z","message":"Context stats (ephemeral)"}
{"level":"debug","mysis_id":"001c2bf9-0231-4382-b030-d910676bdeba","mysis_name":"stress-50","stage":"before_llm_call","memory_count":2,"message_count":3,"content_bytes":631,"reasoning_bytes":0,"role_counts":{"system":1,"user":1},"source_counts":{"system":2},"tool_call_count":0,"time":"2026-02-07T16:54:02Z","message":"Context stats (ephemeral)"}
{"level":"info","count":1,"time":"2026-02-07T16:54:02Z","message":"All myses stopped"}
{"level":"debug","mysis_id":"1fe0a344-b502-4828-b365-34868b924d4b","mysis_name":"stress-51","stage":"context_memories","memory_count":2,"message_count":0,"content_bytes":542,"reasoning_bytes":0,"role_counts":{"system":1,"user":1},"source_counts":{"system":2},"tool_call_count":0,"time":"2026-02-07T16:54:02Z","message":"Context stats (ephemeral)"}
{"level":"debug","mysis_id":"1fe0a344-b502-4828-b365-34868b924d4b","mysis_name":"stress-51","stage":"messages_converted","memory_count":2,"message_count":3,"content_bytes":631,"reasoning_bytes":0,"role_counts":{"system":1,"user":1},"source_counts":{"system":2},"tool_call_count":0,"time":"2026-02-07T16:54:02Z","message":"Context stats (ephemeral)"}
{"level":"debug","mysis_id":"1fe0a344-b502-4828-b365-34868b924d4b","mysis_name":"stress-51","stage":"before_llm_call","memory_count":2,"message_count":3,"content_bytes":631,"reasoning_bytes":0,"role_counts":{"system":1,"user":1},"source_counts":{"system":2},"tool_call_count":0,"time":"2026-02-07T16:54:02Z","message":"Context stats (ephemeral)"}
{"level":"info","count":1,"time":"2026-02-07T16:54:02Z","message":"All myses stopped"}
{"level":"debug","mysis_id":"4dad5f45-fe0b-4c7d-bc01-cd573269e981","mysis_name":"stress-52","stage":"context_memories","memory_count":2,"message_count":0,"content_bytes":542,"reasoning_bytes":0,"role_counts":{"system":1,"user":1},"source_counts":{"system":2},"tool_call_count":0,"time":"2026-02-07T16:54:02Z","message":"Context stats (ephemeral)"}
{"level":"debug","mysis_id":"4dad5f45-fe0b-4c7d-bc01-cd573269e981","mysis_name":"stress-52","stage":"messages_converted","memory_count":2,"message_count":3,"content_bytes":631,"reasoning_bytes":0,"role_counts":{"system":1,"user":1},"source_counts":{"system":2},"tool_call_count":0,"time":"2026-02-07T16:54:02Z","message":"Context stats (ephemeral)"}
{"level":"debug","mysis_id":"4dad5f45-fe0b-4c7d-bc01-cd573269e981","mysis_name":"stress-52","stage":"before_llm_call","memory_count":2,"message_count":3,"content_bytes":631,"reasoning_bytes":0,"role_counts":{"system":1,"user":1},"source_counts":{"system":2},"tool_call_count":0,"time":"2026-02-07T16:54:02Z","message":"Context stats (ephemeral)"}
{"level":"info","count":1,"time":"2026-02-07T16:54:02Z","message":"All myses stopped"}
{"level":"debug","mysis_id":"77f4d555-25d1-4807-9649-4f3628d5ba13","mysis_name":"stress-53","stage":"context_memories","memory_count":2,"message_count":0,"content_bytes":542,"reasoning_bytes":0,"role_counts":{"system":1,"user":1},"source_counts":{"system":2},"tool_call_count":0,"time":"2026-02-07T16:54:02Z","message":"Context stats (ephemeral)"}
{"level":"debug","mysis_id":"77f4d555-25d1-4807-9649-4f3628d5ba13","mysis_name":"stress-53","stage":"messages_converted","memory_count":2,"message_count":3,"content_bytes":631,"reasoning_bytes":0,"role_counts":{"system":1,"user":1},"source_counts":{"system":2},"tool_call_count":0,"time":"2026-02-07T16:54:02Z","message":"Context stats (ephemeral)"}
{"level":"debug","mysis_id":"77f4d555-25d1-4807-9649-4f3628d5ba13","mysis_name":"stress-53","stage":"before_llm_call","memory_count":2,"message_count":3,"content_bytes":631,"reasoning_bytes":0,"role_counts":{"system":1,"user":1},"source_counts":{"system":2},"tool_call_count":0,"time":"2026-02-07T16:54:02Z","message":"Context stats (ephemeral)"}
{"level":"info","count":1,"time":"2026-02-07T16:54:02Z","message":"All myses stopped"}
{"level":"debug","mysis_id":"4bb4ba73-00fc-4df1-9395-8b906c734e55","mysis_name":"stress-54","stage":"context_memories","memory_count":2,"message_count":0,"content_bytes":542,"reasoning_bytes":0,"role_counts":{"system":1,"user":1},"source_counts":{"system":2},"tool_call_count":0,"time":"2026-02-07T16:54:02Z","message":"Context stats (ephemeral)"}
{"level":"debug","mysis_id":"4bb4ba73-00fc-4df1-9395-8b906c734e55","mysis_name":"stress-54","stage":"messages_converted","memory_count":2,"message_count":3,"content_bytes":631,"reasoning_bytes":0,"role_counts":{"system":1,"user":1},"source_counts":{"system":2},"tool_call_count":0,"time":"2026-02-07T16:54:02Z","message":"Context stats (ephemeral)"}
{"level":"debug","mysis_id":"4bb4ba73-00fc-4df1-9395-8b906c734e55","mysis_name":"stress-54","stage":"before_llm_call","memory_count":2,"message_count":3,"content_bytes":631,"reasoning_bytes":0,"role_counts":{"system":1,"user":1},"source_counts":{"system":2},"tool_call_count":0,"time":"2026-02-07T16:54:02Z","message":"Context stats (ephemeral)"}
{"level":"info","count":1,"time":"2026-02-07T16:54:02Z","message":"All myses stopped"}
{"level":"debug","mysis_id":"5dfd6187-91cf-40fc-a50f-60f1dfee474b","mysis_name":"stress-55","stage":"context_memories","memory_count":2,"message_count":0,"content_bytes":542,"reasoning_bytes":0,"role_counts":{"system":1,"user":1},"source_counts":{"system":2},"tool_call_count":0,"time":"2026-02-07T16:54:02Z","message":"Context stats (ephemeral)"}
{"level":"debug","mysis_id":"5dfd6187-91cf-40fc-a50f-60f1dfee474b","mysis_name":"stress-55","stage":"messages_converted","memory_count":2,"message_count":3,"content_bytes":631,"reasoning_bytes":0,"role_counts":{"system":1,"user":1},"source_counts":{"system":2},"tool_call_count":0,"time":"2026-02-07T16:54:02Z","message":"Context stats (ephemeral)"}
{"level":"debug","mysis_id":"5dfd6187-91cf-40fc-a50f-60f1dfee474b","mysis_name":"stress-55","stage":"before_llm_call","memory_count":2,"message_count":3,"content_bytes":631,"reasoning_bytes":0,"role_counts":{"system":1,"user":1},"source_counts":{"system":2},"tool_call_count":0,"time":"2026-02-07T16:54:02Z","message":"Context stats (ephemeral)"}
{"level":"info","count":1,"time":"2026-02-07T16:54:02Z","message":"All myses stopped"}
{"level":"debug","mysis_id":"33a6dc07-728b-4980-b052-29c10eb8b9aa","mysis_name":"stress-56","stage":"context_memories","memory_count":2,"message_count":0,"content_bytes":542,"reasoning_bytes":0,"role_counts":{"system":1,"user":1},"source_counts":{"system":2},"tool_call_count":0,"time":"2026-02-07T16:54:02Z","message":"Context stats (ephemeral)"}
{"level":"debug","mysis_id":"33a6dc07-728b-4980-b052-29c10eb8b9aa","mysis_name":"stress-56","stage":"messages_converted","memory_count":2,"message_count":3,"content_bytes":631,"reasoning_bytes":0,"role_counts":{"system":1,"user":1},"source_counts":{"system":2},"tool_call_count":0,"time":"2026-02-07T16:54:02Z","message":"Context stats (ephemeral)"}
{"level":"debug","mysis_id":"33a6dc07-728b-4980-b052-29c10eb8b9aa","mysis_name":"stress-56","stage":"before_llm_call","memory_count":2,"message_count":3,"content_bytes":631,"reasoning_bytes":0,"role_counts":{"system":1,"user":1},"source_counts":{"system":2},"tool_call_count":0,"time":"2026-02-07T16:54:02Z","message":"Context stats (ephemeral)"}
{"level":"info","count":1,"time":"2026-02-07T16:54:02Z","message":"All myses stopped"}
{"level":"debug","mysis_id":"9d2f78c6-251f-4576-b8d8-150852958972","mysis_name":"stress-57","stage":"context_memories","memory_count":2,"message_count":0,"content_bytes":542,"reasoning_bytes":0,"role_counts":{"system":1,"user":1},"source_counts":{"system":2},"tool_call_count":0,"time":"2026-02-07T16:54:02Z","message":"Context stats (ephemeral)"}
{"level":"debug","mysis_id":"9d2f78c6-251f-4576-b8d8-150852958972","mysis_name":"stress-57","stage":"messages_converted","memory_count":2,"message_count":3,"content_bytes":631,"reasoning_bytes":0,"role_counts":{"system":1,"user":1},"source_counts":{"system":2},"tool_call_count":0,"time":"2026-02-07T16:54:02Z","message":"Context stats (ephemeral)"}
{"level":"debug","mysis_id":"9d2f78c6-251f-4576-b8d8-150852958972","mysis_name":"stress-57","stage":"before_llm_call","memory_count":2,"message_count":3,"content_bytes":631,"reasoning_bytes":0,"role_counts":{"system":1,"user":1},"source_counts":{"system":2},"tool_call_count":0,"time":"2026-02-07T16:54:02Z","message":"Context stats (ephemeral)"}
{"level":"info","count":1,"time":"2026-02-07T16:54:02Z","message":"All myses stopped"}
{"level":"debug","mysis_id":"6d6cab11-9176-4373-a3fe-83ba0743b28e","mysis_name":"stress-58","stage":"context_memories","memory_count":2,"message_count":0,"content_bytes":542,"reasoning_bytes":0,"role_counts":{"system":1,"user":1},"source_counts":{"system":2},"tool_call_count":0,"time":"2026-02-07T16:54:02Z","message":"Context stats (ephemeral)"}
{"level":"debug","mysis_id":"6d6cab11-9176-4373-a3fe-83ba0743b28e","mysis_name":"stress-58","stage":"messages_converted","memory_count":2,"message_count":3,"content_bytes":631,"reasoning_bytes":0,"role_counts":{"system":1,"user":1},"source_counts":{"system":2},"tool_call_count":0,"time":"2026-02-07T16:54:02Z","message":"Context stats (ephemeral)"}
{"level":"debug","mysis_id":"6d6cab11-9176-4373-a3fe-83ba0743b28e","mysis_name":"stress-58","stage":"before_llm_call","memory_count":2,"message_count":3,"content_bytes":631,"reasoning_bytes":0,"role_counts":{"system":1,"user":1},"source_counts":{"system":2},"tool_call_count":0,"time":"2026-02-07T16:54:02Z","message":"Context stats (ephemeral)"}
{"level":"info","count":1,"time":"2026-02-07T16:54:02Z","message":"All myses stopped"}
{"level":"debug","mysis_id":"21d57003-1ed1-4e47-8e5b-9372821d86d4","mysis_name":"stress-59","stage":"context_memories","memory_count":2,"message_count":0,"content_bytes":542,"reasoning_bytes":0,"role_counts":{"system":1,"user":1},"source_counts":{"system":2},"tool_call_count":0,"time":"2026-02-07T16:54:02Z","message":"Context stats (ephemeral)"}
{"level":"debug","mysis_id":"21d57003-1ed1-4e47-8e5b-9372821d86d4","mysis_name":"stress-59","stage":"messages_converted","memory_count":2,"message_count":3,"content_bytes":631,"reasoning_bytes":0,"role_counts":{"system":1,"user":1},"source_counts":{"system":2},"tool_call_count":0,"time":"2026-02-07T16:54:02Z","message":"Context stats (ephemeral)"}
{"level":"debug","mysis_id":"21d57003-1ed1-4e47-8e5b-9372821d86d4","mysis_name":"stress-59","stage":"before_llm_call","memory_count":2,"message_count":3,"content_bytes":631,"reasoning_bytes":0,"role_counts":{"system":1,"user":1},"source_counts":{"system":2},"tool_call_count":0,"time":"2026-02-07T16:54:02Z","message":"Context stats (ephemeral)"}
{"level":"info","count":1,"time":"2026-02-07T16:54:02Z","message":"All myses stopped"}
{"level":"debug","mysis_id":"c14aa96d-187c-4d77-8b13-e5da35998840","mysis_name":"stress-60","stage":"context_memories","memory_count":2,"message_count":0,"content_bytes":542,"reasoning_bytes":0,"role_counts":{"system":1,"user":1},"source_counts":{"system":2},"tool_call_count":0,"time":"2026-02-07T16:54:02Z","message":"Context stats (ephemeral)"}
{"level":"debug","mysis_id":"c14aa96d-187c-4d77-8b13-e5da35998840","mysis_name":"stress-60","stage":"messages_converted","memory_count":2,"message_count":3,"content_bytes":631,"reasoning_bytes":0,"role_counts":{"system":1,"user":1},"source_counts":{"system":2},"tool_call_count":0,"time":"2026-02-07T16:54:02Z","message":"Context stats (ephemeral)"}
{"level":"debug","mysis_id":"c14aa96d-187c-4d77-8b13-e5da35998840","mysis_name":"stress-60","stage":"before_llm_call","memory_count":2,"message_count":3,"content_bytes":631,"reasoning_bytes":0,"role_counts":{"system":1,"user":1},"source_counts":{"system":2},"tool_call_count":0,"time":"2026-02-07T16:54:02Z","message":"Context stats (ephemeral)"}
{"level":"info","count":1,"time":"2026-02-07T16:54:02Z","message":"All myses stopped"}
{"level":"debug","mysis_id":"1eb4660c-35cf-4a5a-9aad-bb94c73ef208","mysis_name":"stress-61","stage":"context_memories","memory_count":2,"message_count":0,"content_bytes":542,"reasoning_bytes":0,"role_counts":{"system":1,"user":1},"source_counts":{"system":2},"tool_call_count":0,"time":"2026-02-07T16:54:02Z","message":"Context stats (ephemeral)"}
{"level":"debug","mysis_id":"1eb4660c-35cf-4a5a-9aad-bb94c73ef208","mysis_name":"stress-61","stage":"messages_converted","memory_count":2,"message_count":3,"content_bytes":631,"reasoning_bytes":0,"role_counts":{"system":1,"user":1},"source_counts":{"system":2},"tool_call_count":0,"time":"2026-02-07T16:54:02Z","message":"Context stats (ephemeral)"}
{"level":"debug","mysis_id":"1eb4660c-35cf-4a5a-9aad-bb94c73ef208","mysis_name":"stress-61","stage":"before_llm_call","memory_count":2,"message_count":3,"content_bytes":631,"reasoning_bytes":0,"role_counts":{"system":1,"user":1},"source_counts":{"system":2},"tool_call_count":0,"time":"2026-02-07T16:54:02Z","message":"Context stats (ephemeral)"}
{"level":"info","count":1,"time":"2026-02-07T16:54:02Z","message":"All myses stopped"}
{"level":"debug","mysis_id":"4ac30907-922e-4bc2-a8e3-8a067f852d66","mysis_name":"stress-62","stage":"context_memories","memory_count":2,"message_count":0,"content_bytes":542,"reasoning_bytes":0,"role_counts":{"system":1,"user":1},"source_counts":{"system":2},"tool_call_count":0,"time":"2026-02-07T16:54:02Z","message":"Context stats (ephemeral)"}
{"level":"debug","mysis_id":"4ac30907-922e-4bc2-a8e3-8a067f852d66","mysis_name":"stress-62","stage":"messages_converted","memory_count":2,"message_count":3,"content_bytes":631,"reasoning_bytes":0,"role_counts":{"system":1,"user":1},"source_counts":{"system":2},"tool_call_count":0,"time":"2026-02-07T16:54:02Z","message":"Context stats (ephemeral)"}
{"level":"debug","mysis_id":"4ac30907-922e-4bc2-a8e3-8a067f852d66","mysis_name":"stress-62","stage":"before_llm_call","memory_count":2,"message_count":3,"content_bytes":631,"reasoning_bytes":0,"role_counts":{"system":1,"user":1},"source_counts":{"system":2},"tool_call_count":0,"time":"2026-02-07T16:54:02Z","message":"Context stats (ephemeral)"}
{"level":"info","count":1,"time":"2026-02-07T16:54:02Z","message":"All myses stopped"}
{"level":"debug","mysis_id":"5629f755-2365-4ccc-aa4c-00e8022bf63a","mysis_name":"stress-63","stage":"context_memories","memory_count":2,"message_count":0,"content_bytes":542,"reasoning_bytes":0,"role_counts":{"system":1,"user":1},"source_counts":{"system":2},"tool_call_count":0,"time":"2026-02-07T16:54:02Z","message":"Context stats (ephemeral)"}
{"level":"debug","mysis_id":"5629f755-2365-4ccc-aa4c-00e8022bf63a","mysis_name":"stress-63","stage":"messages_converted","memory_count":2,"message_count":3,"content_bytes":631,"reasoning_bytes":0,"role_counts":{"system":1,"user":1},"source_counts":{"system":2},"tool_call_count":0,"time":"2026-02-07T16:54:02Z","message":"Context stats (ephemeral)"}
{"level":"debug","mysis_id":"5629f755-2365-4ccc-aa4c-00e8022bf63a","mysis_name":"stress-63","stage":"before_llm_call","memory_count":2,"message_count":3,"content_bytes":631,"reasoning_bytes":0,"role_counts":{"system":1,"user":1},"source_counts":{"system":2},"tool_call_count":0,"time":"2026-02-07T16:54:02Z","message":"Context stats (ephemeral)"}
{"level":"info","count":1,"time":"2026-02-07T16:54:02Z","message":"All myses stopped"}
{"level":"debug","mysis_id":"106976dd-94e1-4045-a5d2-56ff27463a2e","mysis_name":"stress-64","stage":"context_memories","memory_count":2,"message_count":0,"content_bytes":542,"reasoning_bytes":0,"role_counts":{"system":1,"user":1},"source_counts":{"system":2},"tool_call_count":0,"time":"2026-02-07T16:54:02Z","message":"Context stats (ephemeral)"}
{"level":"debug","mysis_id":"106976dd-94e1-4045-a5d2-56ff27463a2e","mysis_name":"stress-64","stage":"messages_converted","memory_count":2,"message_count":3,"content_bytes":631,"reasoning_bytes":0,"role_counts":{"system":1,"user":1},"source_counts":{"system":2},"tool_call_count":0,"time":"2026-02-07T16:54:02Z","message":"Context stats (ephemeral)"}
{"level":"debug","mysis_id":"106976dd-94e1-4045-a5d2-56ff27463a2e","mysis_name":"stress-64","stage":"before_llm_call","memory_count":2,"message_count":3,"content_bytes":631,"reasoning_bytes":0,"role_counts":{"system":1,"user":1},"source_counts":{"system":2},"tool_call_count":0,"time":"2026-02-07T16:54:02Z","message":"Context stats (ephemeral)"}
{"level":"info","count":1,"time":"2026-02-07T16:54:02Z","message":"All myses stopped"}
{"level":"debug","mysis_id":"1242c07c-022d-4407-aa68-607e3029f239","mysis_name":"stress-65","stage":"context_memories","memory_count":2,"message_count":0,"content_bytes":542,"reasoning_bytes":0,"role_counts":{"system":1,"user":1},"source_counts":{"system":2},"tool_call_count":0,"time":"2026-02-07T16:54:02Z","message":"Context stats (ephemeral)"}
{"level":"debug","mysis_id":"1242c07c-022d-4407-aa68-607e3029f239","mysis_name":"stress-65","stage":"messages_converted","memory_count":2,"message_count":3,"content_bytes":631,"reasoning_bytes":0,"role_counts":{"system":1,"user":1},"source_counts":{"system":2},"tool_call_count":0,"time":"2026-02-07T16:54:02Z","message":"Context stats (ephemeral)"}
{"level":"debug","mysis_id":"1242c07c-022d-4407-aa68-607e3029f239","mysis_name":"stress-65","stage":"before_llm_call","memory_count":2,"message_count":3,"content_bytes":631,"reasoning_bytes":0,"role_counts":{"system":1,"user":1},"source_counts":{"system":2},"tool_call_count":0,"time":"2026-02-07T16:54:02Z","message":"Context stats (ephemeral)"}
{"level":"info","count":1,"time":"2026-02-07T16:54:02Z","message":"All myses stopped"}
{"level":"debug","mysis_id":"afb76532-bc48-464c-af0b-2fdc5513e3d3","mysis_name":"stress-66","stage":"context_memories","memory_count":2,"message_count":0,"content_bytes":542,"reasoning_bytes":0,"role_counts":{"system":1,"user":1},"source_counts":{"system":2},"tool_call_count":0,"time":"2026-02-07T16:54:02Z","message":"Context stats (ephemeral)"}
{"level":"debug","mysis_id":"afb76532-bc48-464c-af0b-2fdc5513e3d3","mysis_name":"stress-66","stage":"messages_converted","memory_count":2,"message_count":3,"content_bytes":631,"reasoning_bytes":0,"role_counts":{"system":1,"user":1},"source_counts":{"system":2},"tool_call_count":0,"time":"2026-02-07T16:54:02Z","message":"Context stats (ephemeral)"}
{"level":"debug","mysis_id":"afb76532-bc48-464c-af0b-2fdc5513e3d3","mysis_name":"stress-66","stage":"before_llm_call","memory_count":2,"message_count":3,"content_bytes":631,"reasoning_bytes":0,"role_counts":{"system":1,"user":1},"source_counts":{"system":2},"tool_call_count":0,"time":"2026-02-07T16:54:02Z","message":"Context stats (ephemeral)"}
{"level":"info","count":1,"time":"2026-02-07T16:54:02Z","message":"All myses stopped"}
{"level":"debug","mysis_id":"25e3b8e2-ff40-4537-954c-67335cc059cd","mysis_name":"stress-67","stage":"context_memories","memory_count":2,"message_count":0,"content_bytes":542,"reasoning_bytes":0,"role_counts":{"system":1,"user":1},"source_counts":{"system":2},"tool_call_count":0,"time":"2026-02-07T16:54:02Z","message":"Context stats (ephemeral)"}
{"level":"debug","mysis_id":"25e3b8e2-ff40-4537-954c-67335cc059cd","mysis_name":"stress-67","stage":"messages_converted","memory_count":2,"message_count":3,"content_bytes":631,"reasoning_bytes":0,"role_counts":{"system":1,"user":1},"source_counts":{"system":2},"tool_call_count":0,"time":"2026-02-07T16:54:02Z","message":"Context stats (ephemeral)"}
{"level":"debug","mysis_id":"25e3b8e2-ff40-4537-954c-67335cc059cd","mysis_name":"stress-67","stage":"before_llm_call","memory_count":2,"message_count":3,"content_bytes":631,"reasoning_bytes":0,"role_counts":{"system":1,"user":1},"source_counts":{"system":2},"tool_call_count":0,"time":"2026-02-07T16:54:02Z","message":"Context stats (ephemeral)"}
{"level":"info","count":1,"time":"2026-02-07T16:54:03Z","message":"All myses stopped"}
{"level":"debug","mysis_id":"c0b12812-4948-4d43-a37b-6da0d8c57c0f","mysis_name":"stress-68","stage":"context_memories","memory_count":2,"message_count":0,"content_bytes":542,"reasoning_bytes":0,"role_counts":{"system":1,"user":1},"source_counts":{"system":2},"tool_call_count":0,"time":"2026-02-07T16:54:03Z","message":"Context stats (ephemeral)"}
{"level":"debug","mysis_id":"c0b12812-4948-4d43-a37b-6da0d8c57c0f","mysis_name":"stress-68","stage":"messages_converted","memory_count":2,"message_count":3,"content_bytes":631,"reasoning_bytes":0,"role_counts":{"system":1,"user":1},"source_counts":{"system":2},"tool_call_count":0,"time":"2026-02-07T16:54:03Z","message":"Context stats (ephemeral)"}
{"level":"debug","mysis_id":"c0b12812-4948-4d43-a37b-6da0d8c57c0f","mysis_name":"stress-68","stage":"before_llm_call","memory_count":2,"message_count":3,"content_bytes":631,"reasoning_bytes":0,"role_counts":{"system":1,"user":1},"source_counts":{"system":2},"tool_call_count":0,"time":"2026-02-07T16:54:03Z","message":"Context stats (ephemeral)"}
{"level":"info","count":1,"time":"2026-02-07T16:54:03Z","message":"All myses stopped"}
{"level":"debug","mysis_id":"4f067e50-b5e9-4c41-8dad-5fb072d22166","mysis_name":"stress-69","stage":"context_memories","memory_count":2,"message_count":0,"content_bytes":542,"reasoning_bytes":0,"role_counts":{"system":1,"user":1},"source_counts":{"system":2},"tool_call_count":0,"time":"2026-02-07T16:54:03Z","message":"Context stats (ephemeral)"}
{"level":"debug","mysis_id":"4f067e50-b5e9-4c41-8dad-5fb072d22166","mysis_name":"stress-69","stage":"messages_converted","memory_count":2,"message_count":3,"content_bytes":631,"reasoning_bytes":0,"role_counts":{"system":1,"user":1},"source_counts":{"system":2},"tool_call_count":0,"time":"2026-02-07T16:54:03Z","message":"Context stats (ephemeral)"}
{"level":"debug","mysis_id":"4f067e50-b5e9-4c41-8dad-5fb072d22166","mysis_name":"stress-69","stage":"before_llm_call","memory_count":2,"message_count":3,"content_bytes":631,"reasoning_bytes":0,"role_counts":{"system":1,"user":1},"source_counts":{"system":2},"tool_call_count":0,"time":"2026-02-07T16:54:03Z","message":"Context stats (ephemeral)"}
{"level":"info","count":1,"time":"2026-02-07T16:54:03Z","message":"All myses stopped"}
{"level":"debug","mysis_id":"286ff48a-7cf2-41f4-bd67-2c12654052eb","mysis_name":"stress-70","stage":"context_memories","memory_count":2,"message_count":0,"content_bytes":542,"reasoning_bytes":0,"role_counts":{"system":1,"user":1},"source_counts":{"system":2},"tool_call_count":0,"time":"2026-02-07T16:54:03Z","message":"Context stats (ephemeral)"}
{"level":"debug","mysis_id":"286ff48a-7cf2-41f4-bd67-2c12654052eb","mysis_name":"stress-70","stage":"messages_converted","memory_count":2,"message_count":3,"content_bytes":631,"reasoning_bytes":0,"role_counts":{"system":1,"user":1},"source_counts":{"system":2},"tool_call_count":0,"time":"2026-02-07T16:54:03Z","message":"Context stats (ephemeral)"}
{"level":"debug","mysis_id":"286ff48a-7cf2-41f4-bd67-2c12654052eb","mysis_name":"stress-70","stage":"before_llm_call","memory_count":2,"message_count":3,"content_bytes":631,"reasoning_bytes":0,"role_counts":{"system":1,"user":1},"source_counts":{"system":2},"tool_call_count":0,"time":"2026-02-07T16:54:03Z","message":"Context stats (ephemeral)"}
{"level":"info","count":1,"time":"2026-02-07T16:54:03Z","message":"All myses stopped"}
{"level":"debug","mysis_id":"234e74dc-9f92-4d7d-8909-023fd977e0e4","mysis_name":"stress-71","stage":"context_memories","memory_count":2,"message_count":0,"content_bytes":542,"reasoning_bytes":0,"role_counts":{"system":1,"user":1},"source_counts":{"system":2},"tool_call_count":0,"time":"2026-02-07T16:54:03Z","message":"Context stats (ephemeral)"}
{"level":"debug","mysis_id":"234e74dc-9f92-4d7d-8909-023fd977e0e4","mysis_name":"stress-71","stage":"messages_converted","memory_count":2,"message_count":3,"content_bytes":631,"reasoning_bytes":0,"role_counts":{"system":1,"user":1},"source_counts":{"system":2},"tool_call_count":0,"time":"2026-02-07T16:54:03Z","message":"Context stats (ephemeral)"}
{"level":"debug","mysis_id":"234e74dc-9f92-4d7d-8909-023fd977e0e4","mysis_name":"stress-71","stage":"before_llm_call","memory_count":2,"message_count":3,"content_bytes":631,"reasoning_bytes":0,"role_counts":{"system":1,"user":1},"source_counts":{"system":2},"tool_call_count":0,"time":"2026-02-07T16:54:03Z","message":"Context stats (ephemeral)"}
{"level":"info","count":1,"time":"2026-02-07T16:54:03Z","message":"All myses stopped"}
{"level":"debug","mysis_id":"62877628-533f-4320-ad79-87d6f278abc7","mysis_name":"stress-72","stage":"context_memories","memory_count":2,"message_count":0,"content_bytes":542,"reasoning_bytes":0,"role_counts":{"system":1,"user":1},"source_counts":{"system":2},"tool_call_count":0,"time":"2026-02-07T16:54:03Z","message":"Context stats (ephemeral)"}
{"level":"debug","mysis_id":"62877628-533f-4320-ad79-87d6f278abc7","mysis_name":"stress-72","stage":"messages_converted","memory_count":2,"message_count":3,"content_bytes":631,"reasoning_bytes":0,"role_counts":{"system":1,"user":1},"source_counts":{"system":2},"tool_call_count":0,"time":"2026-02-07T16:54:03Z","message":"Context stats (ephemeral)"}
{"level":"debug","mysis_id":"62877628-533f-4320-ad79-87d6f278abc7","mysis_name":"stress-72","stage":"before_llm_call","memory_count":2,"message_count":3,"content_bytes":631,"reasoning_bytes":0,"role_counts":{"system":1,"user":1},"source_counts":{"system":2},"tool_call_count":0,"time":"2026-02-07T16:54:03Z","message":"Context stats (ephemeral)"}
{"level":"info","count":1,"time":"2026-02-07T16:54:03Z","message":"All myses stopped"}
{"level":"debug","mysis_id":"98f46338-be30-441a-be07-61bb80fa355c","mysis_name":"stress-73","stage":"context_memories","memory_count":2,"message_count":0,"content_bytes":542,"reasoning_bytes":0,"role_counts":{"system":1,"user":1},"source_counts":{"system":2},"tool_call_count":0,"time":"2026-02-07T16:54:03Z","message":"Context stats (ephemeral)"}
{"level":"debug","mysis_id":"98f46338-be30-441a-be07-61bb80fa355c","mysis_name":"stress-73","stage":"messages_converted","memory_count":2,"message_count":3,"content_bytes":631,"reasoning_bytes":0,"role_counts":{"system":1,"user":1},"source_counts":{"system":2},"tool_call_count":0,"time":"2026-02-07T16:54:03Z","message":"Context stats (ephemeral)"}
{"level":"debug","mysis_id":"98f46338-be30-441a-be07-61bb80fa355c","mysis_name":"stress-73","stage":"before_llm_call","memory_count":2,"message_count":3,"content_bytes":631,"reasoning_bytes":0,"role_counts":{"system":1,"user":1},"source_counts":{"system":2},"tool_call_count":0,"time":"2026-02-07T16:54:03Z","message":"Context stats (ephemeral)"}
{"level":"info","count":1,"time":"2026-02-07T16:54:03Z","message":"All myses stopped"}
{"level":"debug","mysis_id":"616cd32d-6630-4cac-819c-f52f6a252d46","mysis_name":"stress-74","stage":"context_memories","memory_count":2,"message_count":0,"content_bytes":542,"reasoning_bytes":0,"role_counts":{"system":1,"user":1},"source_counts":{"system":2},"tool_call_count":0,"time":"2026-02-07T16:54:03Z","message":"Context stats (ephemeral)"}
{"level":"debug","mysis_id":"616cd32d-6630-4cac-819c-f52f6a252d46","mysis_name":"stress-74","stage":"messages_converted","memory_count":2,"message_count":3,"content_bytes":631,"reasoning_bytes":0,"role_counts":{"system":1,"user":1},"source_counts":{"system":2},"tool_call_count":0,"time":"2026-02-07T16:54:03Z","message":"Context stats (ephemeral)"}
{"level":"debug","mysis_id":"616cd32d-6630-4cac-819c-f52f6a252d46","mysis_name":"stress-74","stage":"before_llm_call","memory_count":2,"message_count":3,"content_bytes":631,"reasoning_bytes":0,"role_counts":{"system":1,"user":1},"source_counts":{"system":2},"tool_call_count":0,"time":"2026-02-07T16:54:03Z","message":"Context stats (ephemeral)"}
{"level":"info","count":1,"time":"2026-02-07T16:54:03Z","message":"All myses stopped"}
{"level":"debug","mysis_id":"9155dbec-8e0e-478a-b045-995f16c3dd64","mysis_name":"stress-75","stage":"context_memories","memory_count":2,"message_count":0,"content_bytes":542,"reasoning_bytes":0,"role_counts":{"system":1,"user":1},"source_counts":{"system":2},"tool_call_count":0,"time":"2026-02-07T16:54:03Z","message":"Context stats (ephemeral)"}
{"level":"debug","mysis_id":"9155dbec-8e0e-478a-b045-995f16c3dd64","mysis_name":"stress-75","stage":"messages_converted","memory_count":2,"message_count":3,"content_bytes":631,"reasoning_bytes":0,"role_counts":{"system":1,"user":1},"source_counts":{"system":2},"tool_call_count":0,"time":"2026-02-07T16:54:03Z","message":"Context stats (ephemeral)"}
{"level":"debug","mysis_id":"9155dbec-8e0e-478a-b045-995f16c3dd64","mysis_name":"stress-75","stage":"before_llm_call","memory_count":2,"message_count":3,"content_bytes":631,"reasoning_bytes":0,"role_counts":{"system":1,"user":1},"source_counts":{"system":2},"tool_call_count":0,"time":"2026-02-07T16:54:03Z","message":"Context stats (ephemeral)"}
{"level":"info","count":1,"time":"2026-02-07T16:54:03Z","message":"All myses stopped"}
{"level":"debug","mysis_id":"3e45ebc9-609d-4142-a2d8-d5cc6fea0b73","mysis_name":"stress-76","stage":"context_memories","memory_count":2,"message_count":0,"content_bytes":542,"reasoning_bytes":0,"role_counts":{"system":1,"user":1},"source_counts":{"system":2},"tool_call_count":0,"time":"2026-02-07T16:54:03Z","message":"Context stats (ephemeral)"}
{"level":"debug","mysis_id":"3e45ebc9-609d-4142-a2d8-d5cc6fea0b73","mysis_name":"stress-76","stage":"messages_converted","memory_count":2,"message_count":3,"content_bytes":631,"reasoning_bytes":0,"role_counts":{"system":1,"user":1},"source_counts":{"system":2},"tool_call_count":0,"time":"2026-02-07T16:54:03Z","message":"Context stats (ephemeral)"}
{"level":"debug","mysis_id":"3e45ebc9-609d-4142-a2d8-d5cc6fea0b73","mysis_name":"stress-76","stage":"before_llm_call","memory_count":2,"message_count":3,"content_bytes":631,"reasoning_bytes":0,"role_counts":{"system":1,"user":1},"source_counts":{"system":2},"tool_call_count":0,"time":"2026-02-07T16:54:03Z","message":"Context stats (ephemeral)"}
{"level":"info","count":1,"time":"2026-02-07T16:54:03Z","message":"All myses stopped"}
{"level":"debug","mysis_id":"316dc431-0d89-4cbe-a7b6-f3d242346dd2","mysis_name":"stress-77","stage":"context_memories","memory_count":2,"message_count":0,"content_bytes":542,"reasoning_bytes":0,"role_counts":{"system":1,"user":1},"source_counts":{"system":2},"tool_call_count":0,"time":"2026-02-07T16:54:03Z","message":"Context stats (ephemeral)"}
{"level":"debug","mysis_id":"316dc431-0d89-4cbe-a7b6-f3d242346dd2","mysis_name":"stress-77","stage":"messages_converted","memory_count":2,"message_count":3,"content_bytes":631,"reasoning_bytes":0,"role_counts":{"system":1,"user":1},"source_counts":{"system":2},"tool_call_count":0,"time":"2026-02-07T16:54:03Z","message":"Context stats (ephemeral)"}
{"level":"debug","mysis_id":"316dc431-0d89-4cbe-a7b6-f3d242346dd2","mysis_name":"stress-77","stage":"before_llm_call","memory_count":2,"message_count":3,"content_bytes":631,"reasoning_bytes":0,"role_counts":{"system":1,"user":1},"source_counts":{"system":2},"tool_call_count":0,"time":"2026-02-07T16:54:03Z","message":"Context stats (ephemeral)"}
{"level":"info","count":1,"time":"2026-02-07T16:54:03Z","message":"All myses stopped"}
{"level":"debug","mysis_id":"2daaef12-4e54-4adf-af85-046b33db7e2f","mysis_name":"stress-78","stage":"context_memories","memory_count":2,"message_count":0,"content_bytes":542,"reasoning_bytes":0,"role_counts":{"system":1,"user":1},"source_counts":{"system":2},"tool_call_count":0,"time":"2026-02-07T16:54:03Z","message":"Context stats (ephemeral)"}
{"level":"debug","mysis_id":"2daaef12-4e54-4adf-af85-046b33db7e2f","mysis_name":"stress-78","stage":"messages_converted","memory_count":2,"message_count":3,"content_bytes":631,"reasoning_bytes":0,"role_counts":{"system":1,"user":1},"source_counts":{"system":2},"tool_call_count":0,"time":"2026-02-07T16:54:03Z","message":"Context stats (ephemeral)"}
{"level":"debug","mysis_id":"2daaef12-4e54-4adf-af85-046b33db7e2f","mysis_name":"stress-78","stage":"before_llm_call","memory_count":2,"message_count":3,"content_bytes":631,"reasoning_bytes":0,"role_counts":{"system":1,"user":1},"source_counts":{"system":2},"tool_call_count":0,"time":"2026-02-07T16:54:03Z","message":"Context stats (ephemeral)"}
{"level":"info","count":1,"time":"2026-02-07T16:54:03Z","message":"All myses stopped"}
{"level":"debug","mysis_id":"8aa81c57-f37f-44d2-b207-bdb9c9e5ee13","mysis_name":"stress-79","stage":"context_memories","memory_count":2,"message_count":0,"content_bytes":542,"reasoning_bytes":0,"role_counts":{"system":1,"user":1},"source_counts":{"system":2},"tool_call_count":0,"time":"2026-02-07T16:54:03Z","message":"Context stats (ephemeral)"}
{"level":"debug","mysis_id":"8aa81c57-f37f-44d2-b207-bdb9c9e5ee13","mysis_name":"stress-79","stage":"messages_converted","memory_count":2,"message_count":3,"content_bytes":631,"reasoning_bytes":0,"role_counts":{"system":1,"user":1},"source_counts":{"system":2},"tool_call_count":0,"time":"2026-02-07T16:54:03Z","message":"Context stats (ephemeral)"}
{"level":"debug","mysis_id":"8aa81c57-f37f-44d2-b207-bdb9c9e5ee13","mysis_name":"stress-79","stage":"before_llm_call","memory_count":2,"message_count":3,"content_bytes":631,"reasoning_bytes":0,"role_counts":{"system":1,"user":1},"source_counts":{"system":2},"tool_call_count":0,"time":"2026-02-07T16:54:03Z","message":"Context stats (ephemeral)"}
{"level":"info","count":1,"time":"2026-02-07T16:54:03Z","message":"All myses stopped"}
{"level":"debug","mysis_id":"a87ec6c7-f077-410e-a2b0-332fa63a2b37","mysis_name":"stress-80","stage":"context_memories","memory_count":2,"message_count":0,"content_bytes":542,"reasoning_bytes":0,"role_counts":{"system":1,"user":1},"source_counts":{"system":2},"tool_call_count":0,"time":"2026-02-07T16:54:03Z","message":"Context stats (ephemeral)"}
{"level":"debug","mysis_id":"a87ec6c7-f077-410e-a2b0-332fa63a2b37","mysis_name":"stress-80","stage":"messages_converted","memory_count":2,"message_count":3,"content_bytes":631,"reasoning_bytes":0,"role_counts":{"system":1,"user":1},"source_counts":{"system":2},"tool_call_count":0,"time":"2026-02-07T16:54:03Z","message":"Context stats (ephemeral)"}
{"level":"debug","mysis_id":"a87ec6c7-f077-410e-a2b0-332fa63a2b37","mysis_name":"stress-80","stage":"before_llm_call","memory_count":2,"message_count":3,"content_bytes":631,"reasoning_bytes":0,"role_counts":{"system":1,"user":1},"source_counts":{"system":2},"tool_call_count":0,"time":"2026-02-07T16:54:03Z","message":"Context stats (ephemeral)"}
{"level":"info","count":1,"time":"2026-02-07T16:54:03Z","message":"All myses stopped"}
{"level":"debug","mysis_id":"578f7879-aaa6-44d5-8540-57c71dbbc766","mysis_name":"stress-81","stage":"context_memories","memory_count":2,"message_count":0,"content_bytes":542,"reasoning_bytes":0,"role_counts":{"system":1,"user":1},"source_counts":{"system":2},"tool_call_count":0,"time":"2026-02-07T16:54:03Z","message":"Context stats (ephemeral)"}
{"level":"debug","mysis_id":"578f7879-aaa6-44d5-8540-57c71dbbc766","mysis_name":"stress-81","stage":"messages_converted","memory_count":2,"message_count":3,"content_bytes":631,"reasoning_bytes":0,"role_counts":{"system":1,"user":1},"source_counts":{"system":2},"tool_call_count":0,"time":"2026-02-07T16:54:03Z","message":"Context stats (ephemeral)"}
{"level":"debug","mysis_id":"578f7879-aaa6-44d5-8540-57c71dbbc766","mysis_name":"stress-81","stage":"before_llm_call","memory_count":2,"message_count":3,"content_bytes":631,"reasoning_bytes":0,"role_counts":{"system":1,"user":1},"source_counts":{"system":2},"tool_call_count":0,"time":"2026-02-07T16:54:03Z","message":"Context stats (ephemeral)"}
{"level":"info","count":1,"time":"2026-02-07T16:54:03Z","message":"All myses stopped"}
{"level":"debug","mysis_id":"0551ad5e-b5e1-48a2-b084-52aa6ef009a4","mysis_name":"stress-82","stage":"context_memories","memory_count":2,"message_count":0,"content_bytes":542,"reasoning_bytes":0,"role_counts":{"system":1,"user":1},"source_counts":{"system":2},"tool_call_count":0,"time":"2026-02-07T16:54:03Z","message":"Context stats (ephemeral)"}
{"level":"debug","mysis_id":"0551ad5e-b5e1-48a2-b084-52aa6ef009a4","mysis_name":"stress-82","stage":"messages_converted","memory_count":2,"message_count":3,"content_bytes":631,"reasoning_bytes":0,"role_counts":{"system":1,"user":1},"source_counts":{"system":2},"tool_call_count":0,"time":"2026-02-07T16:54:03Z","message":"Context stats (ephemeral)"}
{"level":"debug","mysis_id":"0551ad5e-b5e1-48a2-b084-52aa6ef009a4","mysis_name":"stress-82","stage":"before_llm_call","memory_count":2,"message_count":3,"content_bytes":631,"reasoning_bytes":0,"role_counts":{"system":1,"user":1},"source_counts":{"system":2},"tool_call_count":0,"time":"2026-02-07T16:54:03Z","message":"Context stats (ephemeral)"}
{"level":"info","count":1,"time":"2026-02-07T16:54:03Z","message":"All myses stopped"}
{"level":"debug","mysis_id":"aac2c5b9-cd7c-431f-91ff-aea0e7f219b1","mysis_name":"stress-83","stage":"context_memories","memory_count":2,"message_count":0,"content_bytes":542,"reasoning_bytes":0,"role_counts":{"system":1,"user":1},"source_counts":{"system":2},"tool_call_count":0,"time":"2026-02-07T16:54:03Z","message":"Context stats (ephemeral)"}
{"level":"debug","mysis_id":"aac2c5b9-cd7c-431f-91ff-aea0e7f219b1","mysis_name":"stress-83","stage":"messages_converted","memory_count":2,"message_count":3,"content_bytes":631,"reasoning_bytes":0,"role_counts":{"system":1,"user":1},"source_counts":{"system":2},"tool_call_count":0,"time":"2026-02-07T16:54:03Z","message":"Context stats (ephemeral)"}
{"level":"debug","mysis_id":"aac2c5b9-cd7c-431f-91ff-aea0e7f219b1","mysis_name":"stress-83","stage":"before_llm_call","memory_count":2,"message_count":3,"content_bytes":631,"reasoning_bytes":0,"role_counts":{"system":1,"user":1},"source_counts":{"system":2},"tool_call_count":0,"time":"2026-02-07T16:54:03Z","message":"Context stats (ephemeral)"}
{"level":"info","count":1,"time":"2026-02-07T16:54:03Z","message":"All myses stopped"}
{"level":"debug","mysis_id":"b4fd5169-860d-4a5e-ab66-a96650127de5","mysis_name":"stress-84","stage":"context_memories","memory_count":2,"message_count":0,"content_bytes":542,"reasoning_bytes":0,"role_counts":{"system":1,"user":1},"source_counts":{"system":2},"tool_call_count":0,"time":"2026-02-07T16:54:03Z","message":"Context stats (ephemeral)"}
{"level":"debug","mysis_id":"b4fd5169-860d-4a5e-ab66-a96650127de5","mysis_name":"stress-84","stage":"messages_converted","memory_count":2,"message_count":3,"content_bytes":631,"reasoning_bytes":0,"role_counts":{"system":1,"user":1},"source_counts":{"system":2},"tool_call_count":0,"time":"2026-02-07T16:54:03Z","message":"Context stats (ephemeral)"}
{"level":"debug","mysis_id":"b4fd5169-860d-4a5e-ab66-a96650127de5","mysis_name":"stress-84","stage":"before_llm_call","memory_count":2,"message_count":3,"content_bytes":631,"reasoning_bytes":0,"role_counts":{"system":1,"user":1},"source_counts":{"system":2},"tool_call_count":0,"time":"2026-02-07T16:54:03Z","message":"Context stats (ephemeral)"}
{"level":"info","count":1,"time":"2026-02-07T16:54:03Z","message":"All myses stopped"}
{"level":"debug","mysis_id":"186e3361-e8b5-439e-9d85-4ea5f66d2471","mysis_name":"stress-85","stage":"context_memories","memory_count":2,"message_count":0,"content_bytes":542,"reasoning_bytes":0,"role_counts":{"system":1,"user":1},"source_counts":{"system":2},"tool_call_count":0,"time":"2026-02-07T16:54:03Z","message":"Context stats (ephemeral)"}
{"level":"debug","mysis_id":"186e3361-e8b5-439e-9d85-4ea5f66d2471","mysis_name":"stress-85","stage":"messages_converted","memory_count":2,"message_count":3,"content_bytes":631,"reasoning_bytes":0,"role_counts":{"system":1,"user":1},"source_counts":{"system":2},"tool_call_count":0,"time":"2026-02-07T16:54:03Z","message":"Context stats (ephemeral)"}
{"level":"debug","mysis_id":"186e3361-e8b5-439e-9d85-4ea5f66d2471","mysis_name":"stress-85","stage":"before_llm_call","memory_count":2,"message_count":3,"content_bytes":631,"reasoning_bytes":0,"role_counts":{"system":1,"user":1},"source_counts":{"system":2},"tool_call_count":0,"time":"2026-02-07T16:54:03Z","message":"Context stats (ephemeral)"}
{"level":"info","count":1,"time":"2026-02-07T16:54:03Z","message":"All myses stopped"}
{"level":"debug","mysis_id":"ab356af7-bfcf-4359-9510-8f040c49e3fc","mysis_name":"stress-86","stage":"context_memories","memory_count":2,"message_count":0,"content_bytes":542,"reasoning_bytes":0,"role_counts":{"system":1,"user":1},"source_counts":{"system":2},"tool_call_count":0,"time":"2026-02-07T16:54:03Z","message":"Context stats (ephemeral)"}
{"level":"debug","mysis_id":"ab356af7-bfcf-4359-9510-8f040c49e3fc","mysis_name":"stress-86","stage":"messages_converted","memory_count":2,"message_count":3,"content_bytes":631,"reasoning_bytes":0,"role_counts":{"system":1,"user":1},"source_counts":{"system":2},"tool_call_count":0,"time":"2026-02-07T16:54:03Z","message":"Context stats (ephemeral)"}
{"level":"debug","mysis_id":"ab356af7-bfcf-4359-9510-8f040c49e3fc","mysis_name":"stress-86","stage":"before_llm_call","memory_count":2,"message_count":3,"content_bytes":631,"reasoning_bytes":0,"role_counts":{"system":1,"user":1},"source_counts":{"system":2},"tool_call_count":0,"time":"2026-02-07T16:54:03Z","message":"Context stats (ephemeral)"}
{"level":"info","count":1,"time":"2026-02-07T16:54:03Z","message":"All myses stopped"}
{"level":"debug","mysis_id":"9e5e273f-74a8-4444-9ecb-5ac493d630a1","mysis_name":"stress-87","stage":"context_memories","memory_count":2,"message_count":0,"content_bytes":542,"reasoning_bytes":0,"role_counts":{"system":1,"user":1},"source_counts":{"system":2},"tool_call_count":0,"time":"2026-02-07T16:54:03Z","message":"Context stats (ephemeral)"}
{"level":"debug","mysis_id":"9e5e273f-74a8-4444-9ecb-5ac493d630a1","mysis_name":"stress-87","stage":"messages_converted","memory_count":2,"message_count":3,"content_bytes":631,"reasoning_bytes":0,"role_counts":{"system":1,"user":1},"source_counts":{"system":2},"tool_call_count":0,"time":"2026-02-07T16:54:03Z","message":"Context stats (ephemeral)"}
{"level":"debug","mysis_id":"9e5e273f-74a8-4444-9ecb-5ac493d630a1","mysis_name":"stress-87","stage":"before_llm_call","memory_count":2,"message_count":3,"content_bytes":631,"reasoning_bytes":0,"role_counts":{"system":1,"user":1},"source_counts":{"system":2},"tool_call_count":0,"time":"2026-02-07T16:54:03Z","message":"Context stats (ephemeral)"}
{"level":"info","count":1,"time":"2026-02-07T16:54:03Z","message":"All myses stopped"}
{"level":"debug","mysis_id":"71c289b2-c3cc-4707-9174-07058d605e7d","mysis_name":"stress-88","stage":"context_memories","memory_count":2,"message_count":0,"content_bytes":542,"reasoning_bytes":0,"role_counts":{"system":1,"user":1},"source_counts":{"system":2},"tool_call_count":0,"time":"2026-02-07T16:54:03Z","message":"Context stats (ephemeral)"}
{"level":"debug","mysis_id":"71c289b2-c3cc-4707-9174-07058d605e7d","mysis_name":"stress-88","stage":"messages_converted","memory_count":2,"message_count":3,"content_bytes":631,"reasoning_bytes":0,"role_counts":{"system":1,"user":1},"source_counts":{"system":2},"tool_call_count":0,"time":"2026-02-07T16:54:03Z","message":"Context stats (ephemeral)"}
{"level":"debug","mysis_id":"71c289b2-c3cc-4707-9174-07058d605e7d","mysis_name":"stress-88","stage":"before_llm_call","memory_count":2,"message_count":3,"content_bytes":631,"reasoning_bytes":0,"role_counts":{"system":1,"user":1},"source_counts":{"system":2},"tool_call_count":0,"time":"2026-02-07T16:54:03Z","message":"Context stats (ephemeral)"}
{"level":"info","count":1,"time":"2026-02-07T16:54:03Z","message":"All myses stopped"}
{"level":"debug","mysis_id":"28da9772-50d7-415e-a6c8-1bd830f28ec3","mysis_name":"stress-89","stage":"context_memories","memory_count":2,"message_count":0,"content_bytes":542,"reasoning_bytes":0,"role_counts":{"system":1,"user":1},"source_counts":{"system":2},"tool_call_count":0,"time":"2026-02-07T16:54:03Z","message":"Context stats (ephemeral)"}
{"level":"debug","mysis_id":"28da9772-50d7-415e-a6c8-1bd830f28ec3","mysis_name":"stress-89","stage":"messages_converted","memory_count":2,"message_count":3,"content_bytes":631,"reasoning_bytes":0,"role_counts":{"system":1,"user":1},"source_counts":{"system":2},"tool_call_count":0,"time":"2026-02-07T16:54:03Z","message":"Context stats (ephemeral)"}
{"level":"debug","mysis_id":"28da9772-50d7-415e-a6c8-1bd830f28ec3","mysis_name":"stress-89","stage":"before_llm_call","memory_count":2,"message_count":3,"content_bytes":631,"reasoning_bytes":0,"role_counts":{"system":1,"user":1},"source_counts":{"system":2},"tool_call_count":0,"time":"2026-02-07T16:54:03Z","message":"Context stats (ephemeral)"}
{"level":"info","count":1,"time":"2026-02-07T16:54:03Z","message":"All myses stopped"}
{"level":"debug","mysis_id":"466a2826-20ec-406b-b54d-c14b06980d57","mysis_name":"stress-90","stage":"context_memories","memory_count":2,"message_count":0,"content_bytes":542,"reasoning_bytes":0,"role_counts":{"system":1,"user":1},"source_counts":{"system":2},"tool_call_count":0,"time":"2026-02-07T16:54:03Z","message":"Context stats (ephemeral)"}
{"level":"debug","mysis_id":"466a2826-20ec-406b-b54d-c14b06980d57","mysis_name":"stress-90","stage":"messages_converted","memory_count":2,"message_count":3,"content_bytes":631,"reasoning_bytes":0,"role_counts":{"system":1,"user":1},"source_counts":{"system":2},"tool_call_count":0,"time":"2026-02-07T16:54:03Z","message":"Context stats (ephemeral)"}
{"level":"debug","mysis_id":"466a2826-20ec-406b-b54d-c14b06980d57","mysis_name":"stress-90","stage":"before_llm_call","memory_count":2,"message_count":3,"content_bytes":631,"reasoning_bytes":0,"role_counts":{"system":1,"user":1},"source_counts":{"system":2},"tool_call_count":0,"time":"2026-02-07T16:54:03Z","message":"Context stats (ephemeral)"}
{"level":"info","count":1,"time":"2026-02-07T16:54:03Z","message":"All myses stopped"}
{"level":"debug","mysis_id":"82b96077-4d14-42c3-9607-d5875c80f47f","mysis_name":"stress-91","stage":"context_memories","memory_count":2,"message_count":0,"content_bytes":542,"reasoning_bytes":0,"role_counts":{"system":1,"user":1},"source_counts":{"system":2},"tool_call_count":0,"time":"2026-02-07T16:54:03Z","message":"Context stats (ephemeral)"}
{"level":"debug","mysis_id":"82b96077-4d14-42c3-9607-d5875c80f47f","mysis_name":"stress-91","stage":"messages_converted","memory_count":2,"message_count":3,"content_bytes":631,"reasoning_bytes":0,"role_counts":{"system":1,"user":1},"source_counts":{"system":2},"tool_call_count":0,"time":"2026-02-07T16:54:03Z","message":"Context stats (ephemeral)"}
{"level":"debug","mysis_id":"82b96077-4d14-42c3-9607-d5875c80f47f","mysis_name":"stress-91","stage":"before_llm_call","memory_count":2,"message_count":3,"content_bytes":631,"reasoning_bytes":0,"role_counts":{"system":1,"user":1},"source_counts":{"system":2},"tool_call_count":0,"time":"2026-02-07T16:54:03Z","message":"Context stats (ephemeral)"}
{"level":"info","count":1,"time":"2026-02-07T16:54:03Z","message":"All myses stopped"}
{"level":"debug","mysis_id":"0d50a6aa-591e-4053-beda-79b085c73c12","mysis_name":"stress-92","stage":"context_memories","memory_count":2,"message_count":0,"content_bytes":542,"reasoning_bytes":0,"role_counts":{"system":1,"user":1},"source_counts":{"system":2},"tool_call_count":0,"time":"2026-02-07T16:54:03Z","message":"Context stats (ephemeral)"}
{"level":"debug","mysis_id":"0d50a6aa-591e-4053-beda-79b085c73c12","mysis_name":"stress-92","stage":"messages_converted","memory_count":2,"message_count":3,"content_bytes":631,"reasoning_bytes":0,"role_counts":{"system":1,"user":1},"source_counts":{"system":2},"tool_call_count":0,"time":"2026-02-07T16:54:03Z","message":"Context stats (ephemeral)"}
{"level":"debug","mysis_id":"0d50a6aa-591e-4053-beda-79b085c73c12","mysis_name":"stress-92","stage":"before_llm_call","memory_count":2,"message_count":3,"content_bytes":631,"reasoning_bytes":0,"role_counts":{"system":1,"user":1},"source_counts":{"system":2},"tool_call_count":0,"time":"2026-02-07T16:54:03Z","message":"Context stats (ephemeral)"}
{"level":"info","count":1,"time":"2026-02-07T16:54:03Z","message":"All myses stopped"}
{"level":"debug","mysis_id":"cb64a05c-1da4-4ba9-9d98-d43d0b3d3956","mysis_name":"stress-93","stage":"context_memories","memory_count":2,"message_count":0,"content_bytes":542,"reasoning_bytes":0,"role_counts":{"system":1,"user":1},"source_counts":{"system":2},"tool_call_count":0,"time":"2026-02-07T16:54:03Z","message":"Context stats (ephemeral)"}
{"level":"debug","mysis_id":"cb64a05c-1da4-4ba9-9d98-d43d0b3d3956","mysis_name":"stress-93","stage":"messages_converted","memory_count":2,"message_count":3,"content_bytes":631,"reasoning_bytes":0,"role_counts":{"system":1,"user":1},"source_counts":{"system":2},"tool_call_count":0,"time":"2026-02-07T16:54:03Z","message":"Context stats (ephemeral)"}
{"level":"debug","mysis_id":"cb64a05c-1da4-4ba9-9d98-d43d0b3d3956","mysis_name":"stress-93","stage":"before_llm_call","memory_count":2,"message_count":3,"content_bytes":631,"reasoning_bytes":0,"role_counts":{"system":1,"user":1},"source_counts":{"system":2},"tool_call_count":0,"time":"2026-02-07T16:54:03Z","message":"Context stats (ephemeral)"}
{"level":"info","count":1,"time":"2026-02-07T16:54:03Z","message":"All myses stopped"}
{"level":"debug","mysis_id":"239a90f5-9404-44fd-9412-f84dfd1f9e3e","mysis_name":"stress-94","stage":"context_memories","memory_count":2,"message_count":0,"content_bytes":542,"reasoning_bytes":0,"role_counts":{"system":1,"user":1},"source_counts":{"system":2},"tool_call_count":0,"time":"2026-02-07T16:54:03Z","message":"Context stats (ephemeral)"}
{"level":"debug","mysis_id":"239a90f5-9404-44fd-9412-f84dfd1f9e3e","mysis_name":"stress-94","stage":"messages_converted","memory_count":2,"message_count":3,"content_bytes":631,"reasoning_bytes":0,"role_counts":{"system":1,"user":1},"source_counts":{"system":2},"tool_call_count":0,"time":"2026-02-07T16:54:03Z","message":"Context stats (ephemeral)"}
{"level":"debug","mysis_id":"239a90f5-9404-44fd-9412-f84dfd1f9e3e","mysis_name":"stress-94","stage":"before_llm_call","memory_count":2,"message_count":3,"content_bytes":631,"reasoning_bytes":0,"role_counts":{"system":1,"user":1},"source_counts":{"system":2},"tool_call_count":0,"time":"2026-02-07T16:54:03Z","message":"Context stats (ephemeral)"}
{"level":"info","count":1,"time":"2026-02-07T16:54:03Z","message":"All myses stopped"}
{"level":"debug","mysis_id":"3d28a4c7-99b5-4d51-b75e-2391af65c47a","mysis_name":"stress-95","stage":"context_memories","memory_count":2,"message_count":0,"content_bytes":542,"reasoning_bytes":0,"role_counts":{"system":1,"user":1},"source_counts":{"system":2},"tool_call_count":0,"time":"2026-02-07T16:54:03Z","message":"Context stats (ephemeral)"}
{"level":"debug","mysis_id":"3d28a4c7-99b5-4d51-b75e-2391af65c47a","mysis_name":"stress-95","stage":"messages_converted","memory_count":2,"message_count":3,"content_bytes":631,"reasoning_bytes":0,"role_counts":{"system":1,"user":1},"source_counts":{"system":2},"tool_call_count":0,"time":"2026-02-07T16:54:03Z","message":"Context stats (ephemeral)"}
{"level":"debug","mysis_id":"3d28a4c7-99b5-4d51-b75e-2391af65c47a","mysis_name":"stress-95","stage":"before_llm_call","memory_count":2,"message_count":3,"content_bytes":631,"reasoning_bytes":0,"role_counts":{"system":1,"user":1},"source_counts":{"system":2},"tool_call_count":0,"time":"2026-02-07T16:54:03Z","message":"Context stats (ephemeral)"}
{"level":"info","count":1,"time":"2026-02-07T16:54:03Z","message":"All myses stopped"}
{"level":"debug","mysis_id":"6b3377af-891a-49bc-b8a3-d760f70f0d19","mysis_name":"stress-96","stage":"context_memories","memory_count":2,"message_count":0,"content_bytes":542,"reasoning_bytes":0,"role_counts":{"system":1,"user":1},"source_counts":{"system":2},"tool_call_count":0,"time":"2026-02-07T16:54:03Z","message":"Context stats (ephemeral)"}
{"level":"debug","mysis_id":"6b3377af-891a-49bc-b8a3-d760f70f0d19","mysis_name":"stress-96","stage":"messages_converted","memory_count":2,"message_count":3,"content_bytes":631,"reasoning_bytes":0,"role_counts":{"system":1,"user":1},"source_counts":{"system":2},"tool_call_count":0,"time":"2026-02-07T16:54:03Z","message":"Context stats (ephemeral)"}
{"level":"debug","mysis_id":"6b3377af-891a-49bc-b8a3-d760f70f0d19","mysis_name":"stress-96","stage":"before_llm_call","memory_count":2,"message_count":3,"content_bytes":631,"reasoning_bytes":0,"role_counts":{"system":1,"user":1},"source_counts":{"system":2},"tool_call_count":0,"time":"2026-02-07T16:54:03Z","message":"Context stats (ephemeral)"}
{"level":"info","count":1,"time":"2026-02-07T16:54:03Z","message":"All myses stopped"}
{"level":"debug","mysis_id":"131e9a5d-ebea-4147-9b66-92bdd09366ff","mysis_name":"stress-97","stage":"context_memories","memory_count":2,"message_count":0,"content_bytes":542,"reasoning_bytes":0,"role_counts":{"system":1,"user":1},"source_counts":{"system":2},"tool_call_count":0,"time":"2026-02-07T16:54:03Z","message":"Context stats (ephemeral)"}
{"level":"debug","mysis_id":"131e9a5d-ebea-4147-9b66-92bdd09366ff","mysis_name":"stress-97","stage":"messages_converted","memory_count":2,"message_count":3,"content_bytes":631,"reasoning_bytes":0,"role_counts":{"system":1,"user":1},"source_counts":{"system":2},"tool_call_count":0,"time":"2026-02-07T16:54:03Z","message":"Context stats (ephemeral)"}
{"level":"debug","mysis_id":"131e9a5d-ebea-4147-9b66-92bdd09366ff","mysis_name":"stress-97","stage":"before_llm_call","memory_count":2,"message_count":3,"content_bytes":631,"reasoning_bytes":0,"role_counts":{"system":1,"user":1},"source_counts":{"system":2},"tool_call_count":0,"time":"2026-02-07T16:54:03Z","message":"Context stats (ephemeral)"}
{"level":"info","count":1,"time":"2026-02-07T16:54:03Z","message":"All myses stopped"}
{"level":"debug","mysis_id":"4b9cb33f-66d9-4f99-b0f5-85c863c40e58","mysis_name":"stress-98","stage":"context_memories","memory_count":2,"message_count":0,"content_bytes":542,"reasoning_bytes":0,"role_counts":{"system":1,"user":1},"source_counts":{"system":2},"tool_call_count":0,"time":"2026-02-07T16:54:03Z","message":"Context stats (ephemeral)"}
{"level":"debug","mysis_id":"4b9cb33f-66d9-4f99-b0f5-85c863c40e58","mysis_name":"stress-98","stage":"messages_converted","memory_count":2,"message_count":3,"content_bytes":631,"reasoning_bytes":0,"role_counts":{"system":1,"user":1},"source_counts":{"system":2},"tool_call_count":0,"time":"2026-02-07T16:54:03Z","message":"Context stats (ephemeral)"}
{"level":"debug","mysis_id":"4b9cb33f-66d9-4f99-b0f5-85c863c40e58","mysis_name":"stress-98","stage":"before_llm_call","memory_count":2,"message_count":3,"content_bytes":631,"reasoning_bytes":0,"role_counts":{"system":1,"user":1},"source_counts":{"system":2},"tool_call_count":0,"time":"2026-02-07T16:54:03Z","message":"Context stats (ephemeral)"}
{"level":"info","count":1,"time":"2026-02-07T16:54:03Z","message":"All myses stopped"}
{"level":"debug","mysis_id":"b02c7b49-38b2-42ed-a90f-2fdabf96f365","mysis_name":"stress-99","stage":"context_memories","memory_count":2,"message_count":0,"content_bytes":542,"reasoning_bytes":0,"role_counts":{"system":1,"user":1},"source_counts":{"system":2},"tool_call_count":0,"time":"2026-02-07T16:54:03Z","message":"Context stats (ephemeral)"}
{"level":"debug","mysis_id":"b02c7b49-38b2-42ed-a90f-2fdabf96f365","mysis_name":"stress-99","stage":"messages_converted","memory_count":2,"message_count":3,"content_bytes":631,"reasoning_bytes":0,"role_counts":{"system":1,"user":1},"source_counts":{"system":2},"tool_call_count":0,"time":"2026-02-07T16:54:03Z","message":"Context stats (ephemeral)"}
{"level":"debug","mysis_id":"b02c7b49-38b2-42ed-a90f-2fdabf96f365","mysis_name":"stress-99","stage":"before_llm_call","memory_count":2,"message_count":3,"content_bytes":631,"reasoning_bytes":0,"role_counts":{"system":1,"user":1},"source_counts":{"system":2},"tool_call_count":0,"time":"2026-02-07T16:54:03Z","message":"Context stats (ephemeral)"}
{"level":"info","count":1,"time":"2026-02-07T16:54:03Z","message":"All myses stopped"}
{"level":"debug","mysis_id":"3c3cd0d5-c27d-4c89-b3d6-52e8de29d48d","mysis_name":"test-running-errored","stage":"context_memories","memory_count":2,"message_count":0,"content_bytes":482,"reasoning_bytes":0,"role_counts":{"system":1,"user":1},"source_counts":{"direct":1,"system":1},"tool_call_count":0,"time":"2026-02-07T16:54:03Z","message":"Context stats"}
{"level":"debug","mysis_id":"3c3cd0d5-c27d-4c89-b3d6-52e8de29d48d","mysis_name":"test-running-errored","stage":"messages_converted","memory_count":2,"message_count":2,"content_bytes":482,"reasoning_bytes":0,"role_counts":{"system":1,"user":1},"source_counts":{"direct":1,"system":1},"tool_call_count":0,"time":"2026-02-07T16:54:03Z","message":"Context stats"}
{"level":"debug","mysis_id":"3c3cd0d5-c27d-4c89-b3d6-52e8de29d48d","mysis_name":"test-running-errored","stage":"before_llm_call","memory_count":2,"message_count":2,"content_bytes":482,"reasoning_bytes":0,"role_counts":{"system":1,"user":1},"source_counts":{"direct":1,"system":1},"tool_call_count":0,"time":"2026-02-07T16:54:03Z","message":"Context stats"}
{"level":"error","mysis":"test-running-errored","provider":"mock","error":"simulated error","time":"2026-02-07T16:54:03Z","message":"Provider returned error"}
{"level":"error","mysis":"test-running-errored","old_state":"running","error":"simulated error","time":"2026-02-07T16:54:03Z","message":"Mysis transitioning to errored state"}
{"level":"warn","time":"2026-02-07T16:54:13Z","message":"StopAll timeout - some myses may still be running"}
{"level":"debug","mysis_id":"00b0b553-f42b-4ca7-aa89-487d85086c20","mysis_name":"test-stopped-running","stage":"context_memories","memory_count":2,"message_count":0,"content_bytes":542,"reasoning_bytes":0,"role_counts":{"system":1,"user":1},"source_counts":{"system":2},"tool_call_count":0,"time":"2026-02-07T16:54:13Z","message":"Context stats (ephemeral)"}
{"level":"debug","mysis_id":"00b0b553-f42b-4ca7-aa89-487d85086c20","mysis_name":"test-stopped-running","stage":"messages_converted","memory_count":2,"message_count":3,"content_bytes":631,"reasoning_bytes":0,"role_counts":{"system":1,"user":1},"source_counts":{"system":2},"tool_call_count":0,"time":"2026-02-07T16:54:13Z","message":"Context stats (ephemeral)"}
{"level":"debug","mysis_id":"00b0b553-f42b-4ca7-aa89-487d85086c20","mysis_name":"test-stopped-running","stage":"before_llm_call","memory_count":2,"message_count":3,"content_bytes":631,"reasoning_bytes":0,"role_counts":{"system":1,"user":1},"source_counts":{"system":2},"tool_call_count":0,"time":"2026-02-07T16:54:13Z","message":"Context stats (ephemeral)"}
{"level":"error","mysis":"test-stopped-running","provider":"mock","error":"context canceled","time":"2026-02-07T16:54:13Z","message":"Provider returned error (ephemeral)"}
{"level":"debug","mysis":"test-stopped-running","error":"context canceled","time":"2026-02-07T16:54:13Z","message":"Ignoring error - mysis was intentionally stopped"}
{"level":"info","count":1,"time":"2026-02-07T16:54:13Z","message":"All myses stopped"}
{"level":"info","count":1,"time":"2026-02-07T16:54:13Z","message":"All myses stopped"}
{"level":"info","count":1,"time":"2026-02-07T16:54:13Z","message":"All myses stopped"}
{"level":"debug","mysis_id":"d4a1acf3-97a7-4c36-aa2c-137961cf2a7a","mysis_name":"test-concurrent","stage":"context_memories","memory_count":2,"message_count":0,"content_bytes":481,"reasoning_bytes":0,"role_counts":{"system":1,"user":1},"source_counts":{"direct":1,"system":1},"tool_call_count":0,"time":"2026-02-07T16:54:13Z","message":"Context stats"}
{"level":"debug","mysis_id":"d4a1acf3-97a7-4c36-aa2c-137961cf2a7a","mysis_name":"test-concurrent","stage":"messages_converted","memory_count":2,"message_count":2,"content_bytes":481,"reasoning_bytes":0,"role_counts":{"system":1,"user":1},"source_counts":{"direct":1,"system":1},"tool_call_count":0,"time":"2026-02-07T16:54:13Z","message":"Context stats"}
{"level":"debug","mysis_id":"d4a1acf3-97a7-4c36-aa2c-137961cf2a7a","mysis_name":"test-concurrent","stage":"before_llm_call","memory_count":2,"message_count":2,"content_bytes":481,"reasoning_bytes":0,"role_counts":{"system":1,"user":1},"source_counts":{"direct":1,"system":1},"tool_call_count":0,"time":"2026-02-07T16:54:13Z","message":"Context stats"}
{"level":"error","mysis":"test-concurrent","provider":"mock","error":"context canceled","time":"2026-02-07T16:54:13Z","message":"Provider returned error"}
{"level":"debug","mysis":"test-concurrent","error":"context canceled","time":"2026-02-07T16:54:13Z","message":"Ignoring error - mysis was intentionally stopped"}
{"level":"info","count":1,"time":"2026-02-07T16:54:13Z","message":"All myses stopped"}
{"level":"debug","mysis_id":"6c0e2b64-404d-4ea6-910c-2655d1cd0b38","mysis_name":"test-rapid","stage":"context_memories","memory_count":2,"message_count":0,"content_bytes":542,"reasoning_bytes":0,"role_counts":{"system":1,"user":1},"source_counts":{"system":2},"tool_call_count":0,"time":"2026-02-07T16:54:13Z","message":"Context stats (ephemeral)"}
{"level":"debug","mysis_id":"6c0e2b64-404d-4ea6-910c-2655d1cd0b38","mysis_name":"test-rapid","stage":"messages_converted","memory_count":2,"message_count":3,"content_bytes":631,"reasoning_bytes":0,"role_counts":{"system":1,"user":1},"source_counts":{"system":2},"tool_call_count":0,"time":"2026-02-07T16:54:13Z","message":"Context stats (ephemeral)"}
{"level":"debug","mysis_id":"6c0e2b64-404d-4ea6-910c-2655d1cd0b38","mysis_name":"test-rapid","stage":"before_llm_call","memory_count":2,"message_count":3,"content_bytes":631,"reasoning_bytes":0,"role_counts":{"system":1,"user":1},"source_counts":{"system":2},"tool_call_count":0,"time":"2026-02-07T16:54:13Z","message":"Context stats (ephemeral)"}
{"level":"debug","mysis_id":"6c0e2b64-404d-4ea6-910c-2655d1cd0b38","mysis_name":"test-rapid","stage":"context_memories","memory_count":2,"message_count":0,"content_bytes":542,"reasoning_bytes":0,"role_counts":{"system":1,"user":1},"source_counts":{"system":2},"tool_call_count":0,"time":"2026-02-07T16:54:13Z","message":"Context stats (ephemeral)"}
{"level":"debug","mysis_id":"6c0e2b64-404d-4ea6-910c-2655d1cd0b38","mysis_name":"test-rapid","stage":"messages_converted","memory_count":2,"message_count":3,"content_bytes":631,"reasoning_bytes":0,"role_counts":{"system":1,"user":1},"source_counts":{"system":2},"tool_call_count":0,"time":"2026-02-07T16:54:13Z","message":"Context stats (ephemeral)"}
{"level":"debug","mysis_id":"6c0e2b64-404d-4ea6-910c-2655d1cd0b38","mysis_name":"test-rapid","stage":"before_llm_call","memory_count":2,"message_count":3,"content_bytes":631,"reasoning_bytes":0,"role_counts":{"system":1,"user":1},"source_counts":{"system":2},"tool_call_count":0,"time":"2026-02-07T16:54:13Z","message":"Context stats (ephemeral)"}
{"level":"debug","mysis_id":"6c0e2b64-404d-4ea6-910c-2655d1cd0b38","mysis_name":"test-rapid","stage":"context_memories","memory_count":2,"message_count":0,"content_bytes":542,"reasoning_bytes":0,"role_counts":{"system":1,"user":1},"source_counts":{"system":2},"tool_call_count":0,"time":"2026-02-07T16:54:13Z","message":"Context stats (ephemeral)"}
{"level":"debug","mysis_id":"6c0e2b64-404d-4ea6-910c-2655d1cd0b38","mysis_name":"test-rapid","stage":"messages_converted","memory_count":2,"message_count":3,"content_bytes":631,"reasoning_bytes":0,"role_counts":{"system":1,"user":1},"source_counts":{"system":2},"tool_call_count":0,"time":"2026-02-07T16:54:13Z","message":"Context stats (ephemeral)"}
{"level":"debug","mysis_id":"6c0e2b64-404d-4ea6-910c-2655d1cd0b38","mysis_name":"test-rapid","stage":"before_llm_call","memory_count":2,"message_count":3,"content_bytes":631,"reasoning_bytes":0,"role_counts":{"system":1,"user":1},"source_counts":{"system":2},"tool_call_count":0,"time":"2026-02-07T16:54:13Z","message":"Context stats (ephemeral)"}
{"level":"debug","mysis_id":"6c0e2b64-404d-4ea6-910c-2655d1cd0b38","mysis_name":"test-rapid","stage":"context_memories","memory_count":2,"message_count":0,"content_bytes":542,"reasoning_bytes":0,"role_counts":{"system":1,"user":1},"source_counts":{"system":2},"tool_call_count":0,"time":"2026-02-07T16:54:13Z","message":"Context stats (ephemeral)"}
{"level":"debug","mysis_id":"6c0e2b64-404d-4ea6-910c-2655d1cd0b38","mysis_name":"test-rapid","stage":"messages_converted","memory_count":2,"message_count":3,"content_bytes":631,"reasoning_bytes":0,"role_counts":{"system":1,"user":1},"source_counts":{"system":2},"tool_call_count":0,"time":"2026-02-07T16:54:13Z","message":"Context stats (ephemeral)"}
{"level":"debug","mysis_id":"6c0e2b64-404d-4ea6-910c-2655d1cd0b38","mysis_name":"test-rapid","stage":"before_llm_call","memory_count":2,"message_count":3,"content_bytes":631,"reasoning_bytes":0,"role_counts":{"system":1,"user":1},"source_counts":{"system":2},"tool_call_count":0,"time":"2026-02-07T16:54:13Z","message":"Context stats (ephemeral)"}
{"level":"debug","mysis_id":"6c0e2b64-404d-4ea6-910c-2655d1cd0b38","mysis_name":"test-rapid","stage":"context_memories","memory_count":2,"message_count":0,"content_bytes":542,"reasoning_bytes":0,"role_counts":{"system":1,"user":1},"source_counts":{"system":2},"tool_call_count":0,"time":"2026-02-07T16:54:13Z","message":"Context stats (ephemeral)"}
{"level":"debug","mysis_id":"6c0e2b64-404d-4ea6-910c-2655d1cd0b38","mysis_name":"test-rapid","stage":"messages_converted","memory_count":2,"message_count":3,"content_bytes":631,"reasoning_bytes":0,"role_counts":{"system":1,"user":1},"source_counts":{"system":2},"tool_call_count":0,"time":"2026-02-07T16:54:13Z","message":"Context stats (ephemeral)"}
{"level":"debug","mysis_id":"6c0e2b64-404d-4ea6-910c-2655d1cd0b38","mysis_name":"test-rapid","stage":"before_llm_call","memory_count":2,"message_count":3,"content_bytes":631,"reasoning_bytes":0,"role_counts":{"system":1,"user":1},"source_counts":{"system":2},"tool_call_count":0,"time":"2026-02-07T16:54:13Z","message":"Context stats (ephemeral)"}
{"level":"debug","mysis_id":"6c0e2b64-404d-4ea6-910c-2655d1cd0b38","mysis_name":"test-rapid","stage":"context_memories","memory_count":2,"message_count":0,"content_bytes":542,"reasoning_bytes":0,"role_counts":{"system":1,"user":1},"source_counts":{"system":2},"tool_call_count":0,"time":"2026-02-07T16:54:13Z","message":"Context stats (ephemeral)"}
{"level":"debug","mysis_id":"6c0e2b64-404d-4ea6-910c-2655d1cd0b38","mysis_name":"test-rapid","stage":"messages_converted","memory_count":2,"message_count":3,"content_bytes":631,"reasoning_bytes":0,"role_counts":{"system":1,"user":1},"source_counts":{"system":2},"tool_call_count":0,"time":"2026-02-07T16:54:13Z","message":"Context stats (ephemeral)"}
{"level":"debug","mysis_id":"6c0e2b64-404d-4ea6-910c-2655d1cd0b38","mysis_name":"test-rapid","stage":"before_llm_call","memory_count":2,"message_count":3,"content_bytes":631,"reasoning_bytes":0,"role_counts":{"system":1,"user":1},"source_counts":{"system":2},"tool_call_count":0,"time":"2026-02-07T16:54:13Z","message":"Context stats (ephemeral)"}
{"level":"debug","mysis_id":"6c0e2b64-404d-4ea6-910c-2655d1cd0b38","mysis_name":"test-rapid","stage":"context_memories","memory_count":2,"message_count":0,"content_bytes":542,"reasoning_bytes":0,"role_counts":{"system":1,"user":1},"source_counts":{"system":2},"tool_call_count":0,"time":"2026-02-07T16:54:13Z","message":"Context stats (ephemeral)"}
{"level":"debug","mysis_id":"6c0e2b64-404d-4ea6-910c-2655d1cd0b38","mysis_name":"test-rapid","stage":"messages_converted","memory_count":2,"message_count":3,"content_bytes":631,"reasoning_bytes":0,"role_counts":{"system":1,"user":1},"source_counts":{"system":2},"tool_call_count":0,"time":"2026-02-07T16:54:13Z","message":"Context stats (ephemeral)"}
{"level":"debug","mysis_id":"6c0e2b64-404d-4ea6-910c-2655d1cd0b38","mysis_name":"test-rapid","stage":"before_llm_call","memory_count":2,"message_count":3,"content_bytes":631,"reasoning_bytes":0,"role_counts":{"system":1,"user":1},"source_counts":{"system":2},"tool_call_count":0,"time":"2026-02-07T16:54:13Z","message":"Context stats (ephemeral)"}
{"level":"debug","mysis_id":"6c0e2b64-404d-4ea6-910c-2655d1cd0b38","mysis_name":"test-rapid","stage":"context_memories","memory_count":2,"message_count":0,"content_bytes":542,"reasoning_bytes":0,"role_counts":{"system":1,"user":1},"source_counts":{"system":2},"tool_call_count":0,"time":"2026-02-07T16:54:13Z","message":"Context stats (ephemeral)"}
{"level":"debug","mysis_id":"6c0e2b64-404d-4ea6-910c-2655d1cd0b38","mysis_name":"test-rapid","stage":"messages_converted","memory_count":2,"message_count":3,"content_bytes":631,"reasoning_bytes":0,"role_counts":{"system":1,"user":1},"source_counts":{"system":2},"tool_call_count":0,"time":"2026-02-07T16:54:13Z","message":"Context stats (ephemeral)"}
{"level":"debug","mysis_id":"6c0e2b64-404d-4ea6-910c-2655d1cd0b38","mysis_name":"test-rapid","stage":"before_llm_call","memory_count":2,"message_count":3,"content_bytes":631,"reasoning_bytes":0,"role_counts":{"system":1,"user":1},"source_counts":{"system":2},"tool_call_count":0,"time":"2026-02-07T16:54:13Z","message":"Context stats (ephemeral)"}
{"level":"debug","mysis_id":"6c0e2b64-404d-4ea6-910c-2655d1cd0b38","mysis_name":"test-rapid","stage":"context_memories","memory_count":2,"message_count":0,"content_bytes":542,"reasoning_bytes":0,"role_counts":{"system":1,"user":1},"source_counts":{"system":2},"tool_call_count":0,"time":"2026-02-07T16:54:13Z","message":"Context stats (ephemeral)"}
{"level":"debug","mysis_id":"6c0e2b64-404d-4ea6-910c-2655d1cd0b38","mysis_name":"test-rapid","stage":"messages_converted","memory_count":2,"message_count":3,"content_bytes":631,"reasoning_bytes":0,"role_counts":{"system":1,"user":1},"source_counts":{"system":2},"tool_call_count":0,"time":"2026-02-07T16:54:13Z","message":"Context stats (ephemeral)"}
{"level":"debug","mysis_id":"6c0e2b64-404d-4ea6-910c-2655d1cd0b38","mysis_name":"test-rapid","stage":"before_llm_call","memory_count":2,"message_count":3,"content_bytes":631,"reasoning_bytes":0,"role_counts":{"system":1,"user":1},"source_counts":{"system":2},"tool_call_count":0,"time":"2026-02-07T16:54:13Z","message":"Context stats (ephemeral)"}
{"level":"debug","mysis_id":"6c0e2b64-404d-4ea6-910c-2655d1cd0b38","mysis_name":"test-rapid","stage":"context_memories","memory_count":2,"message_count":0,"content_bytes":542,"reasoning_bytes":0,"role_counts":{"system":1,"user":1},"source_counts":{"system":2},"tool_call_count":0,"time":"2026-02-07T16:54:13Z","message":"Context stats (ephemeral)"}
{"level":"debug","mysis_id":"6c0e2b64-404d-4ea6-910c-2655d1cd0b38","mysis_name":"test-rapid","stage":"messages_converted","memory_count":2,"message_count":3,"content_bytes":631,"reasoning_bytes":0,"role_counts":{"system":1,"user":1},"source_counts":{"system":2},"tool_call_count":0,"time":"2026-02-07T16:54:13Z","message":"Context stats (ephemeral)"}
{"level":"debug","mysis_id":"6c0e2b64-404d-4ea6-910c-2655d1cd0b38","mysis_name":"test-rapid","stage":"before_llm_call","memory_count":2,"message_count":3,"content_bytes":631,"reasoning_bytes":0,"role_counts":{"system":1,"user":1},"source_counts":{"system":2},"tool_call_count":0,"time":"2026-02-07T16:54:13Z","message":"Context stats (ephemeral)"}
{"level":"info","count":1,"time":"2026-02-07T16:54:13Z","message":"All myses stopped"}
{"level":"info","count":1,"time":"2026-02-07T16:54:13Z","message":"All myses stopped"}
{"level":"debug","mysis_id":"7c22506a-0478-4ae9-82f9-2bcab390f150","mysis_name":"multi-0","stage":"context_memories","memory_count":2,"message_count":0,"content_bytes":542,"reasoning_bytes":0,"role_counts":{"system":1,"user":1},"source_counts":{"system":2},"tool_call_count":0,"time":"2026-02-07T16:54:13Z","message":"Context stats (ephemeral)"}
{"level":"debug","mysis_id":"7c22506a-0478-4ae9-82f9-2bcab390f150","mysis_name":"multi-0","stage":"messages_converted","memory_count":2,"message_count":3,"content_bytes":631,"reasoning_bytes":0,"role_counts":{"system":1,"user":1},"source_counts":{"system":2},"tool_call_count":0,"time":"2026-02-07T16:54:13Z","message":"Context stats (ephemeral)"}
{"level":"debug","mysis_id":"7c22506a-0478-4ae9-82f9-2bcab390f150","mysis_name":"multi-0","stage":"before_llm_call","memory_count":2,"message_count":3,"content_bytes":631,"reasoning_bytes":0,"role_counts":{"system":1,"user":1},"source_counts":{"system":2},"tool_call_count":0,"time":"2026-02-07T16:54:13Z","message":"Context stats (ephemeral)"}
{"level":"debug","mysis_id":"8fe48295-979d-430b-8f25-fd618857c654","mysis_name":"multi-1","stage":"context_memories","memory_count":2,"message_count":0,"content_bytes":542,"reasoning_bytes":0,"role_counts":{"system":1,"user":1},"source_counts":{"system":2},"tool_call_count":0,"time":"2026-02-07T16:54:13Z","message":"Context stats (ephemeral)"}
{"level":"debug","mysis_id":"8fe48295-979d-430b-8f25-fd618857c654","mysis_name":"multi-1","stage":"messages_converted","memory_count":2,"message_count":3,"content_bytes":631,"reasoning_bytes":0,"role_counts":{"system":1,"user":1},"source_counts":{"system":2},"tool_call_count":0,"time":"2026-02-07T16:54:13Z","message":"Context stats (ephemeral)"}
{"level":"debug","mysis_id":"8fe48295-979d-430b-8f25-fd618857c654","mysis_name":"multi-1","stage":"before_llm_call","memory_count":2,"message_count":3,"content_bytes":631,"reasoning_bytes":0,"role_counts":{"system":1,"user":1},"source_counts":{"system":2},"tool_call_count":0,"time":"2026-02-07T16:54:13Z","message":"Context stats (ephemeral)"}
{"level":"debug","mysis_id":"6cee77ea-36f5-4a6f-8a09-348e412db6ed","mysis_name":"multi-2","stage":"context_memories","memory_count":2,"message_count":0,"content_bytes":542,"reasoning_bytes":0,"role_counts":{"system":1,"user":1},"source_counts":{"system":2},"tool_call_count":0,"time":"2026-02-07T16:54:13Z","message":"Context stats (ephemeral)"}
{"level":"debug","mysis_id":"6cee77ea-36f5-4a6f-8a09-348e412db6ed","mysis_name":"multi-2","stage":"messages_converted","memory_count":2,"message_count":3,"content_bytes":631,"reasoning_bytes":0,"role_counts":{"system":1,"user":1},"source_counts":{"system":2},"tool_call_count":0,"time":"2026-02-07T16:54:13Z","message":"Context stats (ephemeral)"}
{"level":"debug","mysis_id":"6cee77ea-36f5-4a6f-8a09-348e412db6ed","mysis_name":"multi-2","stage":"before_llm_call","memory_count":2,"message_count":3,"content_bytes":631,"reasoning_bytes":0,"role_counts":{"system":1,"user":1},"source_counts":{"system":2},"tool_call_count":0,"time":"2026-02-07T16:54:13Z","message":"Context stats (ephemeral)"}
{"level":"debug","mysis_id":"c772e8e2-f894-409b-9921-39a5e18ce93f","mysis_name":"multi-3","stage":"context_memories","memory_count":2,"message_count":0,"content_bytes":542,"reasoning_bytes":0,"role_counts":{"system":1,"user":1},"source_counts":{"system":2},"tool_call_count":0,"time":"2026-02-07T16:54:13Z","message":"Context stats (ephemeral)"}
{"level":"debug","mysis_id":"c772e8e2-f894-409b-9921-39a5e18ce93f","mysis_name":"multi-3","stage":"messages_converted","memory_count":2,"message_count":3,"content_bytes":631,"reasoning_bytes":0,"role_counts":{"system":1,"user":1},"source_counts":{"system":2},"tool_call_count":0,"time":"2026-02-07T16:54:13Z","message":"Context stats (ephemeral)"}
{"level":"debug","mysis_id":"c772e8e2-f894-409b-9921-39a5e18ce93f","mysis_name":"multi-3","stage":"before_llm_call","memory_count":2,"message_count":3,"content_bytes":631,"reasoning_bytes":0,"role_counts":{"system":1,"user":1},"source_counts":{"system":2},"tool_call_count":0,"time":"2026-02-07T16:54:13Z","message":"Context stats (ephemeral)"}
{"level":"debug","mysis_id":"754f896f-c3ee-48ac-b6c8-db8c2407bece","mysis_name":"multi-4","stage":"context_memories","memory_count":2,"message_count":0,"content_bytes":542,"reasoning_bytes":0,"role_counts":{"system":1,"user":1},"source_counts":{"system":2},"tool_call_count":0,"time":"2026-02-07T16:54:13Z","message":"Context stats (ephemeral)"}
{"level":"debug","mysis_id":"754f896f-c3ee-48ac-b6c8-db8c2407bece","mysis_name":"multi-4","stage":"messages_converted","memory_count":2,"message_count":3,"content_bytes":631,"reasoning_bytes":0,"role_counts":{"system":1,"user":1},"source_counts":{"system":2},"tool_call_count":0,"time":"2026-02-07T16:54:13Z","message":"Context stats (ephemeral)"}
{"level":"debug","mysis_id":"754f896f-c3ee-48ac-b6c8-db8c2407bece","mysis_name":"multi-4","stage":"before_llm_call","memory_count":2,"message_count":3,"content_bytes":631,"reasoning_bytes":0,"role_counts":{"system":1,"user":1},"source_counts":{"system":2},"tool_call_count":0,"time":"2026-02-07T16:54:13Z","message":"Context stats (ephemeral)"}
{"level":"info","count":5,"time":"2026-02-07T16:54:13Z","message":"All myses stopped"}
{"level":"debug","mysis_id":"a30c2562-af3e-4c8f-8f6a-e91cfeafd746","mysis_name":"test-wg","stage":"context_memories","memory_count":2,"message_count":0,"content_bytes":542,"reasoning_bytes":0,"role_counts":{"system":1,"user":1},"source_counts":{"system":2},"tool_call_count":0,"time":"2026-02-07T16:54:13Z","message":"Context stats (ephemeral)"}
{"level":"debug","mysis_id":"a30c2562-af3e-4c8f-8f6a-e91cfeafd746","mysis_name":"test-wg","stage":"messages_converted","memory_count":2,"message_count":3,"content_bytes":631,"reasoning_bytes":0,"role_counts":{"system":1,"user":1},"source_counts":{"system":2},"tool_call_count":0,"time":"2026-02-07T16:54:13Z","message":"Context stats (ephemeral)"}
{"level":"debug","mysis_id":"a30c2562-af3e-4c8f-8f6a-e91cfeafd746","mysis_name":"test-wg","stage":"before_llm_call","memory_count":2,"message_count":3,"content_bytes":631,"reasoning_bytes":0,"role_counts":{"system":1,"user":1},"source_counts":{"system":2},"tool_call_count":0,"time":"2026-02-07T16:54:13Z","message":"Context stats (ephemeral)"}
{"level":"info","count":1,"time":"2026-02-07T16:54:13Z","message":"All myses stopped"}
{"level":"info","count":0,"time":"2026-02-07T16:54:13Z","message":"All myses stopped"}
{"level":"info","count":0,"time":"2026-02-07T16:54:13Z","message":"All myses stopped"}
{"level":"info","count":0,"time":"2026-02-07T16:54:13Z","message":"All myses stopped"}
{"level":"info","count":0,"time":"2026-02-07T16:54:13Z","message":"All myses stopped"}
{"level":"info","count":0,"time":"2026-02-07T16:54:13Z","message":"All myses stopped"}
{"level":"info","count":0,"time":"2026-02-07T16:54:13Z","message":"All myses stopped"}
{"level":"info","count":3,"time":"2026-02-07T16:54:13Z","message":"All myses stopped"}
{"level":"info","count":1,"time":"2026-02-07T16:54:13Z","message":"All myses stopped"}
FAIL
coverage: 77.8% of statements
FAIL	github.com/xonecas/zoea-nova/internal/core	41.102s
ok  	github.com/xonecas/zoea-nova/internal/integration	0.210s	coverage: [no statements]
ok  	github.com/xonecas/zoea-nova/internal/mcp	0.006s	coverage: 59.2% of statements
ok  	github.com/xonecas/zoea-nova/internal/provider	33.674s	coverage: 84.8% of statements
ok  	github.com/xonecas/zoea-nova/internal/store	0.018s	coverage: 79.3% of statements
--- FAIL: TestHelp (0.00s)
    --- FAIL: TestHelp/content (0.00s)
        --- FAIL: TestHelp/content/ANSI (0.00s)
            golden_test.go:305: output does not match, expected:
                
                
                
                
                
                
                
                
                
                                                                                                    
                                                    \x1b[38;2;157;0;255m╔═════════════════════════════════════════════╗\x1b[0m 
                                                    \x1b[38;2;157;0;255m║\x1b[0m\x1b[48;2;20;20;31m                                             \x1b[0m\x1b[38;2;157;0;255m║\x1b[0m 
                                                    \x1b[38;2;157;0;255m║\x1b[0m\x1b[48;2;20;20;31m  \x1b[0m\x1b[48;2;20;20;31m\x1b[1;38;2;157;0;255m ⬥═══ ⬡ COMMAND REFERENCE ⬡ ═══⬥\x1b[0m\x1b[0m\x1b[48;2;20;20;31m  \x1b[0m\x1b[48;2;20;20;31m         \x1b[0m\x1b[38;2;157;0;255m║\x1b[0m 
                                                    \x1b[38;2;157;0;255m║\x1b[0m\x1b[48;2;20;20;31m  \x1b[0m\x1b[48;2;20;20;31m\x1b[0m\x1b[48;2;20;20;31m  \x1b[0m\x1b[48;2;20;20;31m                                         \x1b[0m\x1b[38;2;157;0;255m║\x1b[0m 
                                                    \x1b[38;2;157;0;255m║\x1b[0m\x1b[48;2;20;20;31m  \x1b[0m\x1b[48;2;20;20;31m\x1b[1;38;2;0;255;204mq / Ctrl+C     \x1b[0m  \x1b[38;2;85;85;170mQuit\x1b[0m\x1b[0m\x1b[48;2;20;20;31m  \x1b[0m\x1b[48;2;20;20;31m                    \x1b[0m\x1b[38;2;157;0;255m║\x1b[0m 
                                                    \x1b[38;2;157;0;255m║\x1b[0m\x1b[48;2;20;20;31m  \x1b[0m\x1b[48;2;20;20;31m\x1b[1;38;2;0;255;204mn              \x1b[0m  \x1b[38;2;85;85;170mNew mysis\x1b[0m\x1b[0m\x1b[48;2;20;20;31m  \x1b[0m\x1b[48;2;20;20;31m               \x1b[0m\x1b[38;2;157;0;255m║\x1b[0m 
                                                    \x1b[38;2;157;0;255m║\x1b[0m\x1b[48;2;20;20;31m  \x1b[0m\x1b[48;2;20;20;31m\x1b[1;38;2;0;255;204md              \x1b[0m  \x1b[38;2;85;85;170mDelete selected mysis\x1b[0m\x1b[0m\x1b[48;2;20;20;31m  \x1b[0m\x1b[48;2;20;20;31m   \x1b[0m\x1b[38;2;157;0;255m║\x1b[0m 
                                                    \x1b[38;2;157;0;255m║\x1b[0m\x1b[48;2;20;20;31m  \x1b[0m\x1b[48;2;20;20;31m\x1b[1;38;2;0;255;204mr              \x1b[0m  \x1b[38;2;85;85;170mRelaunch selected mysis\x1b[0m\x1b[0m\x1b[48;2;20;20;31m  \x1b[0m\x1b[48;2;20;20;31m \x1b[0m\x1b[38;2;157;0;255m║\x1b[0m 
                                                    \x1b[38;2;157;0;255m║\x1b[0m\x1b[48;2;20;20;31m  \x1b[0m\x1b[48;2;20;20;31m\x1b[1;38;2;0;255;204ms              \x1b[0m  \x1b[38;2;85;85;170mStop selected mysis\x1b[0m\x1b[0m\x1b[48;2;20;20;31m  \x1b[0m\x1b[48;2;20;20;31m     \x1b[0m\x1b[38;2;157;0;255m║\x1b[0m 
                                                    \x1b[38;2;157;0;255m║\x1b[0m\x1b[48;2;20;20;31m  \x1b[0m\x1b[48;2;20;20;31m\x1b[1;38;2;0;255;204mb              \x1b[0m  \x1b[38;2;85;85;170mBroadcast message to all\x1b[0m\x1b[0m\x1b[48;2;20;20;31m  \x1b[0m\x1b[38;2;157;0;255m║\x1b[0m 
                                                    \x1b[38;2;157;0;255m║\x1b[0m\x1b[48;2;20;20;31m  \x1b[0m\x1b[48;2;20;20;31m\x1b[1;38;2;0;255;204mm              \x1b[0m  \x1b[38;2;85;85;170mMessage selected mysis\x1b[0m\x1b[0m\x1b[48;2;20;20;31m  \x1b[0m\x1b[48;2;20;20;31m  \x1b[0m\x1b[38;2;157;0;255m║\x1b[0m 
                                                    \x1b[38;2;157;0;255m║\x1b[0m\x1b[48;2;20;20;31m  \x1b[0m\x1b[48;2;20;20;31m\x1b[1;38;2;0;255;204mc              \x1b[0m  \x1b[38;2;85;85;170mConfigure selected mysis\x1b[0m\x1b[0m\x1b[48;2;20;20;31m  \x1b[0m\x1b[38;2;157;0;255m║\x1b[0m 
                                                    \x1b[38;2;157;0;255m║\x1b[0m\x1b[48;2;20;20;31m  \x1b[0m\x1b[48;2;20;20;31m\x1b[1;38;2;0;255;204mTab / Shift+Tab\x1b[0m  \x1b[38;2;85;85;170mNavigate myses\x1b[0m\x1b[0m\x1b[48;2;20;20;31m  \x1b[0m\x1b[48;2;20;20;31m          \x1b[0m\x1b[38;2;157;0;255m║\x1b[0m 
                                                    \x1b[38;2;157;0;255m║\x1b[0m\x1b[48;2;20;20;31m  \x1b[0m\x1b[48;2;20;20;31m\x1b[1;38;2;0;255;204mEnter          \x1b[0m  \x1b[38;2;85;85;170mFocus selected mysis\x1b[0m\x1b[0m\x1b[48;2;20;20;31m  \x1b[0m\x1b[48;2;20;20;31m    \x1b[0m\x1b[38;2;157;0;255m║\x1b[0m 
                                                    \x1b[38;2;157;0;255m║\x1b[0m\x1b[48;2;20;20;31m  \x1b[0m\x1b[48;2;20;20;31m\x1b[1;38;2;0;255;204mEsc            \x1b[0m  \x1b[38;2;85;85;170mBack / Cancel\x1b[0m\x1b[0m\x1b[48;2;20;20;31m  \x1b[0m\x1b[48;2;20;20;31m           \x1b[0m\x1b[38;2;157;0;255m║\x1b[0m 
                                                    \x1b[38;2;157;0;255m║\x1b[0m\x1b[48;2;20;20;31m  \x1b[0m\x1b[48;2;20;20;31m\x1b[1;38;2;0;255;204m↑ / ↓          \x1b[0m  \x1b[38;2;85;85;170mScroll / Browse history\x1b[0m\x1b[0m\x1b[48;2;20;20;31m  \x1b[0m\x1b[48;2;20;20;31m \x1b[0m\x1b[38;2;157;0;255m║\x1b[0m 
                                                    \x1b[38;2;157;0;255m║\x1b[0m\x1b[48;2;20;20;31m  \x1b[0m\x1b[48;2;20;20;31m\x1b[1;38;2;0;255;204mPgUp / PgDn    \x1b[0m  \x1b[38;2;85;85;170mScroll page\x1b[0m\x1b[0m\x1b[48;2;20;20;31m  \x1b[0m\x1b[48;2;20;20;31m             \x1b[0m\x1b[38;2;157;0;255m║\x1b[0m 
                                                    \x1b[38;2;157;0;255m║\x1b[0m\x1b[48;2;20;20;31m  \x1b[0m\x1b[48;2;20;20;31m\x1b[1;38;2;0;255;204mG / End        \x1b[0m  \x1b[38;2;85;85;170mGo to bottom\x1b[0m\x1b[0m\x1b[48;2;20;20;31m  \x1b[0m\x1b[48;2;20;20;31m            \x1b[0m\x1b[38;2;157;0;255m║\x1b[0m 
                                                    \x1b[38;2;157;0;255m║\x1b[0m\x1b[48;2;20;20;31m  \x1b[0m\x1b[48;2;20;20;31m\x1b[1;38;2;0;255;204m?              \x1b[0m  \x1b[38;2;85;85;170mToggle help\x1b[0m\x1b[0m\x1b[48;2;20;20;31m  \x1b[0m\x1b[48;2;20;20;31m             \x1b[0m\x1b[38;2;157;0;255m║\x1b[0m 
                                                    \x1b[38;2;157;0;255m║\x1b[0m\x1b[48;2;20;20;31m                                             \x1b[0m\x1b[38;2;157;0;255m║\x1b[0m 
                                                    \x1b[38;2;157;0;255m╚═════════════════════════════════════════════╝\x1b[0m 
                                                                                                    
                
                got:
                
                
                
                
                
                
                
                
                
                                                                                                    
                                                    \x1b[38;2;157;0;255m╔═════════════════════════════════════════════╗\x1b[0m 
                                                    \x1b[38;2;157;0;255m║\x1b[0m\x1b[48;2;20;20;31m                                             \x1b[0m\x1b[38;2;157;0;255m║\x1b[0m 
                                                    \x1b[38;2;157;0;255m║\x1b[0m\x1b[48;2;20;20;31m  \x1b[0m\x1b[48;2;20;20;31m\x1b[1;38;2;157;0;255m ⬥═══ ⬡ COMMAND REFERENCE ⬡ ═══⬥\x1b[0m\x1b[0m\x1b[48;2;20;20;31m  \x1b[0m\x1b[48;2;20;20;31m         \x1b[0m\x1b[38;2;157;0;255m║\x1b[0m 
                                                    \x1b[38;2;157;0;255m║\x1b[0m\x1b[48;2;20;20;31m  \x1b[0m\x1b[48;2;20;20;31m\x1b[0m\x1b[48;2;20;20;31m  \x1b[0m\x1b[48;2;20;20;31m                                         \x1b[0m\x1b[38;2;157;0;255m║\x1b[0m 
                                                    \x1b[38;2;157;0;255m║\x1b[0m\x1b[48;2;20;20;31m  \x1b[0m\x1b[48;2;20;20;31m\x1b[1;38;2;0;255;204mq / Ctrl+C     \x1b[0m  \x1b[38;2;85;85;170mQuit\x1b[0m\x1b[0m\x1b[48;2;20;20;31m  \x1b[0m\x1b[48;2;20;20;31m                    \x1b[0m\x1b[38;2;157;0;255m║\x1b[0m 
                                                    \x1b[38;2;157;0;255m║\x1b[0m\x1b[48;2;20;20;31m  \x1b[0m\x1b[48;2;20;20;31m\x1b[1;38;2;0;255;204mn              \x1b[0m  \x1b[38;2;85;85;170mNew mysis\x1b[0m\x1b[0m\x1b[48;2;20;20;31m  \x1b[0m\x1b[48;2;20;20;31m               \x1b[0m\x1b[38;2;157;0;255m║\x1b[0m 
                                                    \x1b[38;2;157;0;255m║\x1b[0m\x1b[48;2;20;20;31m  \x1b[0m\x1b[48;2;20;20;31m\x1b[1;38;2;0;255;204md              \x1b[0m  \x1b[38;2;85;85;170mDelete selected mysis\x1b[0m\x1b[0m\x1b[48;2;20;20;31m  \x1b[0m\x1b[48;2;20;20;31m   \x1b[0m\x1b[38;2;157;0;255m║\x1b[0m 
                                                    \x1b[38;2;157;0;255m║\x1b[0m\x1b[48;2;20;20;31m  \x1b[0m\x1b[48;2;20;20;31m\x1b[1;38;2;0;255;204mr              \x1b[0m  \x1b[38;2;85;85;170mRelaunch selected mysis\x1b[0m\x1b[0m\x1b[48;2;20;20;31m  \x1b[0m\x1b[48;2;20;20;31m \x1b[0m\x1b[38;2;157;0;255m║\x1b[0m 
                                                    \x1b[38;2;157;0;255m║\x1b[0m\x1b[48;2;20;20;31m  \x1b[0m\x1b[48;2;20;20;31m\x1b[1;38;2;0;255;204ms              \x1b[0m  \x1b[38;2;85;85;170mStop selected mysis\x1b[0m\x1b[0m\x1b[48;2;20;20;31m  \x1b[0m\x1b[48;2;20;20;31m     \x1b[0m\x1b[38;2;157;0;255m║\x1b[0m 
                                                    \x1b[38;2;157;0;255m║\x1b[0m\x1b[48;2;20;20;31m  \x1b[0m\x1b[48;2;20;20;31m\x1b[1;38;2;0;255;204mb              \x1b[0m  \x1b[38;2;85;85;170mBroadcast message to all\x1b[0m\x1b[0m\x1b[48;2;20;20;31m  \x1b[0m\x1b[38;2;157;0;255m║\x1b[0m 
                                                    \x1b[38;2;157;0;255m║\x1b[0m\x1b[48;2;20;20;31m  \x1b[0m\x1b[48;2;20;20;31m\x1b[1;38;2;0;255;204mm              \x1b[0m  \x1b[38;2;85;85;170mMessage selected mysis\x1b[0m\x1b[0m\x1b[48;2;20;20;31m  \x1b[0m\x1b[48;2;20;20;31m  \x1b[0m\x1b[38;2;157;0;255m║\x1b[0m 
                                                    \x1b[38;2;157;0;255m║\x1b[0m\x1b[48;2;20;20;31m  \x1b[0m\x1b[48;2;20;20;31m\x1b[1;38;2;0;255;204mc              \x1b[0m  \x1b[38;2;85;85;170mConfigure selected mysis\x1b[0m\x1b[0m\x1b[48;2;20;20;31m  \x1b[0m\x1b[38;2;157;0;255m║\x1b[0m 
                                                    \x1b[38;2;157;0;255m║\x1b[0m\x1b[48;2;20;20;31m  \x1b[0m\x1b[48;2;20;20;31m\x1b[1;38;2;0;255;204mTab / Shift+Tab\x1b[0m  \x1b[38;2;85;85;170mNavigate myses\x1b[0m\x1b[0m\x1b[48;2;20;20;31m  \x1b[0m\x1b[48;2;20;20;31m          \x1b[0m\x1b[38;2;157;0;255m║\x1b[0m 
                                                    \x1b[38;2;157;0;255m║\x1b[0m\x1b[48;2;20;20;31m  \x1b[0m\x1b[48;2;20;20;31m\x1b[1;38;2;0;255;204mEnter          \x1b[0m  \x1b[38;2;85;85;170mFocus selected mysis\x1b[0m\x1b[0m\x1b[48;2;20;20;31m  \x1b[0m\x1b[48;2;20;20;31m    \x1b[0m\x1b[38;2;157;0;255m║\x1b[0m 
                                                    \x1b[38;2;157;0;255m║\x1b[0m\x1b[48;2;20;20;31m  \x1b[0m\x1b[48;2;20;20;31m\x1b[1;38;2;0;255;204mEsc            \x1b[0m  \x1b[38;2;85;85;170mBack / Cancel\x1b[0m\x1b[0m\x1b[48;2;20;20;31m  \x1b[0m\x1b[48;2;20;20;31m           \x1b[0m\x1b[38;2;157;0;255m║\x1b[0m 
                                                    \x1b[38;2;157;0;255m║\x1b[0m\x1b[48;2;20;20;31m  \x1b[0m\x1b[48;2;20;20;31m\x1b[1;38;2;0;255;204m↑ / ↓ / k / j  \x1b[0m  \x1b[38;2;85;85;170mScroll / Browse history\x1b[0m\x1b[0m\x1b[48;2;20;20;31m  \x1b[0m\x1b[48;2;20;20;31m \x1b[0m\x1b[38;2;157;0;255m║\x1b[0m 
                                                    \x1b[38;2;157;0;255m║\x1b[0m\x1b[48;2;20;20;31m  \x1b[0m\x1b[48;2;20;20;31m\x1b[1;38;2;0;255;204mPgUp / PgDn    \x1b[0m  \x1b[38;2;85;85;170mScroll page\x1b[0m\x1b[0m\x1b[48;2;20;20;31m  \x1b[0m\x1b[48;2;20;20;31m             \x1b[0m\x1b[38;2;157;0;255m║\x1b[0m 
                                                    \x1b[38;2;157;0;255m║\x1b[0m\x1b[48;2;20;20;31m  \x1b[0m\x1b[48;2;20;20;31m\x1b[1;38;2;0;255;204mG / End        \x1b[0m  \x1b[38;2;85;85;170mGo to bottom\x1b[0m\x1b[0m\x1b[48;2;20;20;31m  \x1b[0m\x1b[48;2;20;20;31m            \x1b[0m\x1b[38;2;157;0;255m║\x1b[0m 
                                                    \x1b[38;2;157;0;255m║\x1b[0m\x1b[48;2;20;20;31m  \x1b[0m\x1b[48;2;20;20;31m\x1b[1;38;2;0;255;204m?              \x1b[0m  \x1b[38;2;85;85;170mToggle help\x1b[0m\x1b[0m\x1b[48;2;20;20;31m  \x1b[0m\x1b[48;2;20;20;31m             \x1b[0m\x1b[38;2;157;0;255m║\x1b[0m 
                                                    \x1b[38;2;157;0;255m║\x1b[0m\x1b[48;2;20;20;31m                                             \x1b[0m\x1b[38;2;157;0;255m║\x1b[0m 
                                                    \x1b[38;2;157;0;255m╚═════════════════════════════════════════════╝\x1b[0m 
                                                                                                    
                
                diff:
                
                --- golden
                +++ run
                @@ -22,7 +22,7 @@
                                                     \x1b[38;2;157;0;255m║\x1b[0m\x1b[48;2;20;20;31m  \x1b[0m\x1b[48;2;20;20;31m\x1b[1;38;2;0;255;204mTab / Shift+Tab\x1b[0m  \x1b[38;2;85;85;170mNavigate myses\x1b[0m\x1b[0m\x1b[48;2;20;20;31m  \x1b[0m\x1b[48;2;20;20;31m          \x1b[0m\x1b[38;2;157;0;255m║\x1b[0m 
                                                     \x1b[38;2;157;0;255m║\x1b[0m\x1b[48;2;20;20;31m  \x1b[0m\x1b[48;2;20;20;31m\x1b[1;38;2;0;255;204mEnter          \x1b[0m  \x1b[38;2;85;85;170mFocus selected mysis\x1b[0m\x1b[0m\x1b[48;2;20;20;31m  \x1b[0m\x1b[48;2;20;20;31m    \x1b[0m\x1b[38;2;157;0;255m║\x1b[0m 
                                                     \x1b[38;2;157;0;255m║\x1b[0m\x1b[48;2;20;20;31m  \x1b[0m\x1b[48;2;20;20;31m\x1b[1;38;2;0;255;204mEsc            \x1b[0m  \x1b[38;2;85;85;170mBack / Cancel\x1b[0m\x1b[0m\x1b[48;2;20;20;31m  \x1b[0m\x1b[48;2;20;20;31m           \x1b[0m\x1b[38;2;157;0;255m║\x1b[0m 
                -                                    \x1b[38;2;157;0;255m║\x1b[0m\x1b[48;2;20;20;31m  \x1b[0m\x1b[48;2;20;20;31m\x1b[1;38;2;0;255;204m↑ / ↓          \x1b[0m  \x1b[38;2;85;85;170mScroll / Browse history\x1b[0m\x1b[0m\x1b[48;2;20;20;31m  \x1b[0m\x1b[48;2;20;20;31m \x1b[0m\x1b[38;2;157;0;255m║\x1b[0m 
                +                                    \x1b[38;2;157;0;255m║\x1b[0m\x1b[48;2;20;20;31m  \x1b[0m\x1b[48;2;20;20;31m\x1b[1;38;2;0;255;204m↑ / ↓ / k / j  \x1b[0m  \x1b[38;2;85;85;170mScroll / Browse history\x1b[0m\x1b[0m\x1b[48;2;20;20;31m  \x1b[0m\x1b[48;2;20;20;31m \x1b[0m\x1b[38;2;157;0;255m║\x1b[0m 
                                                     \x1b[38;2;157;0;255m║\x1b[0m\x1b[48;2;20;20;31m  \x1b[0m\x1b[48;2;20;20;31m\x1b[1;38;2;0;255;204mPgUp / PgDn    \x1b[0m  \x1b[38;2;85;85;170mScroll page\x1b[0m\x1b[0m\x1b[48;2;20;20;31m  \x1b[0m\x1b[48;2;20;20;31m             \x1b[0m\x1b[38;2;157;0;255m║\x1b[0m 
                                                     \x1b[38;2;157;0;255m║\x1b[0m\x1b[48;2;20;20;31m  \x1b[0m\x1b[48;2;20;20;31m\x1b[1;38;2;0;255;204mG / End        \x1b[0m  \x1b[38;2;85;85;170mGo to bottom\x1b[0m\x1b[0m\x1b[48;2;20;20;31m  \x1b[0m\x1b[48;2;20;20;31m            \x1b[0m\x1b[38;2;157;0;255m║\x1b[0m 
                                                     \x1b[38;2;157;0;255m║\x1b[0m\x1b[48;2;20;20;31m  \x1b[0m\x1b[48;2;20;20;31m\x1b[1;38;2;0;255;204m?              \x1b[0m  \x1b[38;2;85;85;170mToggle help\x1b[0m\x1b[0m\x1b[48;2;20;20;31m  \x1b[0m\x1b[48;2;20;20;31m             \x1b[0m\x1b[38;2;157;0;255m║\x1b[0m 
        --- FAIL: TestHelp/content/Stripped (0.00s)
            golden_test.go:310: output does not match, expected:
                
                
                
                
                
                
                
                
                
                                                                                                    
                                                    ╔═════════════════════════════════════════════╗ 
                                                    ║                                             ║ 
                                                    ║   ⬥═══ ⬡ COMMAND REFERENCE ⬡ ═══⬥           ║ 
                                                    ║                                             ║ 
                                                    ║  q / Ctrl+C       Quit                      ║ 
                                                    ║  n                New mysis                 ║ 
                                                    ║  d                Delete selected mysis     ║ 
                                                    ║  r                Relaunch selected mysis   ║ 
                                                    ║  s                Stop selected mysis       ║ 
                                                    ║  b                Broadcast message to all  ║ 
                                                    ║  m                Message selected mysis    ║ 
                                                    ║  c                Configure selected mysis  ║ 
                                                    ║  Tab / Shift+Tab  Navigate myses            ║ 
                                                    ║  Enter            Focus selected mysis      ║ 
                                                    ║  Esc              Back / Cancel             ║ 
                                                    ║  ↑ / ↓            Scroll / Browse history   ║ 
                                                    ║  PgUp / PgDn      Scroll page               ║ 
                                                    ║  G / End          Go to bottom              ║ 
                                                    ║  ?                Toggle help               ║ 
                                                    ║                                             ║ 
                                                    ╚═════════════════════════════════════════════╝ 
                                                                                                    
                
                got:
                
                
                
                
                
                
                
                
                
                                                                                                    
                                                    ╔═════════════════════════════════════════════╗ 
                                                    ║                                             ║ 
                                                    ║   ⬥═══ ⬡ COMMAND REFERENCE ⬡ ═══⬥           ║ 
                                                    ║                                             ║ 
                                                    ║  q / Ctrl+C       Quit                      ║ 
                                                    ║  n                New mysis                 ║ 
                                                    ║  d                Delete selected mysis     ║ 
                                                    ║  r                Relaunch selected mysis   ║ 
                                                    ║  s                Stop selected mysis       ║ 
                                                    ║  b                Broadcast message to all  ║ 
                                                    ║  m                Message selected mysis    ║ 
                                                    ║  c                Configure selected mysis  ║ 
                                                    ║  Tab / Shift+Tab  Navigate myses            ║ 
                                                    ║  Enter            Focus selected mysis      ║ 
                                                    ║  Esc              Back / Cancel             ║ 
                                                    ║  ↑ / ↓ / k / j    Scroll / Browse history   ║ 
                                                    ║  PgUp / PgDn      Scroll page               ║ 
                                                    ║  G / End          Go to bottom              ║ 
                                                    ║  ?                Toggle help               ║ 
                                                    ║                                             ║ 
                                                    ╚═════════════════════════════════════════════╝ 
                                                                                                    
                
                diff:
                
                --- golden
                +++ run
                @@ -22,7 +22,7 @@
                                                     ║  Tab / Shift+Tab  Navigate myses            ║ 
                                                     ║  Enter            Focus selected mysis      ║ 
                                                     ║  Esc              Back / Cancel             ║ 
                -                                    ║  ↑ / ↓            Scroll / Browse history   ║ 
                +                                    ║  ↑ / ↓ / k / j    Scroll / Browse history   ║ 
                                                     ║  PgUp / PgDn      Scroll page               ║ 
                                                     ║  G / End          Go to bottom              ║ 
                                                     ║  ?                Toggle help               ║ 
{"level":"info","count":2,"time":"2026-02-07T16:53:32Z","message":"All myses stopped"}
{"level":"info","count":2,"time":"2026-02-07T16:53:33Z","message":"All myses stopped"}
{"level":"info","count":1,"time":"2026-02-07T16:53:33Z","message":"All myses stopped"}
{"level":"info","count":0,"time":"2026-02-07T16:53:33Z","message":"All myses stopped"}
{"level":"debug","mysis_id":"535dd3e3-0db5-49d4-a67a-4af5394d3dc3","mysis_name":"mysis-1","stage":"context_memories","memory_count":2,"message_count":0,"content_bytes":542,"reasoning_bytes":0,"role_counts":{"system":1,"user":1},"source_counts":{"system":2},"tool_call_count":0,"time":"2026-02-07T16:53:33Z","message":"Context stats (ephemeral)"}
{"level":"debug","mysis_id":"535dd3e3-0db5-49d4-a67a-4af5394d3dc3","mysis_name":"mysis-1","stage":"messages_converted","memory_count":2,"message_count":3,"content_bytes":631,"reasoning_bytes":0,"role_counts":{"system":1,"user":1},"source_counts":{"system":2},"tool_call_count":0,"time":"2026-02-07T16:53:33Z","message":"Context stats (ephemeral)"}
{"level":"debug","mysis_id":"535dd3e3-0db5-49d4-a67a-4af5394d3dc3","mysis_name":"mysis-1","stage":"before_llm_call","memory_count":2,"message_count":3,"content_bytes":631,"reasoning_bytes":0,"role_counts":{"system":1,"user":1},"source_counts":{"system":2},"tool_call_count":0,"time":"2026-02-07T16:53:33Z","message":"Context stats (ephemeral)"}
{"level":"debug","mysis_id":"535dd3e3-0db5-49d4-a67a-4af5394d3dc3","mysis_name":"mysis-1","stage":"context_memories","memory_count":2,"message_count":0,"content_bytes":480,"reasoning_bytes":0,"role_counts":{"system":1,"user":1},"source_counts":{"broadcast":1,"system":1},"tool_call_count":0,"time":"2026-02-07T16:53:33Z","message":"Context stats (ephemeral)"}
{"level":"debug","mysis_id":"535dd3e3-0db5-49d4-a67a-4af5394d3dc3","mysis_name":"mysis-1","stage":"messages_converted","memory_count":2,"message_count":3,"content_bytes":569,"reasoning_bytes":0,"role_counts":{"system":1,"user":1},"source_counts":{"broadcast":1,"system":1},"tool_call_count":0,"time":"2026-02-07T16:53:33Z","message":"Context stats (ephemeral)"}
{"level":"debug","mysis_id":"535dd3e3-0db5-49d4-a67a-4af5394d3dc3","mysis_name":"mysis-1","stage":"before_llm_call","memory_count":2,"message_count":3,"content_bytes":569,"reasoning_bytes":0,"role_counts":{"system":1,"user":1},"source_counts":{"broadcast":1,"system":1},"tool_call_count":0,"time":"2026-02-07T16:53:33Z","message":"Context stats (ephemeral)"}
{"level":"info","count":1,"time":"2026-02-07T16:53:33Z","message":"All myses stopped"}
{"level":"debug","mysis_id":"f41e5ba4-a784-4d8f-8741-a37de74856ab","mysis_name":"mysis-1","stage":"context_memories","memory_count":2,"message_count":0,"content_bytes":542,"reasoning_bytes":0,"role_counts":{"system":1,"user":1},"source_counts":{"system":2},"tool_call_count":0,"time":"2026-02-07T16:53:33Z","message":"Context stats (ephemeral)"}
{"level":"debug","mysis_id":"f41e5ba4-a784-4d8f-8741-a37de74856ab","mysis_name":"mysis-1","stage":"messages_converted","memory_count":2,"message_count":3,"content_bytes":631,"reasoning_bytes":0,"role_counts":{"system":1,"user":1},"source_counts":{"system":2},"tool_call_count":0,"time":"2026-02-07T16:53:33Z","message":"Context stats (ephemeral)"}
{"level":"debug","mysis_id":"f41e5ba4-a784-4d8f-8741-a37de74856ab","mysis_name":"mysis-1","stage":"before_llm_call","memory_count":2,"message_count":3,"content_bytes":631,"reasoning_bytes":0,"role_counts":{"system":1,"user":1},"source_counts":{"system":2},"tool_call_count":0,"time":"2026-02-07T16:53:33Z","message":"Context stats (ephemeral)"}
{"level":"debug","mysis_id":"f41e5ba4-a784-4d8f-8741-a37de74856ab","mysis_name":"mysis-1","stage":"context_memories","memory_count":2,"message_count":0,"content_bytes":481,"reasoning_bytes":0,"role_counts":{"system":1,"user":1},"source_counts":{"direct":1,"system":1},"tool_call_count":0,"time":"2026-02-07T16:53:33Z","message":"Context stats"}
{"level":"debug","mysis_id":"f41e5ba4-a784-4d8f-8741-a37de74856ab","mysis_name":"mysis-1","stage":"messages_converted","memory_count":2,"message_count":2,"content_bytes":481,"reasoning_bytes":0,"role_counts":{"system":1,"user":1},"source_counts":{"direct":1,"system":1},"tool_call_count":0,"time":"2026-02-07T16:53:33Z","message":"Context stats"}
{"level":"debug","mysis_id":"f41e5ba4-a784-4d8f-8741-a37de74856ab","mysis_name":"mysis-1","stage":"before_llm_call","memory_count":2,"message_count":2,"content_bytes":481,"reasoning_bytes":0,"role_counts":{"system":1,"user":1},"source_counts":{"direct":1,"system":1},"tool_call_count":0,"time":"2026-02-07T16:53:33Z","message":"Context stats"}
{"level":"info","count":1,"time":"2026-02-07T16:53:33Z","message":"All myses stopped"}
{"level":"info","count":1,"time":"2026-02-07T16:53:33Z","message":"All myses stopped"}
{"level":"info","count":1,"time":"2026-02-07T16:53:33Z","message":"All myses stopped"}
{"level":"info","count":0,"time":"2026-02-07T16:53:33Z","message":"All myses stopped"}
{"level":"debug","mysis_id":"fe95bf2c-2d9a-4aac-9d31-bd1049ccc1c0","mysis_name":"mysis-1","stage":"context_memories","memory_count":2,"message_count":0,"content_bytes":483,"reasoning_bytes":0,"role_counts":{"system":1,"user":1},"source_counts":{"direct":1,"system":1},"tool_call_count":0,"time":"2026-02-07T16:53:33Z","message":"Context stats"}
{"level":"debug","mysis_id":"fe95bf2c-2d9a-4aac-9d31-bd1049ccc1c0","mysis_name":"mysis-1","stage":"messages_converted","memory_count":2,"message_count":2,"content_bytes":483,"reasoning_bytes":0,"role_counts":{"system":1,"user":1},"source_counts":{"direct":1,"system":1},"tool_call_count":0,"time":"2026-02-07T16:53:33Z","message":"Context stats"}
{"level":"debug","mysis_id":"fe95bf2c-2d9a-4aac-9d31-bd1049ccc1c0","mysis_name":"mysis-1","stage":"before_llm_call","memory_count":2,"message_count":2,"content_bytes":483,"reasoning_bytes":0,"role_counts":{"system":1,"user":1},"source_counts":{"direct":1,"system":1},"tool_call_count":0,"time":"2026-02-07T16:53:33Z","message":"Context stats"}
{"level":"debug","mysis_id":"fe95bf2c-2d9a-4aac-9d31-bd1049ccc1c0","mysis_name":"mysis-1","stage":"context_memories","memory_count":2,"message_count":0,"content_bytes":483,"reasoning_bytes":0,"role_counts":{"system":1,"user":1},"source_counts":{"direct":1,"system":1},"tool_call_count":0,"time":"2026-02-07T16:53:33Z","message":"Context stats"}
{"level":"debug","mysis_id":"fe95bf2c-2d9a-4aac-9d31-bd1049ccc1c0","mysis_name":"mysis-1","stage":"messages_converted","memory_count":2,"message_count":2,"content_bytes":483,"reasoning_bytes":0,"role_counts":{"system":1,"user":1},"source_counts":{"direct":1,"system":1},"tool_call_count":0,"time":"2026-02-07T16:53:33Z","message":"Context stats"}
{"level":"debug","mysis_id":"fe95bf2c-2d9a-4aac-9d31-bd1049ccc1c0","mysis_name":"mysis-1","stage":"before_llm_call","memory_count":2,"message_count":2,"content_bytes":483,"reasoning_bytes":0,"role_counts":{"system":1,"user":1},"source_counts":{"direct":1,"system":1},"tool_call_count":0,"time":"2026-02-07T16:53:33Z","message":"Context stats"}
{"level":"debug","mysis_id":"fe95bf2c-2d9a-4aac-9d31-bd1049ccc1c0","mysis_name":"mysis-1","stage":"context_memories","memory_count":2,"message_count":0,"content_bytes":483,"reasoning_bytes":0,"role_counts":{"system":1,"user":1},"source_counts":{"direct":1,"system":1},"tool_call_count":0,"time":"2026-02-07T16:53:33Z","message":"Context stats"}
{"level":"debug","mysis_id":"fe95bf2c-2d9a-4aac-9d31-bd1049ccc1c0","mysis_name":"mysis-1","stage":"messages_converted","memory_count":2,"message_count":2,"content_bytes":483,"reasoning_bytes":0,"role_counts":{"system":1,"user":1},"source_counts":{"direct":1,"system":1},"tool_call_count":0,"time":"2026-02-07T16:53:33Z","message":"Context stats"}
{"level":"debug","mysis_id":"fe95bf2c-2d9a-4aac-9d31-bd1049ccc1c0","mysis_name":"mysis-1","stage":"before_llm_call","memory_count":2,"message_count":2,"content_bytes":483,"reasoning_bytes":0,"role_counts":{"system":1,"user":1},"source_counts":{"direct":1,"system":1},"tool_call_count":0,"time":"2026-02-07T16:53:33Z","message":"Context stats"}
{"level":"debug","mysis_id":"fe95bf2c-2d9a-4aac-9d31-bd1049ccc1c0","mysis_name":"mysis-1","stage":"context_memories","memory_count":2,"message_count":0,"content_bytes":483,"reasoning_bytes":0,"role_counts":{"system":1,"user":1},"source_counts":{"direct":1,"system":1},"tool_call_count":0,"time":"2026-02-07T16:53:33Z","message":"Context stats"}
{"level":"debug","mysis_id":"fe95bf2c-2d9a-4aac-9d31-bd1049ccc1c0","mysis_name":"mysis-1","stage":"messages_converted","memory_count":2,"message_count":2,"content_bytes":483,"reasoning_bytes":0,"role_counts":{"system":1,"user":1},"source_counts":{"direct":1,"system":1},"tool_call_count":0,"time":"2026-02-07T16:53:33Z","message":"Context stats"}
{"level":"debug","mysis_id":"fe95bf2c-2d9a-4aac-9d31-bd1049ccc1c0","mysis_name":"mysis-1","stage":"before_llm_call","memory_count":2,"message_count":2,"content_bytes":483,"reasoning_bytes":0,"role_counts":{"system":1,"user":1},"source_counts":{"direct":1,"system":1},"tool_call_count":0,"time":"2026-02-07T16:53:33Z","message":"Context stats"}
{"level":"debug","mysis_id":"fe95bf2c-2d9a-4aac-9d31-bd1049ccc1c0","mysis_name":"mysis-1","stage":"context_memories","memory_count":2,"message_count":0,"content_bytes":483,"reasoning_bytes":0,"role_counts":{"system":1,"user":1},"source_counts":{"direct":1,"system":1},"tool_call_count":0,"time":"2026-02-07T16:53:33Z","message":"Context stats"}
{"level":"debug","mysis_id":"fe95bf2c-2d9a-4aac-9d31-bd1049ccc1c0","mysis_name":"mysis-1","stage":"messages_converted","memory_count":2,"message_count":2,"content_bytes":483,"reasoning_bytes":0,"role_counts":{"system":1,"user":1},"source_counts":{"direct":1,"system":1},"tool_call_count":0,"time":"2026-02-07T16:53:33Z","message":"Context stats"}
{"level":"debug","mysis_id":"fe95bf2c-2d9a-4aac-9d31-bd1049ccc1c0","mysis_name":"mysis-1","stage":"before_llm_call","memory_count":2,"message_count":2,"content_bytes":483,"reasoning_bytes":0,"role_counts":{"system":1,"user":1},"source_counts":{"direct":1,"system":1},"tool_call_count":0,"time":"2026-02-07T16:53:33Z","message":"Context stats"}
{"level":"debug","mysis_id":"fe95bf2c-2d9a-4aac-9d31-bd1049ccc1c0","mysis_name":"mysis-1","stage":"context_memories","memory_count":2,"message_count":0,"content_bytes":483,"reasoning_bytes":0,"role_counts":{"system":1,"user":1},"source_counts":{"direct":1,"system":1},"tool_call_count":0,"time":"2026-02-07T16:53:33Z","message":"Context stats"}
{"level":"debug","mysis_id":"fe95bf2c-2d9a-4aac-9d31-bd1049ccc1c0","mysis_name":"mysis-1","stage":"messages_converted","memory_count":2,"message_count":2,"content_bytes":483,"reasoning_bytes":0,"role_counts":{"system":1,"user":1},"source_counts":{"direct":1,"system":1},"tool_call_count":0,"time":"2026-02-07T16:53:33Z","message":"Context stats"}
{"level":"debug","mysis_id":"fe95bf2c-2d9a-4aac-9d31-bd1049ccc1c0","mysis_name":"mysis-1","stage":"before_llm_call","memory_count":2,"message_count":2,"content_bytes":483,"reasoning_bytes":0,"role_counts":{"system":1,"user":1},"source_counts":{"direct":1,"system":1},"tool_call_count":0,"time":"2026-02-07T16:53:33Z","message":"Context stats"}
{"level":"debug","mysis_id":"fe95bf2c-2d9a-4aac-9d31-bd1049ccc1c0","mysis_name":"mysis-1","stage":"context_memories","memory_count":2,"message_count":0,"content_bytes":483,"reasoning_bytes":0,"role_counts":{"system":1,"user":1},"source_counts":{"direct":1,"system":1},"tool_call_count":0,"time":"2026-02-07T16:53:33Z","message":"Context stats"}
{"level":"debug","mysis_id":"fe95bf2c-2d9a-4aac-9d31-bd1049ccc1c0","mysis_name":"mysis-1","stage":"messages_converted","memory_count":2,"message_count":2,"content_bytes":483,"reasoning_bytes":0,"role_counts":{"system":1,"user":1},"source_counts":{"direct":1,"system":1},"tool_call_count":0,"time":"2026-02-07T16:53:33Z","message":"Context stats"}
{"level":"debug","mysis_id":"fe95bf2c-2d9a-4aac-9d31-bd1049ccc1c0","mysis_name":"mysis-1","stage":"before_llm_call","memory_count":2,"message_count":2,"content_bytes":483,"reasoning_bytes":0,"role_counts":{"system":1,"user":1},"source_counts":{"direct":1,"system":1},"tool_call_count":0,"time":"2026-02-07T16:53:33Z","message":"Context stats"}
{"level":"debug","mysis_id":"fe95bf2c-2d9a-4aac-9d31-bd1049ccc1c0","mysis_name":"mysis-1","stage":"context_memories","memory_count":2,"message_count":0,"content_bytes":483,"reasoning_bytes":0,"role_counts":{"system":1,"user":1},"source_counts":{"direct":1,"system":1},"tool_call_count":0,"time":"2026-02-07T16:53:33Z","message":"Context stats"}
{"level":"debug","mysis_id":"fe95bf2c-2d9a-4aac-9d31-bd1049ccc1c0","mysis_name":"mysis-1","stage":"messages_converted","memory_count":2,"message_count":2,"content_bytes":483,"reasoning_bytes":0,"role_counts":{"system":1,"user":1},"source_counts":{"direct":1,"system":1},"tool_call_count":0,"time":"2026-02-07T16:53:33Z","message":"Context stats"}
{"level":"debug","mysis_id":"fe95bf2c-2d9a-4aac-9d31-bd1049ccc1c0","mysis_name":"mysis-1","stage":"before_llm_call","memory_count":2,"message_count":2,"content_bytes":483,"reasoning_bytes":0,"role_counts":{"system":1,"user":1},"source_counts":{"direct":1,"system":1},"tool_call_count":0,"time":"2026-02-07T16:53:33Z","message":"Context stats"}
{"level":"debug","mysis_id":"fe95bf2c-2d9a-4aac-9d31-bd1049ccc1c0","mysis_name":"mysis-1","stage":"context_memories","memory_count":2,"message_count":0,"content_bytes":483,"reasoning_bytes":0,"role_counts":{"system":1,"user":1},"source_counts":{"direct":1,"system":1},"tool_call_count":0,"time":"2026-02-07T16:53:33Z","message":"Context stats"}
{"level":"debug","mysis_id":"fe95bf2c-2d9a-4aac-9d31-bd1049ccc1c0","mysis_name":"mysis-1","stage":"messages_converted","memory_count":2,"message_count":2,"content_bytes":483,"reasoning_bytes":0,"role_counts":{"system":1,"user":1},"source_counts":{"direct":1,"system":1},"tool_call_count":0,"time":"2026-02-07T16:53:33Z","message":"Context stats"}
{"level":"debug","mysis_id":"fe95bf2c-2d9a-4aac-9d31-bd1049ccc1c0","mysis_name":"mysis-1","stage":"before_llm_call","memory_count":2,"message_count":2,"content_bytes":483,"reasoning_bytes":0,"role_counts":{"system":1,"user":1},"source_counts":{"direct":1,"system":1},"tool_call_count":0,"time":"2026-02-07T16:53:33Z","message":"Context stats"}
{"level":"debug","mysis_id":"fe95bf2c-2d9a-4aac-9d31-bd1049ccc1c0","mysis_name":"mysis-1","stage":"context_memories","memory_count":2,"message_count":0,"content_bytes":483,"reasoning_bytes":0,"role_counts":{"system":1,"user":1},"source_counts":{"direct":1,"system":1},"tool_call_count":0,"time":"2026-02-07T16:53:33Z","message":"Context stats"}
{"level":"debug","mysis_id":"fe95bf2c-2d9a-4aac-9d31-bd1049ccc1c0","mysis_name":"mysis-1","stage":"messages_converted","memory_count":2,"message_count":2,"content_bytes":483,"reasoning_bytes":0,"role_counts":{"system":1,"user":1},"source_counts":{"direct":1,"system":1},"tool_call_count":0,"time":"2026-02-07T16:53:33Z","message":"Context stats"}
{"level":"debug","mysis_id":"fe95bf2c-2d9a-4aac-9d31-bd1049ccc1c0","mysis_name":"mysis-1","stage":"before_llm_call","memory_count":2,"message_count":2,"content_bytes":483,"reasoning_bytes":0,"role_counts":{"system":1,"user":1},"source_counts":{"direct":1,"system":1},"tool_call_count":0,"time":"2026-02-07T16:53:33Z","message":"Context stats"}
{"level":"debug","mysis_id":"fe95bf2c-2d9a-4aac-9d31-bd1049ccc1c0","mysis_name":"mysis-1","stage":"context_memories","memory_count":2,"message_count":0,"content_bytes":483,"reasoning_bytes":0,"role_counts":{"system":1,"user":1},"source_counts":{"direct":1,"system":1},"tool_call_count":0,"time":"2026-02-07T16:53:33Z","message":"Context stats"}
{"level":"debug","mysis_id":"fe95bf2c-2d9a-4aac-9d31-bd1049ccc1c0","mysis_name":"mysis-1","stage":"messages_converted","memory_count":2,"message_count":2,"content_bytes":483,"reasoning_bytes":0,"role_counts":{"system":1,"user":1},"source_counts":{"direct":1,"system":1},"tool_call_count":0,"time":"2026-02-07T16:53:33Z","message":"Context stats"}
{"level":"debug","mysis_id":"fe95bf2c-2d9a-4aac-9d31-bd1049ccc1c0","mysis_name":"mysis-1","stage":"before_llm_call","memory_count":2,"message_count":2,"content_bytes":483,"reasoning_bytes":0,"role_counts":{"system":1,"user":1},"source_counts":{"direct":1,"system":1},"tool_call_count":0,"time":"2026-02-07T16:53:33Z","message":"Context stats"}
{"level":"debug","mysis_id":"fe95bf2c-2d9a-4aac-9d31-bd1049ccc1c0","mysis_name":"mysis-1","stage":"context_memories","memory_count":2,"message_count":0,"content_bytes":483,"reasoning_bytes":0,"role_counts":{"system":1,"user":1},"source_counts":{"direct":1,"system":1},"tool_call_count":0,"time":"2026-02-07T16:53:33Z","message":"Context stats"}
{"level":"debug","mysis_id":"fe95bf2c-2d9a-4aac-9d31-bd1049ccc1c0","mysis_name":"mysis-1","stage":"messages_converted","memory_count":2,"message_count":2,"content_bytes":483,"reasoning_bytes":0,"role_counts":{"system":1,"user":1},"source_counts":{"direct":1,"system":1},"tool_call_count":0,"time":"2026-02-07T16:53:33Z","message":"Context stats"}
{"level":"debug","mysis_id":"fe95bf2c-2d9a-4aac-9d31-bd1049ccc1c0","mysis_name":"mysis-1","stage":"before_llm_call","memory_count":2,"message_count":2,"content_bytes":483,"reasoning_bytes":0,"role_counts":{"system":1,"user":1},"source_counts":{"direct":1,"system":1},"tool_call_count":0,"time":"2026-02-07T16:53:33Z","message":"Context stats"}
{"level":"debug","mysis_id":"fe95bf2c-2d9a-4aac-9d31-bd1049ccc1c0","mysis_name":"mysis-1","stage":"context_memories","memory_count":2,"message_count":0,"content_bytes":483,"reasoning_bytes":0,"role_counts":{"system":1,"user":1},"source_counts":{"direct":1,"system":1},"tool_call_count":0,"time":"2026-02-07T16:53:33Z","message":"Context stats"}
{"level":"debug","mysis_id":"fe95bf2c-2d9a-4aac-9d31-bd1049ccc1c0","mysis_name":"mysis-1","stage":"messages_converted","memory_count":2,"message_count":2,"content_bytes":483,"reasoning_bytes":0,"role_counts":{"system":1,"user":1},"source_counts":{"direct":1,"system":1},"tool_call_count":0,"time":"2026-02-07T16:53:33Z","message":"Context stats"}
{"level":"debug","mysis_id":"fe95bf2c-2d9a-4aac-9d31-bd1049ccc1c0","mysis_name":"mysis-1","stage":"before_llm_call","memory_count":2,"message_count":2,"content_bytes":483,"reasoning_bytes":0,"role_counts":{"system":1,"user":1},"source_counts":{"direct":1,"system":1},"tool_call_count":0,"time":"2026-02-07T16:53:33Z","message":"Context stats"}
{"level":"debug","mysis_id":"fe95bf2c-2d9a-4aac-9d31-bd1049ccc1c0","mysis_name":"mysis-1","stage":"context_memories","memory_count":2,"message_count":0,"content_bytes":483,"reasoning_bytes":0,"role_counts":{"system":1,"user":1},"source_counts":{"direct":1,"system":1},"tool_call_count":0,"time":"2026-02-07T16:53:33Z","message":"Context stats"}
{"level":"debug","mysis_id":"fe95bf2c-2d9a-4aac-9d31-bd1049ccc1c0","mysis_name":"mysis-1","stage":"messages_converted","memory_count":2,"message_count":2,"content_bytes":483,"reasoning_bytes":0,"role_counts":{"system":1,"user":1},"source_counts":{"direct":1,"system":1},"tool_call_count":0,"time":"2026-02-07T16:53:33Z","message":"Context stats"}
{"level":"debug","mysis_id":"fe95bf2c-2d9a-4aac-9d31-bd1049ccc1c0","mysis_name":"mysis-1","stage":"before_llm_call","memory_count":2,"message_count":2,"content_bytes":483,"reasoning_bytes":0,"role_counts":{"system":1,"user":1},"source_counts":{"direct":1,"system":1},"tool_call_count":0,"time":"2026-02-07T16:53:33Z","message":"Context stats"}
{"level":"debug","mysis_id":"fe95bf2c-2d9a-4aac-9d31-bd1049ccc1c0","mysis_name":"mysis-1","stage":"context_memories","memory_count":2,"message_count":0,"content_bytes":483,"reasoning_bytes":0,"role_counts":{"system":1,"user":1},"source_counts":{"direct":1,"system":1},"tool_call_count":0,"time":"2026-02-07T16:53:33Z","message":"Context stats"}
{"level":"debug","mysis_id":"fe95bf2c-2d9a-4aac-9d31-bd1049ccc1c0","mysis_name":"mysis-1","stage":"messages_converted","memory_count":2,"message_count":2,"content_bytes":483,"reasoning_bytes":0,"role_counts":{"system":1,"user":1},"source_counts":{"direct":1,"system":1},"tool_call_count":0,"time":"2026-02-07T16:53:33Z","message":"Context stats"}
{"level":"debug","mysis_id":"fe95bf2c-2d9a-4aac-9d31-bd1049ccc1c0","mysis_name":"mysis-1","stage":"before_llm_call","memory_count":2,"message_count":2,"content_bytes":483,"reasoning_bytes":0,"role_counts":{"system":1,"user":1},"source_counts":{"direct":1,"system":1},"tool_call_count":0,"time":"2026-02-07T16:53:33Z","message":"Context stats"}
{"level":"debug","mysis_id":"fe95bf2c-2d9a-4aac-9d31-bd1049ccc1c0","mysis_name":"mysis-1","stage":"context_memories","memory_count":2,"message_count":0,"content_bytes":483,"reasoning_bytes":0,"role_counts":{"system":1,"user":1},"source_counts":{"direct":1,"system":1},"tool_call_count":0,"time":"2026-02-07T16:53:33Z","message":"Context stats"}
{"level":"debug","mysis_id":"fe95bf2c-2d9a-4aac-9d31-bd1049ccc1c0","mysis_name":"mysis-1","stage":"messages_converted","memory_count":2,"message_count":2,"content_bytes":483,"reasoning_bytes":0,"role_counts":{"system":1,"user":1},"source_counts":{"direct":1,"system":1},"tool_call_count":0,"time":"2026-02-07T16:53:33Z","message":"Context stats"}
{"level":"debug","mysis_id":"fe95bf2c-2d9a-4aac-9d31-bd1049ccc1c0","mysis_name":"mysis-1","stage":"before_llm_call","memory_count":2,"message_count":2,"content_bytes":483,"reasoning_bytes":0,"role_counts":{"system":1,"user":1},"source_counts":{"direct":1,"system":1},"tool_call_count":0,"time":"2026-02-07T16:53:33Z","message":"Context stats"}
{"level":"debug","mysis_id":"fe95bf2c-2d9a-4aac-9d31-bd1049ccc1c0","mysis_name":"mysis-1","stage":"context_memories","memory_count":2,"message_count":0,"content_bytes":483,"reasoning_bytes":0,"role_counts":{"system":1,"user":1},"source_counts":{"direct":1,"system":1},"tool_call_count":0,"time":"2026-02-07T16:53:33Z","message":"Context stats"}
{"level":"debug","mysis_id":"fe95bf2c-2d9a-4aac-9d31-bd1049ccc1c0","mysis_name":"mysis-1","stage":"messages_converted","memory_count":2,"message_count":2,"content_bytes":483,"reasoning_bytes":0,"role_counts":{"system":1,"user":1},"source_counts":{"direct":1,"system":1},"tool_call_count":0,"time":"2026-02-07T16:53:33Z","message":"Context stats"}
{"level":"debug","mysis_id":"fe95bf2c-2d9a-4aac-9d31-bd1049ccc1c0","mysis_name":"mysis-1","stage":"before_llm_call","memory_count":2,"message_count":2,"content_bytes":483,"reasoning_bytes":0,"role_counts":{"system":1,"user":1},"source_counts":{"direct":1,"system":1},"tool_call_count":0,"time":"2026-02-07T16:53:33Z","message":"Context stats"}
{"level":"debug","mysis_id":"fe95bf2c-2d9a-4aac-9d31-bd1049ccc1c0","mysis_name":"mysis-1","stage":"context_memories","memory_count":2,"message_count":0,"content_bytes":483,"reasoning_bytes":0,"role_counts":{"system":1,"user":1},"source_counts":{"direct":1,"system":1},"tool_call_count":0,"time":"2026-02-07T16:53:33Z","message":"Context stats"}
{"level":"debug","mysis_id":"fe95bf2c-2d9a-4aac-9d31-bd1049ccc1c0","mysis_name":"mysis-1","stage":"messages_converted","memory_count":2,"message_count":2,"content_bytes":483,"reasoning_bytes":0,"role_counts":{"system":1,"user":1},"source_counts":{"direct":1,"system":1},"tool_call_count":0,"time":"2026-02-07T16:53:33Z","message":"Context stats"}
{"level":"debug","mysis_id":"fe95bf2c-2d9a-4aac-9d31-bd1049ccc1c0","mysis_name":"mysis-1","stage":"before_llm_call","memory_count":2,"message_count":2,"content_bytes":483,"reasoning_bytes":0,"role_counts":{"system":1,"user":1},"source_counts":{"direct":1,"system":1},"tool_call_count":0,"time":"2026-02-07T16:53:33Z","message":"Context stats"}
{"level":"debug","mysis_id":"fe95bf2c-2d9a-4aac-9d31-bd1049ccc1c0","mysis_name":"mysis-1","stage":"context_memories","memory_count":2,"message_count":0,"content_bytes":483,"reasoning_bytes":0,"role_counts":{"system":1,"user":1},"source_counts":{"direct":1,"system":1},"tool_call_count":0,"time":"2026-02-07T16:53:33Z","message":"Context stats"}
{"level":"debug","mysis_id":"fe95bf2c-2d9a-4aac-9d31-bd1049ccc1c0","mysis_name":"mysis-1","stage":"messages_converted","memory_count":2,"message_count":2,"content_bytes":483,"reasoning_bytes":0,"role_counts":{"system":1,"user":1},"source_counts":{"direct":1,"system":1},"tool_call_count":0,"time":"2026-02-07T16:53:33Z","message":"Context stats"}
{"level":"debug","mysis_id":"fe95bf2c-2d9a-4aac-9d31-bd1049ccc1c0","mysis_name":"mysis-1","stage":"before_llm_call","memory_count":2,"message_count":2,"content_bytes":483,"reasoning_bytes":0,"role_counts":{"system":1,"user":1},"source_counts":{"direct":1,"system":1},"tool_call_count":0,"time":"2026-02-07T16:53:33Z","message":"Context stats"}
{"level":"debug","mysis_id":"fe95bf2c-2d9a-4aac-9d31-bd1049ccc1c0","mysis_name":"mysis-1","stage":"context_memories","memory_count":2,"message_count":0,"content_bytes":483,"reasoning_bytes":0,"role_counts":{"system":1,"user":1},"source_counts":{"direct":1,"system":1},"tool_call_count":0,"time":"2026-02-07T16:53:33Z","message":"Context stats"}
{"level":"debug","mysis_id":"fe95bf2c-2d9a-4aac-9d31-bd1049ccc1c0","mysis_name":"mysis-1","stage":"messages_converted","memory_count":2,"message_count":2,"content_bytes":483,"reasoning_bytes":0,"role_counts":{"system":1,"user":1},"source_counts":{"direct":1,"system":1},"tool_call_count":0,"time":"2026-02-07T16:53:33Z","message":"Context stats"}
{"level":"debug","mysis_id":"fe95bf2c-2d9a-4aac-9d31-bd1049ccc1c0","mysis_name":"mysis-1","stage":"before_llm_call","memory_count":2,"message_count":2,"content_bytes":483,"reasoning_bytes":0,"role_counts":{"system":1,"user":1},"source_counts":{"direct":1,"system":1},"tool_call_count":0,"time":"2026-02-07T16:53:33Z","message":"Context stats"}
{"level":"info","count":1,"time":"2026-02-07T16:53:33Z","message":"All myses stopped"}
{"level":"info","count":1,"time":"2026-02-07T16:53:34Z","message":"All myses stopped"}
{"level":"debug","mysis_id":"95417d46-87a0-407a-a10b-d13d4b635794","mysis_name":"mysis-1","stage":"context_memories","memory_count":2,"message_count":0,"content_bytes":542,"reasoning_bytes":0,"role_counts":{"system":1,"user":1},"source_counts":{"system":2},"tool_call_count":0,"time":"2026-02-07T16:53:34Z","message":"Context stats (ephemeral)"}
{"level":"debug","mysis_id":"95417d46-87a0-407a-a10b-d13d4b635794","mysis_name":"mysis-1","stage":"messages_converted","memory_count":2,"message_count":3,"content_bytes":631,"reasoning_bytes":0,"role_counts":{"system":1,"user":1},"source_counts":{"system":2},"tool_call_count":0,"time":"2026-02-07T16:53:34Z","message":"Context stats (ephemeral)"}
{"level":"debug","mysis_id":"95417d46-87a0-407a-a10b-d13d4b635794","mysis_name":"mysis-1","stage":"before_llm_call","memory_count":2,"message_count":3,"content_bytes":631,"reasoning_bytes":0,"role_counts":{"system":1,"user":1},"source_counts":{"system":2},"tool_call_count":0,"time":"2026-02-07T16:53:34Z","message":"Context stats (ephemeral)"}
{"level":"info","count":1,"time":"2026-02-07T16:53:34Z","message":"All myses stopped"}
{"level":"debug","mysis_id":"ac8dc983-38b3-408d-83f0-b016619652ce","mysis_name":"mysis-1","stage":"context_memories","memory_count":2,"message_count":0,"content_bytes":542,"reasoning_bytes":0,"role_counts":{"system":1,"user":1},"source_counts":{"system":2},"tool_call_count":0,"time":"2026-02-07T16:53:34Z","message":"Context stats (ephemeral)"}
{"level":"debug","mysis_id":"ac8dc983-38b3-408d-83f0-b016619652ce","mysis_name":"mysis-1","stage":"messages_converted","memory_count":2,"message_count":3,"content_bytes":631,"reasoning_bytes":0,"role_counts":{"system":1,"user":1},"source_counts":{"system":2},"tool_call_count":0,"time":"2026-02-07T16:53:34Z","message":"Context stats (ephemeral)"}
{"level":"debug","mysis_id":"ac8dc983-38b3-408d-83f0-b016619652ce","mysis_name":"mysis-1","stage":"before_llm_call","memory_count":2,"message_count":3,"content_bytes":631,"reasoning_bytes":0,"role_counts":{"system":1,"user":1},"source_counts":{"system":2},"tool_call_count":0,"time":"2026-02-07T16:53:34Z","message":"Context stats (ephemeral)"}
{"level":"info","count":1,"time":"2026-02-07T16:53:34Z","message":"All myses stopped"}
{"level":"debug","mysis_id":"2ef94de6-ed92-4932-9dea-0b66081bb62e","mysis_name":"mysis-1","stage":"context_memories","memory_count":2,"message_count":0,"content_bytes":542,"reasoning_bytes":0,"role_counts":{"system":1,"user":1},"source_counts":{"system":2},"tool_call_count":0,"time":"2026-02-07T16:53:34Z","message":"Context stats (ephemeral)"}
{"level":"debug","mysis_id":"2ef94de6-ed92-4932-9dea-0b66081bb62e","mysis_name":"mysis-1","stage":"messages_converted","memory_count":2,"message_count":3,"content_bytes":631,"reasoning_bytes":0,"role_counts":{"system":1,"user":1},"source_counts":{"system":2},"tool_call_count":0,"time":"2026-02-07T16:53:34Z","message":"Context stats (ephemeral)"}
{"level":"debug","mysis_id":"2ef94de6-ed92-4932-9dea-0b66081bb62e","mysis_name":"mysis-1","stage":"before_llm_call","memory_count":2,"message_count":3,"content_bytes":631,"reasoning_bytes":0,"role_counts":{"system":1,"user":1},"source_counts":{"system":2},"tool_call_count":0,"time":"2026-02-07T16:53:34Z","message":"Context stats (ephemeral)"}
{"level":"debug","mysis_id":"2ef94de6-ed92-4932-9dea-0b66081bb62e","mysis_name":"mysis-1","stage":"context_memories","memory_count":2,"message_count":0,"content_bytes":491,"reasoning_bytes":0,"role_counts":{"system":1,"user":1},"source_counts":{"broadcast":1,"system":1},"tool_call_count":0,"time":"2026-02-07T16:53:34Z","message":"Context stats (ephemeral)"}
{"level":"debug","mysis_id":"2ef94de6-ed92-4932-9dea-0b66081bb62e","mysis_name":"mysis-1","stage":"messages_converted","memory_count":2,"message_count":3,"content_bytes":580,"reasoning_bytes":0,"role_counts":{"system":1,"user":1},"source_counts":{"broadcast":1,"system":1},"tool_call_count":0,"time":"2026-02-07T16:53:34Z","message":"Context stats (ephemeral)"}
{"level":"debug","mysis_id":"2ef94de6-ed92-4932-9dea-0b66081bb62e","mysis_name":"mysis-1","stage":"before_llm_call","memory_count":2,"message_count":3,"content_bytes":580,"reasoning_bytes":0,"role_counts":{"system":1,"user":1},"source_counts":{"broadcast":1,"system":1},"tool_call_count":0,"time":"2026-02-07T16:53:34Z","message":"Context stats (ephemeral)"}
{"level":"info","count":1,"time":"2026-02-07T16:53:34Z","message":"All myses stopped"}
{"level":"info","count":2,"time":"2026-02-07T16:53:34Z","message":"All myses stopped"}
{"level":"info","count":1,"time":"2026-02-07T16:53:34Z","message":"All myses stopped"}
{"level":"info","count":2,"time":"2026-02-07T16:53:34Z","message":"All myses stopped"}
{"level":"info","count":1,"time":"2026-02-07T16:53:34Z","message":"All myses stopped"}
{"level":"info","count":5,"time":"2026-02-07T16:53:34Z","message":"All myses stopped"}
{"level":"debug","mysis_id":"651f9477-e80e-4f9c-baf3-f4970b9edfe1","mysis_name":"running-mysis","stage":"context_memories","memory_count":2,"message_count":0,"content_bytes":542,"reasoning_bytes":0,"role_counts":{"system":1,"user":1},"source_counts":{"system":2},"tool_call_count":0,"time":"2026-02-07T16:53:34Z","message":"Context stats (ephemeral)"}
{"level":"debug","mysis_id":"651f9477-e80e-4f9c-baf3-f4970b9edfe1","mysis_name":"running-mysis","stage":"messages_converted","memory_count":2,"message_count":3,"content_bytes":631,"reasoning_bytes":0,"role_counts":{"system":1,"user":1},"source_counts":{"system":2},"tool_call_count":0,"time":"2026-02-07T16:53:34Z","message":"Context stats (ephemeral)"}
{"level":"debug","mysis_id":"651f9477-e80e-4f9c-baf3-f4970b9edfe1","mysis_name":"running-mysis","stage":"before_llm_call","memory_count":2,"message_count":3,"content_bytes":631,"reasoning_bytes":0,"role_counts":{"system":1,"user":1},"source_counts":{"system":2},"tool_call_count":0,"time":"2026-02-07T16:53:34Z","message":"Context stats (ephemeral)"}
{"level":"info","count":1,"time":"2026-02-07T16:53:35Z","message":"All myses stopped"}
{"level":"debug","mysis_id":"036b96da-6aea-4804-8b49-9e9b6266ab01","mysis_name":"mysis-1","stage":"context_memories","memory_count":2,"message_count":0,"content_bytes":542,"reasoning_bytes":0,"role_counts":{"system":1,"user":1},"source_counts":{"system":2},"tool_call_count":0,"time":"2026-02-07T16:53:35Z","message":"Context stats (ephemeral)"}
{"level":"debug","mysis_id":"036b96da-6aea-4804-8b49-9e9b6266ab01","mysis_name":"mysis-1","stage":"messages_converted","memory_count":2,"message_count":3,"content_bytes":631,"reasoning_bytes":0,"role_counts":{"system":1,"user":1},"source_counts":{"system":2},"tool_call_count":0,"time":"2026-02-07T16:53:35Z","message":"Context stats (ephemeral)"}
{"level":"debug","mysis_id":"036b96da-6aea-4804-8b49-9e9b6266ab01","mysis_name":"mysis-1","stage":"before_llm_call","memory_count":2,"message_count":3,"content_bytes":631,"reasoning_bytes":0,"role_counts":{"system":1,"user":1},"source_counts":{"system":2},"tool_call_count":0,"time":"2026-02-07T16:53:35Z","message":"Context stats (ephemeral)"}
{"level":"info","count":1,"time":"2026-02-07T16:53:35Z","message":"All myses stopped"}
{"level":"debug","mysis_id":"c292b6f4-b815-4c16-b557-6cb3d6d7c866","mysis_name":"mysis-1","stage":"context_memories","memory_count":2,"message_count":0,"content_bytes":542,"reasoning_bytes":0,"role_counts":{"system":1,"user":1},"source_counts":{"system":2},"tool_call_count":0,"time":"2026-02-07T16:53:35Z","message":"Context stats (ephemeral)"}
{"level":"debug","mysis_id":"c292b6f4-b815-4c16-b557-6cb3d6d7c866","mysis_name":"mysis-1","stage":"messages_converted","memory_count":2,"message_count":3,"content_bytes":631,"reasoning_bytes":0,"role_counts":{"system":1,"user":1},"source_counts":{"system":2},"tool_call_count":0,"time":"2026-02-07T16:53:35Z","message":"Context stats (ephemeral)"}
{"level":"debug","mysis_id":"c292b6f4-b815-4c16-b557-6cb3d6d7c866","mysis_name":"mysis-1","stage":"before_llm_call","memory_count":2,"message_count":3,"content_bytes":631,"reasoning_bytes":0,"role_counts":{"system":1,"user":1},"source_counts":{"system":2},"tool_call_count":0,"time":"2026-02-07T16:53:35Z","message":"Context stats (ephemeral)"}
{"level":"debug","mysis_id":"12dacd46-ec68-4d04-9341-00cb0457b617","mysis_name":"mysis-0","stage":"context_memories","memory_count":2,"message_count":0,"content_bytes":542,"reasoning_bytes":0,"role_counts":{"system":1,"user":1},"source_counts":{"system":2},"tool_call_count":0,"time":"2026-02-07T16:53:35Z","message":"Context stats (ephemeral)"}
{"level":"debug","mysis_id":"12dacd46-ec68-4d04-9341-00cb0457b617","mysis_name":"mysis-0","stage":"messages_converted","memory_count":2,"message_count":3,"content_bytes":631,"reasoning_bytes":0,"role_counts":{"system":1,"user":1},"source_counts":{"system":2},"tool_call_count":0,"time":"2026-02-07T16:53:35Z","message":"Context stats (ephemeral)"}
{"level":"debug","mysis_id":"12dacd46-ec68-4d04-9341-00cb0457b617","mysis_name":"mysis-0","stage":"before_llm_call","memory_count":2,"message_count":3,"content_bytes":631,"reasoning_bytes":0,"role_counts":{"system":1,"user":1},"source_counts":{"system":2},"tool_call_count":0,"time":"2026-02-07T16:53:35Z","message":"Context stats (ephemeral)"}
{"level":"debug","mysis_id":"53ebbb04-0256-40c2-8a9b-c38562d859d5","mysis_name":"mysis-2","stage":"context_memories","memory_count":2,"message_count":0,"content_bytes":542,"reasoning_bytes":0,"role_counts":{"system":1,"user":1},"source_counts":{"system":2},"tool_call_count":0,"time":"2026-02-07T16:53:35Z","message":"Context stats (ephemeral)"}
{"level":"debug","mysis_id":"53ebbb04-0256-40c2-8a9b-c38562d859d5","mysis_name":"mysis-2","stage":"messages_converted","memory_count":2,"message_count":3,"content_bytes":631,"reasoning_bytes":0,"role_counts":{"system":1,"user":1},"source_counts":{"system":2},"tool_call_count":0,"time":"2026-02-07T16:53:35Z","message":"Context stats (ephemeral)"}
{"level":"debug","mysis_id":"53ebbb04-0256-40c2-8a9b-c38562d859d5","mysis_name":"mysis-2","stage":"before_llm_call","memory_count":2,"message_count":3,"content_bytes":631,"reasoning_bytes":0,"role_counts":{"system":1,"user":1},"source_counts":{"system":2},"tool_call_count":0,"time":"2026-02-07T16:53:35Z","message":"Context stats (ephemeral)"}
{"level":"info","count":3,"time":"2026-02-07T16:53:36Z","message":"All myses stopped"}
{"level":"debug","mysis_id":"22c914a9-85ec-49c2-a701-ce62d29989cd","mysis_name":"mysis-1","stage":"context_memories","memory_count":2,"message_count":0,"content_bytes":542,"reasoning_bytes":0,"role_counts":{"system":1,"user":1},"source_counts":{"system":2},"tool_call_count":0,"time":"2026-02-07T16:53:36Z","message":"Context stats (ephemeral)"}
{"level":"debug","mysis_id":"22c914a9-85ec-49c2-a701-ce62d29989cd","mysis_name":"mysis-1","stage":"messages_converted","memory_count":2,"message_count":3,"content_bytes":631,"reasoning_bytes":0,"role_counts":{"system":1,"user":1},"source_counts":{"system":2},"tool_call_count":0,"time":"2026-02-07T16:53:36Z","message":"Context stats (ephemeral)"}
{"level":"debug","mysis_id":"22c914a9-85ec-49c2-a701-ce62d29989cd","mysis_name":"mysis-1","stage":"before_llm_call","memory_count":2,"message_count":3,"content_bytes":631,"reasoning_bytes":0,"role_counts":{"system":1,"user":1},"source_counts":{"system":2},"tool_call_count":0,"time":"2026-02-07T16:53:36Z","message":"Context stats (ephemeral)"}
{"level":"info","count":1,"time":"2026-02-07T16:53:36Z","message":"All myses stopped"}
{"level":"debug","mysis_id":"fb37c7a5-5385-491e-928c-615edc912984","mysis_name":"mysis-1","stage":"context_memories","memory_count":2,"message_count":0,"content_bytes":542,"reasoning_bytes":0,"role_counts":{"system":1,"user":1},"source_counts":{"system":2},"tool_call_count":0,"time":"2026-02-07T16:53:36Z","message":"Context stats (ephemeral)"}
{"level":"debug","mysis_id":"fb37c7a5-5385-491e-928c-615edc912984","mysis_name":"mysis-1","stage":"messages_converted","memory_count":2,"message_count":3,"content_bytes":631,"reasoning_bytes":0,"role_counts":{"system":1,"user":1},"source_counts":{"system":2},"tool_call_count":0,"time":"2026-02-07T16:53:36Z","message":"Context stats (ephemeral)"}
{"level":"debug","mysis_id":"fb37c7a5-5385-491e-928c-615edc912984","mysis_name":"mysis-1","stage":"before_llm_call","memory_count":2,"message_count":3,"content_bytes":631,"reasoning_bytes":0,"role_counts":{"system":1,"user":1},"source_counts":{"system":2},"tool_call_count":0,"time":"2026-02-07T16:53:36Z","message":"Context stats (ephemeral)"}
{"level":"info","count":1,"time":"2026-02-07T16:53:36Z","message":"All myses stopped"}
{"level":"info","count":0,"time":"2026-02-07T16:53:36Z","message":"All myses stopped"}
{"level":"debug","mysis_id":"b93595da-95e5-4ed1-9871-860d8712543f","mysis_name":"mysis-1","stage":"context_memories","memory_count":2,"message_count":0,"content_bytes":542,"reasoning_bytes":0,"role_counts":{"system":1,"user":1},"source_counts":{"system":2},"tool_call_count":0,"time":"2026-02-07T16:53:36Z","message":"Context stats (ephemeral)"}
{"level":"debug","mysis_id":"b93595da-95e5-4ed1-9871-860d8712543f","mysis_name":"mysis-1","stage":"messages_converted","memory_count":2,"message_count":3,"content_bytes":631,"reasoning_bytes":0,"role_counts":{"system":1,"user":1},"source_counts":{"system":2},"tool_call_count":0,"time":"2026-02-07T16:53:36Z","message":"Context stats (ephemeral)"}
{"level":"debug","mysis_id":"b93595da-95e5-4ed1-9871-860d8712543f","mysis_name":"mysis-1","stage":"before_llm_call","memory_count":2,"message_count":3,"content_bytes":631,"reasoning_bytes":0,"role_counts":{"system":1,"user":1},"source_counts":{"system":2},"tool_call_count":0,"time":"2026-02-07T16:53:36Z","message":"Context stats (ephemeral)"}
{"level":"debug","mysis_id":"b93595da-95e5-4ed1-9871-860d8712543f","mysis_name":"mysis-1","stage":"context_memories","memory_count":2,"message_count":0,"content_bytes":474,"reasoning_bytes":0,"role_counts":{"system":1,"user":1},"source_counts":{"broadcast":1,"system":1},"tool_call_count":0,"time":"2026-02-07T16:53:36Z","message":"Context stats (ephemeral)"}
{"level":"debug","mysis_id":"b93595da-95e5-4ed1-9871-860d8712543f","mysis_name":"mysis-1","stage":"messages_converted","memory_count":2,"message_count":3,"content_bytes":563,"reasoning_bytes":0,"role_counts":{"system":1,"user":1},"source_counts":{"broadcast":1,"system":1},"tool_call_count":0,"time":"2026-02-07T16:53:36Z","message":"Context stats (ephemeral)"}
{"level":"debug","mysis_id":"b93595da-95e5-4ed1-9871-860d8712543f","mysis_name":"mysis-1","stage":"before_llm_call","memory_count":2,"message_count":3,"content_bytes":563,"reasoning_bytes":0,"role_counts":{"system":1,"user":1},"source_counts":{"broadcast":1,"system":1},"tool_call_count":0,"time":"2026-02-07T16:53:36Z","message":"Context stats (ephemeral)"}
{"level":"info","count":1,"time":"2026-02-07T16:53:36Z","message":"All myses stopped"}
{"level":"debug","mysis_id":"282fa6ea-7f60-4085-9949-e90907fa7886","mysis_name":"mysis-1","stage":"context_memories","memory_count":2,"message_count":0,"content_bytes":542,"reasoning_bytes":0,"role_counts":{"system":1,"user":1},"source_counts":{"system":2},"tool_call_count":0,"time":"2026-02-07T16:53:36Z","message":"Context stats (ephemeral)"}
{"level":"debug","mysis_id":"282fa6ea-7f60-4085-9949-e90907fa7886","mysis_name":"mysis-1","stage":"messages_converted","memory_count":2,"message_count":3,"content_bytes":631,"reasoning_bytes":0,"role_counts":{"system":1,"user":1},"source_counts":{"system":2},"tool_call_count":0,"time":"2026-02-07T16:53:36Z","message":"Context stats (ephemeral)"}
{"level":"debug","mysis_id":"282fa6ea-7f60-4085-9949-e90907fa7886","mysis_name":"mysis-1","stage":"before_llm_call","memory_count":2,"message_count":3,"content_bytes":631,"reasoning_bytes":0,"role_counts":{"system":1,"user":1},"source_counts":{"system":2},"tool_call_count":0,"time":"2026-02-07T16:53:36Z","message":"Context stats (ephemeral)"}
{"level":"info","count":1,"time":"2026-02-07T16:53:36Z","message":"All myses stopped"}
{"level":"info","count":0,"time":"2026-02-07T16:53:36Z","message":"All myses stopped"}
{"level":"info","count":1,"time":"2026-02-07T16:53:36Z","message":"All myses stopped"}
{"level":"info","count":2,"time":"2026-02-07T16:53:36Z","message":"All myses stopped"}
{"level":"info","count":1,"time":"2026-02-07T16:53:37Z","message":"All myses stopped"}
{"level":"info","count":3,"time":"2026-02-07T16:53:37Z","message":"All myses stopped"}
{"level":"info","count":0,"time":"2026-02-07T16:53:37Z","message":"All myses stopped"}
{"level":"info","count":0,"time":"2026-02-07T16:53:37Z","message":"All myses stopped"}
{"level":"info","count":0,"time":"2026-02-07T16:53:37Z","message":"All myses stopped"}
{"level":"info","count":0,"time":"2026-02-07T16:53:37Z","message":"All myses stopped"}
{"level":"info","count":0,"time":"2026-02-07T16:53:37Z","message":"All myses stopped"}
{"level":"info","count":0,"time":"2026-02-07T16:53:37Z","message":"All myses stopped"}
{"level":"info","count":0,"time":"2026-02-07T16:53:37Z","message":"All myses stopped"}
{"level":"info","count":0,"time":"2026-02-07T16:53:37Z","message":"All myses stopped"}
{"level":"info","count":0,"time":"2026-02-07T16:53:37Z","message":"All myses stopped"}
{"level":"info","count":0,"time":"2026-02-07T16:53:37Z","message":"All myses stopped"}
{"level":"info","count":0,"time":"2026-02-07T16:53:37Z","message":"All myses stopped"}
{"level":"info","count":0,"time":"2026-02-07T16:53:37Z","message":"All myses stopped"}
{"level":"info","count":0,"time":"2026-02-07T16:53:37Z","message":"All myses stopped"}
{"level":"info","count":0,"time":"2026-02-07T16:53:37Z","message":"All myses stopped"}
{"level":"info","count":0,"time":"2026-02-07T16:53:37Z","message":"All myses stopped"}
{"level":"info","count":0,"time":"2026-02-07T16:53:37Z","message":"All myses stopped"}
{"level":"info","count":0,"time":"2026-02-07T16:53:37Z","message":"All myses stopped"}
{"level":"info","count":0,"time":"2026-02-07T16:53:37Z","message":"All myses stopped"}
{"level":"info","count":0,"time":"2026-02-07T16:53:37Z","message":"All myses stopped"}
{"level":"info","count":0,"time":"2026-02-07T16:53:37Z","message":"All myses stopped"}
{"level":"info","count":0,"time":"2026-02-07T16:53:37Z","message":"All myses stopped"}
{"level":"info","count":0,"time":"2026-02-07T16:53:37Z","message":"All myses stopped"}
{"level":"info","count":0,"time":"2026-02-07T16:53:37Z","message":"All myses stopped"}
{"level":"info","count":0,"time":"2026-02-07T16:53:37Z","message":"All myses stopped"}
{"level":"info","count":0,"time":"2026-02-07T16:53:37Z","message":"All myses stopped"}
{"level":"info","count":0,"time":"2026-02-07T16:53:37Z","message":"All myses stopped"}
{"level":"info","count":0,"time":"2026-02-07T16:53:37Z","message":"All myses stopped"}
{"level":"info","count":0,"time":"2026-02-07T16:53:37Z","message":"All myses stopped"}
{"level":"info","count":0,"time":"2026-02-07T16:53:37Z","message":"All myses stopped"}
{"level":"info","count":0,"time":"2026-02-07T16:53:37Z","message":"All myses stopped"}
{"level":"info","count":0,"time":"2026-02-07T16:53:37Z","message":"All myses stopped"}
{"level":"info","count":0,"time":"2026-02-07T16:53:37Z","message":"All myses stopped"}
{"level":"info","count":0,"time":"2026-02-07T16:53:37Z","message":"All myses stopped"}
{"level":"info","count":0,"time":"2026-02-07T16:53:37Z","message":"All myses stopped"}
{"level":"info","count":0,"time":"2026-02-07T16:53:37Z","message":"All myses stopped"}
{"level":"info","count":0,"time":"2026-02-07T16:53:37Z","message":"All myses stopped"}
{"level":"info","count":0,"time":"2026-02-07T16:53:37Z","message":"All myses stopped"}
{"level":"info","count":0,"time":"2026-02-07T16:53:37Z","message":"All myses stopped"}
{"level":"info","count":0,"time":"2026-02-07T16:53:37Z","message":"All myses stopped"}
{"level":"info","count":0,"time":"2026-02-07T16:53:37Z","message":"All myses stopped"}
{"level":"info","count":0,"time":"2026-02-07T16:53:37Z","message":"All myses stopped"}
{"level":"info","count":0,"time":"2026-02-07T16:53:37Z","message":"All myses stopped"}
{"level":"info","count":0,"time":"2026-02-07T16:53:37Z","message":"All myses stopped"}
{"level":"info","count":2,"time":"2026-02-07T16:53:37Z","message":"All myses stopped"}
{"level":"info","count":1,"time":"2026-02-07T16:53:37Z","message":"All myses stopped"}
{"level":"info","count":0,"time":"2026-02-07T16:53:37Z","message":"All myses stopped"}
{"level":"info","count":1,"time":"2026-02-07T16:53:37Z","message":"All myses stopped"}
{"level":"info","count":1,"time":"2026-02-07T16:53:37Z","message":"All myses stopped"}
{"level":"info","count":1,"time":"2026-02-07T16:53:37Z","message":"All myses stopped"}
FAIL
coverage: 84.5% of statements
FAIL	github.com/xonecas/zoea-nova/internal/tui	5.138s
FAIL
