                                                                                
 T42000 ⬡ [12:00] AI: ───────────────────────────────────────────────────────── 
 I found the following data: {"ore": 42, "fuel": 50}.                           
 Should I proceed?                                                              