                                                                                
 [38;2;255;0;204m[38;2;0;255;204mT42000[0m [38;2;157;0;255m⬡[0m [38;2;85;85;170m[12:00][0m AI:[0m[38;5;240m ─────────────────────────────────────────────────────────[0m 
 Here's the status:                                                             
 ```json                                                                        
 {"status": "running", "health": 100}                                           
 ```                                                                            
 Looks good!                                                                    