                                                                                
 T42000 ⬡ [12:00] AI: ───────────────────────────────────────────────────────── 
 Here's the status:                                                             
 ```json                                                                        
 {"status": "running", "health": 100}                                           
 ```                                                                            
 Looks good!                                                                    