                                                                                                    
 [38;2;255;204;0m[38;2;0;255;204mT42337[0m [38;2;157;0;255m⬡[0m [38;2;85;85;170m[14:30][0m TOOL:[0m[38;5;240m ───────────────────────────────────────────────────────────────────────────[0m 
   └─[38;5;214m"ship": [0m                                                                                       
     ├─[38;5;214m"cargo": [0m                                                                                    
     │ ├─[38;5;214m"capacity": [0m1000                                                                           
     │ ├─[38;5;214m"items": [0m                                                                                  
     │ │ ├─[38;5;240m[0] [0m                                                                                     
     │ │ │ ├─[38;5;214m"name": [0mIron Ore                                                                       
     │ │ │ └─[38;5;214m"quantity": [0m100                                                                        
     │ │ └─[38;5;240m[1] [0m                                                                                     
     │ │   ├─[38;5;214m"name": [0mCopper Ore                                                                     
     │ │   └─[38;5;214m"quantity": [0m150                                                                        
     │ └─[38;5;214m"used": [0m250                                                                                
     ├─[38;5;214m"fuel": [0m500                                                                                  
     ├─[38;5;214m"hull": [0m100                                                                                  
     └─[38;5;214m"name": [0mCrab Cruiser                                                                         
