                                                                                                    
 T42337 ⬡ [14:30] TOOL: ─────────────────────────────────────────────────────────────────────────── 
   └─"ship":                                                                                        
     ├─"cargo":                                                                                     
     │ ├─"capacity": 1000                                                                           
     │ ├─"items":                                                                                   
     │ │ ├─[0]                                                                                      
     │ │ │ ├─"name": Iron Ore                                                                       
     │ │ │ └─"quantity": 100                                                                        
     │ │ └─[1]                                                                                      
     │ │   ├─"name": Copper Ore                                                                     
     │ │   └─"quantity": 150                                                                        
     │ └─"used": 250                                                                                
     ├─"fuel": 500                                                                                  
     ├─"hull": 100                                                                                  
     └─"name": Crab Cruiser                                                                         
