⬥══════════════════════════════════════════════════════════⬥
           ⬡ Z O E A   N O V A ⬡   COMMAND CENTER           
⬥══════════════════════════════════════════════════════════⬥
⬧──────────────────── SWARM BROADCAST ─────────────────────⬧
No broadcasts yet. Press 'b' to broadcast.                  
⬧────────────────────── MYSIS SWARM ───────────────────────⬧
╔══════════════════════════════════════════════════════════╗
║[→ ] ⠋  alpha    ollama       running  @crab_war... │     ║
║T0 ⬡ [10:00] ...                                          ║
║[  ] ⠋  beta     opencode_zen running  @crab_trader │     ║
║T0 ⬡ [10:01] ...                                          ║
║                                                          ║
║                                                          ║
║                                                          ║
║                                                          ║
║                                                          ║
║                                                          ║
║                                                          ║
╚══════════════════════════════════════════════════════════╝
[ ? ] HELP  ·  [ n ] NEW MYSIS  ·  [ b ] BROADCAST          