⬥══════════════════════════════════════════════════════════⬥
           ⬡ Z O E A   N O V A ⬡   COMMAND CENTER           
⬥══════════════════════════════════════════════════════════⬥
⬧──────────────────── SWARM BROADCAST ─────────────────────⬧
No broadcasts yet. Press 'b' to broadcast.                  
⬧────────────────────── MYSIS SWARM ───────────────────────⬧
╔══════════════════════════════════════════════════════════╗
║[→ ] ⠋  alpha    ollama       running  @crab_war... │     ║
║Mining ...                                                ║
║[  ] ⠋  beta     opencode_zen running  @crab_trader │     ║
║Traveli...                                                ║
║                                                          ║
║                                                          ║
║                                                          ║
║                                                          ║
║                                                          ║
║                                                          ║
║                                                          ║
╚══════════════════════════════════════════════════════════╝
[ ? ] HELP  ·  [ n ] NEW MYSIS  ·  [ b ] BROADCAST          