⬥══════════════════════════════════════════════════════════⬥
           ⬡ Z O E A   N O V A ⬡   COMMAND CENTER           
⬥══════════════════════════════════════════════════════════⬥
⬧──────────────────── SWARM BROADCAST ─────────────────────⬧
No broadcasts yet. Press 'b' to broadcast.                  
⬧────────────────────── MYSIS SWARM ───────────────────────⬧
╔══════════════════════════════════════════════════════════╗
║ ⠋ alpha            running  [ollama] @crab_warrior │     ║
║Mining ...                                                ║
║ ⠋ beta             running  [opencode_zen]               ║
║@crab_trader │ Traveli...                                 ║
║                                                          ║
║                                                          ║
║                                                          ║
║                                                          ║
║                                                          ║
║                                                          ║
║                                                          ║
╚══════════════════════════════════════════════════════════╝
[ ? ] HELP  ·  [ n ] NEW MYSIS  ·  [ b ] BROADCAST          