                                                                                
 T42000 ⬡ [12:00] TOOL: ─────────────────────────────────────────────────────── 
   ├─"message": Mining complete                                                 
   └─"status": success                                                          