                                                                                                    
 T42200 ⬡ [14:00] AI: ───────────────────────────────────────────────────────────────────────────── 
     Action taken                                                                                   
                                                                                                    
 T42200 ⬡ [14:00] REASONING: ────────────────────────────────────────────────────────────────────── 
     First line of very long reasoning in verbose mode                       
     Second line                                                             
     Third line                                                              
     Fourth line                                                             
     Fifth line                                                              
     Sixth line                                                              
     Seventh line                                                            
     Eighth line                                                             
     Ninth line                                                              
     Tenth and final line                                                    