 ⬥──────────────────────────────────────────── ⬡ MYSIS: empty-test (1/1) ⬡ ────────────────────────────────────────────⬥
  ID: empty-mysis    Created: 2026-01-15 10:00                                                                          
╭──────────────────────────────────────────────────────────────────────────────────────────────────────────────────────╮
│ State: idle  Provider: ollama-qwen  Account: (not logged in)                                                         │
╰──────────────────────────────────────────────────────────────────────────────────────────────────────────────────────╯
⬧────────────────────────────────────────────────── CONVERSATION LOG ──────────────────────────────────────────────────⬧
  No conversation history.                                                                                              
                                                                                                                        
                                                                                                                        
                                                                                                                        
                                                                                                                        
                                                                                                                        
                                                                                                                        
                                                                                                                        
                                                                                                                        
                                                                                                                        
                                                                                                                        
                                                                                                                        
                                                                                                                        
                                                                                                                        
                                                                                                                        
                                                                                                                        
                                                                                                                        
                                                                                                                        
                                                                                                                        
                                                                                                                        
                                                                                                                        
                                                                                                                        
                                                                                                                        
                                                                                                                        
                                                                                                                        
                                                                                                                        
                                                                                                                        
                                                                                                                        
[ ESC ] BACK  ·  [ m ] MESSAGE  ·  [ r ] RELAUNCH  ·  [ s ] STOP                                                        