╭──────────────────────────────────────────────────────────────────────────────────────────────────────────────────────╮
│ ⬧  Test message at 120 cols                                                                                          │
╰──────────────────────────────────────────────────────────────────────────────────────────────────────────────────────╯