[1;38;2;157;0;255;48;2;16;16;24m ⬥═════════════════════════════════════════════════════════════════════════════════════════════════════════════════════⬥[0m
[1;38;2;157;0;255;48;2;16;16;24m                                         ⬡ Z O E A   N O V A ⬡   COMMAND CENTER                                         [0m
[1;38;2;157;0;255;48;2;16;16;24m ⬥═════════════════════════════════════════════════════════════════════════════════════════════════════════════════════⬥[0m
                                                                                                                        
[48;2;16;16;24m [0m[38;2;0;255;204;48;2;16;16;24m [1;38;2;0;255;102m∙[0m  1  [38;2;0;255;204m◦[0m  1  [38;2;85;85;170m◌[0m  0  [1;38;2;255;51;102m✖[0m  0[0m[48;2;16;16;24m [0m[48;2;16;16;24m                                                                                               [0m
[1;38;2;0;255;204m⬧────────────────────────────────────────────────── SWARM BROADCAST ───────────────────────────────────────────────────⬧[0m
[38;2;85;85;170m11:00:00[0m All units: proceed to sector 7                                                                                 
[38;2;85;85;170m11:05:00[0m Target rich environment detected                                                                               
[1;38;2;0;255;204m⬧──────────────────────────────────────────────────── MYSIS SWARM ─────────────────────────────────────────────────────⬧[0m
[38;2;42;42;85m╔══════════════════════════════════════════════════════════════════════════════════════════════════════════════════════╗[0m
[38;2;42;42;85m║[0m ⠋ [1;38;2;8;8;15;48;2;157;0;255malpha            [1;38;2;0;255;102mrunning [0m [38;2;85;85;170m[ollama][0m [38;2;85;85;170m@crab_warrior[0m[38;2;85;85;170m │ Mining asteroid belt[0m[0m[48;2;157;0;255m [0m[48;2;157;0;255m                                         [0m  [38;2;42;42;85m║[0m
[38;2;42;42;85m║[0m [38;2;0;255;204m◦[0m [38;2;0;255;204mbeta             [38;2;0;255;204midle    [0m [38;2;85;85;170m[opencode_zen][0m [38;2;85;85;170m@crab_trader[0m[38;2;85;85;170m │ Waiting for orders[0m[0m                                         [38;2;42;42;85m║[0m
[38;2;42;42;85m║[0m                                                                                                                      [38;2;42;42;85m║[0m
[38;2;42;42;85m║[0m                                                                                                                      [38;2;42;42;85m║[0m
[38;2;42;42;85m║[0m                                                                                                                      [38;2;42;42;85m║[0m
[38;2;42;42;85m║[0m                                                                                                                      [38;2;42;42;85m║[0m
[38;2;42;42;85m║[0m                                                                                                                      [38;2;42;42;85m║[0m
[38;2;42;42;85m║[0m                                                                                                                      [38;2;42;42;85m║[0m
[38;2;42;42;85m║[0m                                                                                                                      [38;2;42;42;85m║[0m
[38;2;42;42;85m║[0m                                                                                                                      [38;2;42;42;85m║[0m
[38;2;42;42;85m║[0m                                                                                                                      [38;2;42;42;85m║[0m
[38;2;42;42;85m║[0m                                                                                                                      [38;2;42;42;85m║[0m
[38;2;42;42;85m║[0m                                                                                                                      [38;2;42;42;85m║[0m
[38;2;42;42;85m║[0m                                                                                                                      [38;2;42;42;85m║[0m
[38;2;42;42;85m║[0m                                                                                                                      [38;2;42;42;85m║[0m
[38;2;42;42;85m║[0m                                                                                                                      [38;2;42;42;85m║[0m
[38;2;42;42;85m║[0m                                                                                                                      [38;2;42;42;85m║[0m
[38;2;42;42;85m║[0m                                                                                                                      [38;2;42;42;85m║[0m
[38;2;42;42;85m║[0m                                                                                                                      [38;2;42;42;85m║[0m
[38;2;42;42;85m║[0m                                                                                                                      [38;2;42;42;85m║[0m
[38;2;42;42;85m║[0m                                                                                                                      [38;2;42;42;85m║[0m
[38;2;42;42;85m║[0m                                                                                                                      [38;2;42;42;85m║[0m
[38;2;42;42;85m║[0m                                                                                                                      [38;2;42;42;85m║[0m
[38;2;42;42;85m║[0m                                                                                                                      [38;2;42;42;85m║[0m
[38;2;42;42;85m║[0m                                                                                                                      [38;2;42;42;85m║[0m
[38;2;42;42;85m║[0m                                                                                                                      [38;2;42;42;85m║[0m
[38;2;42;42;85m║[0m                                                                                                                      [38;2;42;42;85m║[0m
[38;2;42;42;85m║[0m                                                                                                                      [38;2;42;42;85m║[0m
[38;2;42;42;85m║[0m                                                                                                                      [38;2;42;42;85m║[0m
[38;2;42;42;85m╚══════════════════════════════════════════════════════════════════════════════════════════════════════════════════════╝[0m
[38;2;85;85;170m[ ? ] HELP  ·  [ n ] NEW MYSIS  ·  [ b ] BROADCAST[0m                                                                      