                                                                                                    
 T42337 ⬡ [14:30] YOU: ──────────────────────────────────────────────────────────────────────────── 
 Check your cargo                                                                                   
