[1;38;2;157;0;255;48;2;16;16;24m ⬥──────────────────────────────────────────── ⬡ MYSIS: test-mysis (1/1) ⬡ ────────────────────────────────────────────⬥[0m
                                                                                                                        
[38;2;42;42;85m╭──────────────────────────────────────────────────────────────────────────────────────────────────────────────────────╮[0m
[38;2;42;42;85m│[0m[48;2;20;20;31m [0m[48;2;20;20;31m[38;2;85;85;170mID:[0m [1;38;2;157;0;255mtest-id[0m  [38;2;85;85;170mState:[0m [1;38;2;0;255;102mrunning[0m  [38;2;85;85;170mProvider:[0m [1;38;2;157;0;255mollama[0m  [38;2;85;85;170mAccount:[0m [1;38;2;157;0;255mcrab_pilot[0m  [38;2;85;85;170mCreated:[0m [1;38;2;157;0;255m2026-01-15 10:00[0m[0m[48;2;20;20;31m [0m[48;2;20;20;31m                       [0m[38;2;42;42;85m│[0m
[38;2;42;42;85m╰──────────────────────────────────────────────────────────────────────────────────────────────────────────────────────╯[0m
[1;38;2;0;255;204m⬧──────────────────────────────────────────── CONVERSATION LOG ─────────────────────────────────────────────⬧  LINE 1/30[0m
[38;2;42;42;85m╭──────────────────────────────────────────────────────────────────────────────────────────────────────────────────────╮[0m
[38;2;42;42;85m│[0m                                                                                                                      [38;2;42;42;85m│[0m
[38;2;42;42;85m│[0m  [38;5;245m█[0m                                                                                                                   [38;2;42;42;85m│[0m
[38;2;42;42;85m│[0m   [38;2;255;0;204m10:00:00 AI:[0m Focus log line A                                                                                      [38;2;42;42;85m│[0m
[38;2;42;42;85m│[0m  [38;5;245m█[0m                                                                                                                   [38;2;42;42;85m│[0m
[38;2;42;42;85m│[0m                                                                                                                      [38;2;42;42;85m│[0m
[38;2;42;42;85m│[0m  [38;5;245m█[0m                                                                                                                   [38;2;42;42;85m│[0m
[38;2;42;42;85m│[0m   [38;2;255;0;204m10:01:00 AI:[0m Focus log line B                                                                                      [38;2;42;42;85m│[0m
[38;2;42;42;85m│[0m  [38;5;240m│[0m                                                                                                                   [38;2;42;42;85m│[0m
[38;2;42;42;85m│[0m                                                                                                                      [38;2;42;42;85m│[0m
[38;2;42;42;85m│[0m  [38;5;240m│[0m                                                                                                                   [38;2;42;42;85m│[0m
[38;2;42;42;85m│[0m   [38;2;255;0;204m10:02:00 AI:[0m Focus log line C                                                                                      [38;2;42;42;85m│[0m
[38;2;42;42;85m│[0m  [38;5;240m│[0m                                                                                                                   [38;2;42;42;85m│[0m
[38;2;42;42;85m│[0m                                                                                                                      [38;2;42;42;85m│[0m
[38;2;42;42;85m│[0m  [38;5;240m│[0m                                                                                                                   [38;2;42;42;85m│[0m
[38;2;42;42;85m│[0m   [38;2;255;0;204m10:03:00 AI:[0m Focus log line D                                                                                      [38;2;42;42;85m│[0m
[38;2;42;42;85m│[0m  [38;5;240m│[0m                                                                                                                   [38;2;42;42;85m│[0m
[38;2;42;42;85m│[0m                                                                                                                      [38;2;42;42;85m│[0m
[38;2;42;42;85m│[0m  [38;5;240m│[0m                                                                                                                   [38;2;42;42;85m│[0m
[38;2;42;42;85m│[0m   [38;2;255;0;204m10:04:00 AI:[0m Focus log line E                                                                                      [38;2;42;42;85m│[0m
[38;2;42;42;85m│[0m  [38;5;240m│[0m                                                                                                                   [38;2;42;42;85m│[0m
[38;2;42;42;85m╰──────────────────────────────────────────────────────────────────────────────────────────────────────────────────────╯[0m
[38;2;85;85;170m[ ESC ] BACK  ·  [ m ] MESSAGE  ·  [ ↑↓ ] SCROLL  ·  [ G ] BOTTOM  ·  [ v ] VERBOSE: OFF[0m                                