 ⬥──────────────────────────────────────────── ⬡ MYSIS: test-mysis (1/1) ⬡ ────────────────────────────────────────────⬥
  ID: test-id    Created: 2026-01-15 10:00                                                                              
╭──────────────────────────────────────────────────────────────────────────────────────────────────────────────────────╮
│ State: running  Provider: ollama  Account: crab_pilot                                                                │
╰──────────────────────────────────────────────────────────────────────────────────────────────────────────────────────╯
⬧──────────────────────────────────────────── CONVERSATION LOG ─────────────────────────────────────────────⬧  LINE 1/30
                                                                                                                     █  
 T0 ⬡ [10:00] AI: ─────────────────────────────────────────────────────────────────────────────────────────────────  █  
 Focus log line A                                                                                                    █  
                                                                                                                     │  
 T0 ⬡ [10:01] AI: ─────────────────────────────────────────────────────────────────────────────────────────────────  │  
 Focus log line B                                                                                                    │  
                                                                                                                     │  
 T0 ⬡ [10:02] AI: ─────────────────────────────────────────────────────────────────────────────────────────────────  │  
 Focus log line C                                                                                                    │  
                                                                                                                     │  
⬧──────────────────────────────────────────────────────────  ──────────────────────────────────────────────────────────⬧
[ ESC ] BACK  ·  [ m ] MESSAGE  ·  [ ↑↓ ] SCROLL  ·  [ G ] BOTTOM  ·  [ v ] VERBOSE: OFF                                