 ⬥──────────────────────────────────────────── ⬡ MYSIS: test-mysis (1/1) ⬡ ────────────────────────────────────────────⬥
                                                                                                                        
╭──────────────────────────────────────────────────────────────────────────────────────────────────────────────────────╮
│ ID: test-id  State: running  Provider: ollama  Account: crab_pilot  Created: 2026-01-15 10:00                        │
╰──────────────────────────────────────────────────────────────────────────────────────────────────────────────────────╯
⬧──────────────────────────────────────────── CONVERSATION LOG ─────────────────────────────────────────────⬧  LINE 1/30
╭──────────────────────────────────────────────────────────────────────────────────────────────────────────────────────╮
│                                                                                                                      │
│  █                                                                                                                   │
│   10:00:00 AI: Focus log line A                                                                                      │
│  █                                                                                                                   │
│                                                                                                                      │
│  █                                                                                                                   │
│   10:01:00 AI: Focus log line B                                                                                      │
│  │                                                                                                                   │
│                                                                                                                      │
│  │                                                                                                                   │
│   10:02:00 AI: Focus log line C                                                                                      │
│  │                                                                                                                   │
│                                                                                                                      │
│  │                                                                                                                   │
│   10:03:00 AI: Focus log line D                                                                                      │
│  │                                                                                                                   │
│                                                                                                                      │
│  │                                                                                                                   │
│   10:04:00 AI: Focus log line E                                                                                      │
│  │                                                                                                                   │
╰──────────────────────────────────────────────────────────────────────────────────────────────────────────────────────╯
[ ESC ] BACK  ·  [ m ] MESSAGE  ·  [ ↑↓ ] SCROLL  ·  [ G ] BOTTOM  ·  [ v ] VERBOSE: OFF                                