                                                                                                    
 T42337 ⬡ [14:30] AI: ───────────────────────────────────────────────────────────────────────────── 
 Checking cargo now.                                                                                
