                                                                                                    
 T42600 ⬡ [17:10] AI: ───────────────────────────────────────────────────────────────────────────── 
     Mining complete.                                                                               
                                                                                                    
 T42600 ⬡ [17:10] REASONING: ────────────────────────────────────────────────────────────────────── 
     Short reasoning that won't be truncated.                                