                                                                                
 [38;2;255;204;0mTOOL:[0m {                                                                        
         ├─[38;5;214m"fuel": [0m100                                                          
         ├─[38;5;214m"name": [0mmysis-1                                                      
         └─[38;5;214m"state": [0mrunning                                                     
         }                                                                      