                                                                                
 TOOL: {                                                                        
         ├─"name": mysis-1                                                      
         ├─"state": running                                                     
         └─"fuel": 100                                                          
         }                                                                      