                                                                                
 TOOL: {                                                                        
         ├─"fuel": 100                                                          
         ├─"name": mysis-1                                                      
         └─"state": running                                                     
         }                                                                      