                                                                                
 T42000 ⬡ [12:00] TOOL: ─────────────────────────────────────────────────────── 
 Mining successful! Result: {"ore": 10, "location":                             
 "asteroid_42"}                                                                 