                                                                                
 T42000 ⬡ [12:00] TOOL: ─────────────────────────────────────────────────────── 
   ├─"emoji": 🚀⬡⬥                                                              
   └─"text": Hello 世界                                                         