                                                                                
 T42000 ⬡ [12:00] TOOL: ─────────────────────────────────────────────────────── 
   ├─"field_a0": 0                                                              
   ├─"field_a1": 260                                                            
   ├─"field_b0": 10                                                             
   ├─"field_b1": 270                                                            
   ├─"field_c0": 20                                                             
   ├─"field_c1": 280                                                            
   ├─"field_d0": 30                                                             
   ├─"field_d1": 290                                                            
   ├─"field_e0": 40                                                             
   ├─"field_e1": 300                                                            
   ├─"field_f0": 50                                                             
   ├─"field_f1": 310                                                            
   ├─"field_g0": 60                                                             
   ├─"field_g1": 320                                                            
   ├─"field_h0": 70                                                             
   ├─"field_h1": 330                                                            
   ├─"field_i0": 80                                                             
   ├─"field_i1": 340                                                            
   ├─"field_j0": 90                                                             
   ├─"field_j1": 350                                                            
   ├─"field_k0": 100                                                            
   ├─"field_k1": 360                                                            
   ├─"field_l0": 110                                                            
   ├─"field_l1": 370                                                            
   ├─"field_m0": 120                                                            
   ├─"field_m1": 380                                                            
   ├─"field_n0": 130                                                            
   ├─"field_n1": 390                                                            
   ├─"field_o0": 140                                                            
   ├─"field_o1": 400                                                            
   ├─"field_p0": 150                                                            
   ├─"field_p1": 410                                                            
   ├─"field_q0": 160                                                            
   ├─"field_q1": 420                                                            
   ├─"field_r0": 170                                                            
   ├─"field_r1": 430                                                            
   ├─"field_s0": 180                                                            
   ├─"field_s1": 440                                                            
   ├─"field_t0": 190                                                            
   ├─"field_t1": 450                                                            
   ├─"field_u0": 200                                                            
   ├─"field_u1": 460                                                            
   ├─"field_v0": 210                                                            
   ├─"field_v1": 470                                                            
   ├─"field_w0": 220                                                            
   ├─"field_w1": 480                                                            
   ├─"field_x0": 230                                                            
   ├─"field_x1": 490                                                            
   ├─"field_y0": 240                                                            
   └─"field_z0": 250                                                            