                                                                                
 T42000 ⬡ [12:00] TOOL: ─────────────────────────────────────────────────────── 
   ├─[0] {"type": "error", "msg": "failed"}                                     
   └─[1] {"type": "success", "msg": "ok"}                                       