                                                                                                    
 [38;2;255;0;204mT0 ⬡ [--:--] AI:[0m[38;5;240m ─────────────────────────────────────────────────────────────────────────────────[0m 
     No timestamp.                                                                                  
                                                                                                    
 [38;5;170mT0 ⬡ [--:--] REASONING:[0m[38;5;240m ──────────────────────────────────────────────────────────────────────────[0m 
     [38;5;213mThis entry has no timestamp.                                               [0m 