                                                                                                    
 T0 ⬡ [--:--] AI: ───────────────────────────────────────────────────────────────────────────────── 
     No timestamp.                                                                                  
                                                                                                    
 T0 ⬡ [--:--] REASONING: ────────────────────────────────────────────────────────────────────────── 
     This entry has no timestamp.                                                