[1;38;2;157;0;255;48;2;16;16;24m ⬥────────────────────────────────────────────────── ⬡ MYSIS: beta ⬡ ──────────────────────────────────────────────────⬥[0m
                                                                                                                        
[38;2;42;42;85m╭──────────────────────────────────────────────────────────────────────────────────────────────────────────────────────╮[0m
[38;2;42;42;85m│[0m[48;2;20;20;31m [0m[48;2;20;20;31m[38;2;85;85;170mID:[0m [1;38;2;157;0;255mtest-mysis[0m  [38;2;85;85;170mState:[0m [1;38;2;0;255;102mrunning[0m  [38;2;85;85;170mProvider:[0m [1;38;2;157;0;255mollama[0m  [38;2;85;85;170mAccount:[0m [38;2;85;85;170m(not logged in)[0m[0m[48;2;20;20;31m [0m[48;2;20;20;31m                                          [0m[38;2;42;42;85m│[0m
[38;2;42;42;85m╰──────────────────────────────────────────────────────────────────────────────────────────────────────────────────────╯[0m
[1;38;2;0;255;204m⬧────────────────────────────────────────────────── CONVERSATION LOG ──────────────────────────────────────────────────⬧[0m
[38;2;42;42;85m╭──────────────────────────────────────────────────────────────────────────────────────────────────────────────────────╮[0m
[38;2;42;42;85m│[0m                                                                                                                      [38;2;42;42;85m│[0m
[38;2;42;42;85m│[0m   [38;2;0;255;102mYOU: [0m Test message line Q                                                                                          [38;2;42;42;85m│[0m
[38;2;42;42;85m│[0m                                                                                                                      [38;2;42;42;85m│[0m
[38;2;42;42;85m│[0m   [38;2;0;255;102mYOU: [0m Test message line R                                                                                          [38;2;42;42;85m│[0m
[38;2;42;42;85m│[0m                                                                                                                      [38;2;42;42;85m│[0m
[38;2;42;42;85m│[0m   [38;2;0;255;102mYOU: [0m Test message line S                                                                                          [38;2;42;42;85m│[0m
[38;2;42;42;85m│[0m                                                                                                                      [38;2;42;42;85m│[0m
[38;2;42;42;85m│[0m   [38;2;0;255;102mYOU: [0m Test message line T                                                                                          [38;2;42;42;85m│[0m
[38;2;42;42;85m│[0m                                                                                                                      [38;2;42;42;85m│[0m
[38;2;42;42;85m│[0m   [38;2;0;255;102mYOU: [0m Test message line U                                                                                          [38;2;42;42;85m│[0m
[38;2;42;42;85m│[0m                                                                                                                      [38;2;42;42;85m│[0m
[38;2;42;42;85m│[0m   [38;2;0;255;102mYOU: [0m Test message line V                                                                                          [38;2;42;42;85m│[0m
[38;2;42;42;85m│[0m                                                                                                                      [38;2;42;42;85m│[0m
[38;2;42;42;85m│[0m   [38;2;0;255;102mYOU: [0m Test message line W                                                                                          [38;2;42;42;85m│[0m
[38;2;42;42;85m│[0m                                                                                                                      [38;2;42;42;85m│[0m
[38;2;42;42;85m│[0m   [38;2;0;255;102mYOU: [0m Test message line X                                                                                          [38;2;42;42;85m│[0m
[38;2;42;42;85m│[0m                                                                                                                      [38;2;42;42;85m│[0m
[38;2;42;42;85m│[0m   [38;2;0;255;102mYOU: [0m Test message line Y                                                                                          [38;2;42;42;85m│[0m
[38;2;42;42;85m│[0m                                                                                                                      [38;2;42;42;85m│[0m
[38;2;42;42;85m│[0m   [38;2;0;255;102mYOU: [0m Test message line Z                                                                                          [38;2;42;42;85m│[0m
[38;2;42;42;85m│[0m                                                                                                                      [38;2;42;42;85m│[0m
[38;2;42;42;85m│[0m   [38;2;0;255;102mYOU: [0m Test message line [                                                                                          [38;2;42;42;85m│[0m
[38;2;42;42;85m│[0m                                                                                                                      [38;2;42;42;85m│[0m
[38;2;42;42;85m│[0m   [38;2;0;255;102mYOU: [0m Test message line \                                                                                          [38;2;42;42;85m│[0m
[38;2;42;42;85m│[0m                                                                                                                      [38;2;42;42;85m│[0m
[38;2;42;42;85m│[0m   [38;2;0;255;102mYOU: [0m Test message line ]                                                                                          [38;2;42;42;85m│[0m
[38;2;42;42;85m│[0m                                                                                                                      [38;2;42;42;85m│[0m
[38;2;42;42;85m│[0m   [38;2;0;255;102mYOU: [0m Test message line ^                                                                                          [38;2;42;42;85m│[0m
[38;2;42;42;85m╰──────────────────────────────────────────────────────────────────────────────────────────────────────────────────────╯[0m
[38;2;85;85;170m[ ESC ] BACK  ·  [ m ] MESSAGE  ·  [ r ] RELAUNCH  ·  [ s ] STOP[0m                                                        