 ⬥─────────────────────────────────────────────── ⬡ MYSIS: beta (1/1) ⬡ ───────────────────────────────────────────────⬥
  ID: test-mysis    Created: 2026-01-15 09:30                                                                           
╭──────────────────────────────────────────────────────────────────────────────────────────────────────────────────────╮
│ State: running  Provider: ollama-qwen  Account: (not logged in)                                                      │
╰──────────────────────────────────────────────────────────────────────────────────────────────────────────────────────╯
⬧────────────────────────────────────────────────── CONVERSATION LOG ──────────────────────────────────────────────────⬧
   Test message line U                                                                                                  
                                                                                                                        
   T0 ⬡ [10:21] YOU: ──────────────────────────────────────────────────────────────────────────────────────────────     
   Test message line V                                                                                                  
                                                                                                                        
   T0 ⬡ [10:22] YOU: ──────────────────────────────────────────────────────────────────────────────────────────────     
   Test message line W                                                                                                  
                                                                                                                        
   T0 ⬡ [10:23] YOU: ──────────────────────────────────────────────────────────────────────────────────────────────     
   Test message line X                                                                                                  
                                                                                                                        
   T0 ⬡ [10:24] YOU: ──────────────────────────────────────────────────────────────────────────────────────────────     
   Test message line Y                                                                                                  
                                                                                                                        
   T0 ⬡ [10:25] YOU: ──────────────────────────────────────────────────────────────────────────────────────────────     
   Test message line Z                                                                                                  
                                                                                                                        
   T0 ⬡ [10:26] YOU: ──────────────────────────────────────────────────────────────────────────────────────────────     
   Test message line [                                                                                                  
                                                                                                                        
   T0 ⬡ [10:27] YOU: ──────────────────────────────────────────────────────────────────────────────────────────────     
   Test message line \                                                                                                  
                                                                                                                        
   T0 ⬡ [10:28] YOU: ──────────────────────────────────────────────────────────────────────────────────────────────     
   Test message line ]                                                                                                  
                                                                                                                        
   T0 ⬡ [10:29] YOU: ──────────────────────────────────────────────────────────────────────────────────────────────     
   Test message line ^                                                                                                  
[ ESC ] BACK  ·  [ m ] MESSAGE  ·  [ r ] RELAUNCH  ·  [ s ] STOP                                                        