                                                                                
 T42000 ⬡ [12:00] TOOL: ─────────────────────────────────────────────────────── 
   ├─"code": 200                                                                
   └─"response": {"status":"ok"}                                                