⬥══════════════════════════════════════════════════════════════════════════════════════════════════════════════════════⬥
                                         ⬡ Z O E A   N O V A ⬡   COMMAND CENTER                                         
⬥══════════════════════════════════════════════════════════════════════════════════════════════════════════════════════⬥
⬧────────────────────────────────────────────────── SWARM BROADCAST ───────────────────────────────────────────────────⬧
T0 ⬡ [11:00] [alpha] All units: proceed to sector 7                                                                     
T0 ⬡ [11:01] [beta] Target rich environment detected                                                                    
T0 ⬡ [11:02] [gamma] Enemy spotted in quadrant 4                                                                        
T0 ⬡ [11:03] [alpha] Request backup at coordinates                                                                      
T0 ⬡ [11:04] [beta] Mission accomplished                                                                                
⬧──────────────────────────────────────────────────── MYSIS SWARM ─────────────────────────────────────────────────────⬧
╔══════════════════════════════════════════════════════════════════════════════════════════════════════════════════════╗
║[→ ] ⠋  alpha    ollama-qwen  running  @crab_war...                                                                   ║
║  └─ T0 ⬡ [10:00] Mining asteroid belt                                                                                ║
║[  ] ⠋  beta     opencode_zen running  @crab_trader                                                                   ║
║  └─ T0 ⬡ [10:01] Traveling to sector 7                                                                               ║
║[  ] ⠋  gamma    ollama-qwen  running  @crab_exp...                                                                   ║
║  └─ T0 ⬡ [10:02] Trading at station                                                                                  ║
║[  ] ⠋  delta    opencode_zen running  @crab_miner                                                                    ║
║  └─ T0 ⬡ [10:03] Scanning for targets                                                                                ║
║[  ] ⠋  epsilon  ollama-qwen  running  @crab_scout                                                                    ║
║  └─ T0 ⬡ [10:04] Docked at base                                                                                      ║
║[  ] ⠋  zeta     opencode_zen running  @crab_war...                                                                   ║
║  └─ T0 ⬡ [10:05] Mining asteroid belt                                                                                ║
║[  ] ⠋  eta      ollama-qwen  running  @crab_trader                                                                   ║
║  └─ T0 ⬡ [10:06] Traveling to sector 7                                                                               ║
║[  ] ⠋  theta    opencode_zen running  @crab_exp...                                                                   ║
║  └─ T0 ⬡ [10:07] Trading at station                                                                                  ║
║[  ] ⠋  iota     ollama-qwen  running  @crab_miner                                                                    ║
║  └─ T0 ⬡ [10:08] Scanning for targets                                                                                ║
║[  ] ⠋  kappa    opencode_zen running  @crab_scout                                                                    ║
║  └─ T0 ⬡ [10:09] Docked at base                                                                                      ║
║                                                                                                                      ║
║                                                                                                                      ║
║                                                                                                                      ║
║                                                                                                                      ║
║                                                                                                                      ║
║                                                                                                                      ║
║                                                                                                                      ║
║                                                                                                                      ║
║                                                                                                                      ║
║                                                                                                                      ║
║                                                                                                                      ║
║                                                                                                                      ║
║                                                                                                                      ║
║                                                                                                                      ║
║                                                                                                                      ║
║                                                                                                                      ║
║                                                                                                                      ║
║                                                                                                                      ║
║                                                                                                                      ║
║                                                                                                                      ║
║                                                                                                                      ║
║                                                                                                                      ║
║                                                                                                                      ║
║                                                                                                                      ║
║                                                                                                                      ║
║                                                                                                                      ║
║                                                                                                                      ║
║                                                                                                                      ║
║                                                                                                                      ║
║                                                                                                                      ║
║                                                                                                                      ║
║                                                                                                                      ║
║                                                                                                                      ║
║                                                                                                                      ║
║                                                                                                                      ║
║                                                                                                                      ║
║                                                                                                                      ║
║                                                                                                                      ║
║                                                                                                                      ║
║                                                                                                                      ║
║                                                                                                                      ║
║                                                                                                                      ║
║                                                                                                                      ║
║                                                                                                                      ║
║                                                                                                                      ║
║                                                                                                                      ║
║                                                                                                                      ║
║                                                                                                                      ║
║                                                                                                                      ║
║                                                                                                                      ║
║                                                                                                                      ║
║                                                                                                                      ║
║                                                                                                                      ║
║                                                                                                                      ║
║                                                                                                                      ║
║                                                                                                                      ║
║                                                                                                                      ║
║                                                                                                                      ║
║                                                                                                                      ║
║                                                                                                                      ║
║                                                                                                                      ║
║                                                                                                                      ║
║                                                                                                                      ║
║                                                                                                                      ║
║                                                                                                                      ║
║                                                                                                                      ║
║                                                                                                                      ║
╚══════════════════════════════════════════════════════════════════════════════════════════════════════════════════════╝
[ ? ] HELP  ·  [ n ] NEW MYSIS  ·  [ b ] BROADCAST                                                                      