                                                                                                                  
 T42000 ⬡ [14:30] AI: ─────────────────────────────────────────────────────────────────────────────────────────── 
     ⚙ get_ship()                                                                                                 
     ⚙ get_system(system_id="sol")                                                                                
     ⚙ mine()                                                                                                     