[38;2;157;0;255m⬥══════════════════════════════════════════════════════════════════════════════════════════════════════════════════════⬥[0m
[38;2;157;0;255m [0m[48;2;16;16;24m                                        [0m[1;38;2;157;0;255;48;2;16;16;24m⬡ Z O E A   N O V A ⬡   COMMAND CENTER[0m[48;2;16;16;24m                                        [0m[38;2;157;0;255m [0m
[38;2;157;0;255m⬥══════════════════════════════════════════════════════════════════════════════════════════════════════════════════════⬥[0m
[1;38;2;0;255;204m⬧────────────────────────────────────────────────── SWARM BROADCAST ───────────────────────────────────────────────────⬧[0m
[38;2;85;85;170mNo broadcasts yet. Press 'b' to broadcast.[0m                                                                              
[1;38;2;0;255;204m⬧──────────────────────────────────────────────────── MYSIS SWARM ─────────────────────────────────────────────────────⬧[0m
[38;2;107;0;179m╔══════════════════════════════════════════════════════════════════════════════════════════════════════════════════════╗[0m
[38;2;107;0;179m║[0m ⬡ [1;38;2;8;8;15;48;2;157;0;255malpha            [1;38;2;0;255;102mrunning [0m [38;2;85;85;170m[ollama][0m [38;2;85;85;170m@crab_warrior[0m[38;2;85;85;170m │ 10:45:00 Mining asteroid belt[0m[0m[48;2;157;0;255m [0m[48;2;157;0;255m                                [0m  [38;2;107;0;179m║[0m
[38;2;107;0;179m║[0m                                                                                                                      [38;2;107;0;179m║[0m
[38;2;107;0;179m║[0m                                                                                                                      [38;2;107;0;179m║[0m
[38;2;107;0;179m║[0m                                                                                                                      [38;2;107;0;179m║[0m
[38;2;107;0;179m║[0m                                                                                                                      [38;2;107;0;179m║[0m
[38;2;107;0;179m║[0m                                                                                                                      [38;2;107;0;179m║[0m
[38;2;107;0;179m║[0m                                                                                                                      [38;2;107;0;179m║[0m
[38;2;107;0;179m║[0m                                                                                                                      [38;2;107;0;179m║[0m
[38;2;107;0;179m║[0m                                                                                                                      [38;2;107;0;179m║[0m
[38;2;107;0;179m║[0m                                                                                                                      [38;2;107;0;179m║[0m
[38;2;107;0;179m║[0m                                                                                                                      [38;2;107;0;179m║[0m
[38;2;107;0;179m║[0m                                                                                                                      [38;2;107;0;179m║[0m
[38;2;107;0;179m║[0m                                                                                                                      [38;2;107;0;179m║[0m
[38;2;107;0;179m║[0m                                                                                                                      [38;2;107;0;179m║[0m
[38;2;107;0;179m║[0m                                                                                                                      [38;2;107;0;179m║[0m
[38;2;107;0;179m║[0m                                                                                                                      [38;2;107;0;179m║[0m
[38;2;107;0;179m║[0m                                                                                                                      [38;2;107;0;179m║[0m
[38;2;107;0;179m║[0m                                                                                                                      [38;2;107;0;179m║[0m
[38;2;107;0;179m║[0m                                                                                                                      [38;2;107;0;179m║[0m
[38;2;107;0;179m║[0m                                                                                                                      [38;2;107;0;179m║[0m
[38;2;107;0;179m║[0m                                                                                                                      [38;2;107;0;179m║[0m
[38;2;107;0;179m║[0m                                                                                                                      [38;2;107;0;179m║[0m
[38;2;107;0;179m║[0m                                                                                                                      [38;2;107;0;179m║[0m
[38;2;107;0;179m║[0m                                                                                                                      [38;2;107;0;179m║[0m
[38;2;107;0;179m║[0m                                                                                                                      [38;2;107;0;179m║[0m
[38;2;107;0;179m║[0m                                                                                                                      [38;2;107;0;179m║[0m
[38;2;107;0;179m║[0m                                                                                                                      [38;2;107;0;179m║[0m
[38;2;107;0;179m║[0m                                                                                                                      [38;2;107;0;179m║[0m
[38;2;107;0;179m║[0m                                                                                                                      [38;2;107;0;179m║[0m
[38;2;107;0;179m║[0m                                                                                                                      [38;2;107;0;179m║[0m
[38;2;107;0;179m║[0m                                                                                                                      [38;2;107;0;179m║[0m
[38;2;107;0;179m╚══════════════════════════════════════════════════════════════════════════════════════════════════════════════════════╝[0m
[38;2;85;85;170m[ ? ] HELP  ·  [ n ] NEW MYSIS  ·  [ b ] BROADCAST[0m                                                                      