                                                            
 T42700 ⬡ [18:00] AI: ───────────────────────────────────── 
 Action.                                                    
                                                            
 T42700 ⬡ [18:00] REASONING: ────────────────────────────── 
 This reasoning text is          
 displayed in a narrow terminal  
 and should wrap properly.       