                                                                                                                  
 T42000 ⬡ [14:30] AI: ─────────────────────────────────────────────────────────────────────────────────────────── 
     ⚙ get_poi(poi_id="asteroid_field_alpha")                                                                     