[38;2;157;0;255m⬥══════════════════════════════════════════════════════════════════════════════════════════════════════════════════════⬥[0m
[38;2;157;0;255m [0m[48;2;16;16;24m                                        [0m[1;38;2;157;0;255;48;2;16;16;24m⬡ Z O E A   N O V A ⬡   COMMAND CENTER[0m[48;2;16;16;24m                                        [0m[38;2;157;0;255m [0m
[38;2;157;0;255m⬥══════════════════════════════════════════════════════════════════════════════════════════════════════════════════════⬥[0m
[1;38;2;0;255;204m⬧────────────────────────────────────────────────── SWARM BROADCAST ───────────────────────────────────────────────────⬧[0m
[38;2;85;85;170m[38;2;0;255;204mT0[0m [38;2;157;0;255m⬡[0m [38;2;85;85;170m[11:00][0m[0m[1;38;2;0;255;204m [alpha][0m Found asteroid 🪨 with precious cargo 💎 heading to base 🚀                                        
[38;2;85;85;170m[38;2;0;255;204mT0[0m [38;2;157;0;255m⬡[0m [38;2;85;85;170m[11:01][0m[0m[1;38;2;0;255;204m [beta][0m Enemy detected ⚠️ requesting backup 🆘                                                              
[1;38;2;0;255;204m⬧──────────────────────────────────────────────────── MYSIS SWARM ─────────────────────────────────────────────────────⬧[0m
[38;2;107;0;179m╔══════════════════════════════════════════════════════════════════════════════════════════════════════════════════════╗[0m
[38;2;107;0;179m║[0m ⠋ [1;38;2;8;8;15;48;2;157;0;255malpha            [1;38;2;0;255;102mrunning [0m [38;2;85;85;170m[ollama][0m [38;2;85;85;170m@crab_warrior[0m[38;2;85;85;170m │ [38;2;0;255;204mT0[0m [38;2;157;0;255m⬡[0m [38;2;85;85;170m[10:00][0m Mining asteroid belt[0m[0m[48;2;157;0;255m [0m[48;2;157;0;255m                            [0m  [38;2;107;0;179m║[0m
[38;2;107;0;179m║[0m ⠋ [38;2;0;255;204mbeta             [1;38;2;0;255;102mrunning [0m [38;2;85;85;170m[opencode_zen][0m [38;2;85;85;170m@crab_trader[0m[38;2;85;85;170m │ [38;2;0;255;204mT0[0m [38;2;157;0;255m⬡[0m [38;2;85;85;170m[10:01][0m Traveling to sector 7[0m[0m                         [38;2;107;0;179m║[0m
[38;2;107;0;179m║[0m                                                                                                                      [38;2;107;0;179m║[0m
[38;2;107;0;179m║[0m                                                                                                                      [38;2;107;0;179m║[0m
[38;2;107;0;179m║[0m                                                                                                                      [38;2;107;0;179m║[0m
[38;2;107;0;179m║[0m                                                                                                                      [38;2;107;0;179m║[0m
[38;2;107;0;179m║[0m                                                                                                                      [38;2;107;0;179m║[0m
[38;2;107;0;179m║[0m                                                                                                                      [38;2;107;0;179m║[0m
[38;2;107;0;179m║[0m                                                                                                                      [38;2;107;0;179m║[0m
[38;2;107;0;179m║[0m                                                                                                                      [38;2;107;0;179m║[0m
[38;2;107;0;179m║[0m                                                                                                                      [38;2;107;0;179m║[0m
[38;2;107;0;179m║[0m                                                                                                                      [38;2;107;0;179m║[0m
[38;2;107;0;179m║[0m                                                                                                                      [38;2;107;0;179m║[0m
[38;2;107;0;179m║[0m                                                                                                                      [38;2;107;0;179m║[0m
[38;2;107;0;179m║[0m                                                                                                                      [38;2;107;0;179m║[0m
[38;2;107;0;179m║[0m                                                                                                                      [38;2;107;0;179m║[0m
[38;2;107;0;179m║[0m                                                                                                                      [38;2;107;0;179m║[0m
[38;2;107;0;179m║[0m                                                                                                                      [38;2;107;0;179m║[0m
[38;2;107;0;179m║[0m                                                                                                                      [38;2;107;0;179m║[0m
[38;2;107;0;179m║[0m                                                                                                                      [38;2;107;0;179m║[0m
[38;2;107;0;179m║[0m                                                                                                                      [38;2;107;0;179m║[0m
[38;2;107;0;179m║[0m                                                                                                                      [38;2;107;0;179m║[0m
[38;2;107;0;179m║[0m                                                                                                                      [38;2;107;0;179m║[0m
[38;2;107;0;179m║[0m                                                                                                                      [38;2;107;0;179m║[0m
[38;2;107;0;179m║[0m                                                                                                                      [38;2;107;0;179m║[0m
[38;2;107;0;179m║[0m                                                                                                                      [38;2;107;0;179m║[0m
[38;2;107;0;179m║[0m                                                                                                                      [38;2;107;0;179m║[0m
[38;2;107;0;179m║[0m                                                                                                                      [38;2;107;0;179m║[0m
[38;2;107;0;179m║[0m                                                                                                                      [38;2;107;0;179m║[0m
[38;2;107;0;179m║[0m                                                                                                                      [38;2;107;0;179m║[0m
[38;2;107;0;179m╚══════════════════════════════════════════════════════════════════════════════════════════════════════════════════════╝[0m
[38;2;85;85;170m[ ? ] HELP  ·  [ n ] NEW MYSIS  ·  [ b ] BROADCAST[0m                                                                      