⬥══════════════════════════════════════════════════════════════════════════════⬥
                     ⬡ Z O E A   N O V A ⬡   COMMAND CENTER                     
⬥══════════════════════════════════════════════════════════════════════════════⬥
⬧────────────────────────────── SWARM BROADCAST ───────────────────────────────⬧
No broadcasts yet. Press 'b' to broadcast.                                      
⬧──────────────────────────────── MYSIS SWARM ─────────────────────────────────⬧
╔══════════════════════════════════════════════════════════════════════════════╗
║ ◦ epsilon          idle     [ollama] @crab_navigator │ Holding pos...        ║
║                                                                              ║
║                                                                              ║
║                                                                              ║
║                                                                              ║
║                                                                              ║
║                                                                              ║
║                                                                              ║
║                                                                              ║
║                                                                              ║
║                                                                              ║
║                                                                              ║
║                                                                              ║
║                                                                              ║
║                                                                              ║
╚══════════════════════════════════════════════════════════════════════════════╝
[ ? ] HELP  ·  [ n ] NEW MYSIS  ·  [ b ] BROADCAST                              