╭──────────────────────────────────────────────────────────────────────────────────────────────────────────────────────╮
│ ⬧   text Long message text Long message text Long message text                                                       │
╰──────────────────────────────────────────────────────────────────────────────────────────────────────────────────────╯