 ⬥───────────────────────────────────────────────── ⬡ MYSIS: alpha ⬡ ──────────────────────────────────────────────────⬥
                                                                                                                        
╭──────────────────────────────────────────────────────────────────────────────────────────────────────────────────────╮
│ ID: test-mysis  State: running  Provider: ollama  Account: crab_explorer                                             │
╰──────────────────────────────────────────────────────────────────────────────────────────────────────────────────────╯
⬧────────────────────────────────────────────────── CONVERSATION LOG ──────────────────────────────────────────────────⬧
╭──────────────────────────────────────────────────────────────────────────────────────────────────────────────────────╮
│                                                                                                                      │
│   SYS:  You are a space exploration AI controlling a ship in the Crustacean Cosmos.                                  │
│                                                                                                                      │
│   YOU:  What is your current status?                                                                                 │
│                                                                                                                      │
│   AI:   I am currently orbiting planet Crabulous Prime. All systems nominal.                                         │
│                                                                                                                      │
│   REASONING: The ship sensors show stable orbit. Fuel at 75%. Cargo hold empty.                                      │
│                                                                                                                      │
│   TOOL: {                                                                                                            │
│           ├─"name": alpha                                                                                            │
│           └─"fuel": 75                                                                                               │
│           }                                                                                                          │
│                                                                                                                      │
│                                                                                                                      │
│                                                                                                                      │
│                                                                                                                      │
│                                                                                                                      │
│                                                                                                                      │
│                                                                                                                      │
│                                                                                                                      │
│                                                                                                                      │
│                                                                                                                      │
│                                                                                                                      │
│                                                                                                                      │
│                                                                                                                      │
│                                                                                                                      │
│                                                                                                                      │
╰──────────────────────────────────────────────────────────────────────────────────────────────────────────────────────╯
[ ESC ] BACK  ·  [ m ] MESSAGE  ·  [ r ] RELAUNCH  ·  [ s ] STOP                                                        