 ⬥───────────────────────────────────────────── ⬡ MYSIS: cjk-test (1/1) ⬡ ─────────────────────────────────────────────⬥
  ID: cjk-mysis    Created: 2026-01-15 10:00                                                                            
╭──────────────────────────────────────────────────────────────────────────────────────────────────────────────────────╮
│ State: running  Provider: ollama-qwen  Account: (not logged in)                                                      │
╰──────────────────────────────────────────────────────────────────────────────────────────────────────────────────────╯
⬧────────────────────────────────────────────────── CONVERSATION LOG ──────────────────────────────────────────────────⬧
                                                                                                                        
   T0 ⬡ [10:00] AI: ───────────────────────────────────────────────────────────────────────────────────────────────     
   採掘完了。鉱石を発見しました。                                                                                       
                                                                                                                        
   T0 ⬡ [10:01] YOU: ──────────────────────────────────────────────────────────────────────────────────────────────     
   很好！继续探索。                                                                                                     
                                                                                                                        
                                                                                                                        
                                                                                                                        
                                                                                                                        
                                                                                                                        
                                                                                                                        
                                                                                                                        
                                                                                                                        
                                                                                                                        
                                                                                                                        
                                                                                                                        
                                                                                                                        
                                                                                                                        
                                                                                                                        
                                                                                                                        
                                                                                                                        
                                                                                                                        
                                                                                                                        
                                                                                                                        
                                                                                                                        
                                                                                                                        
                                                                                                                        
[ ESC ] BACK  ·  [ m ] MESSAGE  ·  [ r ] RELAUNCH  ·  [ s ] STOP                                                        