                                                                                
 T42000 ⬡ [12:00] TOOL: ─────────────────────────────────────────────────────── 
   ├─"a": <nil>                                                                 
   ├─"b": <nil>                                                                 
   └─"c": 123                                                                   