                                                                                
 [38;2;255;0;204m[38;2;0;255;204mT0[0m [38;2;157;0;255m⬡[0m [38;2;85;85;170m[10:30][0m AI:[0m[38;5;240m ─────────────────────────────────────────────────────────────[0m 
     I will proceed with the plan.                                              
                                                                                
 [38;5;170m[38;2;0;255;204mT0[0m [38;2;157;0;255m⬡[0m [38;2;85;85;170m[10:30][0m REASONING:[0m[38;5;240m ──────────────────────────────────────────────────────[0m 
     [38;5;213mFirst line of reasoning that explains the initial      [0m 
     [38;5;240m[6 more]                                              [0m 
     [38;5;213meven more context. Eighth line concludes the reasoning [0m 
     [38;5;213mwith final thoughts.                                   [0m 