                                                                                
 [38;2;255;0;204mAI:  [0m I will proceed with the plan.                                            
                                                                                
 [38;5;170mREASONING:[0m[38;5;213m First line of reasoning that explains the initial thought process.  [0m
            [38;5;240m[4 more]                                                            [0m
            [38;5;213mdepth. Seventh line provides even more context. Eighth line         [0m
            [38;5;213mconcludes the reasoning with final thoughts.                        [0m