                                                                                
 T0 ⬡ [10:30] AI: ───────────────────────────────────────────────────────────── 
     I will proceed with the plan.                                              
                                                                                
 T0 ⬡ [10:30] REASONING: ────────────────────────────────────────────────────── 
     First line of reasoning that explains the initial       
     [6 more]                                               
     even more context. Eighth line concludes the reasoning  
     with final thoughts.                                    