                                                                                                                  
 T42000 ⬡ [14:30] AI: ─────────────────────────────────────────────────────────────────────────────────────────── 
     ⚙ zoea_search_messages(limit=20, mysis_id="abc123", query="ore")                                             