                                                                                
 T42000 ⬡ [12:00] TOOL: ─────────────────────────────────────────────────────── 
   └─"ship":                                                                    
     ├─"cargo":                                                                 
     │ ├─"fuel": 50                                                             
     │ └─"ore": 10                                                              
     └─"id": abc123                                                             