[1;38;2;157;0;255;48;2;16;16;24m ⬥═════════════════════════════════════════════════════════════════════════════════════════════════════════════════════⬥[0m
[1;38;2;157;0;255;48;2;16;16;24m                                         ⬡ Z O E A   N O V A ⬡   COMMAND CENTER                                         [0m
[1;38;2;157;0;255;48;2;16;16;24m ⬥═════════════════════════════════════════════════════════════════════════════════════════════════════════════════════⬥[0m
                                                                                                                        
[48;2;16;16;24m [0m[38;2;0;255;204;48;2;16;16;24m [1;38;2;0;255;102m∙[0m  0  [38;2;0;255;204m◦[0m  0  [38;2;85;85;170m◌[0m  0  [1;38;2;255;51;102m✖[0m  0[0m[48;2;16;16;24m [0m[48;2;16;16;24m                                                                                               [0m
[1;38;2;0;255;204m⬧────────────────────────────────────────────────── SWARM BROADCAST ───────────────────────────────────────────────────⬧[0m
[38;2;85;85;170mNo broadcasts yet. Press 'b' to broadcast.[0m                                                                              
[1;38;2;0;255;204m⬧──────────────────────────────────────────────────── MYSIS SWARM ─────────────────────────────────────────────────────⬧[0m
[38;2;42;42;85m╔══════════════════════════════════════════════════════════════════════════════════════════════════════════════════════╗[0m
[38;2;42;42;85m║[0m[38;2;85;85;170mNo myses. Press 'n' to create one.[0m                                                                                    [38;2;42;42;85m║[0m
[38;2;42;42;85m║[0m                                                                                                                      [38;2;42;42;85m║[0m
[38;2;42;42;85m║[0m                                                                                                                      [38;2;42;42;85m║[0m
[38;2;42;42;85m║[0m                                                                                                                      [38;2;42;42;85m║[0m
[38;2;42;42;85m║[0m                                                                                                                      [38;2;42;42;85m║[0m
[38;2;42;42;85m║[0m                                                                                                                      [38;2;42;42;85m║[0m
[38;2;42;42;85m║[0m                                                                                                                      [38;2;42;42;85m║[0m
[38;2;42;42;85m║[0m                                                                                                                      [38;2;42;42;85m║[0m
[38;2;42;42;85m║[0m                                                                                                                      [38;2;42;42;85m║[0m
[38;2;42;42;85m║[0m                                                                                                                      [38;2;42;42;85m║[0m
[38;2;42;42;85m║[0m                                                                                                                      [38;2;42;42;85m║[0m
[38;2;42;42;85m║[0m                                                                                                                      [38;2;42;42;85m║[0m
[38;2;42;42;85m║[0m                                                                                                                      [38;2;42;42;85m║[0m
[38;2;42;42;85m║[0m                                                                                                                      [38;2;42;42;85m║[0m
[38;2;42;42;85m║[0m                                                                                                                      [38;2;42;42;85m║[0m
[38;2;42;42;85m║[0m                                                                                                                      [38;2;42;42;85m║[0m
[38;2;42;42;85m║[0m                                                                                                                      [38;2;42;42;85m║[0m
[38;2;42;42;85m║[0m                                                                                                                      [38;2;42;42;85m║[0m
[38;2;42;42;85m║[0m                                                                                                                      [38;2;42;42;85m║[0m
[38;2;42;42;85m║[0m                                                                                                                      [38;2;42;42;85m║[0m
[38;2;42;42;85m║[0m                                                                                                                      [38;2;42;42;85m║[0m
[38;2;42;42;85m║[0m                                                                                                                      [38;2;42;42;85m║[0m
[38;2;42;42;85m║[0m                                                                                                                      [38;2;42;42;85m║[0m
[38;2;42;42;85m║[0m                                                                                                                      [38;2;42;42;85m║[0m
[38;2;42;42;85m║[0m                                                                                                                      [38;2;42;42;85m║[0m
[38;2;42;42;85m║[0m                                                                                                                      [38;2;42;42;85m║[0m
[38;2;42;42;85m║[0m                                                                                                                      [38;2;42;42;85m║[0m
[38;2;42;42;85m║[0m                                                                                                                      [38;2;42;42;85m║[0m
[38;2;42;42;85m║[0m                                                                                                                      [38;2;42;42;85m║[0m
[38;2;42;42;85m║[0m                                                                                                                      [38;2;42;42;85m║[0m
[38;2;42;42;85m╚══════════════════════════════════════════════════════════════════════════════════════════════════════════════════════╝[0m
[38;2;85;85;170m[ ? ] HELP  ·  [ n ] NEW MYSIS  ·  [ b ] BROADCAST[0m                                                                      