 ⬥═════════════════════════════════════════════════════════════════════════════════════════════════════════════════════⬥
                                         ⬡ Z O E A   N O V A ⬡   COMMAND CENTER                                         
 ⬥═════════════════════════════════════════════════════════════════════════════════════════════════════════════════════⬥
                                                                                                                        
⬧────────────────────────────────────────────────── SWARM BROADCAST ───────────────────────────────────────────────────⬧
No broadcasts yet. Press 'b' to broadcast.                                                                              
⬧──────────────────────────────────────────────────── MYSIS SWARM ─────────────────────────────────────────────────────⬧
╔══════════════════════════════════════════════════════════════════════════════════════════════════════════════════════╗
║No myses. Press 'n' to create one.                                                                                    ║
║                                                                                                                      ║
║                                                                                                                      ║
║                                                                                                                      ║
║                                                                                                                      ║
║                                                                                                                      ║
║                                                                                                                      ║
║                                                                                                                      ║
║                                                                                                                      ║
║                                                                                                                      ║
║                                                                                                                      ║
║                                                                                                                      ║
║                                                                                                                      ║
║                                                                                                                      ║
║                                                                                                                      ║
║                                                                                                                      ║
║                                                                                                                      ║
║                                                                                                                      ║
║                                                                                                                      ║
║                                                                                                                      ║
║                                                                                                                      ║
║                                                                                                                      ║
║                                                                                                                      ║
║                                                                                                                      ║
║                                                                                                                      ║
║                                                                                                                      ║
║                                                                                                                      ║
║                                                                                                                      ║
║                                                                                                                      ║
║                                                                                                                      ║
║                                                                                                                      ║
╚══════════════════════════════════════════════════════════════════════════════════════════════════════════════════════╝
[ ? ] HELP  ·  [ n ] NEW MYSIS  ·  [ b ] BROADCAST                                                                      