                                                                                
 T42000 ⬡ [12:00] TOOL: ─────────────────────────────────────────────────────── 
   ├─[0]                                                                        
     │ ├─"id": 0                                                                
     │ ├─"name": item_A                                                         
     │ └─"value": 0                                                             
   ├─[1]                                                                        
     │ ├─"id": 1                                                                
     │ ├─"name": item_B                                                         
     │ └─"value": 100                                                           
   ├─[2]                                                                        
     │ ├─"id": 2                                                                
     │ ├─"name": item_C                                                         
     │ └─"value": 200                                                           
   ├─[94 more]                                                                  
   ├─[97]                                                                       
     │ ├─"id": 97                                                               
     │ ├─"name": item_T                                                         
     │ └─"value": 9700                                                          
   ├─[98]                                                                       
     │ ├─"id": 98                                                               
     │ ├─"name": item_U                                                         
     │ └─"value": 9800                                                          
   ├─[99]                                                                       
       ├─"id": 99                                                               
       ├─"name": item_V                                                         
       └─"value": 9900                                                          