 ⬥──────────────────────────────────────────── ⬡ MYSIS: roles-test (1/1) ⬡ ────────────────────────────────────────────⬥
                                                                                                                        
╭──────────────────────────────────────────────────────────────────────────────────────────────────────────────────────╮
│ ID: roles-mysis  State: running  Provider: ollama  Account: (not logged in)  Created: 2026-01-15 10:00               │
╰──────────────────────────────────────────────────────────────────────────────────────────────────────────────────────╯
⬧────────────────────────────────────────────────── CONVERSATION LOG ──────────────────────────────────────────────────⬧
╭──────────────────────────────────────────────────────────────────────────────────────────────────────────────────────╮
│                                                                                                                      │
│   10:00:00 SYS: System initialization message                                                                        │
│                                                                                                                      │
│   10:01:00 YOU: Direct user message                                                                                  │
│                                                                                                                      │
│   10:02:00 SWARM: Broadcast from swarm                                                                               │
│                                                                                                                      │
│   10:03:00 AI: AI response                                                                                           │
│                                                                                                                      │
│   REASONING: Because reasons                                                                                         │
│                                                                                                                      │
│   10:04:00 TOOL: {                                                                                                   │
│                    └─"result": success                                                                               │
│                    }                                                                                                 │
│                                                                                                                      │
│                                                                                                                      │
│                                                                                                                      │
│                                                                                                                      │
│                                                                                                                      │
│                                                                                                                      │
│                                                                                                                      │
│                                                                                                                      │
│                                                                                                                      │
│                                                                                                                      │
│                                                                                                                      │
│                                                                                                                      │
│                                                                                                                      │
│                                                                                                                      │
╰──────────────────────────────────────────────────────────────────────────────────────────────────────────────────────╯
[ ESC ] BACK  ·  [ m ] MESSAGE  ·  [ r ] RELAUNCH  ·  [ s ] STOP                                                        