 ⬥──────────────────────────────────────────── ⬡ MYSIS: roles-test (1/1) ⬡ ────────────────────────────────────────────⬥
                                                                                                                        
╭──────────────────────────────────────────────────────────────────────────────────────────────────────────────────────╮
│ ID: roles-mysis  State: running  Provider: ollama  Account: (not logged in)  Created: 2026-01-15 10:00               │
╰──────────────────────────────────────────────────────────────────────────────────────────────────────────────────────╯
⬧────────────────────────────────────────────────── CONVERSATION LOG ──────────────────────────────────────────────────⬧
╭──────────────────────────────────────────────────────────────────────────────────────────────────────────────────────╮
│                                                                                                                      │
│   T0 ⬡ [10:00] SYS: System initialization message                                                                    │
│                                                                                                                      │
│   T0 ⬡ [10:01] YOU: Direct user message                                                                              │
│                                                                                                                      │
│   T0 ⬡ [10:02] SWARM: Broadcast from swarm                                                                           │
│                                                                                                                      │
│   T0 ⬡ [10:03] AI: AI response                                                                                       │
│                                                                                                                      │
│   REASONING: Because reasons                                                                                         │
│                                                                                                                      │
│   T0 ⬡ [10:04] TOOL: {                                                                                               │
│                        └─"result": success                                                                           │
│                        }                                                                                             │
│                                                                                                                      │
│                                                                                                                      │
│                                                                                                                      │
│                                                                                                                      │
│                                                                                                                      │
│                                                                                                                      │
│                                                                                                                      │
│                                                                                                                      │
│                                                                                                                      │
│                                                                                                                      │
│                                                                                                                      │
│                                                                                                                      │
│                                                                                                                      │
│                                                                                                                      │
╰──────────────────────────────────────────────────────────────────────────────────────────────────────────────────────╯
[ ESC ] BACK  ·  [ m ] MESSAGE  ·  [ r ] RELAUNCH  ·  [ s ] STOP                                                        