                                                                                                    
 T42500 ⬡ [16:45] AI: ───────────────────────────────────────────────────────────────────────────── 
     I will travel to the mining station.                                                           
                                                                                                    
 T42500 ⬡ [16:45] REASONING: ────────────────────────────────────────────────────────────────────── 
     First line of reasoning                                                 
     [3 more]                                                               
     Second to last line                                                     
     Last line of reasoning                                                  