[38;2;157;0;255m⬥══════════════════════════════════════════════════════════════════════════════════════════════════════════════════════════════════════════════════════════════════════════════════════════════════════════════════════════════════════════════⬥[0m
[38;2;157;0;255m [0m[48;2;16;16;24m                                                                                                    [0m[1;38;2;157;0;255;48;2;16;16;24m⬡ Z O E A   N O V A ⬡   COMMAND CENTER[0m[48;2;16;16;24m                                                                                                    [0m[38;2;157;0;255m [0m
[38;2;157;0;255m⬥══════════════════════════════════════════════════════════════════════════════════════════════════════════════════════════════════════════════════════════════════════════════════════════════════════════════════════════════════════════════⬥[0m
[1;38;2;0;255;204m⬧────────────────────────────────────────────────────────────────────────────────────────────────────────────── SWARM BROADCAST ───────────────────────────────────────────────────────────────────────────────────────────────────────────────⬧[0m
[38;2;85;85;170m11:00:00[0m[1;38;2;0;255;204m [alpha][0m All units: proceed to sector 7                                                                                                                                                                                                 
[38;2;85;85;170m11:01:00[0m[1;38;2;0;255;204m [beta][0m Target rich environment detected                                                                                                                                                                                                
[38;2;85;85;170m11:02:00[0m[1;38;2;0;255;204m [gamma][0m Enemy spotted in quadrant 4                                                                                                                                                                                                    
[1;38;2;0;255;204m⬧──────────────────────────────────────────────────────────────────────────────────────────────────────────────── MYSIS SWARM ─────────────────────────────────────────────────────────────────────────────────────────────────────────────────⬧[0m
[38;2;107;0;179m╔══════════════════════════════════════════════════════════════════════════════════════════════════════════════════════════════════════════════════════════════════════════════════════════════════════════════════════════════════════════════╗[0m
[38;2;107;0;179m║[0m ⠋ [1;38;2;8;8;15;48;2;157;0;255malpha            [1;38;2;0;255;102mrunning [0m [38;2;85;85;170m[ollama][0m [38;2;85;85;170m@crab_warrior[0m[38;2;85;85;170m │ 10:00:00 Mining asteroid belt[0m[0m[48;2;157;0;255m [0m[48;2;157;0;255m                                                                                                                                                        [0m  [38;2;107;0;179m║[0m
[38;2;107;0;179m║[0m ⠋ [38;2;0;255;204mbeta             [1;38;2;0;255;102mrunning [0m [38;2;85;85;170m[opencode_zen][0m [38;2;85;85;170m@crab_trader[0m[38;2;85;85;170m │ 10:01:00 Traveling to sector 7[0m[0m                                                                                                                                                     [38;2;107;0;179m║[0m
[38;2;107;0;179m║[0m ⠋ [38;2;0;255;204mgamma            [1;38;2;0;255;102mrunning [0m [38;2;85;85;170m[ollama][0m [38;2;85;85;170m@crab_explorer[0m[38;2;85;85;170m │ 10:02:00 Trading at station[0m[0m                                                                                                                                                            [38;2;107;0;179m║[0m
[38;2;107;0;179m║[0m                                                                                                                                                                                                                                              [38;2;107;0;179m║[0m
[38;2;107;0;179m║[0m                                                                                                                                                                                                                                              [38;2;107;0;179m║[0m
[38;2;107;0;179m║[0m                                                                                                                                                                                                                                              [38;2;107;0;179m║[0m
[38;2;107;0;179m║[0m                                                                                                                                                                                                                                              [38;2;107;0;179m║[0m
[38;2;107;0;179m║[0m                                                                                                                                                                                                                                              [38;2;107;0;179m║[0m
[38;2;107;0;179m║[0m                                                                                                                                                                                                                                              [38;2;107;0;179m║[0m
[38;2;107;0;179m║[0m                                                                                                                                                                                                                                              [38;2;107;0;179m║[0m
[38;2;107;0;179m║[0m                                                                                                                                                                                                                                              [38;2;107;0;179m║[0m
[38;2;107;0;179m║[0m                                                                                                                                                                                                                                              [38;2;107;0;179m║[0m
[38;2;107;0;179m║[0m                                                                                                                                                                                                                                              [38;2;107;0;179m║[0m
[38;2;107;0;179m║[0m                                                                                                                                                                                                                                              [38;2;107;0;179m║[0m
[38;2;107;0;179m║[0m                                                                                                                                                                                                                                              [38;2;107;0;179m║[0m
[38;2;107;0;179m║[0m                                                                                                                                                                                                                                              [38;2;107;0;179m║[0m
[38;2;107;0;179m║[0m                                                                                                                                                                                                                                              [38;2;107;0;179m║[0m
[38;2;107;0;179m║[0m                                                                                                                                                                                                                                              [38;2;107;0;179m║[0m
[38;2;107;0;179m║[0m                                                                                                                                                                                                                                              [38;2;107;0;179m║[0m
[38;2;107;0;179m║[0m                                                                                                                                                                                                                                              [38;2;107;0;179m║[0m
[38;2;107;0;179m║[0m                                                                                                                                                                                                                                              [38;2;107;0;179m║[0m
[38;2;107;0;179m║[0m                                                                                                                                                                                                                                              [38;2;107;0;179m║[0m
[38;2;107;0;179m║[0m                                                                                                                                                                                                                                              [38;2;107;0;179m║[0m
[38;2;107;0;179m║[0m                                                                                                                                                                                                                                              [38;2;107;0;179m║[0m
[38;2;107;0;179m║[0m                                                                                                                                                                                                                                              [38;2;107;0;179m║[0m
[38;2;107;0;179m║[0m                                                                                                                                                                                                                                              [38;2;107;0;179m║[0m
[38;2;107;0;179m║[0m                                                                                                                                                                                                                                              [38;2;107;0;179m║[0m
[38;2;107;0;179m║[0m                                                                                                                                                                                                                                              [38;2;107;0;179m║[0m
[38;2;107;0;179m║[0m                                                                                                                                                                                                                                              [38;2;107;0;179m║[0m
[38;2;107;0;179m╚══════════════════════════════════════════════════════════════════════════════════════════════════════════════════════════════════════════════════════════════════════════════════════════════════════════════════════════════════════════════╝[0m
[38;2;85;85;170m[ ? ] HELP  ·  [ n ] NEW MYSIS  ·  [ b ] BROADCAST[0m                                                                                                                                                                                              