⬥══════════════════════════════════════════════════════════════════════════════════════════════════════════════════════════════════════════════════════════════════════════════════════════════════════════════════════════════════════════════⬥
                                                                                                     ⬡ Z O E A   N O V A ⬡   COMMAND CENTER                                                                                                     
⬥══════════════════════════════════════════════════════════════════════════════════════════════════════════════════════════════════════════════════════════════════════════════════════════════════════════════════════════════════════════════⬥
⬧────────────────────────────────────────────────────────────────────────────────────────────────────────────── SWARM BROADCAST ───────────────────────────────────────────────────────────────────────────────────────────────────────────────⬧
T0 ⬡ [11:00] [alpha] All units: proceed to sector 7                                                                                                                                                                                             
T0 ⬡ [11:01] [beta] Target rich environment detected                                                                                                                                                                                            
T0 ⬡ [11:02] [gamma] Enemy spotted in quadrant 4                                                                                                                                                                                                
⬧──────────────────────────────────────────────────────────────────────────────────────────────────────────────── MYSIS SWARM ─────────────────────────────────────────────────────────────────────────────────────────────────────────────────⬧
╔══════════════════════════════════════════════════════════════════════════════════════════════════════════════════════════════════════════════════════════════════════════════════════════════════════════════════════════════════════════════╗
║[→ ] ⠋  alpha    ollama       running  @crab_war...                                                                                                                                                                                           ║
║  └─ T0 ⬡ [10:00] Mining asteroid belt                                                                                                                                                                                                        ║
║[  ] ⠋  beta     opencode_zen running  @crab_trader                                                                                                                                                                                           ║
║  └─ T0 ⬡ [10:01] Traveling to sector 7                                                                                                                                                                                                       ║
║[  ] ⠋  gamma    ollama       running  @crab_exp...                                                                                                                                                                                           ║
║  └─ T0 ⬡ [10:02] Trading at station                                                                                                                                                                                                          ║
║                                                                                                                                                                                                                                              ║
║                                                                                                                                                                                                                                              ║
║                                                                                                                                                                                                                                              ║
║                                                                                                                                                                                                                                              ║
║                                                                                                                                                                                                                                              ║
║                                                                                                                                                                                                                                              ║
║                                                                                                                                                                                                                                              ║
║                                                                                                                                                                                                                                              ║
║                                                                                                                                                                                                                                              ║
║                                                                                                                                                                                                                                              ║
║                                                                                                                                                                                                                                              ║
║                                                                                                                                                                                                                                              ║
║                                                                                                                                                                                                                                              ║
║                                                                                                                                                                                                                                              ║
║                                                                                                                                                                                                                                              ║
║                                                                                                                                                                                                                                              ║
║                                                                                                                                                                                                                                              ║
║                                                                                                                                                                                                                                              ║
║                                                                                                                                                                                                                                              ║
║                                                                                                                                                                                                                                              ║
║                                                                                                                                                                                                                                              ║
║                                                                                                                                                                                                                                              ║
║                                                                                                                                                                                                                                              ║
╚══════════════════════════════════════════════════════════════════════════════════════════════════════════════════════════════════════════════════════════════════════════════════════════════════════════════════════════════════════════════╝
[ ? ] HELP  ·  [ n ] NEW MYSIS  ·  [ b ] BROADCAST                                                                                                                                                                                              