⬥══════════════════════════════════════════════════════════════════════════════════════════════════════════════════════════════════════════════════════════════════════════════════════════════════════════════════════════════════════════════⬥
                                                                                                     ⬡ Z O E A   N O V A ⬡   COMMAND CENTER                                                                                                     
⬥══════════════════════════════════════════════════════════════════════════════════════════════════════════════════════════════════════════════════════════════════════════════════════════════════════════════════════════════════════════════⬥
⬧────────────────────────────────────────────────────────────────────────────────────────────────────────────── SWARM BROADCAST ───────────────────────────────────────────────────────────────────────────────────────────────────────────────⬧
11:00:00 [alpha] All units: proceed to sector 7                                                                                                                                                                                                 
11:01:00 [beta] Target rich environment detected                                                                                                                                                                                                
11:02:00 [gamma] Enemy spotted in quadrant 4                                                                                                                                                                                                    
⬧──────────────────────────────────────────────────────────────────────────────────────────────────────────────── MYSIS SWARM ─────────────────────────────────────────────────────────────────────────────────────────────────────────────────⬧
╔══════════════════════════════════════════════════════════════════════════════════════════════════════════════════════════════════════════════════════════════════════════════════════════════════════════════════════════════════════════════╗
║ ⠋ alpha            running  [ollama] @crab_warrior │ 10:00:00 Mining asteroid belt                                                                                                                                                           ║
║ ⠋ beta             running  [opencode_zen] @crab_trader │ 10:01:00 Traveling to sector 7                                                                                                                                                     ║
║ ⠋ gamma            running  [ollama] @crab_explorer │ 10:02:00 Trading at station                                                                                                                                                            ║
║                                                                                                                                                                                                                                              ║
║                                                                                                                                                                                                                                              ║
║                                                                                                                                                                                                                                              ║
║                                                                                                                                                                                                                                              ║
║                                                                                                                                                                                                                                              ║
║                                                                                                                                                                                                                                              ║
║                                                                                                                                                                                                                                              ║
║                                                                                                                                                                                                                                              ║
║                                                                                                                                                                                                                                              ║
║                                                                                                                                                                                                                                              ║
║                                                                                                                                                                                                                                              ║
║                                                                                                                                                                                                                                              ║
║                                                                                                                                                                                                                                              ║
║                                                                                                                                                                                                                                              ║
║                                                                                                                                                                                                                                              ║
║                                                                                                                                                                                                                                              ║
║                                                                                                                                                                                                                                              ║
║                                                                                                                                                                                                                                              ║
║                                                                                                                                                                                                                                              ║
║                                                                                                                                                                                                                                              ║
║                                                                                                                                                                                                                                              ║
║                                                                                                                                                                                                                                              ║
║                                                                                                                                                                                                                                              ║
║                                                                                                                                                                                                                                              ║
║                                                                                                                                                                                                                                              ║
║                                                                                                                                                                                                                                              ║
╚══════════════════════════════════════════════════════════════════════════════════════════════════════════════════════════════════════════════════════════════════════════════════════════════════════════════════════════════════════════════╝
[ ? ] HELP  ·  [ n ] NEW MYSIS  ·  [ b ] BROADCAST                                                                                                                                                                                              