                                                                                                                  
 [38;2;255;0;204m[38;2;0;255;204mT42000[0m [38;2;157;0;255m⬡[0m [38;2;85;85;170m[14:30][0m AI:[0m[38;5;240m ───────────────────────────────────────────────────────────────────────────────────────────[0m 
 [1;38;2;255;204;0m⚡ Calling tools:[0m                                                                                                
   • [1;38;2;255;204;0mscan[0m[38;2;255;204;0m(range: 1000)[0m                                                                                            
                                                                                                                  
 [38;5;170m[38;2;0;255;204mT42000[0m [38;2;157;0;255m⬡[0m [38;2;85;85;170m[14:30][0m REASONING:[0m[38;5;240m ────────────────────────────────────────────────────────────────────────────────────[0m 
 [38;5;213mStep 1: Scan the area for potential threats                                          [0m 
 [38;5;240m[1 more]                                                                            [0m 
 [38;5;213mStep 3: Plan optimal mining route                                                    [0m 
 [38;5;213mStep 4: Execute mining sequence                                                      [0m 