 ⬥────────────────────────── ⬡ MYSIS: gamma (1/1) ⬡ ───────────────────────────⬥
╭──────────────────────────────────────────────────────────────────────────────╮
│ ID: test-mysis  State: idle  Provider: opencode_zen  Account: crab_surveyor  │
│ Created: 2026-01-15 09:45                                                    │
╰──────────────────────────────────────────────────────────────────────────────╯
⬧────────────────────────────── CONVERSATION LOG ──────────────────────────────⬧
                                                                                
   T0 ⬡ [09:46] AI: ───────────────────────────────────────────────────────     
   Short response for narrow view.                                              
                                                                                
                                                                                
                                                                                
                                                                                
                                                                                
                                                                                
                                                                                
                                                                                
                                                                                
[ ESC ] BACK  ·  [ m ] MESSAGE  ·  [ r ] RELAUNCH  ·  [ s ] STOP                