[1;38;2;157;0;255;48;2;16;16;24m ⬥────────────────────────────────────────── ⬡ MYSIS: many-logs-test (1/1) ⬡ ──────────────────────────────────────────⬥[0m
                                                                                                                        
[38;2;42;42;85m╭──────────────────────────────────────────────────────────────────────────────────────────────────────────────────────╮[0m
[38;2;42;42;85m│[0m[48;2;20;20;31m [0m[48;2;20;20;31m[38;2;85;85;170mID:[0m [1;38;2;157;0;255mmany-logs-mysis[0m  [38;2;85;85;170mState:[0m [1;38;2;0;255;102mrunning[0m  [38;2;85;85;170mProvider:[0m [1;38;2;157;0;255mollama[0m  [38;2;85;85;170mAccount:[0m [38;2;85;85;170m(not logged in)[0m  [38;2;85;85;170mCreated:[0m [1;38;2;157;0;255m2026-01-15 10:00[0m[0m[48;2;20;20;31m [0m[48;2;20;20;31m          [0m[38;2;42;42;85m│[0m
[38;2;42;42;85m╰──────────────────────────────────────────────────────────────────────────────────────────────────────────────────────╯[0m
[1;38;2;0;255;204m⬧────────────────────────────────────────────────── CONVERSATION LOG ──────────────────────────────────────────────────⬧[0m
[38;2;107;0;179m╭──────────────────────────────────────────────────────────────────────────────────────────────────────────────────────╮[0m
[38;2;107;0;179m│[0m                                                                                                                      [38;2;107;0;179m│[0m
[38;2;107;0;179m│[0m   [38;2;0;204;255m10:26:01 SYS:[0m Processing request                                                                                   [38;2;107;0;179m│[0m
[38;2;107;0;179m│[0m                                                                                                                      [38;2;107;0;179m│[0m
[38;2;107;0;179m│[0m   [38;2;255;204;0m10:27:01 TOOL:[0m Analyzing data                                                                                      [38;2;107;0;179m│[0m
[38;2;107;0;179m│[0m                                                                                                                      [38;2;107;0;179m│[0m
[38;2;107;0;179m│[0m   [38;2;0;255;102m10:28:01 YOU:[0m Computing trajectory                                                                                 [38;2;107;0;179m│[0m
[38;2;107;0;179m│[0m                                                                                                                      [38;2;107;0;179m│[0m
[38;2;107;0;179m│[0m   [38;2;255;0;204m10:29:01 AI:[0m Optimizing route                                                                                      [38;2;107;0;179m│[0m
[38;2;107;0;179m│[0m                                                                                                                      [38;2;107;0;179m│[0m
[38;2;107;0;179m│[0m   [38;2;0;204;255m10:30:01 SYS:[0m Executing command                                                                                    [38;2;107;0;179m│[0m
[38;2;107;0;179m│[0m                                                                                                                      [38;2;107;0;179m│[0m
[38;2;107;0;179m│[0m   [38;2;255;204;0m10:31:01 TOOL:[0m Processing request                                                                                  [38;2;107;0;179m│[0m
[38;2;107;0;179m│[0m                                                                                                                      [38;2;107;0;179m│[0m
[38;2;107;0;179m│[0m   [38;2;0;255;102m10:32:01 YOU:[0m Analyzing data                                                                                       [38;2;107;0;179m│[0m
[38;2;107;0;179m│[0m                                                                                                                      [38;2;107;0;179m│[0m
[38;2;107;0;179m│[0m   [38;2;255;0;204m10:33:01 AI:[0m Computing trajectory                                                                                  [38;2;107;0;179m│[0m
[38;2;107;0;179m│[0m                                                                                                                      [38;2;107;0;179m│[0m
[38;2;107;0;179m│[0m   [38;2;0;204;255m10:34:01 SYS:[0m Optimizing route                                                                                     [38;2;107;0;179m│[0m
[38;2;107;0;179m│[0m                                                                                                                      [38;2;107;0;179m│[0m
[38;2;107;0;179m│[0m   [38;2;255;204;0m10:35:01 TOOL:[0m Executing command                                                                                   [38;2;107;0;179m│[0m
[38;2;107;0;179m│[0m                                                                                                                      [38;2;107;0;179m│[0m
[38;2;107;0;179m│[0m   [38;2;0;255;102m10:36:01 YOU:[0m Processing request                                                                                   [38;2;107;0;179m│[0m
[38;2;107;0;179m│[0m                                                                                                                      [38;2;107;0;179m│[0m
[38;2;107;0;179m│[0m   [38;2;255;0;204m10:37:01 AI:[0m Analyzing data                                                                                        [38;2;107;0;179m│[0m
[38;2;107;0;179m│[0m                                                                                                                      [38;2;107;0;179m│[0m
[38;2;107;0;179m│[0m   [38;2;0;204;255m10:38:01 SYS:[0m Computing trajectory                                                                                 [38;2;107;0;179m│[0m
[38;2;107;0;179m│[0m                                                                                                                      [38;2;107;0;179m│[0m
[38;2;107;0;179m│[0m   [38;2;255;204;0m10:39:01 TOOL:[0m Optimizing route                                                                                    [38;2;107;0;179m│[0m
[38;2;107;0;179m╰──────────────────────────────────────────────────────────────────────────────────────────────────────────────────────╯[0m
[38;2;85;85;170m[ ESC ] BACK  ·  [ m ] MESSAGE  ·  [ r ] RELAUNCH  ·  [ s ] STOP[0m                                                        