[1;38;2;157;0;255;48;2;16;16;24m ⬥────────────────────────────────────────── ⬡ MYSIS: many-logs-test (1/1) ⬡ ──────────────────────────────────────────⬥[0m
                                                                                                                        
[38;2;42;42;85m╭──────────────────────────────────────────────────────────────────────────────────────────────────────────────────────╮[0m
[38;2;42;42;85m│[0m[48;2;20;20;31m [0m[48;2;20;20;31m[38;2;85;85;170mID:[0m [1;38;2;157;0;255mmany-logs-mysis[0m  [38;2;85;85;170mState:[0m [1;38;2;0;255;102mrunning[0m  [38;2;85;85;170mProvider:[0m [1;38;2;157;0;255mollama[0m  [38;2;85;85;170mAccount:[0m [38;2;85;85;170m(not logged in)[0m  [38;2;85;85;170mCreated:[0m [1;38;2;157;0;255m2026-01-15 10:00[0m[0m[48;2;20;20;31m [0m[48;2;20;20;31m          [0m[38;2;42;42;85m│[0m
[38;2;42;42;85m╰──────────────────────────────────────────────────────────────────────────────────────────────────────────────────────╯[0m
[1;38;2;0;255;204m⬧────────────────────────────────────────────────── CONVERSATION LOG ──────────────────────────────────────────────────⬧[0m
[38;2;107;0;179m╭──────────────────────────────────────────────────────────────────────────────────────────────────────────────────────╮[0m
[38;2;107;0;179m│[0m                                                                                                                      [38;2;107;0;179m│[0m
[38;2;107;0;179m│[0m   [38;2;0;204;255m[38;2;0;255;204mT0[0m [38;2;157;0;255m⬡[0m [38;2;85;85;170m[10:26][0m SYS:[0m Processing request                                                                               [38;2;107;0;179m│[0m
[38;2;107;0;179m│[0m                                                                                                                      [38;2;107;0;179m│[0m
[38;2;107;0;179m│[0m   [38;2;255;204;0m[38;2;0;255;204mT0[0m [38;2;157;0;255m⬡[0m [38;2;85;85;170m[10:27][0m TOOL:[0m Analyzing data                                                                                  [38;2;107;0;179m│[0m
[38;2;107;0;179m│[0m                                                                                                                      [38;2;107;0;179m│[0m
[38;2;107;0;179m│[0m   [38;2;0;255;102m[38;2;0;255;204mT0[0m [38;2;157;0;255m⬡[0m [38;2;85;85;170m[10:28][0m YOU:[0m Computing trajectory                                                                             [38;2;107;0;179m│[0m
[38;2;107;0;179m│[0m                                                                                                                      [38;2;107;0;179m│[0m
[38;2;107;0;179m│[0m   [38;2;255;0;204m[38;2;0;255;204mT0[0m [38;2;157;0;255m⬡[0m [38;2;85;85;170m[10:29][0m AI:[0m Optimizing route                                                                                  [38;2;107;0;179m│[0m
[38;2;107;0;179m│[0m                                                                                                                      [38;2;107;0;179m│[0m
[38;2;107;0;179m│[0m   [38;2;0;204;255m[38;2;0;255;204mT0[0m [38;2;157;0;255m⬡[0m [38;2;85;85;170m[10:30][0m SYS:[0m Executing command                                                                                [38;2;107;0;179m│[0m
[38;2;107;0;179m│[0m                                                                                                                      [38;2;107;0;179m│[0m
[38;2;107;0;179m│[0m   [38;2;255;204;0m[38;2;0;255;204mT0[0m [38;2;157;0;255m⬡[0m [38;2;85;85;170m[10:31][0m TOOL:[0m Processing request                                                                              [38;2;107;0;179m│[0m
[38;2;107;0;179m│[0m                                                                                                                      [38;2;107;0;179m│[0m
[38;2;107;0;179m│[0m   [38;2;0;255;102m[38;2;0;255;204mT0[0m [38;2;157;0;255m⬡[0m [38;2;85;85;170m[10:32][0m YOU:[0m Analyzing data                                                                                   [38;2;107;0;179m│[0m
[38;2;107;0;179m│[0m                                                                                                                      [38;2;107;0;179m│[0m
[38;2;107;0;179m│[0m   [38;2;255;0;204m[38;2;0;255;204mT0[0m [38;2;157;0;255m⬡[0m [38;2;85;85;170m[10:33][0m AI:[0m Computing trajectory                                                                              [38;2;107;0;179m│[0m
[38;2;107;0;179m│[0m                                                                                                                      [38;2;107;0;179m│[0m
[38;2;107;0;179m│[0m   [38;2;0;204;255m[38;2;0;255;204mT0[0m [38;2;157;0;255m⬡[0m [38;2;85;85;170m[10:34][0m SYS:[0m Optimizing route                                                                                 [38;2;107;0;179m│[0m
[38;2;107;0;179m│[0m                                                                                                                      [38;2;107;0;179m│[0m
[38;2;107;0;179m│[0m   [38;2;255;204;0m[38;2;0;255;204mT0[0m [38;2;157;0;255m⬡[0m [38;2;85;85;170m[10:35][0m TOOL:[0m Executing command                                                                               [38;2;107;0;179m│[0m
[38;2;107;0;179m│[0m                                                                                                                      [38;2;107;0;179m│[0m
[38;2;107;0;179m│[0m   [38;2;0;255;102m[38;2;0;255;204mT0[0m [38;2;157;0;255m⬡[0m [38;2;85;85;170m[10:36][0m YOU:[0m Processing request                                                                               [38;2;107;0;179m│[0m
[38;2;107;0;179m│[0m                                                                                                                      [38;2;107;0;179m│[0m
[38;2;107;0;179m│[0m   [38;2;255;0;204m[38;2;0;255;204mT0[0m [38;2;157;0;255m⬡[0m [38;2;85;85;170m[10:37][0m AI:[0m Analyzing data                                                                                    [38;2;107;0;179m│[0m
[38;2;107;0;179m│[0m                                                                                                                      [38;2;107;0;179m│[0m
[38;2;107;0;179m│[0m   [38;2;0;204;255m[38;2;0;255;204mT0[0m [38;2;157;0;255m⬡[0m [38;2;85;85;170m[10:38][0m SYS:[0m Computing trajectory                                                                             [38;2;107;0;179m│[0m
[38;2;107;0;179m│[0m                                                                                                                      [38;2;107;0;179m│[0m
[38;2;107;0;179m│[0m   [38;2;255;204;0m[38;2;0;255;204mT0[0m [38;2;157;0;255m⬡[0m [38;2;85;85;170m[10:39][0m TOOL:[0m Optimizing route                                                                                [38;2;107;0;179m│[0m
[38;2;107;0;179m╰──────────────────────────────────────────────────────────────────────────────────────────────────────────────────────╯[0m
[38;2;85;85;170m[ ESC ] BACK  ·  [ m ] MESSAGE  ·  [ r ] RELAUNCH  ·  [ s ] STOP[0m                                                        