 ⬥────────────────────────────────────────── ⬡ MYSIS: many-logs-test (1/1) ⬡ ──────────────────────────────────────────⬥
  ID: many-logs-mysis    Created: 2026-01-15 10:00                                                                      
╭──────────────────────────────────────────────────────────────────────────────────────────────────────────────────────╮
│ State: running  Provider: ollama-qwen  Account: (not logged in)                                                      │
╰──────────────────────────────────────────────────────────────────────────────────────────────────────────────────────╯
⬧────────────────────────────────────────────────── CONVERSATION LOG ──────────────────────────────────────────────────⬧
       Executing command                                                                                                
                                                                                                                        
   T0 ⬡ [10:31] TOOL: ─────────────────────────────────────────────────────────────────────────────────────────────     
       ✓ Success                                                                                                        
                                                                                                                        
   T0 ⬡ [10:32] YOU: ──────────────────────────────────────────────────────────────────────────────────────────────     
       Analyzing data                                                                                                   
                                                                                                                        
   T0 ⬡ [10:33] AI: ───────────────────────────────────────────────────────────────────────────────────────────────     
       Computing trajectory                                                                                             
                                                                                                                        
   T0 ⬡ [10:34] SYS: ──────────────────────────────────────────────────────────────────────────────────────────────     
       Optimizing route                                                                                                 
                                                                                                                        
   T0 ⬡ [10:35] TOOL: ─────────────────────────────────────────────────────────────────────────────────────────────     
       ✓ Success                                                                                                        
                                                                                                                        
   T0 ⬡ [10:36] YOU: ──────────────────────────────────────────────────────────────────────────────────────────────     
       Processing request                                                                                               
                                                                                                                        
   T0 ⬡ [10:37] AI: ───────────────────────────────────────────────────────────────────────────────────────────────     
       Analyzing data                                                                                                   
                                                                                                                        
   T0 ⬡ [10:38] SYS: ──────────────────────────────────────────────────────────────────────────────────────────────     
       Computing trajectory                                                                                             
                                                                                                                        
   T0 ⬡ [10:39] TOOL: ─────────────────────────────────────────────────────────────────────────────────────────────     
       ✓ Success                                                                                                        
[ ESC ] BACK  ·  [ m ] MESSAGE  ·  [ r ] RELAUNCH  ·  [ s ] STOP                                                        