 ⬥────────────────────────────────────────── ⬡ MYSIS: many-logs-test (1/1) ⬡ ──────────────────────────────────────────⬥
                                                                                                                        
╭──────────────────────────────────────────────────────────────────────────────────────────────────────────────────────╮
│ ID: many-logs-mysis  State: running  Provider: ollama  Account: (not logged in)  Created: 2026-01-15 10:00           │
╰──────────────────────────────────────────────────────────────────────────────────────────────────────────────────────╯
⬧────────────────────────────────────────────────── CONVERSATION LOG ──────────────────────────────────────────────────⬧
╭──────────────────────────────────────────────────────────────────────────────────────────────────────────────────────╮
│                                                                                                                      │
│   10:26:01 SYS: Processing request                                                                                   │
│                                                                                                                      │
│   10:27:01 TOOL: Analyzing data                                                                                      │
│                                                                                                                      │
│   10:28:01 YOU: Computing trajectory                                                                                 │
│                                                                                                                      │
│   10:29:01 AI: Optimizing route                                                                                      │
│                                                                                                                      │
│   10:30:01 SYS: Executing command                                                                                    │
│                                                                                                                      │
│   10:31:01 TOOL: Processing request                                                                                  │
│                                                                                                                      │
│   10:32:01 YOU: Analyzing data                                                                                       │
│                                                                                                                      │
│   10:33:01 AI: Computing trajectory                                                                                  │
│                                                                                                                      │
│   10:34:01 SYS: Optimizing route                                                                                     │
│                                                                                                                      │
│   10:35:01 TOOL: Executing command                                                                                   │
│                                                                                                                      │
│   10:36:01 YOU: Processing request                                                                                   │
│                                                                                                                      │
│   10:37:01 AI: Analyzing data                                                                                        │
│                                                                                                                      │
│   10:38:01 SYS: Computing trajectory                                                                                 │
│                                                                                                                      │
│   10:39:01 TOOL: Optimizing route                                                                                    │
╰──────────────────────────────────────────────────────────────────────────────────────────────────────────────────────╯
[ ESC ] BACK  ·  [ m ] MESSAGE  ·  [ r ] RELAUNCH  ·  [ s ] STOP                                                        