[1;38;2;157;0;255;48;2;16;16;24m ⬥───────────── ⬡ MYSIS: narrow-focus (1/1) ⬡ ─────────────⬥[0m    
                                                                
[38;2;42;42;85m╭──────────────────────────────────────────────────────────╮[0m    
[38;2;42;42;85m│[0m[48;2;20;20;31m [0m[48;2;20;20;31m[38;2;85;85;170mID:[0m [1;38;2;157;0;255mnarrow-focus-mysis[0m  [38;2;85;85;170mState:[0m [1;38;2;0;255;102mrunning[0m  [38;2;85;85;170mProvider:[0m [1;38;2;157;0;255mollama[0m[0m[48;2;20;20;31m [0m[38;2;42;42;85m│[0m    
[38;2;42;42;85m│[0m[48;2;20;20;31m [0m[48;2;20;20;31m[38;2;85;85;170mAccount:[0m [38;2;85;85;170m(not logged in)[0m  [38;2;85;85;170mCreated:[0m [1;38;2;157;0;255m2026-01-15 10:00[0m[0m[48;2;20;20;31m [0m[48;2;20;20;31m     [0m[38;2;42;42;85m│[0m    
[38;2;42;42;85m╰──────────────────────────────────────────────────────────╯[0m    
[1;38;2;0;255;204m⬧──────────────────── CONVERSATION LOG ────────────────────⬧[0m    
[38;2;107;0;179m╭──────────────────────────────────────────────────────────╮[0m    
[38;2;107;0;179m│[0m                                                          [38;2;107;0;179m│[0m    
[38;2;107;0;179m│[0m   [38;2;255;0;204m10:00:00 AI:[0m Short                                     [38;2;107;0;179m│[0m    
[38;2;107;0;179m│[0m                                                          [38;2;107;0;179m│[0m    
[38;2;107;0;179m│[0m                                                          [38;2;107;0;179m│[0m    
[38;2;107;0;179m│[0m                                                          [38;2;107;0;179m│[0m    
[38;2;107;0;179m│[0m                                                          [38;2;107;0;179m│[0m    
[38;2;107;0;179m│[0m                                                          [38;2;107;0;179m│[0m    
[38;2;107;0;179m╰──────────────────────────────────────────────────────────╯[0m    
[38;2;85;85;170m[ ESC ] BACK  ·  [ m ] MESSAGE  ·  [ r ] RELAUNCH  ·  [ s ] STOP[0m