 ⬥───────────── ⬡ MYSIS: narrow-focus (1/1) ⬡ ─────────────⬥    
  ID: narrow-focus-mysis    Created: 2026-01-15 10:00           
╭──────────────────────────────────────────────────────────╮    
│ State: running  Provider: ollama  Account: (not logged   │    
│ in)                                                      │    
╰──────────────────────────────────────────────────────────╯    
⬧──────────────────── CONVERSATION LOG ────────────────────⬧    
                                                                
   T0 ⬡ [10:00] AI: ───────────────────────────────────         
   Short                                                        
                                                                
                                                                
                                                                
                                                                
[ ESC ] BACK  ·  [ m ] MESSAGE  ·  [ r ] RELAUNCH  ·  [ s ] STOP