[1;38;2;157;0;255;48;2;16;16;24m ⬥────────────────────────────────────────── ⬡ MYSIS: reasoning-test (1/1) ⬡ ──────────────────────────────────────────⬥[0m
[1;38;2;157;0;255;48;2;16;16;24m  [38;2;85;85;170mID:[0m [38;2;85;85;170mreasoning-mysis[0m    [38;2;85;85;170mCreated:[0m [38;2;85;85;170m2026-01-15 10:00[0m[0m[48;2;16;16;24m                                                                      [0m
[38;2;42;42;85m╭──────────────────────────────────────────────────────────────────────────────────────────────────────────────────────╮[0m
[38;2;42;42;85m│[0m[48;2;20;20;31m [0m[48;2;20;20;31m[38;2;85;85;170mState:[0m [1;38;2;0;255;102mrunning[0m  [38;2;85;85;170mProvider:[0m [1;38;2;157;0;255mollama[0m  [38;2;85;85;170mAccount:[0m [38;2;85;85;170m(not logged in)[0m[0m[48;2;20;20;31m [0m[48;2;20;20;31m                                                          [0m[38;2;42;42;85m│[0m
[38;2;42;42;85m╰──────────────────────────────────────────────────────────────────────────────────────────────────────────────────────╯[0m
[1;38;2;0;255;204m⬧────────────────────────────────────────────────── CONVERSATION LOG ──────────────────────────────────────────────────⬧[0m
                                                                                                                        
   [38;2;255;0;204m[38;2;0;255;204mT0[0m [38;2;157;0;255m⬡[0m [38;2;85;85;170m[10:00][0m AI:[0m[38;5;240m ───────────────────────────────────────────────────────────────────────────────────────────────[0m     
   I will execute the plan.                                                                                             
                                                                                                                        
   [38;5;170m[38;2;0;255;204mT0[0m [38;2;157;0;255m⬡[0m [38;2;85;85;170m[10:00][0m REASONING:[0m[38;5;240m ────────────────────────────────────────────────────────────────────────────────────────[0m     
   [38;5;213mThis reasoning is extremely long and contains many detailed thoughts about the decision  [0m                            
   [38;5;240m[20 more]                                                                               [0m                             
   [38;5;213mabout the decision process. This reasoning is extremely long and contains many detailed  [0m                            
   [38;5;213mthoughts about the decision process.                                                     [0m                            
                                                                                                                        
                                                                                                                        
                                                                                                                        
                                                                                                                        
                                                                                                                        
                                                                                                                        
                                                                                                                        
                                                                                                                        
                                                                                                                        
                                                                                                                        
                                                                                                                        
                                                                                                                        
                                                                                                                        
                                                                                                                        
                                                                                                                        
                                                                                                                        
                                                                                                                        
                                                                                                                        
                                                                                                                        
[38;2;85;85;170m[ ESC ] BACK  ·  [ m ] MESSAGE  ·  [ r ] RELAUNCH  ·  [ s ] STOP[0m                                                        