 ⬥────────────────────────────────────────── ⬡ MYSIS: reasoning-test (1/1) ⬡ ──────────────────────────────────────────⬥
                                                                                                                        
╭──────────────────────────────────────────────────────────────────────────────────────────────────────────────────────╮
│ ID: reasoning-mysis  State: running  Provider: ollama  Account: (not logged in)  Created: 2026-01-15 10:00           │
╰──────────────────────────────────────────────────────────────────────────────────────────────────────────────────────╯
⬧────────────────────────────────────────────────── CONVERSATION LOG ──────────────────────────────────────────────────⬧
╭──────────────────────────────────────────────────────────────────────────────────────────────────────────────────────╮
│                                                                                                                      │
│   10:00:00 AI: I will execute the plan.                                                                              │
│                                                                                                                      │
│   REASONING: This reasoning is extremely long and contains many detailed thoughts about the decision process. This   │
│              [17 more]                                                                                               │
│              reasoning is extremely long and contains many detailed thoughts about the decision process. This        │
│              reasoning is extremely long and contains many detailed thoughts about the decision process.             │
│                                                                                                                      │
│                                                                                                                      │
│                                                                                                                      │
│                                                                                                                      │
│                                                                                                                      │
│                                                                                                                      │
│                                                                                                                      │
│                                                                                                                      │
│                                                                                                                      │
│                                                                                                                      │
│                                                                                                                      │
│                                                                                                                      │
│                                                                                                                      │
│                                                                                                                      │
│                                                                                                                      │
│                                                                                                                      │
│                                                                                                                      │
│                                                                                                                      │
│                                                                                                                      │
│                                                                                                                      │
│                                                                                                                      │
╰──────────────────────────────────────────────────────────────────────────────────────────────────────────────────────╯
[ ESC ] BACK  ·  [ m ] MESSAGE  ·  [ r ] RELAUNCH  ·  [ s ] STOP                                                        