 ⬥──────────────────────────────────────────── ⬡ MYSIS: long-test (1/1) ⬡ ─────────────────────────────────────────────⬥
                                                                                                                        
╭──────────────────────────────────────────────────────────────────────────────────────────────────────────────────────╮
│ ID: long-mysis  State: running  Provider: ollama  Account: (not logged in)  Created: 2026-01-15 10:00                │
╰──────────────────────────────────────────────────────────────────────────────────────────────────────────────────────╯
⬧────────────────────────────────────────────────── CONVERSATION LOG ──────────────────────────────────────────────────⬧
╭──────────────────────────────────────────────────────────────────────────────────────────────────────────────────────╮
│                                                                                                                      │
│   T0 ⬡ [10:00] AI: ───────────────────────────────────────────────────────────────────────────────────────────────   │
│   This is a very long message that will need to be wrapped across multiple lines. This is a very                     │
│   long message that will need to be wrapped across multiple lines. This is a very long message                       │
│   that will need to be wrapped across multiple lines. This is a very long message that will need                     │
│   to be wrapped across multiple lines. This is a very long message that will need to be wrapped                      │
│   across multiple lines. This is a very long message that will need to be wrapped across multiple                    │
│   lines. This is a very long message that will need to be wrapped across multiple lines. This is                     │
│   a very long message that will need to be wrapped across multiple lines. This is a very long                        │
│   message that will need to be wrapped across multiple lines. This is a very long message that                       │
│   will need to be wrapped across multiple lines.                                                                     │
│                                                                                                                      │
│                                                                                                                      │
│                                                                                                                      │
│                                                                                                                      │
│                                                                                                                      │
│                                                                                                                      │
│                                                                                                                      │
│                                                                                                                      │
│                                                                                                                      │
│                                                                                                                      │
│                                                                                                                      │
│                                                                                                                      │
│                                                                                                                      │
│                                                                                                                      │
│                                                                                                                      │
│                                                                                                                      │
│                                                                                                                      │
╰──────────────────────────────────────────────────────────────────────────────────────────────────────────────────────╯
[ ESC ] BACK  ·  [ m ] MESSAGE  ·  [ r ] RELAUNCH  ·  [ s ] STOP                                                        