⬥══════════════════════════════════════════════════════════════════════════════════════════════════════════════════════════════════════════════════════════════════════════════════════════════════════⬥
                                                                                 ⬡ Z O E A   N O V A ⬡   COMMAND CENTER                                                                                 
⬥══════════════════════════════════════════════════════════════════════════════════════════════════════════════════════════════════════════════════════════════════════════════════════════════════════⬥
⬧────────────────────────────────────────────────────────────────────────────────────────── SWARM BROADCAST ───────────────────────────────────────────────────────────────────────────────────────────⬧
No broadcasts yet. Press 'b' to broadcast.                                                                                                                                                              
⬧──────────────────────────────────────────────────────────────────────────────────────────── MYSIS SWARM ─────────────────────────────────────────────────────────────────────────────────────────────⬧
╔══════════════════════════════════════════════════════════════════════════════════════════════════════════════════════════════════════════════════════════════════════════════════════════════════════╗
║ ⠋ zeta             running  [opencode_zen] @crab_scout │ 12:20:00 Surveying sector                                                                                                                   ║
║                                                                                                                                                                                                      ║
║                                                                                                                                                                                                      ║
║                                                                                                                                                                                                      ║
║                                                                                                                                                                                                      ║
║                                                                                                                                                                                                      ║
║                                                                                                                                                                                                      ║
║                                                                                                                                                                                                      ║
║                                                                                                                                                                                                      ║
║                                                                                                                                                                                                      ║
║                                                                                                                                                                                                      ║
║                                                                                                                                                                                                      ║
║                                                                                                                                                                                                      ║
║                                                                                                                                                                                                      ║
║                                                                                                                                                                                                      ║
║                                                                                                                                                                                                      ║
║                                                                                                                                                                                                      ║
║                                                                                                                                                                                                      ║
║                                                                                                                                                                                                      ║
║                                                                                                                                                                                                      ║
║                                                                                                                                                                                                      ║
║                                                                                                                                                                                                      ║
║                                                                                                                                                                                                      ║
║                                                                                                                                                                                                      ║
║                                                                                                                                                                                                      ║
║                                                                                                                                                                                                      ║
║                                                                                                                                                                                                      ║
║                                                                                                                                                                                                      ║
║                                                                                                                                                                                                      ║
║                                                                                                                                                                                                      ║
║                                                                                                                                                                                                      ║
║                                                                                                                                                                                                      ║
║                                                                                                                                                                                                      ║
║                                                                                                                                                                                                      ║
║                                                                                                                                                                                                      ║
║                                                                                                                                                                                                      ║
║                                                                                                                                                                                                      ║
║                                                                                                                                                                                                      ║
║                                                                                                                                                                                                      ║
║                                                                                                                                                                                                      ║
║                                                                                                                                                                                                      ║
║                                                                                                                                                                                                      ║
║                                                                                                                                                                                                      ║
║                                                                                                                                                                                                      ║
║                                                                                                                                                                                                      ║
║                                                                                                                                                                                                      ║
║                                                                                                                                                                                                      ║
║                                                                                                                                                                                                      ║
║                                                                                                                                                                                                      ║
║                                                                                                                                                                                                      ║
║                                                                                                                                                                                                      ║
╚══════════════════════════════════════════════════════════════════════════════════════════════════════════════════════════════════════════════════════════════════════════════════════════════════════╝
[ ? ] HELP  ·  [ n ] NEW MYSIS  ·  [ b ] BROADCAST                                                                                                                                                      