                                                                                                    
 T42337 ⬡ [14:30] YOU (BROADCAST): ──────────────────────────────────────────────────────────────── 
     All units: mine asteroids                                                                      
