                                                                                                    
 T42200 ⬡ [14:00] AI: ───────────────────────────────────────────────────────────────────────────── 
 Action taken                                                                                       
                                                                                                    
 T42200 ⬡ [14:00] REASONING: ────────────────────────────────────────────────────────────────────── 
 Think.                                                                  