[38;2;157;0;255m⬥══════════════════════════════════════════════════════════════════════════════════════════════════════════════════════⬥[0m
[38;2;157;0;255m [0m[48;2;16;16;24m                                        [0m[1;38;2;157;0;255;48;2;16;16;24m⬡ Z O E A   N O V A ⬡   COMMAND CENTER[0m[48;2;16;16;24m                                        [0m[38;2;157;0;255m [0m
[38;2;157;0;255m⬥══════════════════════════════════════════════════════════════════════════════════════════════════════════════════════⬥[0m
[1;38;2;0;255;204m⬧────────────────────────────────────────────────── SWARM BROADCAST ───────────────────────────────────────────────────⬧[0m
[38;2;85;85;170mNo broadcasts yet. Press 'b' to broadcast.[0m                                                                              
[1;38;2;0;255;204m⬧──────────────────────────────────────────────────── MYSIS SWARM ─────────────────────────────────────────────────────⬧[0m
[38;2;107;0;179m╔══════════════════════════════════════════════════════════════════════════════════════════════════════════════════════╗[0m
[38;2;107;0;179m║[0m[38;2;157;0;255;48;2;107;0;179m[[0m[38;2;157;0;255;48;2;107;0;179m→[0m[38;2;157;0;255;48;2;107;0;179m [0m[38;2;157;0;255;48;2;107;0;179m][0m ⠋  [1;38;2;0;255;204mdelta    [38;2;85;85;170mollama-qwen [0m [1;38;2;0;255;102mrunning [0m [38;2;85;85;170m@crab_runner[0m[0m                                                                   [38;2;107;0;179m║[0m
[38;2;107;0;179m║[0m[38;2;85;85;170m  └─ [0m[38;2;85;85;170m[38;2;0;255;204mT0[0m [38;2;157;0;255m⬡[0m [38;2;85;85;170m[12:05][0m Processing[0m                                                                                          [38;2;107;0;179m║[0m
[38;2;107;0;179m║[0m                                                                                                                      [38;2;107;0;179m║[0m
[38;2;107;0;179m║[0m                                                                                                                      [38;2;107;0;179m║[0m
[38;2;107;0;179m║[0m                                                                                                                      [38;2;107;0;179m║[0m
[38;2;107;0;179m║[0m                                                                                                                      [38;2;107;0;179m║[0m
[38;2;107;0;179m║[0m                                                                                                                      [38;2;107;0;179m║[0m
[38;2;107;0;179m║[0m                                                                                                                      [38;2;107;0;179m║[0m
[38;2;107;0;179m║[0m                                                                                                                      [38;2;107;0;179m║[0m
[38;2;107;0;179m║[0m                                                                                                                      [38;2;107;0;179m║[0m
[38;2;107;0;179m║[0m                                                                                                                      [38;2;107;0;179m║[0m
[38;2;107;0;179m║[0m                                                                                                                      [38;2;107;0;179m║[0m
[38;2;107;0;179m║[0m                                                                                                                      [38;2;107;0;179m║[0m
[38;2;107;0;179m║[0m                                                                                                                      [38;2;107;0;179m║[0m
[38;2;107;0;179m║[0m                                                                                                                      [38;2;107;0;179m║[0m
[38;2;107;0;179m║[0m                                                                                                                      [38;2;107;0;179m║[0m
[38;2;107;0;179m║[0m                                                                                                                      [38;2;107;0;179m║[0m
[38;2;107;0;179m║[0m                                                                                                                      [38;2;107;0;179m║[0m
[38;2;107;0;179m║[0m                                                                                                                      [38;2;107;0;179m║[0m
[38;2;107;0;179m║[0m                                                                                                                      [38;2;107;0;179m║[0m
[38;2;107;0;179m║[0m                                                                                                                      [38;2;107;0;179m║[0m
[38;2;107;0;179m║[0m                                                                                                                      [38;2;107;0;179m║[0m
[38;2;107;0;179m║[0m                                                                                                                      [38;2;107;0;179m║[0m
[38;2;107;0;179m║[0m                                                                                                                      [38;2;107;0;179m║[0m
[38;2;107;0;179m║[0m                                                                                                                      [38;2;107;0;179m║[0m
[38;2;107;0;179m║[0m                                                                                                                      [38;2;107;0;179m║[0m
[38;2;107;0;179m║[0m                                                                                                                      [38;2;107;0;179m║[0m
[38;2;107;0;179m║[0m                                                                                                                      [38;2;107;0;179m║[0m
[38;2;107;0;179m║[0m                                                                                                                      [38;2;107;0;179m║[0m
[38;2;107;0;179m║[0m                                                                                                                      [38;2;107;0;179m║[0m
[38;2;107;0;179m║[0m                                                                                                                      [38;2;107;0;179m║[0m
[38;2;107;0;179m╚══════════════════════════════════════════════════════════════════════════════════════════════════════════════════════╝[0m
[38;2;85;85;170m[ ? ] HELP  ·  [ n ] NEW MYSIS  ·  [ b ] BROADCAST[0m                                                                      