⬥══════════════════════════════════════════════════════════════════════════════════════════════════════════════════════⬥
                                         ⬡ Z O E A   N O V A ⬡   COMMAND CENTER                                         
⬥══════════════════════════════════════════════════════════════════════════════════════════════════════════════════════⬥
⬧────────────────────────────────────────────────── SWARM BROADCAST ───────────────────────────────────────────────────⬧
No broadcasts yet. Press 'b' to broadcast.                                                                              
⬧──────────────────────────────────────────────────── MYSIS SWARM ─────────────────────────────────────────────────────⬧
╔══════════════════════════════════════════════════════════════════════════════════════════════════════════════════════╗
║[→ ] ⠋  delta    ollama-qwen  running  @crab_runner                                                                   ║
║  └─ T0 ⬡ [12:05] Processing                                                                                          ║
║                                                                                                                      ║
║                                                                                                                      ║
║                                                                                                                      ║
║                                                                                                                      ║
║                                                                                                                      ║
║                                                                                                                      ║
║                                                                                                                      ║
║                                                                                                                      ║
║                                                                                                                      ║
║                                                                                                                      ║
║                                                                                                                      ║
║                                                                                                                      ║
║                                                                                                                      ║
║                                                                                                                      ║
║                                                                                                                      ║
║                                                                                                                      ║
║                                                                                                                      ║
║                                                                                                                      ║
║                                                                                                                      ║
║                                                                                                                      ║
║                                                                                                                      ║
║                                                                                                                      ║
║                                                                                                                      ║
║                                                                                                                      ║
║                                                                                                                      ║
║                                                                                                                      ║
║                                                                                                                      ║
║                                                                                                                      ║
║                                                                                                                      ║
╚══════════════════════════════════════════════════════════════════════════════════════════════════════════════════════╝
[ ? ] HELP  ·  [ n ] NEW MYSIS  ·  [ b ] BROADCAST                                                                      