                                                                                
 [38;2;255;204;0m[38;2;0;255;204mT42000[0m [38;2;157;0;255m⬡[0m [38;2;85;85;170m[12:00][0m TOOL:[0m[38;5;240m ───────────────────────────────────────────────────────[0m 
   ├─[38;5;240m[0] [0m                                                                       
     │ ├─[38;5;214m"id": [0m0                                                                
     │ └─[38;5;214m"value": [0m0                                                             
   ├─[38;5;240m[1] [0m                                                                       
     │ ├─[38;5;214m"id": [0m1                                                                
     │ └─[38;5;214m"value": [0m100                                                           
   ├─[38;5;240m[2] [0m                                                                       
     │ ├─[38;5;214m"id": [0m2                                                                
     │ └─[38;5;214m"value": [0m200                                                           
   ├─[38;5;240m[3] [0m                                                                       
     │ ├─[38;5;214m"id": [0m3                                                                
     │ └─[38;5;214m"value": [0m300                                                           
   ├─[38;5;240m[4] [0m                                                                       
     │ ├─[38;5;214m"id": [0m4                                                                
     │ └─[38;5;214m"value": [0m400                                                           
   ├─[38;5;240m[5] [0m                                                                       
     │ ├─[38;5;214m"id": [0m5                                                                
     │ └─[38;5;214m"value": [0m500                                                           
   ├─[38;5;240m[6] [0m                                                                       
     │ ├─[38;5;214m"id": [0m6                                                                
     │ └─[38;5;214m"value": [0m600                                                           
   ├─[38;5;240m[7] [0m                                                                       
     │ ├─[38;5;214m"id": [0m7                                                                
     │ └─[38;5;214m"value": [0m700                                                           
   ├─[38;5;240m[8] [0m                                                                       
     │ ├─[38;5;214m"id": [0m8                                                                
     │ └─[38;5;214m"value": [0m800                                                           
   ├─[38;5;240m[9] [0m                                                                       
     │ ├─[38;5;214m"id": [0m9                                                                
     │ └─[38;5;214m"value": [0m900                                                           
   ├─[38;5;240m[10] [0m                                                                      
     │ ├─[38;5;214m"id": [0m10                                                               
     │ └─[38;5;214m"value": [0m1000                                                          
   ├─[38;5;240m[11] [0m                                                                      
     │ ├─[38;5;214m"id": [0m11                                                               
     │ └─[38;5;214m"value": [0m1100                                                          
   ├─[38;5;240m[12] [0m                                                                      
     │ ├─[38;5;214m"id": [0m12                                                               
     │ └─[38;5;214m"value": [0m1200                                                          
   ├─[38;5;240m[13] [0m                                                                      
     │ ├─[38;5;214m"id": [0m13                                                               
     │ └─[38;5;214m"value": [0m1300                                                          
   ├─[38;5;240m[14] [0m                                                                      
     │ ├─[38;5;214m"id": [0m14                                                               
     │ └─[38;5;214m"value": [0m1400                                                          
   ├─[38;5;240m[15] [0m                                                                      
     │ ├─[38;5;214m"id": [0m15                                                               
     │ └─[38;5;214m"value": [0m1500                                                          
   ├─[38;5;240m[16] [0m                                                                      
     │ ├─[38;5;214m"id": [0m16                                                               
     │ └─[38;5;214m"value": [0m1600                                                          
   ├─[38;5;240m[17] [0m                                                                      
     │ ├─[38;5;214m"id": [0m17                                                               
     │ └─[38;5;214m"value": [0m1700                                                          
   ├─[38;5;240m[18] [0m                                                                      
     │ ├─[38;5;214m"id": [0m18                                                               
     │ └─[38;5;214m"value": [0m1800                                                          
   └─[38;5;240m[19] [0m                                                                      
       ├─[38;5;214m"id": [0m19                                                               
       └─[38;5;214m"value": [0m1900                                                          