                                                                                
 T42000 ⬡ [12:00] YOU: ──────────────────────────────────────────────────────── 
 Please parse this: {"command": "mine", "target":                               
 "asteroid_1"}                                                                  