⬥══════════════════════════════════════════════════════════════════════════════════════════════════════════════════════⬥
                                         ⬡ Z O E A   N O V A ⬡   COMMAND CENTER                                         
⬥══════════════════════════════════════════════════════════════════════════════════════════════════════════════════════⬥
⬧────────────────────────────────────────────────── SWARM BROADCAST ───────────────────────────────────────────────────⬧
11:00:00 [alpha] All units: proceed to sector 7                                                                         
11:01:00 [beta] Target rich environment detected                                                                        
11:02:00 [gamma] Enemy spotted in quadrant 4                                                                            
11:03:00 [alpha] Request backup at coordinates                                                                          
11:04:00 [beta] Mission accomplished                                                                                    
11:05:00 [gamma] Low on fuel, returning to base                                                                         
11:06:00 [alpha] Hostile contact, engaging                                                                              
11:07:00 [beta] Cargo hold full, heading back                                                                           
11:08:00 [gamma] New waypoint marked                                                                                    
11:09:00 [alpha] All clear, resuming patrol                                                                             
⬧──────────────────────────────────────────────────── MYSIS SWARM ─────────────────────────────────────────────────────⬧
╔══════════════════════════════════════════════════════════════════════════════════════════════════════════════════════╗
║ ⠋ alpha            running  [ollama] @crab_warrior │ 10:00:00 Mining asteroid belt                                   ║
║ ⠋ beta             running  [opencode_zen] @crab_trader │ 10:01:00 Traveling to sector 7                             ║
║ ⠋ gamma            running  [ollama] @crab_explorer │ 10:02:00 Trading at station                                    ║
║ ⠋ delta            running  [opencode_zen] @crab_miner │ 10:03:00 Scanning for targets                               ║
║ ⠋ epsilon          running  [ollama] @crab_scout │ 10:04:00 Docked at base                                           ║
║                                                                                                                      ║
║                                                                                                                      ║
║                                                                                                                      ║
║                                                                                                                      ║
║                                                                                                                      ║
║                                                                                                                      ║
║                                                                                                                      ║
║                                                                                                                      ║
║                                                                                                                      ║
║                                                                                                                      ║
║                                                                                                                      ║
║                                                                                                                      ║
║                                                                                                                      ║
║                                                                                                                      ║
║                                                                                                                      ║
║                                                                                                                      ║
║                                                                                                                      ║
╚══════════════════════════════════════════════════════════════════════════════════════════════════════════════════════╝
[ ? ] HELP  ·  [ n ] NEW MYSIS  ·  [ b ] BROADCAST                                                                      