⬥══════════════════════════════════════════════════════════════════════════════════════════════════════════════════════⬥
                                         ⬡ Z O E A   N O V A ⬡   COMMAND CENTER                                         
⬥══════════════════════════════════════════════════════════════════════════════════════════════════════════════════════⬥
⬧────────────────────────────────────────────────── SWARM BROADCAST ───────────────────────────────────────────────────⬧
T0 ⬡ [11:00] [alpha] All units: proceed to sector 7                                                                     
T0 ⬡ [11:01] [beta] Target rich environment detected                                                                    
T0 ⬡ [11:02] [gamma] Enemy spotted in quadrant 4                                                                        
T0 ⬡ [11:03] [alpha] Request backup at coordinates                                                                      
T0 ⬡ [11:04] [beta] Mission accomplished                                                                                
T0 ⬡ [11:05] [gamma] Low on fuel, returning to base                                                                     
T0 ⬡ [11:06] [alpha] Hostile contact, engaging                                                                          
T0 ⬡ [11:07] [beta] Cargo hold full, heading back                                                                       
T0 ⬡ [11:08] [gamma] New waypoint marked                                                                                
T0 ⬡ [11:09] [alpha] All clear, resuming patrol                                                                         
⬧──────────────────────────────────────────────────── MYSIS SWARM ─────────────────────────────────────────────────────⬧
╔══════════════════════════════════════════════════════════════════════════════════════════════════════════════════════╗
║ ⠋ alpha            running  [ollama] @crab_warrior │ T0 ⬡ [10:00] Mining asteroid belt                               ║
║ ⠋ beta             running  [opencode_zen] @crab_trader │ T0 ⬡ [10:01] Traveling to sector 7                         ║
║ ⠋ gamma            running  [ollama] @crab_explorer │ T0 ⬡ [10:02] Trading at station                                ║
║ ⠋ delta            running  [opencode_zen] @crab_miner │ T0 ⬡ [10:03] Scanning for targets                           ║
║ ⠋ epsilon          running  [ollama] @crab_scout │ T0 ⬡ [10:04] Docked at base                                       ║
║                                                                                                                      ║
║                                                                                                                      ║
║                                                                                                                      ║
║                                                                                                                      ║
║                                                                                                                      ║
║                                                                                                                      ║
║                                                                                                                      ║
║                                                                                                                      ║
║                                                                                                                      ║
║                                                                                                                      ║
║                                                                                                                      ║
║                                                                                                                      ║
║                                                                                                                      ║
║                                                                                                                      ║
║                                                                                                                      ║
║                                                                                                                      ║
║                                                                                                                      ║
╚══════════════════════════════════════════════════════════════════════════════════════════════════════════════════════╝
[ ? ] HELP  ·  [ n ] NEW MYSIS  ·  [ b ] BROADCAST                                                                      