╭──────────────────────────────────────────────────────────────────────────────────────────────────────────────────────╮
│ Press 'm' to message, 'b' to broadcast...                                                                            │
╰──────────────────────────────────────────────────────────────────────────────────────────────────────────────────────╯