⬥══════════════════════════════════════════════════════════════════════════════════════════════════════════════════════⬥
                                         ⬡ Z O E A   N O V A ⬡   COMMAND CENTER                                         
⬥══════════════════════════════════════════════════════════════════════════════════════════════════════════════════════⬥
⬧────────────────────────────────────────────────── SWARM BROADCAST ───────────────────────────────────────────────────⬧
No broadcasts yet. Press 'b' to broadcast.                                                                              
⬧──────────────────────────────────────────────────── MYSIS SWARM ─────────────────────────────────────────────────────⬧
╔══════════════════════════════════════════════════════════════════════════════════════════════════════════════════════╗
║ ⠋ alpha            running  [ollama] @crab_warrior │ T0 ⬡ [10:00] Mining asteroid belt                               ║
║ ⠋ beta             running  [opencode_zen] @crab_trader │ T0 ⬡ [10:01] Traveling to sector 7                         ║
║ ⠋ gamma            running  [ollama] @crab_explorer │ T0 ⬡ [10:02] Trading at station                                ║
║ ⠋ delta            running  [opencode_zen] @crab_miner │ T0 ⬡ [10:03] Scanning for targets                           ║
║ ⠋ epsilon          running  [ollama] @crab_scout │ T0 ⬡ [10:04] Docked at base                                       ║
║ ⠋ zeta             running  [opencode_zen] @crab_warrior │ T0 ⬡ [10:05] Mining asteroid belt                         ║
║ ⠋ eta              running  [ollama] @crab_trader │ T0 ⬡ [10:06] Traveling to sector 7                               ║
║ ⠋ theta            running  [opencode_zen] @crab_explorer │ T0 ⬡ [10:07] Trading at station                          ║
║ ⠋ iota             running  [ollama] @crab_miner │ T0 ⬡ [10:08] Scanning for targets                                 ║
║ ⠋ kappa            running  [opencode_zen] @crab_scout │ T0 ⬡ [10:09] Docked at base                                 ║
║ ⠋ mysis-0          running  [ollama] @crab_warrior │ T0 ⬡ [10:10] Mining asteroid belt                               ║
║ ⠋ mysis-1          running  [opencode_zen] @crab_trader │ T0 ⬡ [10:11] Traveling to sector 7                         ║
║ ⠋ mysis-2          running  [ollama] @crab_explorer │ T0 ⬡ [10:12] Trading at station                                ║
║ ⠋ mysis-3          running  [opencode_zen] @crab_miner │ T0 ⬡ [10:13] Scanning for targets                           ║
║ ⠋ mysis-4          running  [ollama] @crab_scout │ T0 ⬡ [10:14] Docked at base                                       ║
║ ⠋ mysis-5          running  [opencode_zen] @crab_warrior │ T0 ⬡ [10:15] Mining asteroid belt                         ║
║                                                                                                                      ║
║                                                                                                                      ║
║                                                                                                                      ║
║                                                                                                                      ║
║                                                                                                                      ║
║                                                                                                                      ║
║                                                                                                                      ║
║                                                                                                                      ║
║                                                                                                                      ║
║                                                                                                                      ║
║                                                                                                                      ║
║                                                                                                                      ║
║                                                                                                                      ║
║                                                                                                                      ║
║                                                                                                                      ║
╚══════════════════════════════════════════════════════════════════════════════════════════════════════════════════════╝
[ ? ] HELP  ·  [ n ] NEW MYSIS  ·  [ b ] BROADCAST                                                                      